HEAP DUMP BEGIN (19867 objects, 1156448 bytes) Fri Oct 10 10:27:05 2003
ROOT 73e620 (kind=<thread>, id=5, trace=1)
ROOT 73c0b0 (kind=<thread>, id=4, trace=1)
ROOT 6aff10 (kind=<thread>, id=1, trace=4432)
ROOT 6ae360 (kind=<thread>, id=2, trace=4433)
ROOT 6aeaf0 (kind=<thread>, id=3, trace=4434)
ROOT 6ae050 (kind=<Java stack>, thread=1, frame=4)
ROOT 6ae070 (kind=<Java stack>, thread=1, frame=3)
ROOT 6ae050 (kind=<Java stack>, thread=1, frame=3)
ROOT 6ae070 (kind=<Java stack>, thread=1, frame=2)
ROOT 6aff10 (kind=<Java stack>, thread=1, frame=1)
ROOT 6ae430 (kind=<Java stack>, thread=2, frame=3)
ROOT 6ae430 (kind=<Java stack>, thread=2, frame=2)
ROOT 6ae430 (kind=<Java stack>, thread=2, frame=1)
ROOT 6ae360 (kind=<Java stack>, thread=2, frame=1)
ROOT 6c3140 (kind=<Java stack>, thread=3, frame=5)
ROOT 6b7e30 (kind=<Java stack>, thread=3, frame=4)
ROOT 6c3140 (kind=<Java stack>, thread=3, frame=4)
ROOT 6b6060 (kind=<Java stack>, thread=3, frame=3)
ROOT 7903e0 (kind=<Java stack>, thread=3, frame=1)
ROOT 794c00 (kind=<Java stack>, thread=3, frame=1)
ROOT 0 (kind=<JNI global ref>, id=10526a00, trace=0)
ROOT 0 (kind=<JNI global ref>, id=14526a00, trace=0)
ROOT 0 (kind=<JNI global ref>, id=bc0c7800, trace=0)
ROOT 0 (kind=<JNI global ref>, id=c00c7800, trace=0)
ROOT 6ae810 (kind=<system class>, name=java.lang.Object)
ROOT 6ba4d0 (kind=<system class>, name=java.io.Serializable)
ROOT 6ba4b0 (kind=<system class>, name=java.lang.Comparable)
ROOT 6ba490 (kind=<system class>, name=java.lang.CharSequence)
ROOT 6aeef0 (kind=<system class>, name=java.lang.String)
ROOT 6ac030 (kind=<system class>, name=java.lang.Class)
ROOT 6ba430 (kind=<system class>, name=java.lang.Cloneable)
ROOT 6ba270 (kind=<system class>, name=java.lang.ClassLoader)
ROOT 6ba190 (kind=<system class>, name=java.lang.System)
ROOT 6ba090 (kind=<system class>, name=java.lang.Throwable)
ROOT 6ba010 (kind=<system class>, name=java.lang.Error)
ROOT 6bbf80 (kind=<system class>, name=java.lang.ThreadDeath)
ROOT 6bbf00 (kind=<system class>, name=java.lang.Exception)
ROOT 6bbe80 (kind=<system class>, name=java.lang.RuntimeException)
ROOT 6bbde0 (kind=<system class>, name=java.security.ProtectionDomain)
ROOT 6aea70 (kind=<system class>, name=java.security.AccessControlContext)
ROOT 6bbcc0 (kind=<system class>, name=java.lang.ClassNotFoundException)
ROOT 6bbc20 (kind=<system class>, name=java.lang.LinkageError)
ROOT 6bbbc0 (kind=<system class>, name=java.lang.NoClassDefFoundError)
ROOT 6bbb40 (kind=<system class>, name=java.lang.ClassCastException)
ROOT 6bbac0 (kind=<system class>, name=java.lang.ArrayStoreException)
ROOT 6bba20 (kind=<system class>, name=java.lang.VirtualMachineError)
ROOT 6bb9c0 (kind=<system class>, name=java.lang.OutOfMemoryError)
ROOT 6bb940 (kind=<system class>, name=java.lang.StackOverflowError)
ROOT 6bb8a0 (kind=<system class>, name=java.lang.ref.Reference)
ROOT 6b11f0 (kind=<system class>, name=java.lang.ref.SoftReference)
ROOT 6b5270 (kind=<system class>, name=java.lang.ref.WeakReference)
ROOT 6bb740 (kind=<system class>, name=java.lang.ref.FinalReference)
ROOT 6bb6c0 (kind=<system class>, name=java.lang.ref.PhantomReference)
ROOT 6b1920 (kind=<system class>, name=java.lang.ref.Finalizer)
ROOT 6bb520 (kind=<system class>, name=java.lang.Runnable)
ROOT 6aeb80 (kind=<system class>, name=java.lang.Thread)
ROOT 6aece0 (kind=<system class>, name=java.lang.ThreadGroup)
ROOT 6bb1c0 (kind=<system class>, name=java.util.Dictionary)
ROOT 6bb120 (kind=<system class>, name=java.util.Map)
ROOT 6b63a0 (kind=<system class>, name=java.util.Hashtable)
ROOT 6afd10 (kind=<system class>, name=java.util.Properties)
ROOT 6bce40 (kind=<system class>, name=java.lang.reflect.AccessibleObject)
ROOT 6bcd60 (kind=<system class>, name=java.lang.reflect.Member)
ROOT 6bcce0 (kind=<system class>, name=java.lang.reflect.Field)
ROOT 6bcc20 (kind=<system class>, name=java.lang.reflect.Method)
ROOT 6b5ab0 (kind=<system class>, name=java.lang.reflect.Constructor)
ROOT 6bcb00 (kind=<system class>, name=sun.reflect.MagicAccessorImpl)
ROOT 6bca40 (kind=<system class>, name=sun.reflect.MethodAccessor)
ROOT 6bc9e0 (kind=<system class>, name=sun.reflect.MethodAccessorImpl)
ROOT 6bc920 (kind=<system class>, name=sun.reflect.ConstructorAccessor)
ROOT 6bc8c0 (kind=<system class>, name=sun.reflect.ConstructorAccessorImpl)
ROOT 6bc840 (kind=<system class>, name=sun.reflect.DelegatingClassLoader)
ROOT 6bc740 (kind=<system class>, name=java.util.Collection)
ROOT 6bc6e0 (kind=<system class>, name=java.util.AbstractCollection)
ROOT 6bc620 (kind=<system class>, name=java.util.List)
ROOT 6bc580 (kind=<system class>, name=java.util.AbstractList)
ROOT 6bc4e0 (kind=<system class>, name=java.util.RandomAccess)
ROOT 6ae8c0 (kind=<system class>, name=java.util.Vector)
ROOT 6b5ba0 (kind=<system class>, name=java.lang.StringBuffer)
ROOT 6bc300 (kind=<system class>, name=java.nio.Buffer)
ROOT 6b86a0 (kind=<system class>, name=java.lang.Boolean)
ROOT 6bc1c0 (kind=<system class>, name=java.lang.Character)
ROOT 6bc020 (kind=<system class>, name=java.lang.Number)
ROOT 6bdf60 (kind=<system class>, name=java.lang.Float)
ROOT 6bdea0 (kind=<system class>, name=java.lang.Double)
ROOT 6bddc0 (kind=<system class>, name=java.lang.Byte)
ROOT 6bdce0 (kind=<system class>, name=java.lang.Short)
ROOT 6b7990 (kind=<system class>, name=java.lang.Integer)
ROOT 6bdb00 (kind=<system class>, name=java.lang.Long)
ROOT 6bd870 (kind=<system class>, name=java.lang.NullPointerException)
ROOT 6bd740 (kind=<system class>, name=java.lang.ArithmeticException)
ROOT 6bd610 (kind=<system class>, name=java.lang.StrictMath)
ROOT 6aee40 (kind=<system class>, name=java.io.ObjectStreamField)
ROOT 6bd490 (kind=<system class>, name=java.util.Comparator)
ROOT 6aed90 (kind=<system class>, name=java.lang.String$CaseInsensitiveComparator)
ROOT 6bd350 (kind=<system class>, name=java.security.AccessController)
ROOT 6bd230 (kind=<system class>, name=java.security.Guard)
ROOT 6bd1d0 (kind=<system class>, name=java.security.Permission)
ROOT 6bd110 (kind=<system class>, name=java.security.BasicPermission)
ROOT 6ae970 (kind=<system class>, name=java.lang.reflect.ReflectPermission)
ROOT 6bef00 (kind=<system class>, name=java.security.PrivilegedAction)
ROOT 6beea0 (kind=<system class>, name=sun.reflect.ReflectionFactory$GetReflectionFactoryAction)
ROOT 6ae720 (kind=<system class>, name=java.util.Stack)
ROOT 6ae5a0 (kind=<system class>, name=sun.reflect.ReflectionFactory)
ROOT 6ae650 (kind=<system class>, name=java.lang.RuntimePermission)
ROOT 6ae4e0 (kind=<system class>, name=java.lang.ref.Reference$Lock)
ROOT 6ae410 (kind=<system class>, name=java.lang.ref.Reference$ReferenceHandler)
ROOT 6ae120 (kind=<system class>, name=java.lang.ref.ReferenceQueue)
ROOT 6ae300 (kind=<system class>, name=java.lang.ref.ReferenceQueue$Null)
ROOT 6ae230 (kind=<system class>, name=java.lang.ref.ReferenceQueue$Lock)
ROOT 6affc0 (kind=<system class>, name=java.lang.ref.Finalizer$FinalizerThread)
ROOT 6be7e0 (kind=<system class>, name=java.util.Enumeration)
ROOT 6afed0 (kind=<system class>, name=java.util.Hashtable$EmptyEnumerator)
ROOT 6be6c0 (kind=<system class>, name=java.util.Iterator)
ROOT 6afe00 (kind=<system class>, name=java.util.Hashtable$EmptyIterator)
ROOT 6be360 (kind=<system class>, name=java.io.ObjectStreamClass)
ROOT 6be260 (kind=<system class>, name=java.util.AbstractMap)
ROOT 6afc20 (kind=<system class>, name=sun.misc.SoftCache)
ROOT 6afaf0 (kind=<system class>, name=java.util.HashMap)
ROOT 6bffa0 (kind=<system class>, name=java.util.Map$Entry)
ROOT 6afa20 (kind=<system class>, name=java.util.HashMap$Entry)
ROOT 6bfe60 (kind=<system class>, name=java.lang.IncompatibleClassChangeError)
ROOT 6bfe00 (kind=<system class>, name=java.lang.NoSuchMethodError)
ROOT 6af830 (kind=<system class>, name=java.util.Hashtable$Entry)
ROOT 6bfcc0 (kind=<system class>, name=sun.misc.Version)
ROOT 6bfa80 (kind=<system class>, name=java.io.InputStream)
ROOT 6b19e0 (kind=<system class>, name=java.io.FileInputStream)
ROOT 6b1850 (kind=<system class>, name=java.io.FileDescriptor)
ROOT 6bf920 (kind=<system class>, name=java.io.OutputStream)
ROOT 6b1740 (kind=<system class>, name=java.io.FileOutputStream)
ROOT 6bf820 (kind=<system class>, name=java.io.FilterInputStream)
ROOT 6b1610 (kind=<system class>, name=java.io.BufferedInputStream)
ROOT 6bf720 (kind=<system class>, name=java.io.FilterOutputStream)
ROOT 6b14e0 (kind=<system class>, name=java.io.PrintStream)
ROOT 6b1410 (kind=<system class>, name=java.io.BufferedOutputStream)
ROOT 6bf3a0 (kind=<system class>, name=java.io.Writer)
ROOT 6b1320 (kind=<system class>, name=java.io.OutputStreamWriter)
ROOT 6bf200 (kind=<system class>, name=sun.nio.cs.StreamEncoder)
ROOT 6bf0a0 (kind=<system class>, name=sun.io.Converters)
ROOT 6c0f80 (kind=<system class>, name=sun.reflect.Reflection)
ROOT 6c0e20 (kind=<system class>, name=sun.security.action.GetPropertyAction)
ROOT 6c0cc0 (kind=<system class>, name=java.nio.charset.Charset)
ROOT 6c0be0 (kind=<system class>, name=java.nio.charset.spi.CharsetProvider)
ROOT 6c0b60 (kind=<system class>, name=sun.nio.cs.AbstractCharsetProvider)
ROOT 6b1120 (kind=<system class>, name=sun.nio.cs.StandardCharsets)
ROOT 6c0a20 (kind=<system class>, name=java.util.SortedMap)
ROOT 6b1050 (kind=<system class>, name=java.util.TreeMap)
ROOT 6b2ef0 (kind=<system class>, name=java.util.TreeMap$Entry)
ROOT 6b5c70 (kind=<system class>, name=java.lang.ThreadLocal)
ROOT 6c1760 (kind=<system class>, name=sun.nio.cs.HistoricallyNamedCharset)
ROOT 6b56b0 (kind=<system class>, name=sun.nio.cs.MS1252)
ROOT 6c1600 (kind=<system class>, name=java.lang.Class$3)
ROOT 6c1540 (kind=<system class>, name=java.lang.reflect.Modifier)
ROOT 6c1460 (kind=<system class>, name=sun.reflect.LangReflectAccess)
ROOT 6b5940 (kind=<system class>, name=java.lang.reflect.ReflectAccess)
ROOT 6c1380 (kind=<system class>, name=java.lang.Class$1)
ROOT 6c1280 (kind=<system class>, name=sun.reflect.ReflectionFactory$1)
ROOT 6b5850 (kind=<system class>, name=sun.reflect.NativeConstructorAccessorImpl)
ROOT 6b5780 (kind=<system class>, name=sun.reflect.DelegatingConstructorAccessorImpl)
ROOT 6b55a0 (kind=<system class>, name=sun.nio.cs.StreamEncoder$CharsetSE)
ROOT 6c2f80 (kind=<system class>, name=java.nio.charset.CharsetEncoder)
ROOT 6c2ec0 (kind=<system class>, name=sun.nio.cs.SingleByteEncoder)
ROOT 6b5490 (kind=<system class>, name=sun.nio.cs.MS1252$Encoder)
ROOT 6b53a0 (kind=<system class>, name=java.nio.charset.CodingErrorAction)
ROOT 6c2ac0 (kind=<system class>, name=java.nio.charset.CharsetDecoder)
ROOT 6c2a00 (kind=<system class>, name=sun.nio.cs.SingleByteDecoder)
ROOT 6c29a0 (kind=<system class>, name=sun.nio.cs.MS1252$Decoder)
ROOT 6c2800 (kind=<system class>, name=java.nio.ByteBuffer)
ROOT 6b6c50 (kind=<system class>, name=java.nio.HeapByteBuffer)
ROOT 6c2700 (kind=<system class>, name=java.nio.Bits)
ROOT 6b51a0 (kind=<system class>, name=sun.misc.Unsafe)
ROOT 6b50d0 (kind=<system class>, name=java.nio.ByteOrder)
ROOT 6c24e0 (kind=<system class>, name=java.nio.CharBuffer)
ROOT 6c2440 (kind=<system class>, name=java.nio.HeapCharBuffer)
ROOT 6b6fa0 (kind=<system class>, name=java.nio.charset.CoderResult)
ROOT 6c2220 (kind=<system class>, name=java.nio.charset.CoderResult$Cache)
ROOT 6b6ec0 (kind=<system class>, name=java.nio.charset.CoderResult$1)
ROOT 6b6df0 (kind=<system class>, name=java.nio.charset.CoderResult$2)
ROOT 6b6d20 (kind=<system class>, name=sun.nio.cs.Surrogate$Parser)
ROOT 6c3fe0 (kind=<system class>, name=sun.nio.cs.Surrogate)
ROOT 6b6b60 (kind=<system class>, name=java.io.BufferedWriter)
ROOT 6b6540 (kind=<system class>, name=java.util.logging.LogManager)
ROOT 6b68d0 (kind=<system class>, name=java.util.logging.Handler)
ROOT 6b6710 (kind=<system class>, name=java.util.logging.Level)
ROOT 6b6800 (kind=<system class>, name=java.util.ArrayList)
ROOT 6b6470 (kind=<system class>, name=java.beans.PropertyChangeSupport)
ROOT 6b62b0 (kind=<system class>, name=java.util.logging.LogManager$LogNode)
ROOT 6b61e0 (kind=<system class>, name=java.util.logging.LoggingPermission)
ROOT 6b6110 (kind=<system class>, name=java.lang.Runtime)
ROOT 6b6040 (kind=<system class>, name=java.util.logging.LogManager$Cleaner)
ROOT 6c3140 (kind=<system class>, name=java.lang.Shutdown)
ROOT 6b7ed0 (kind=<system class>, name=java.lang.Shutdown$Lock)
ROOT 6c4f80 (kind=<system class>, name=java.util.Set)
ROOT 6c4ec0 (kind=<system class>, name=java.util.AbstractSet)
ROOT 6b7df0 (kind=<system class>, name=java.util.HashSet)
ROOT 6b7ce0 (kind=<system class>, name=java.lang.Shutdown$WrappedHook)
ROOT 6c4ce0 (kind=<system class>, name=java.lang.Terminator)
ROOT 6c4c00 (kind=<system class>, name=sun.misc.SignalHandler)
ROOT 6b7bb0 (kind=<system class>, name=java.lang.Terminator$1)
ROOT 6b7a60 (kind=<system class>, name=sun.misc.Signal)
ROOT 6b7880 (kind=<system class>, name=sun.misc.NativeSignalHandler)
ROOT 6b76d0 (kind=<system class>, name=java.util.logging.Logger)
ROOT 6b7560 (kind=<system class>, name=java.util.logging.LogManager$RootLogger)
ROOT 6b7470 (kind=<system class>, name=java.util.HashMap$Values)
ROOT 6c4680 (kind=<system class>, name=java.util.HashMap$HashIterator)
ROOT 6c4600 (kind=<system class>, name=java.util.HashMap$ValueIterator)
ROOT 6b8260 (kind=<system class>, name=java.io.File)
ROOT 6c43c0 (kind=<system class>, name=java.io.FileSystem)
ROOT 6b7320 (kind=<system class>, name=java.io.Win32FileSystem)
ROOT 6c4160 (kind=<system class>, name=java.util.Hashtable$Enumerator)
ROOT 6c4080 (kind=<system class>, name=java.io.Reader)
ROOT 6c5f00 (kind=<system class>, name=java.io.BufferedReader)
ROOT 6c5e60 (kind=<system class>, name=java.io.InputStreamReader)
ROOT 6c5d00 (kind=<system class>, name=sun.nio.cs.StreamDecoder)
ROOT 6b7050 (kind=<system class>, name=sun.nio.cs.ISO_8859_1)
ROOT 6c5a00 (kind=<system class>, name=sun.nio.cs.StreamDecoder$CharsetSD)
ROOT 6c58e0 (kind=<system class>, name=sun.nio.cs.ISO_8859_1$Decoder)
ROOT 6c57c0 (kind=<system class>, name=java.util.EventObject)
ROOT 6c5760 (kind=<system class>, name=java.beans.PropertyChangeEvent)
ROOT 6c5600 (kind=<system class>, name=java.lang.ClassLoader$3)
ROOT 6b8570 (kind=<system class>, name=java.lang.ClassLoader$NativeLibrary)
ROOT 6c5480 (kind=<system class>, name=sun.misc.VM)
ROOT 6c5400 (kind=<system class>, name=java.lang.Compiler)
ROOT 6c5320 (kind=<system class>, name=java.lang.Compiler$1)
ROOT 6b8330 (kind=<system class>, name=sun.misc.Launcher)
ROOT 6c50c0 (kind=<system class>, name=java.net.URLStreamHandlerFactory)
ROOT 6b8400 (kind=<system class>, name=sun.misc.Launcher$Factory)
ROOT 6c6f00 (kind=<system class>, name=java.security.SecureClassLoader)
ROOT 6c6e60 (kind=<system class>, name=java.net.URLClassLoader)
ROOT 6b8130 (kind=<system class>, name=sun.misc.Launcher$ExtClassLoader)
ROOT 6c6d00 (kind=<system class>, name=sun.security.util.Debug)
ROOT 6c6ba0 (kind=<system class>, name=java.util.StringTokenizer)
ROOT 6c6ac0 (kind=<system class>, name=java.security.PrivilegedExceptionAction)
ROOT 6c6a60 (kind=<system class>, name=sun.misc.Launcher$1)
ROOT 6c69a0 (kind=<system class>, name=sun.net.www.ParseUtil)
ROOT 6b8040 (kind=<system class>, name=java.util.BitSet)
ROOT 6b9e60 (kind=<system class>, name=java.net.URL)
ROOT 6c66a0 (kind=<system class>, name=java.net.Parts)
ROOT 6b9d90 (kind=<system class>, name=java.util.Locale)
ROOT 6c7d80 (kind=<system class>, name=java.net.URLStreamHandler)
ROOT 6b9940 (kind=<system class>, name=sun.net.www.protocol.file.Handler)
ROOT 6b9590 (kind=<system class>, name=sun.misc.URLClassPath)
ROOT 6b92e0 (kind=<system class>, name=sun.net.www.protocol.jar.Handler)
ROOT 6baee0 (kind=<system class>, name=sun.misc.Launcher$AppClassLoader)
ROOT 6c78e0 (kind=<system class>, name=sun.misc.Launcher$2)
ROOT 6c77c0 (kind=<system class>, name=java.lang.SystemClassLoaderAction)
ROOT 740dc0 (kind=<system class>, name=java.net.URLClassLoader$1)
ROOT 740170 (kind=<system class>, name=sun.misc.URLClassPath$2)
ROOT 741b60 (kind=<system class>, name=sun.misc.URLClassPath$Loader)
ROOT 741700 (kind=<system class>, name=sun.misc.URLClassPath$JarLoader)
ROOT 7432c0 (kind=<system class>, name=java.util.zip.ZipConstants)
ROOT 744780 (kind=<system class>, name=java.util.zip.ZipFile)
ROOT 7450f0 (kind=<system class>, name=java.util.jar.JarFile)
ROOT 7462a0 (kind=<system class>, name=sun.security.action.LoadLibraryAction)
ROOT 748720 (kind=<system class>, name=sun.misc.JarIndex)
ROOT 749480 (kind=<system class>, name=sun.misc.ExtensionDependency)
ROOT 74a360 (kind=<system class>, name=java.util.zip.ZipEntry)
ROOT 74c930 (kind=<system class>, name=java.util.jar.JarEntry)
ROOT 74c460 (kind=<system class>, name=java.util.jar.JarFile$JarFileEntry)
ROOT 74de30 (kind=<system class>, name=java.io.DataInput)
ROOT 74d4e0 (kind=<system class>, name=java.io.DataInputStream)
ROOT 74ea40 (kind=<system class>, name=java.util.zip.ZipFile$ZipFileInputStream)
ROOT 74fe20 (kind=<system class>, name=java.util.zip.InflaterInputStream)
ROOT 74f770 (kind=<system class>, name=java.util.zip.ZipFile$1)
ROOT 74f1e0 (kind=<system class>, name=java.util.zip.Inflater)
ROOT 751410 (kind=<system class>, name=java.util.jar.Manifest)
ROOT 752a90 (kind=<system class>, name=java.io.ByteArrayInputStream)
ROOT 752320 (kind=<system class>, name=java.util.jar.Attributes)
ROOT 753190 (kind=<system class>, name=java.util.jar.Manifest$FastInputStream)
ROOT 7544e0 (kind=<system class>, name=java.util.jar.Attributes$Name)
ROOT 7574e0 (kind=<system class>, name=java.util.jar.JarVerifier)
ROOT 758050 (kind=<system class>, name=java.io.ByteArrayOutputStream)
ROOT 75eb00 (kind=<system class>, name=java.lang.Math)
ROOT 767c10 (kind=<system class>, name=java.security.PrivilegedActionException)
ROOT 76aca0 (kind=<system class>, name=sun.misc.Resource)
ROOT 76a7c0 (kind=<system class>, name=sun.misc.URLClassPath$4)
ROOT 76be90 (kind=<system class>, name=java.lang.Package)
ROOT 76d2e0 (kind=<system class>, name=sun.security.util.ManifestEntryVerifier)
ROOT 76e190 (kind=<system class>, name=sun.misc.CharacterDecoder)
ROOT 76f820 (kind=<system class>, name=sun.misc.BASE64Decoder)
ROOT 7704c0 (kind=<system class>, name=java.security.CodeSource)
ROOT 771a40 (kind=<system class>, name=java.security.PermissionCollection)
ROOT 7715a0 (kind=<system class>, name=java.security.Permissions)
ROOT 772390 (kind=<system class>, name=java.net.URLConnection)
ROOT 775c50 (kind=<system class>, name=sun.net.www.URLConnection)
ROOT 775480 (kind=<system class>, name=sun.net.www.protocol.file.FileURLConnection)
ROOT 776910 (kind=<system class>, name=java.net.ContentHandler)
ROOT 776600 (kind=<system class>, name=java.net.UnknownContentHandler)
ROOT 777c30 (kind=<system class>, name=sun.net.www.MessageHeader)
ROOT 778970 (kind=<system class>, name=java.io.FilePermission)
ROOT 779200 (kind=<system class>, name=java.io.FilePermission$1)
ROOT 77a730 (kind=<system class>, name=java.security.UnresolvedPermission)
ROOT 77b870 (kind=<system class>, name=java.io.FilePermissionCollection)
ROOT 77cec0 (kind=<system class>, name=java.security.BasicPermissionCollection)
ROOT 77c520 (kind=<system class>, name=java.security.Principal)
ROOT 77dc50 (kind=<system class>, name=java.security.cert.Certificate)
ROOT 77e510 (kind=<system class>, name=sun.misc.URLClassPath$FileLoader)
ROOT 786a30 (kind=<system class>, name=java.io.StringWriter)
ROOT 78dd40 (kind=<system class>, name=java.lang.NoSuchMethodException)
ROOT 78d960 (kind=<system class>, name=java.lang.reflect.InvocationTargetException)
ROOT 78d3d0 (kind=<system class>, name=java.lang.IllegalAccessException)
ROOT 78d3f0 (kind=<system class>, name=java.lang.InstantiationException)
ROOT 78e770 (kind=<system class>, name=java.io.IOException)
ROOT 78e3a0 (kind=<system class>, name=java.lang.InterruptedException)
ROOT 78fde0 (kind=<system class>, name=java.io.FileReader)
ROOT 78f8d0 (kind=<system class>, name=java.lang.IllegalArgumentException)
ROOT 790020 (kind=<system class>, name=java.lang.StringCoding)
ROOT 7911e0 (kind=<system class>, name=java.lang.ThreadLocal$ThreadLocalMap)
ROOT 792440 (kind=<system class>, name=java.lang.ThreadLocal$ThreadLocalMap$Entry)
ROOT 793b30 (kind=<system class>, name=java.lang.StringCoding$StringDecoder)
ROOT 7937c0 (kind=<system class>, name=java.lang.StringCoding$CharsetSD)
ROOT 796670 (kind=<system class>, name=java.net.Socket)
ROOT 78fa60 (kind=<system class>, name=java.net.SocketAddress)
ROOT 798e80 (kind=<system class>, name=java.net.InetSocketAddress)
ROOT 7984c0 (kind=<system class>, name=java.net.InetAddress)
ROOT 79a760 (kind=<system class>, name=sun.security.action.GetBooleanAction)
ROOT 79b750 (kind=<system class>, name=java.net.InetAddressImplFactory)
ROOT 79ca40 (kind=<system class>, name=java.net.InetAddressImpl)
ROOT 79c560 (kind=<system class>, name=java.net.Inet4AddressImpl)
ROOT 79eba0 (kind=<system class>, name=sun.net.spi.nameservice.NameService)
ROOT 79e920 (kind=<system class>, name=java.net.InetAddress$1)
ROOT 79e270 (kind=<system class>, name=java.net.Inet4Address)
ROOT 79f0f0 (kind=<system class>, name=java.net.SocketOptions)
ROOT afc0ad0 (kind=<system class>, name=java.net.SocketImpl)
ROOT afc1bb0 (kind=<system class>, name=java.net.PlainSocketImpl)
ROOT afc4f00 (kind=<system class>, name=java.io.PrintWriter)
ROOT afc5fb0 (kind=<system class>, name=java.net.Socket$2)
ROOT afc5b30 (kind=<system class>, name=java.net.SocketOutputStream)
ROOT afc7c90 (kind=<system class>, name=java.net.Socket$1)
ROOT afc7800 (kind=<system class>, name=java.net.SocketInputStream)
ROOT afcd270 (kind=<system class>, name=sun.misc.URLClassPath$6)
ROOT afcf6b0 (kind=<system class>, name=java.util.AbstractSequentialList)
ROOT afd0d20 (kind=<system class>, name=java.util.LinkedList)
ROOT afd1950 (kind=<system class>, name=java.util.LinkedList$Entry)
ROOT afd3e90 (kind=<system class>, name=java.util.ListIterator)
ROOT afd3960 (kind=<system class>, name=java.util.LinkedList$ListItr)
ROOT afd5ef0 (kind=<system class>, name=sun.reflect.NativeMethodAccessorImpl)
ROOT afd58a0 (kind=<system class>, name=sun.reflect.DelegatingMethodAccessorImpl)
ROOT afdae60 (kind=<system class>, name=java.lang.AssertionError)
ROOT afda5b0 (kind=<system class>, name=java.io.FileNotFoundException)
ROOT afdcaf0 (kind=<system class>, name=java.lang.Void)
ROOT afe0510 (kind=<system class>, name=org.xml.sax.SAXException)
ROOT afe1ef0 (kind=<system class>, name=javax.xml.parsers.ParserConfigurationException)
ROOT afe1a80 (kind=<system class>, name=javax.xml.parsers.FactoryConfigurationError)
ROOT afe4970 (kind=<system class>, name=org.w3c.dom.Node)
ROOT afe5450 (kind=<system class>, name=org.w3c.dom.Element)
ROOT afe7a60 (kind=<system class>, name=java.util.Vector$1)
ROOT b004c90 (kind=<system class>, name=java.lang.SecurityException)
ROOT b022c20 (kind=<system class>, name=java.lang.CloneNotSupportedException)
ROOT b022890 (kind=<system class>, name=java.lang.InternalError)
ROOT b075f10 (kind=<system class>, name=sun.reflect.ClassFileConstants)
ROOT b0768a0 (kind=<system class>, name=sun.reflect.AccessorGenerator)
ROOT b078df0 (kind=<system class>, name=sun.reflect.MethodAccessorGenerator)
ROOT b0796d0 (kind=<system class>, name=sun.reflect.ByteVectorFactory)
ROOT b0791c0 (kind=<system class>, name=sun.reflect.ByteVector)
ROOT b07ae50 (kind=<system class>, name=sun.reflect.ByteVectorImpl)
ROOT b07a670 (kind=<system class>, name=sun.reflect.ClassFileAssembler)
ROOT b07d770 (kind=<system class>, name=sun.reflect.UTF8)
ROOT b0844f0 (kind=<system class>, name=sun.reflect.Label)
ROOT b085dd0 (kind=<system class>, name=sun.reflect.Label$PatchInfo)
ROOT b085730 (kind=<system class>, name=java.util.AbstractList$Itr)
ROOT b086c70 (kind=<system class>, name=sun.reflect.MethodAccessorGenerator$1)
ROOT b086720 (kind=<system class>, name=sun.reflect.ClassDefiner)
ROOT b086290 (kind=<system class>, name=sun.reflect.ClassDefiner$1)
ROOT b088bc0 (kind=<system class>, name=sun.reflect.BootstrapConstructorAccessorImpl)
ROOT b0886b0 (kind=<system class>, name=sun.reflect.FieldAccessor)
ROOT b089f70 (kind=<system class>, name=sun.reflect.FieldAccessorImpl)
ROOT b0897e0 (kind=<system class>, name=sun.reflect.UnsafeFieldAccessorImpl)
ROOT b084980 (kind=<system class>, name=javax.xml.parsers.DocumentBuilderFactory)
ROOT b0821a0 (kind=<system class>, name=javax.xml.parsers.FactoryFinder)
ROOT b0800e0 (kind=<system class>, name=javax.xml.parsers.FactoryFinder$ClassLoaderFinder)
ROOT b0808a0 (kind=<system class>, name=javax.xml.parsers.FactoryFinder$ClassLoaderFinderConcrete)
ROOT b07de80 (kind=<system class>, name=sun.misc.Launcher$3)
ROOT b0071b0 (kind=<system class>, name=java.net.URLClassLoader$2)
ROOT b006170 (kind=<system class>, name=java.net.JarURLConnection)
ROOT b006250 (kind=<system class>, name=sun.net.www.protocol.jar.JarURLConnection)
ROOT b006530 (kind=<system class>, name=sun.net.www.protocol.jar.JarFileFactory)
ROOT b006e00 (kind=<system class>, name=sun.net.www.protocol.jar.URLJarFile)
ROOT b005e00 (kind=<system class>, name=sun.net.www.protocol.jar.URLJarFile$URLJarFileEntry)
ROOT b0046c0 (kind=<system class>, name=java.util.HashMap$EntrySet)
ROOT b004780 (kind=<system class>, name=java.util.HashMap$EntryIterator)
ROOT b004900 (kind=<system class>, name=java.util.HashMap$KeySet)
ROOT b0049c0 (kind=<system class>, name=java.util.HashMap$KeyIterator)
ROOT b002460 (kind=<system class>, name=sun.nio.cs.UTF_8)
ROOT b002780 (kind=<system class>, name=sun.nio.cs.UTF_8$Decoder)
ROOT b002840 (kind=<system class>, name=sun.nio.cs.Surrogate$Generator)
ROOT affe970 (kind=<system class>, name=javax.xml.parsers.DocumentBuilder)
ROOT affa640 (kind=<system class>, name=org.w3c.dom.Document)
ROOT affa800 (kind=<system class>, name=org.xml.sax.EntityResolver)
ROOT affa880 (kind=<system class>, name=org.xml.sax.DTDHandler)
ROOT affa900 (kind=<system class>, name=org.xml.sax.ContentHandler)
ROOT affa980 (kind=<system class>, name=org.xml.sax.ErrorHandler)
ROOT affa9e0 (kind=<system class>, name=org.xml.sax.helpers.DefaultHandler)
ROOT affac60 (kind=<system class>, name=java.lang.IllegalStateException)
ROOT afed080 (kind=<system class>, name=org.w3c.dom.CharacterData)
ROOT afe0ab0 (kind=<system class>, name=org.w3c.dom.NodeList)
ROOT afe1bd0 (kind=<system class>, name=org.w3c.dom.events.EventTarget)
ROOT afd7ee0 (kind=<system class>, name=org.w3c.dom.traversal.DocumentTraversal)
ROOT afd6080 (kind=<system class>, name=org.w3c.dom.events.DocumentEvent)
ROOT 781b30 (kind=<system class>, name=org.w3c.dom.Entity)
ROOT 77fd20 (kind=<system class>, name=org.w3c.dom.EntityReference)
ROOT 7616b0 (kind=<system class>, name=org.xml.sax.SAXNotRecognizedException)
ROOT 761bb0 (kind=<system class>, name=org.xml.sax.SAXNotSupportedException)
ROOT 75c190 (kind=<system class>, name=org.xml.sax.Locator)
ROOT 75c530 (kind=<system class>, name=org.xml.sax.SAXParseException)
ROOT 7501a0 (kind=<system class>, name=java.io.UnsupportedEncodingException)
ROOT affb9f0 (kind=<system class>, name=java.io.StringReader)
ROOT b00ad70 (kind=<system class>, name=java.io.EOFException)
ROOT b01a740 (kind=<system class>, name=java.lang.NumberFormatException)
ROOT b070770 (kind=<system class>, name=java.util.MissingResourceException)
ROOT b0596e0 (kind=<system class>, name=org.xml.sax.InputSource)
ROOT b04eda0 (kind=<system class>, name=java.io.UTFDataFormatException)
ROOT b04ac10 (kind=<system class>, name=org.w3c.dom.DOMException)
ROOT b046920 (kind=<system class>, name=org.w3c.dom.Attr)
ROOT b036da0 (kind=<system class>, name=org.w3c.dom.Notation)
ROOT b035130 (kind=<system class>, name=org.w3c.dom.DocumentType)
ROOT b0354f0 (kind=<system class>, name=org.w3c.dom.ProcessingInstruction)
ROOT b034cb0 (kind=<system class>, name=org.w3c.dom.Text)
ROOT b031210 (kind=<system class>, name=org.w3c.dom.CDATASection)
ROOT b030d60 (kind=<system class>, name=org.w3c.dom.Comment)
ROOT b02eea0 (kind=<system class>, name=org.w3c.dom.DocumentFragment)
ROOT b029500 (kind=<system class>, name=org.w3c.dom.events.Event)
ROOT b028180 (kind=<system class>, name=org.w3c.dom.events.MutationEvent)
ROOT b022d90 (kind=<system class>, name=org.w3c.dom.traversal.TreeWalker)
ROOT b01f2e0 (kind=<system class>, name=org.w3c.dom.traversal.NodeIterator)
ROOT b0142b0 (kind=<system class>, name=org.w3c.dom.events.EventException)
ROOT b0bc4a0 (kind=<system class>, name=org.w3c.dom.NamedNodeMap)
ROOT b230570 (kind=<system class>, name=java.lang.IndexOutOfBoundsException)
ROOT b230510 (kind=<system class>, name=java.lang.StringIndexOutOfBoundsException)
ROOT b232aa0 (kind=<system class>, name=java.util.regex.Pattern)
ROOT b232be0 (kind=<system class>, name=java.util.regex.Pattern$Node)
ROOT b232ca0 (kind=<system class>, name=java.util.regex.Pattern$LastNode)
ROOT b0bc180 (kind=<system class>, name=java.util.regex.Pattern$Range)
ROOT b0bb900 (kind=<system class>, name=java.util.regex.Pattern$Specials)
ROOT b0bbc00 (kind=<system class>, name=java.util.regex.Pattern$Category)
ROOT b0baf80 (kind=<system class>, name=java.util.regex.Pattern$All)
ROOT b0b91a0 (kind=<system class>, name=java.util.regex.Pattern$Ctype)
ROOT b0b8d40 (kind=<system class>, name=java.util.regex.Pattern$GroupHead)
ROOT b0b8f40 (kind=<system class>, name=java.util.regex.Pattern$Single)
ROOT b0b7030 (kind=<system class>, name=java.util.regex.Pattern$Add)
ROOT b0b70b0 (kind=<system class>, name=java.util.regex.Pattern$Curly)
ROOT b0b7170 (kind=<system class>, name=java.util.regex.Pattern$Start)
ROOT b0b7230 (kind=<system class>, name=java.util.regex.Pattern$TreeInfo)
ROOT b0b7460 (kind=<system class>, name=java.util.regex.Matcher)
ROOT b0659a0 (kind=<system class>, name=java.util.regex.Pattern$Slice)
ROOT b0665f0 (kind=<system class>, name=java.util.regex.Pattern$Begin)
ROOT b066550 (kind=<system class>, name=java.util.regex.Pattern$First)
ROOT b0aefa0 (kind=<system class>, name=java.net.SocketException)
ROOT 6ae430 (kind=<busy monitor>)
ROOT 6ae050 (kind=<busy monitor>)
ARR 6ac010 (sz=16, trace=1, nelems=0, elem type=java.lang.Class@6ac030)
ARR 6aef40 (sz=32, trace=1, nelems=9, elem type=char)
OBJ 6aee60 (sz=24, trace=1, class=java.lang.String@6aeef0)
	value		6aef40
ARR 6aedb0 (sz=16, trace=1, nelems=0, elem type=java.io.ObjectStreamField@6aee40)
OBJ 6aed00 (sz=8, trace=1, class=java.lang.String$CaseInsensitiveComparator@6aed90)
OBJ 6aec50 (sz=40, trace=1, class=java.lang.ThreadGroup@6aece0)
	groups		6aeba0
	threads		6ae320
	name		6bd3f0
OBJ 6aec30 (sz=40, trace=1, class=java.lang.ThreadGroup@6aece0)
	threads		6ae990
	name		6aebf0
	parent		6aec50
ARR 6aec10 (sz=24, trace=1, nelems=4, elem type=char)
OBJ 6aebf0 (sz=24, trace=1, class=java.lang.String@6aeef0)
	value		6aec10
ARR 6aeba0 (sz=32, trace=1, nelems=4, elem type=java.lang.ThreadGroup@6aece0)
	[0]		6aec30
OBJ 6aeaf0 (sz=72, trace=1, class=java.lang.Thread@6aeb80)
	threadLocals	792660
	inheritedAccessControlContext	6ae9e0
	contextClassLoader	6bae30
	group		6aec30
	name		6aea90
ARR 6aea90 (sz=24, trace=1, nelems=4, elem type=char)
OBJ 6ae9e0 (sz=24, trace=1, class=java.security.AccessControlContext@6aea70)
ARR 6ae990 (sz=32, trace=1, nelems=4, elem type=java.lang.Thread@6aeb80)
	[0]		6aeaf0
OBJ 6ae8e0 (sz=24, trace=1, class=java.lang.reflect.ReflectPermission@6ae970)
	path		6bd090
	name		6bd090
OBJ 6ae830 (sz=24, trace=1, class=java.util.Vector@6ae8c0)
	elementData	6ae780
ARR 6ae780 (sz=56, trace=1, nelems=10, elem type=java.lang.Object@6ae810)
	[0]		6b8590
	[1]		79bfe0
OBJ 6ae760 (sz=24, trace=1, class=java.util.Vector@6ae8c0)
	elementData	6ae740
ARR 6ae740 (sz=56, trace=1, nelems=10, elem type=java.lang.Object@6ae810)
	[0]		6b84c0
	[1]		79a050
OBJ 6ae690 (sz=24, trace=1, class=java.util.Stack@6ae720)
	elementData	6ae670
ARR 6ae670 (sz=56, trace=1, nelems=10, elem type=java.lang.Object@6ae810)
OBJ 6ae5c0 (sz=24, trace=1, class=java.lang.RuntimePermission@6ae650)
	path		6becc0
	name		6becc0
OBJ 6ae500 (sz=8, trace=1, class=sun.reflect.ReflectionFactory@6ae5a0)
OBJ 6ae430 (sz=8, trace=1, class=java.lang.ref.Reference$Lock@6ae4e0)
OBJ 6ae360 (sz=72, trace=1, class=java.lang.ref.Reference$ReferenceHandler@6ae410)
	inheritedAccessControlContext	6ae9e0
	group		6aec50
	name		6ae340
ARR 6ae340 (sz=48, trace=1, nelems=17, elem type=char)
ARR 6ae320 (sz=32, trace=1, nelems=4, elem type=java.lang.Thread@6aeb80)
	[0]		6ae360
	[1]		6aff10
	[2]		73c0b0
	[3]		73e620
OBJ 6ae250 (sz=24, trace=1, class=java.lang.ref.ReferenceQueue$Null@6ae300)
	lock		6ae180
OBJ 6ae180 (sz=8, trace=1, class=java.lang.ref.ReferenceQueue$Lock@6ae230)
OBJ 6ae160 (sz=24, trace=1, class=java.lang.ref.ReferenceQueue$Null@6ae300)
	lock		6ae140
OBJ 6ae140 (sz=8, trace=1, class=java.lang.ref.ReferenceQueue$Lock@6ae230)
OBJ 6ae070 (sz=24, trace=1, class=java.lang.ref.ReferenceQueue@6ae120)
	lock		6ae050
OBJ 6ae050 (sz=8, trace=1, class=java.lang.ref.ReferenceQueue$Lock@6ae230)
OBJ 6affe0 (sz=8, trace=1, class=java.lang.Object@6ae810)
OBJ 6aff10 (sz=72, trace=1, class=java.lang.ref.Finalizer$FinalizerThread@6affc0)
	inheritedAccessControlContext	6ae9e0
	group		6aec50
	name		6afef0
ARR 6afef0 (sz=32, trace=1, nelems=9, elem type=char)
OBJ 6afe20 (sz=8, trace=1, class=java.util.Hashtable$EmptyEnumerator@6afed0)
OBJ 6afd50 (sz=8, trace=1, class=java.util.Hashtable$EmptyIterator@6afe00)
ARR 6afd30 (sz=48, trace=1, nelems=16, elem type=char)
OBJ 6afc60 (sz=48, trace=1, class=java.util.Properties@6afd10)
	table		6b01c0
ARR 6afc40 (sz=16, trace=1, nelems=0, elem type=java.io.ObjectStreamField@6aee40)
OBJ 6afb70 (sz=32, trace=1, class=sun.misc.SoftCache@6afc20)
	queue		6afb50
	hash		6afa40
OBJ 6afb50 (sz=24, trace=1, class=java.lang.ref.ReferenceQueue@6ae120)
	lock		6afb30
OBJ 6afb30 (sz=8, trace=1, class=java.lang.ref.ReferenceQueue$Lock@6ae230)
OBJ 6afb10 (sz=8, trace=1, class=java.lang.Object@6ae810)
OBJ 6afa40 (sz=40, trace=1, class=java.util.HashMap@6afaf0)
	table		6af970
ARR 6af970 (sz=80, trace=1, nelems=16, elem type=java.util.HashMap$Entry@6afa20)
OBJ 6af950 (sz=32, trace=1, class=sun.misc.SoftCache@6afc20)
	queue		6af930
	hash		6af8f0
OBJ 6af930 (sz=24, trace=1, class=java.lang.ref.ReferenceQueue@6ae120)
	lock		6af910
OBJ 6af910 (sz=8, trace=1, class=java.lang.ref.ReferenceQueue$Lock@6ae230)
OBJ 6af8f0 (sz=40, trace=1, class=java.util.HashMap@6afaf0)
	table		6af8d0
ARR 6af8d0 (sz=80, trace=1, nelems=16, elem type=java.util.HashMap$Entry@6afa20)
ARR 6af8b0 (sz=64, trace=1, nelems=26, elem type=char)
OBJ 6af890 (sz=24, trace=1, class=java.lang.String@6aeef0)
	value		6af8b0
ARR 6af870 (sz=24, trace=1, nelems=3, elem type=char)
OBJ 6af850 (sz=24, trace=1, class=java.lang.String@6aeef0)
	value		6af870
OBJ 6af780 (sz=24, trace=1, class=java.util.Hashtable$Entry@6af830)
	value		6af850
	key		6af890
ARR 6af760 (sz=64, trace=1, nelems=23, elem type=char)
OBJ 6af740 (sz=24, trace=1, class=java.lang.String@6aeef0)
	value		6af760
ARR 6af720 (sz=80, trace=1, nelems=31, elem type=char)
OBJ 6af700 (sz=24, trace=1, class=java.lang.String@6aeef0)
	value		6af720
OBJ 6af6e0 (sz=24, trace=1, class=java.util.Hashtable$Entry@6af830)
	next		6af360
	value		6af700
	key		6af740
ARR 6af6c0 (sz=64, trace=1, nelems=25, elem type=char)
OBJ 6af6a0 (sz=24, trace=1, class=java.lang.String@6aeef0)
	value		6af6c0
ARR 6af680 (sz=56, trace=1, nelems=21, elem type=char)
OBJ 6af660 (sz=24, trace=1, class=java.lang.String@6aeef0)
	value		6af680
OBJ 6af640 (sz=24, trace=1, class=java.util.Hashtable$Entry@6af830)
	value		6af660
	key		6af6a0
ARR 6af620 (sz=40, trace=1, nelems=12, elem type=char)
OBJ 6af600 (sz=24, trace=1, class=java.lang.String@6aeef0)
	value		6af620
OBJ 6af5e0 (sz=24, trace=1, class=java.util.Hashtable$Entry@6af830)
	value		6bfc80
	key		6af600
ARR 6af5c0 (sz=40, trace=1, nelems=11, elem type=char)
OBJ 6af5a0 (sz=24, trace=1, class=java.lang.String@6aeef0)
	value		6af5c0
ARR 6af580 (sz=56, trace=1, nelems=21, elem type=char)
OBJ 6af560 (sz=24, trace=1, class=java.lang.String@6aeef0)
	value		6af580
OBJ 6af540 (sz=24, trace=1, class=java.util.Hashtable$Entry@6af830)
	value		6af560
	key		6af5a0
ARR 6af520 (sz=48, trace=1, nelems=15, elem type=char)
OBJ 6af500 (sz=24, trace=1, class=java.lang.String@6aeef0)
	value		6af520
ARR 6af4e0 (sz=56, trace=1, nelems=20, elem type=char)
OBJ 6af4c0 (sz=24, trace=1, class=java.lang.String@6aeef0)
	value		6af4e0
OBJ 6af4a0 (sz=24, trace=1, class=java.util.Hashtable$Entry@6af830)
	value		6af4c0
	key		6af500
ARR 6af480 (sz=56, trace=1, nelems=19, elem type=char)
OBJ 6af460 (sz=24, trace=1, class=java.lang.String@6aeef0)
	value		6af480
ARR 6af440 (sz=96, trace=1, nelems=41, elem type=char)
OBJ 6af420 (sz=24, trace=1, class=java.lang.String@6aeef0)
	value		6af440
OBJ 6af400 (sz=24, trace=1, class=java.util.Hashtable$Entry@6af830)
	value		6af420
	key		6af460
ARR 6af3e0 (sz=48, trace=1, nelems=18, elem type=char)
OBJ 6af3c0 (sz=24, trace=1, class=java.lang.String@6aeef0)
	value		6af3e0
ARR 6af3a0 (sz=24, trace=1, nelems=4, elem type=char)
OBJ 6af380 (sz=24, trace=1, class=java.lang.String@6aeef0)
	value		6af3a0
OBJ 6af360 (sz=24, trace=1, class=java.util.Hashtable$Entry@6af830)
	value		6af380
	key		6af3c0
ARR 6af340 (sz=40, trace=1, nelems=11, elem type=char)
OBJ 6af320 (sz=24, trace=1, class=java.lang.String@6aeef0)
	value		6af340
ARR 6af300 (sz=64, trace=1, nelems=24, elem type=char)
OBJ 6af2e0 (sz=24, trace=1, class=java.lang.String@6aeef0)
	value		6af300
OBJ 6af2c0 (sz=24, trace=1, class=java.util.Hashtable$Entry@6af830)
	value		6af2e0
	key		6af320
ARR 6af2a0 (sz=32, trace=1, nelems=7, elem type=char)
OBJ 6af280 (sz=24, trace=1, class=java.lang.String@6aeef0)
	value		6af2a0
ARR 6af260 (sz=32, trace=1, nelems=10, elem type=char)
OBJ 6af240 (sz=24, trace=1, class=java.lang.String@6aeef0)
	value		6af260
OBJ 6af220 (sz=24, trace=1, class=java.util.Hashtable$Entry@6af830)
	value		6af240
	key		6af280
ARR 6af200 (sz=32, trace=1, nelems=10, elem type=char)
OBJ 6af1e0 (sz=24, trace=1, class=java.lang.String@6aeef0)
	value		6af200
ARR 6af1c0 (sz=24, trace=1, nelems=4, elem type=char)
OBJ 6af1a0 (sz=24, trace=1, class=java.lang.String@6aeef0)
	value		6af1c0
OBJ 6af180 (sz=24, trace=1, class=java.util.Hashtable$Entry@6af830)
	value		6af1a0
	key		6af1e0
ARR 6af160 (sz=32, trace=1, nelems=7, elem type=char)
OBJ 6af140 (sz=24, trace=1, class=java.lang.String@6aeef0)
	value		6af160
ARR 6af120 (sz=24, trace=1, nelems=3, elem type=char)
OBJ 6af100 (sz=24, trace=1, class=java.lang.String@6aeef0)
	value		6af120
OBJ 6af0e0 (sz=24, trace=1, class=java.util.Hashtable$Entry@6af830)
	value		6af100
	key		6af140
ARR 6af0c0 (sz=40, trace=1, nelems=14, elem type=char)
OBJ 6af0a0 (sz=24, trace=1, class=java.lang.String@6aeef0)
	value		6af0c0
ARR 6af080 (sz=16, trace=1, nelems=1, elem type=char)
OBJ 6af060 (sz=24, trace=1, class=java.lang.String@6aeef0)
	value		6af080
OBJ 6a7bd0 (sz=24, trace=1, class=java.util.Hashtable$Entry@6af830)
	value		6af060
	key		6af0a0
ARR 6af040 (sz=40, trace=1, nelems=14, elem type=char)
OBJ 6a7bb0 (sz=24, trace=1, class=java.lang.String@6aeef0)
	value		6af040
ARR 6af020 (sz=16, trace=1, nelems=1, elem type=char)
OBJ 6b0fe0 (sz=24, trace=1, class=java.lang.String@6aeef0)
	value		6af020
OBJ 6b0fc0 (sz=24, trace=1, class=java.util.Hashtable$Entry@6af830)
	value		6b0fe0
	key		6a7bb0
ARR 6b0fa0 (sz=40, trace=1, nelems=14, elem type=char)
OBJ 6b0f80 (sz=24, trace=1, class=java.lang.String@6aeef0)
	value		6b0fa0
ARR 6b0f60 (sz=16, trace=1, nelems=2, elem type=char)
OBJ 6b0f40 (sz=24, trace=1, class=java.lang.String@6aeef0)
	value		6b0f60
OBJ 6b0f20 (sz=24, trace=1, class=java.util.Hashtable$Entry@6af830)
	value		6b0f40
	key		6b0f80
ARR 6b0f00 (sz=40, trace=1, nelems=13, elem type=char)
OBJ 6b0ee0 (sz=24, trace=1, class=java.lang.String@6aeef0)
	value		6b0f00
ARR 6b0ec0 (sz=16, trace=1, nelems=2, elem type=char)
OBJ 6b0ea0 (sz=24, trace=1, class=java.lang.String@6aeef0)
	value		6b0ec0
OBJ 6b0e80 (sz=24, trace=1, class=java.util.Hashtable$Entry@6af830)
	next		6af640
	value		6b0ea0
	key		6b0ee0
ARR 6b0e60 (sz=40, trace=1, nelems=12, elem type=char)
OBJ 6b0e40 (sz=24, trace=1, class=java.lang.String@6aeef0)
	value		6b0e60
ARR 6b0e20 (sz=16, trace=1, nelems=2, elem type=char)
OBJ 6b0e00 (sz=24, trace=1, class=java.lang.String@6aeef0)
	value		6b0e20
OBJ 6b0de0 (sz=24, trace=1, class=java.util.Hashtable$Entry@6af830)
	next		6b07a0
	value		6b0e00
	key		6b0e40
ARR 6b0dc0 (sz=40, trace=1, nelems=12, elem type=char)
OBJ 6b0da0 (sz=24, trace=1, class=java.lang.String@6aeef0)
	value		6b0dc0
ARR 6b0d80 (sz=16, trace=1, nelems=0, elem type=char)
OBJ 6b0d60 (sz=24, trace=1, class=java.lang.String@6aeef0)
	value		6b0d80
OBJ 6b0d40 (sz=24, trace=1, class=java.util.Hashtable$Entry@6af830)
	value		6b0d60
	key		6b0da0
ARR 6b0d20 (sz=40, trace=1, nelems=13, elem type=char)
OBJ 6b0d00 (sz=24, trace=1, class=java.lang.String@6aeef0)
	value		6b0d20
ARR 6b0ce0 (sz=24, trace=1, nelems=6, elem type=char)
OBJ 6b0cc0 (sz=24, trace=1, class=java.lang.String@6aeef0)
	value		6b0ce0
OBJ 6b0ca0 (sz=24, trace=1, class=java.util.Hashtable$Entry@6af830)
	next		6af780
	value		6b0cc0
	key		6b0d00
ARR 6b0c80 (sz=48, trace=1, nelems=17, elem type=char)
OBJ 6b0c60 (sz=24, trace=1, class=java.lang.String@6aeef0)
	value		6b0c80
ARR 6b0c40 (sz=24, trace=1, nelems=6, elem type=char)
OBJ 6b0c20 (sz=24, trace=1, class=java.lang.String@6aeef0)
	value		6b0c40
OBJ 6b0c00 (sz=24, trace=1, class=java.util.Hashtable$Entry@6af830)
	value		6b0c20
	key		6b0c60
ARR 6b0be0 (sz=64, trace=1, nelems=23, elem type=char)
OBJ 6b0bc0 (sz=24, trace=1, class=java.lang.String@6aeef0)
	value		6b0be0
ARR 6b0ba0 (sz=40, trace=1, nelems=13, elem type=char)
OBJ 6b0b80 (sz=24, trace=1, class=java.lang.String@6aeef0)
	value		6b0ba0
OBJ 6b0b60 (sz=24, trace=1, class=java.util.Hashtable$Entry@6af830)
	next		6b0a20
	value		6b0b80
	key		6b0bc0
ARR 6b0b40 (sz=48, trace=1, nelems=15, elem type=char)
OBJ 6b0b20 (sz=24, trace=1, class=java.lang.String@6aeef0)
	value		6b0b40
ARR 6b0b00 (sz=48, trace=1, nelems=17, elem type=char)
OBJ 6b0ae0 (sz=24, trace=1, class=java.lang.String@6aeef0)
	value		6b0b00
OBJ 6b0ac0 (sz=24, trace=1, class=java.util.Hashtable$Entry@6af830)
	value		6b0ae0
	key		6b0b20
ARR 6b0aa0 (sz=40, trace=1, nelems=14, elem type=char)
OBJ 6b0a80 (sz=24, trace=1, class=java.lang.String@6aeef0)
	value		6b0aa0
ARR 6b0a60 (sz=24, trace=1, nelems=6, elem type=char)
OBJ 6b0a40 (sz=24, trace=1, class=java.lang.String@6aeef0)
	value		6b0a60
OBJ 6b0a20 (sz=24, trace=1, class=java.util.Hashtable$Entry@6af830)
	value		6b0a40
	key		6b0a80
ARR 6b0a00 (sz=56, trace=1, nelems=19, elem type=char)
OBJ 6b09e0 (sz=24, trace=1, class=java.lang.String@6aeef0)
	value		6b0a00
ARR 6b09c0 (sz=72, trace=1, nelems=27, elem type=char)
OBJ 6b09a0 (sz=24, trace=1, class=java.lang.String@6aeef0)
	value		6b09c0
OBJ 6b0980 (sz=24, trace=1, class=java.util.Hashtable$Entry@6af830)
	value		6b09a0
	key		6b09e0
ARR 6b0960 (sz=80, trace=1, nelems=34, elem type=char)
OBJ 6b0940 (sz=24, trace=1, class=java.lang.String@6aeef0)
	value		6b0960
ARR 6b0920 (sz=96, trace=1, nelems=41, elem type=char)
OBJ 6b0900 (sz=24, trace=1, class=java.lang.String@6aeef0)
	value		6b0920
OBJ 6b08e0 (sz=24, trace=1, class=java.util.Hashtable$Entry@6af830)
	value		6b0900
	key		6b0940
ARR 6b08c0 (sz=56, trace=1, nelems=19, elem type=char)
OBJ 6b08a0 (sz=24, trace=1, class=java.lang.String@6aeef0)
	value		6b08c0
ARR 6b0880 (sz=16, trace=1, nelems=2, elem type=char)
OBJ 6b0860 (sz=24, trace=1, class=java.lang.String@6aeef0)
	value		6b0880
OBJ 6b0840 (sz=24, trace=1, class=java.util.Hashtable$Entry@6af830)
	value		6b0860
	key		6b08a0
ARR 6b0820 (sz=48, trace=1, nelems=18, elem type=char)
OBJ 6b0800 (sz=24, trace=1, class=java.lang.String@6aeef0)
	value		6b0820
ARR 6b07e0 (sz=16, trace=1, nelems=1, elem type=char)
OBJ 6b07c0 (sz=24, trace=1, class=java.lang.String@6aeef0)
	value		6b07e0
OBJ 6b07a0 (sz=24, trace=1, class=java.util.Hashtable$Entry@6af830)
	value		6b07c0
	key		6b0800
ARR 6b0780 (sz=56, trace=1, nelems=20, elem type=char)
OBJ 6b0760 (sz=24, trace=1, class=java.lang.String@6aeef0)
	value		6b0780
ARR 6b0740 (sz=80, trace=1, nelems=32, elem type=char)
OBJ 6b0720 (sz=24, trace=1, class=java.lang.String@6aeef0)
	value		6b0740
OBJ 6b0700 (sz=24, trace=1, class=java.util.Hashtable$Entry@6af830)
	value		6b0720
	key		6b0760
ARR 6b06e0 (sz=56, trace=1, nelems=19, elem type=char)
OBJ 6b06c0 (sz=24, trace=1, class=java.lang.String@6aeef0)
	value		6b06e0
ARR 6b06a0 (sz=16, trace=1, nelems=0, elem type=char)
OBJ 6b0680 (sz=24, trace=1, class=java.lang.String@6aeef0)
	value		6b06a0
OBJ 6b0660 (sz=24, trace=1, class=java.util.Hashtable$Entry@6af830)
	value		6b0680
	key		6b06c0
ARR 6b0640 (sz=40, trace=1, nelems=14, elem type=char)
OBJ 6b0620 (sz=24, trace=1, class=java.lang.String@6aeef0)
	value		6b0640
ARR 6b0600 (sz=48, trace=1, nelems=16, elem type=char)
OBJ 6b05e0 (sz=24, trace=1, class=java.lang.String@6aeef0)
	value		6b0600
OBJ 6b05c0 (sz=24, trace=1, class=java.util.Hashtable$Entry@6af830)
	next		6b0f20
	value		6b05e0
	key		6b0620
ARR 6b05a0 (sz=32, trace=1, nelems=9, elem type=char)
OBJ 6b0580 (sz=24, trace=1, class=java.lang.String@6aeef0)
	value		6b05a0
ARR 6b0560 (sz=24, trace=1, nelems=6, elem type=char)
OBJ 6b0540 (sz=24, trace=1, class=java.lang.String@6aeef0)
	value		6b0560
OBJ 6b0520 (sz=24, trace=1, class=java.util.Hashtable$Entry@6af830)
	value		6b0540
	key		6b0580
ARR 6b0500 (sz=32, trace=1, nelems=9, elem type=char)
OBJ 6b04e0 (sz=24, trace=1, class=java.lang.String@6aeef0)
	value		6b0500
ARR 6b04c0 (sz=32, trace=1, nelems=10, elem type=char)
OBJ 6b04a0 (sz=24, trace=1, class=java.lang.String@6aeef0)
	value		6b04c0
OBJ 6b0480 (sz=24, trace=1, class=java.util.Hashtable$Entry@6af830)
	value		6b04a0
	key		6b04e0
ARR 6b0460 (sz=40, trace=1, nelems=13, elem type=char)
OBJ 6b0440 (sz=24, trace=1, class=java.lang.String@6aeef0)
	value		6b0460
ARR 6b0420 (sz=16, trace=1, nelems=0, elem type=char)
OBJ 6b0400 (sz=24, trace=1, class=java.lang.String@6aeef0)
	value		6b0420
OBJ 6b03e0 (sz=24, trace=1, class=java.util.Hashtable$Entry@6af830)
	value		6b0400
	key		6b0440
ARR 6b03c0 (sz=32, trace=1, nelems=8, elem type=char)
OBJ 6b03a0 (sz=24, trace=1, class=java.lang.String@6aeef0)
	value		6b03c0
ARR 6b0380 (sz=48, trace=1, nelems=16, elem type=char)
OBJ 6b0360 (sz=24, trace=1, class=java.lang.String@6aeef0)
	value		6b0380
OBJ 6b0340 (sz=24, trace=1, class=java.util.Hashtable$Entry@6af830)
	value		6b0360
	key		6b03a0
ARR 6b0320 (sz=72, trace=1, nelems=29, elem type=char)
OBJ 6b0300 (sz=24, trace=1, class=java.lang.String@6aeef0)
	value		6b0320
ARR 6b02e0 (sz=24, trace=1, nelems=3, elem type=char)
OBJ 6b02c0 (sz=24, trace=1, class=java.lang.String@6aeef0)
	value		6b02e0
OBJ 6b02a0 (sz=24, trace=1, class=java.util.Hashtable$Entry@6af830)
	value		6b02c0
	key		6b0300
ARR 6b0280 (sz=64, trace=1, nelems=26, elem type=char)
OBJ 6b0260 (sz=24, trace=1, class=java.lang.String@6aeef0)
	value		6b0280
ARR 6b0240 (sz=80, trace=1, nelems=34, elem type=char)
OBJ 6b0220 (sz=24, trace=1, class=java.lang.String@6aeef0)
	value		6b0240
ARR 6b01c0 (sz=392, trace=1, nelems=95, elem type=java.util.Hashtable$Entry@6af830)
	[0]		6b0ac0
	[9]		6b0b60
	[11]		6af400
	[13]		6a7bd0
	[16]		6af540
	[17]		6b1a80
	[18]		6b1e00
	[19]		6af5e0
	[21]		6b1ea0
	[22]		6af2c0
	[24]		6b0e80
	[26]		6b1b80
	[27]		6b02a0
	[33]		6b1b20
	[38]		6b0ca0
	[39]		6b0980
	[40]		6b03e0
	[41]		6b0480
	[44]		6af180
	[45]		6b08e0
	[49]		6af6e0
	[54]		6b1c20
	[61]		6b0660
	[63]		6af220
	[64]		6b0d40
	[65]		6b0100
	[67]		6b05c0
	[70]		6b1d60
	[72]		6b0700
	[74]		6b1a20
	[76]		6b01a0
	[79]		6b0de0
	[80]		6b1fa0
	[81]		6b0fc0
	[82]		6b1f00
	[88]		6b1cc0
	[91]		6b1a00
OBJ 6b01a0 (sz=24, trace=1, class=java.util.Hashtable$Entry@6af830)
	next		6b0340
	value		6b0220
	key		6b0260
ARR 6b0180 (sz=72, trace=1, nelems=28, elem type=char)
OBJ 6b0160 (sz=24, trace=1, class=java.lang.String@6aeef0)
	value		6b0180
ARR 6b0140 (sz=56, trace=1, nelems=21, elem type=char)
OBJ 6b0120 (sz=24, trace=1, class=java.lang.String@6aeef0)
	value		6b0140
OBJ 6b0100 (sz=24, trace=1, class=java.util.Hashtable$Entry@6af830)
	value		6b0120
	key		6b0160
ARR 6b00e0 (sz=48, trace=1, nelems=15, elem type=char)
OBJ 6b00c0 (sz=24, trace=1, class=java.lang.String@6aeef0)
	value		6b00e0
ARR 6b00a0 (sz=32, trace=1, nelems=9, elem type=char)
OBJ 6b0080 (sz=24, trace=1, class=java.lang.String@6aeef0)
	value		6b00a0
OBJ 6b0060 (sz=24, trace=1, class=java.util.Hashtable$Entry@6af830)
	value		6b0080
	key		6b00c0
ARR 6b0040 (sz=40, trace=1, nelems=12, elem type=char)
OBJ 6b0020 (sz=24, trace=1, class=java.lang.String@6aeef0)
	value		6b0040
ARR 6b1fe0 (sz=64, trace=1, nelems=26, elem type=char)
OBJ 6b1fc0 (sz=24, trace=1, class=java.lang.String@6aeef0)
	value		6b1fe0
OBJ 6b1fa0 (sz=24, trace=1, class=java.util.Hashtable$Entry@6af830)
	next		6b0c00
	value		6b1fc0
	key		6b0020
ARR 6b1f80 (sz=40, trace=1, nelems=14, elem type=char)
OBJ 6b1f60 (sz=24, trace=1, class=java.lang.String@6aeef0)
	value		6b1f80
ARR 6b1f40 (sz=56, trace=1, nelems=21, elem type=char)
OBJ 6b1f20 (sz=24, trace=1, class=java.lang.String@6aeef0)
	value		6b1f40
OBJ 6b1f00 (sz=24, trace=1, class=java.util.Hashtable$Entry@6af830)
	next		6af4a0
	value		6b1f20
	key		6b1f60
ARR 6b1ee0 (sz=40, trace=1, nelems=12, elem type=char)
OBJ 6b1ec0 (sz=24, trace=1, class=java.lang.String@6aeef0)
	value		6b1ee0
OBJ 6b1ea0 (sz=24, trace=1, class=java.util.Hashtable$Entry@6af830)
	value		6b8420
	key		6b1ec0
ARR 6b1e80 (sz=40, trace=1, nelems=13, elem type=char)
OBJ 6b1e60 (sz=24, trace=1, class=java.lang.String@6aeef0)
	value		6b1e80
ARR 6b1e40 (sz=96, trace=1, nelems=39, elem type=char)
OBJ 6b1e20 (sz=24, trace=1, class=java.lang.String@6aeef0)
	value		6b1e40
OBJ 6b1e00 (sz=24, trace=1, class=java.util.Hashtable$Entry@6af830)
	value		6b1e20
	key		6b1e60
ARR 6b1de0 (sz=48, trace=1, nelems=18, elem type=char)
OBJ 6b1dc0 (sz=24, trace=1, class=java.lang.String@6aeef0)
	value		6b1de0
ARR 6b1da0 (sz=104, trace=1, nelems=44, elem type=char)
OBJ 6b1d80 (sz=24, trace=1, class=java.lang.String@6aeef0)
	value		6b1da0
OBJ 6b1d60 (sz=24, trace=1, class=java.util.Hashtable$Entry@6af830)
	next		6af0e0
	value		6b1d80
	key		6b1dc0
ARR 6b1d40 (sz=56, trace=1, nelems=21, elem type=char)
OBJ 6b1d20 (sz=24, trace=1, class=java.lang.String@6aeef0)
	value		6b1d40
ARR 6b1d00 (sz=88, trace=1, nelems=35, elem type=char)
OBJ 6b1ce0 (sz=24, trace=1, class=java.lang.String@6aeef0)
	value		6b1d00
OBJ 6b1cc0 (sz=24, trace=1, class=java.util.Hashtable$Entry@6af830)
	next		6b0060
	value		6b1ce0
	key		6b1d20
ARR 6b1ca0 (sz=48, trace=1, nelems=17, elem type=char)
OBJ 6b1c80 (sz=24, trace=1, class=java.lang.String@6aeef0)
	value		6b1ca0
ARR 6b1c60 (sz=816, trace=1, nelems=400, elem type=char)
OBJ 6b1c40 (sz=24, trace=1, class=java.lang.String@6aeef0)
	value		6b1c60
OBJ 6b1c20 (sz=24, trace=1, class=java.util.Hashtable$Entry@6af830)
	value		6b1c40
	key		6b1c80
ARR 6b1c00 (sz=32, trace=1, nelems=9, elem type=char)
OBJ 6b1be0 (sz=24, trace=1, class=java.lang.String@6aeef0)
	value		6b1c00
ARR 6b1bc0 (sz=80, trace=1, nelems=31, elem type=char)
OBJ 6b1ba0 (sz=24, trace=1, class=java.lang.String@6aeef0)
	value		6b1bc0
OBJ 6b1b80 (sz=24, trace=1, class=java.util.Hashtable$Entry@6af830)
	next		6b0840
	value		6b1ba0
	key		6b1be0
ARR 6b1b60 (sz=48, trace=1, nelems=15, elem type=char)
OBJ 6b1b40 (sz=24, trace=1, class=java.lang.String@6aeef0)
	value		6b1b60
OBJ 6b1b20 (sz=24, trace=1, class=java.util.Hashtable$Entry@6af830)
	next		6b0520
	value		6b1a40
	key		6b1b40
ARR 6b1b00 (sz=56, trace=1, nelems=19, elem type=char)
OBJ 6b1ae0 (sz=24, trace=1, class=java.lang.String@6aeef0)
	value		6b1b00
ARR 6b1ac0 (sz=912, trace=1, nelems=448, elem type=char)
OBJ 6b1aa0 (sz=24, trace=1, class=java.lang.String@6aeef0)
	value		6b1ac0
OBJ 6b1a80 (sz=24, trace=1, class=java.util.Hashtable$Entry@6af830)
	value		6b1aa0
	key		6b1ae0
ARR 6b1a60 (sz=600, trace=1, nelems=291, elem type=char)
OBJ 6b1a40 (sz=24, trace=1, class=java.lang.String@6aeef0)
	value		6b1a60
OBJ 6b1a20 (sz=24, trace=1, class=java.util.Hashtable$Entry@6af830)
	value		6bfc00
	key		6bfb80
OBJ 6b1a00 (sz=24, trace=1, class=java.util.Hashtable$Entry@6af830)
	value		6bfc40
	key		6bfb40
OBJ 6b1940 (sz=16, trace=1, class=java.io.FileInputStream@6b19e0)
	fd		6b17a0
OBJ 6b1870 (sz=32, trace=1, class=java.lang.ref.Finalizer@6b1920)
	prev		6b1670
	queue		6ae070
	referent	6b1940
OBJ 6b17a0 (sz=16, trace=1, class=java.io.FileDescriptor@6b1850)
OBJ 6b1780 (sz=16, trace=1, class=java.io.FileDescriptor@6b1850)
OBJ 6b1760 (sz=16, trace=1, class=java.io.FileDescriptor@6b1850)
OBJ 6b1690 (sz=24, trace=1, class=java.io.FileOutputStream@6b1740)
	fd		6b1780
OBJ 6b1670 (sz=32, trace=1, class=java.lang.ref.Finalizer@6b1920)
	prev		6b1630
	next		6b1870
	queue		6ae070
	referent	6b1690
OBJ 6b1650 (sz=24, trace=1, class=java.io.FileOutputStream@6b1740)
	fd		6b1760
OBJ 6b1630 (sz=32, trace=1, class=java.lang.ref.Finalizer@6b1920)
	prev		6b84a0
	next		6b1670
	queue		6ae070
	referent	6b1650
OBJ 6b1560 (sz=32, trace=1, class=java.io.BufferedInputStream@6b1610)
	buf		6b1500
	in		6b1940
ARR 6b1500 (sz=2064, trace=1, nelems=2048, elem type=byte)
OBJ 6b1430 (sz=24, trace=1, class=java.io.PrintStream@6b14e0)
	charOut		6b1270
	textOut		6b6ab0
	out		6b1360
OBJ 6b1360 (sz=24, trace=1, class=java.io.BufferedOutputStream@6b1410)
	buf		6b1340
	out		6b1690
ARR 6b1340 (sz=144, trace=1, nelems=128, elem type=byte)
OBJ 6b1270 (sz=24, trace=1, class=java.io.OutputStreamWriter@6b1320)
	se		6b54f0
	lock		6b1430
ARR 6b1210 (sz=24, trace=1, nelems=2, elem type=java.lang.String@6aeef0)
	[0]		6c0f20
	[1]		6c0ee0
ARR 6b1140 (sz=24, trace=1, nelems=2, elem type=java.lang.ref.SoftReference@6b11f0)
OBJ 6b1070 (sz=24, trace=1, class=sun.nio.cs.StandardCharsets@6b1120)
	cache		6b2f30
	aliasNameMap	6b2f50
	aliasMap	6b2f70
	classMap	6b1010
OBJ 6b1010 (sz=40, trace=1, class=java.util.TreeMap@6b1050)
	root		6b4350
	comparator	6aed00
OBJ 6b2f70 (sz=40, trace=1, class=java.util.TreeMap@6b1050)
	root		6b2e20
	comparator	6aed00
OBJ 6b2f50 (sz=40, trace=1, class=java.util.TreeMap@6b1050)
	root		6b4310
	comparator	6aed00
OBJ 6b2f30 (sz=40, trace=1, class=java.util.TreeMap@6b1050)
	root		b002680
	comparator	6aed00
ARR 6b2f10 (sz=64, trace=1, nelems=12, elem type=java.lang.String@6aeef0)
	[0]		6c0840
	[1]		6c0800
	[2]		6c07c0
	[3]		6c0780
	[4]		6c0740
	[5]		6c0700
	[6]		6c06c0
	[7]		6c0680
	[8]		6c0640
	[9]		6c0600
	[10]		6c05c0
	[11]		6c0580
OBJ 6b2e40 (sz=32, trace=1, class=java.util.TreeMap$Entry@6b2ef0)
	parent		6b5f40
	value		6c0880
	key		6c08c0
OBJ 6b2e20 (sz=32, trace=1, class=java.util.TreeMap$Entry@6b2ef0)
	right		6b43b0
	left		6b4490
	value		6c08c0
	key		6c0840
ARR 6b2d50 (sz=424, trace=1, nelems=102, elem type=[[C@6b2e00)
	[0]		6b2c80
	[1]		6b2c20
	[2]		6b2bc0
	[3]		6b2b60
	[4]		6b2b00
	[5]		6b2aa0
	[6]		6b2a40
	[7]		6b29e0
	[8]		6b2980
	[9]		6b2920
	[10]		6b28c0
	[11]		6b2860
	[12]		6b2800
	[13]		6b27a0
	[14]		6b2740
	[15]		6b26e0
	[16]		6b2680
	[17]		6b2620
	[18]		6b25c0
	[19]		6b2560
	[20]		6b2500
	[21]		6b24a0
	[22]		6b2440
	[23]		6b23e0
	[24]		6b2380
	[25]		6b2320
	[26]		6b22c0
	[27]		6b2260
	[28]		6b2200
	[29]		6b21a0
	[30]		6b2140
	[31]		6b20e0
	[32]		6b2080
	[33]		6b2020
	[34]		6b3fa0
	[35]		6b3f40
	[36]		6b3ee0
	[37]		6b3e80
	[38]		6b3e20
	[39]		6b3dc0
	[40]		6b3d60
	[41]		6b3d00
	[42]		6b3ca0
	[43]		6b3c40
	[44]		6b3be0
	[45]		6b3b80
	[46]		6b3b20
	[47]		6b3ac0
	[48]		6b3a60
	[49]		6b3a00
	[50]		6b39a0
	[51]		6b3940
	[52]		6b38e0
	[53]		6b3880
	[54]		6b3820
	[55]		6b37c0
	[56]		6b3760
	[57]		6b3700
	[58]		6b36a0
	[59]		6b3640
	[60]		6b35e0
	[61]		6b3580
	[62]		6b3520
	[63]		6b34c0
	[64]		6b3460
	[65]		6b3400
	[66]		6b33a0
	[67]		6b3340
	[68]		6b32e0
	[69]		6b3280
	[70]		6b3220
	[71]		6b31c0
	[72]		6b3160
	[73]		6b3100
	[74]		6b30a0
	[75]		6b3040
	[76]		6b4fc0
	[77]		6b4f60
	[78]		6b4f00
	[79]		6b4ea0
	[80]		6b4e40
	[81]		6b4de0
	[82]		6b4d80
	[83]		6b4d20
	[84]		6b4cc0
	[85]		6b4c60
	[86]		6b4c00
	[87]		6b4ba0
	[88]		6b4b40
	[89]		6b4ae0
	[90]		6b4a80
	[91]		6b4a20
	[92]		6b49c0
	[93]		6b4960
	[94]		6b4900
	[95]		6b48a0
	[96]		6b4840
	[97]		6b47e0
	[98]		6b4780
	[99]		6b4720
	[100]		6b46c0
	[101]		6b4660
ARR 6b2c80 (sz=24, trace=1, nelems=2, elem type=[C@6b2d30)
	[0]		6b2c60
	[1]		6b2c40
ARR 6b2c60 (sz=16, trace=1, nelems=1, elem type=char)
ARR 6b2c40 (sz=16, trace=1, nelems=2, elem type=char)
ARR 6b2c20 (sz=24, trace=1, nelems=2, elem type=[C@6b2d30)
	[0]		6b2c00
	[1]		6b2be0
ARR 6b2c00 (sz=16, trace=1, nelems=1, elem type=char)
ARR 6b2be0 (sz=16, trace=1, nelems=2, elem type=char)
ARR 6b2bc0 (sz=24, trace=1, nelems=2, elem type=[C@6b2d30)
	[0]		6b2ba0
	[1]		6b2b80
ARR 6b2ba0 (sz=16, trace=1, nelems=1, elem type=char)
ARR 6b2b80 (sz=16, trace=1, nelems=2, elem type=char)
ARR 6b2b60 (sz=24, trace=1, nelems=2, elem type=[C@6b2d30)
	[0]		6b2b40
	[1]		6b2b20
ARR 6b2b40 (sz=16, trace=1, nelems=1, elem type=char)
ARR 6b2b20 (sz=24, trace=1, nelems=3, elem type=char)
ARR 6b2b00 (sz=24, trace=1, nelems=2, elem type=[C@6b2d30)
	[0]		6b2ae0
	[1]		6b2ac0
ARR 6b2ae0 (sz=16, trace=1, nelems=1, elem type=char)
ARR 6b2ac0 (sz=24, trace=1, nelems=3, elem type=char)
ARR 6b2aa0 (sz=24, trace=1, nelems=2, elem type=[C@6b2d30)
	[0]		6b2a80
	[1]		6b2a60
ARR 6b2a80 (sz=16, trace=1, nelems=1, elem type=char)
ARR 6b2a60 (sz=16, trace=1, nelems=2, elem type=char)
ARR 6b2a40 (sz=24, trace=1, nelems=2, elem type=[C@6b2d30)
	[0]		6b2a20
	[1]		6b2a00
ARR 6b2a20 (sz=16, trace=1, nelems=1, elem type=char)
ARR 6b2a00 (sz=16, trace=1, nelems=2, elem type=char)
ARR 6b29e0 (sz=24, trace=1, nelems=2, elem type=[C@6b2d30)
	[0]		6b29c0
	[1]		6b29a0
ARR 6b29c0 (sz=16, trace=1, nelems=1, elem type=char)
ARR 6b29a0 (sz=16, trace=1, nelems=2, elem type=char)
ARR 6b2980 (sz=24, trace=1, nelems=2, elem type=[C@6b2d30)
	[0]		6b2960
	[1]		6b2940
ARR 6b2960 (sz=16, trace=1, nelems=1, elem type=char)
ARR 6b2940 (sz=16, trace=1, nelems=2, elem type=char)
ARR 6b2920 (sz=24, trace=1, nelems=2, elem type=[C@6b2d30)
	[0]		6b2900
	[1]		6b28e0
ARR 6b2900 (sz=16, trace=1, nelems=1, elem type=char)
ARR 6b28e0 (sz=16, trace=1, nelems=2, elem type=char)
ARR 6b28c0 (sz=24, trace=1, nelems=2, elem type=[C@6b2d30)
	[0]		6b28a0
	[1]		6b2880
ARR 6b28a0 (sz=16, trace=1, nelems=1, elem type=char)
ARR 6b2880 (sz=16, trace=1, nelems=2, elem type=char)
ARR 6b2860 (sz=24, trace=1, nelems=2, elem type=[C@6b2d30)
	[0]		6b2840
	[1]		6b2820
ARR 6b2840 (sz=16, trace=1, nelems=1, elem type=char)
ARR 6b2820 (sz=16, trace=1, nelems=2, elem type=char)
ARR 6b2800 (sz=24, trace=1, nelems=2, elem type=[C@6b2d30)
	[0]		6b27e0
	[1]		6b27c0
ARR 6b27e0 (sz=16, trace=1, nelems=1, elem type=char)
ARR 6b27c0 (sz=24, trace=1, nelems=3, elem type=char)
ARR 6b27a0 (sz=24, trace=1, nelems=2, elem type=[C@6b2d30)
	[0]		6b2780
	[1]		6b2760
ARR 6b2780 (sz=16, trace=1, nelems=1, elem type=char)
ARR 6b2760 (sz=24, trace=1, nelems=3, elem type=char)
ARR 6b2740 (sz=24, trace=1, nelems=2, elem type=[C@6b2d30)
	[0]		6b2720
	[1]		6b2700
ARR 6b2720 (sz=16, trace=1, nelems=1, elem type=char)
ARR 6b2700 (sz=24, trace=1, nelems=3, elem type=char)
ARR 6b26e0 (sz=24, trace=1, nelems=2, elem type=[C@6b2d30)
	[0]		6b26c0
	[1]		6b26a0
ARR 6b26c0 (sz=16, trace=1, nelems=1, elem type=char)
ARR 6b26a0 (sz=16, trace=1, nelems=2, elem type=char)
ARR 6b2680 (sz=24, trace=1, nelems=2, elem type=[C@6b2d30)
	[0]		6b2660
	[1]		6b2640
ARR 6b2660 (sz=16, trace=1, nelems=1, elem type=char)
ARR 6b2640 (sz=16, trace=1, nelems=2, elem type=char)
ARR 6b2620 (sz=24, trace=1, nelems=2, elem type=[C@6b2d30)
	[0]		6b2600
	[1]		6b25e0
ARR 6b2600 (sz=16, trace=1, nelems=1, elem type=char)
ARR 6b25e0 (sz=16, trace=1, nelems=2, elem type=char)
ARR 6b25c0 (sz=24, trace=1, nelems=2, elem type=[C@6b2d30)
	[0]		6b25a0
	[1]		6b2580
ARR 6b25a0 (sz=16, trace=1, nelems=1, elem type=char)
ARR 6b2580 (sz=16, trace=1, nelems=2, elem type=char)
ARR 6b2560 (sz=24, trace=1, nelems=2, elem type=[C@6b2d30)
	[0]		6b2540
	[1]		6b2520
ARR 6b2540 (sz=16, trace=1, nelems=1, elem type=char)
ARR 6b2520 (sz=16, trace=1, nelems=2, elem type=char)
ARR 6b2500 (sz=24, trace=1, nelems=2, elem type=[C@6b2d30)
	[0]		6b24e0
	[1]		6b24c0
ARR 6b24e0 (sz=16, trace=1, nelems=1, elem type=char)
ARR 6b24c0 (sz=16, trace=1, nelems=2, elem type=char)
ARR 6b24a0 (sz=24, trace=1, nelems=2, elem type=[C@6b2d30)
	[0]		6b2480
	[1]		6b2460
ARR 6b2480 (sz=16, trace=1, nelems=1, elem type=char)
ARR 6b2460 (sz=16, trace=1, nelems=2, elem type=char)
ARR 6b2440 (sz=24, trace=1, nelems=2, elem type=[C@6b2d30)
	[0]		6b2420
	[1]		6b2400
ARR 6b2420 (sz=16, trace=1, nelems=1, elem type=char)
ARR 6b2400 (sz=16, trace=1, nelems=2, elem type=char)
ARR 6b23e0 (sz=24, trace=1, nelems=2, elem type=[C@6b2d30)
	[0]		6b23c0
	[1]		6b23a0
ARR 6b23c0 (sz=16, trace=1, nelems=1, elem type=char)
ARR 6b23a0 (sz=16, trace=1, nelems=2, elem type=char)
ARR 6b2380 (sz=24, trace=1, nelems=2, elem type=[C@6b2d30)
	[0]		6b2360
	[1]		6b2340
ARR 6b2360 (sz=16, trace=1, nelems=1, elem type=char)
ARR 6b2340 (sz=16, trace=1, nelems=2, elem type=char)
ARR 6b2320 (sz=24, trace=1, nelems=2, elem type=[C@6b2d30)
	[0]		6b2300
	[1]		6b22e0
ARR 6b2300 (sz=16, trace=1, nelems=1, elem type=char)
ARR 6b22e0 (sz=16, trace=1, nelems=2, elem type=char)
ARR 6b22c0 (sz=24, trace=1, nelems=2, elem type=[C@6b2d30)
	[0]		6b22a0
	[1]		6b2280
ARR 6b22a0 (sz=16, trace=1, nelems=1, elem type=char)
ARR 6b2280 (sz=16, trace=1, nelems=2, elem type=char)
ARR 6b2260 (sz=24, trace=1, nelems=2, elem type=[C@6b2d30)
	[0]		6b2240
	[1]		6b2220
ARR 6b2240 (sz=16, trace=1, nelems=1, elem type=char)
ARR 6b2220 (sz=16, trace=1, nelems=2, elem type=char)
ARR 6b2200 (sz=24, trace=1, nelems=2, elem type=[C@6b2d30)
	[0]		6b21e0
	[1]		6b21c0
ARR 6b21e0 (sz=16, trace=1, nelems=1, elem type=char)
ARR 6b21c0 (sz=16, trace=1, nelems=2, elem type=char)
ARR 6b21a0 (sz=24, trace=1, nelems=2, elem type=[C@6b2d30)
	[0]		6b2180
	[1]		6b2160
ARR 6b2180 (sz=16, trace=1, nelems=1, elem type=char)
ARR 6b2160 (sz=16, trace=1, nelems=2, elem type=char)
ARR 6b2140 (sz=24, trace=1, nelems=2, elem type=[C@6b2d30)
	[0]		6b2120
	[1]		6b2100
ARR 6b2120 (sz=16, trace=1, nelems=1, elem type=char)
ARR 6b2100 (sz=16, trace=1, nelems=2, elem type=char)
ARR 6b20e0 (sz=24, trace=1, nelems=2, elem type=[C@6b2d30)
	[0]		6b20c0
	[1]		6b20a0
ARR 6b20c0 (sz=16, trace=1, nelems=1, elem type=char)
ARR 6b20a0 (sz=16, trace=1, nelems=2, elem type=char)
ARR 6b2080 (sz=24, trace=1, nelems=2, elem type=[C@6b2d30)
	[0]		6b2060
	[1]		6b2040
ARR 6b2060 (sz=16, trace=1, nelems=1, elem type=char)
ARR 6b2040 (sz=16, trace=1, nelems=2, elem type=char)
ARR 6b2020 (sz=24, trace=1, nelems=2, elem type=[C@6b2d30)
	[0]		6b3fe0
	[1]		6b3fc0
ARR 6b3fe0 (sz=16, trace=1, nelems=1, elem type=char)
ARR 6b3fc0 (sz=16, trace=1, nelems=2, elem type=char)
ARR 6b3fa0 (sz=24, trace=1, nelems=2, elem type=[C@6b2d30)
	[0]		6b3f80
	[1]		6b3f60
ARR 6b3f80 (sz=16, trace=1, nelems=1, elem type=char)
ARR 6b3f60 (sz=16, trace=1, nelems=2, elem type=char)
ARR 6b3f40 (sz=24, trace=1, nelems=2, elem type=[C@6b2d30)
	[0]		6b3f20
	[1]		6b3f00
ARR 6b3f20 (sz=16, trace=1, nelems=1, elem type=char)
ARR 6b3f00 (sz=16, trace=1, nelems=2, elem type=char)
ARR 6b3ee0 (sz=24, trace=1, nelems=2, elem type=[C@6b2d30)
	[0]		6b3ec0
	[1]		6b3ea0
ARR 6b3ec0 (sz=16, trace=1, nelems=1, elem type=char)
ARR 6b3ea0 (sz=16, trace=1, nelems=2, elem type=char)
ARR 6b3e80 (sz=24, trace=1, nelems=2, elem type=[C@6b2d30)
	[0]		6b3e60
	[1]		6b3e40
ARR 6b3e60 (sz=16, trace=1, nelems=1, elem type=char)
ARR 6b3e40 (sz=16, trace=1, nelems=2, elem type=char)
ARR 6b3e20 (sz=24, trace=1, nelems=2, elem type=[C@6b2d30)
	[0]		6b3e00
	[1]		6b3de0
ARR 6b3e00 (sz=16, trace=1, nelems=1, elem type=char)
ARR 6b3de0 (sz=16, trace=1, nelems=2, elem type=char)
ARR 6b3dc0 (sz=24, trace=1, nelems=2, elem type=[C@6b2d30)
	[0]		6b3da0
	[1]		6b3d80
ARR 6b3da0 (sz=16, trace=1, nelems=1, elem type=char)
ARR 6b3d80 (sz=16, trace=1, nelems=2, elem type=char)
ARR 6b3d60 (sz=24, trace=1, nelems=2, elem type=[C@6b2d30)
	[0]		6b3d40
	[1]		6b3d20
ARR 6b3d40 (sz=16, trace=1, nelems=1, elem type=char)
ARR 6b3d20 (sz=16, trace=1, nelems=2, elem type=char)
ARR 6b3d00 (sz=24, trace=1, nelems=2, elem type=[C@6b2d30)
	[0]		6b3ce0
	[1]		6b3cc0
ARR 6b3ce0 (sz=16, trace=1, nelems=1, elem type=char)
ARR 6b3cc0 (sz=16, trace=1, nelems=2, elem type=char)
ARR 6b3ca0 (sz=24, trace=1, nelems=2, elem type=[C@6b2d30)
	[0]		6b3c80
	[1]		6b3c60
ARR 6b3c80 (sz=16, trace=1, nelems=1, elem type=char)
ARR 6b3c60 (sz=16, trace=1, nelems=2, elem type=char)
ARR 6b3c40 (sz=24, trace=1, nelems=2, elem type=[C@6b2d30)
	[0]		6b3c20
	[1]		6b3c00
ARR 6b3c20 (sz=16, trace=1, nelems=1, elem type=char)
ARR 6b3c00 (sz=16, trace=1, nelems=2, elem type=char)
ARR 6b3be0 (sz=24, trace=1, nelems=2, elem type=[C@6b2d30)
	[0]		6b3bc0
	[1]		6b3ba0
ARR 6b3bc0 (sz=16, trace=1, nelems=1, elem type=char)
ARR 6b3ba0 (sz=16, trace=1, nelems=2, elem type=char)
ARR 6b3b80 (sz=24, trace=1, nelems=2, elem type=[C@6b2d30)
	[0]		6b3b60
	[1]		6b3b40
ARR 6b3b60 (sz=16, trace=1, nelems=1, elem type=char)
ARR 6b3b40 (sz=16, trace=1, nelems=2, elem type=char)
ARR 6b3b20 (sz=24, trace=1, nelems=2, elem type=[C@6b2d30)
	[0]		6b3b00
	[1]		6b3ae0
ARR 6b3b00 (sz=16, trace=1, nelems=1, elem type=char)
ARR 6b3ae0 (sz=16, trace=1, nelems=2, elem type=char)
ARR 6b3ac0 (sz=24, trace=1, nelems=2, elem type=[C@6b2d30)
	[0]		6b3aa0
	[1]		6b3a80
ARR 6b3aa0 (sz=16, trace=1, nelems=1, elem type=char)
ARR 6b3a80 (sz=16, trace=1, nelems=2, elem type=char)
ARR 6b3a60 (sz=24, trace=1, nelems=2, elem type=[C@6b2d30)
	[0]		6b3a40
	[1]		6b3a20
ARR 6b3a40 (sz=16, trace=1, nelems=1, elem type=char)
ARR 6b3a20 (sz=16, trace=1, nelems=2, elem type=char)
ARR 6b3a00 (sz=24, trace=1, nelems=2, elem type=[C@6b2d30)
	[0]		6b39e0
	[1]		6b39c0
ARR 6b39e0 (sz=16, trace=1, nelems=1, elem type=char)
ARR 6b39c0 (sz=16, trace=1, nelems=2, elem type=char)
ARR 6b39a0 (sz=24, trace=1, nelems=2, elem type=[C@6b2d30)
	[0]		6b3980
	[1]		6b3960
ARR 6b3980 (sz=16, trace=1, nelems=1, elem type=char)
ARR 6b3960 (sz=16, trace=1, nelems=2, elem type=char)
ARR 6b3940 (sz=24, trace=1, nelems=2, elem type=[C@6b2d30)
	[0]		6b3920
	[1]		6b3900
ARR 6b3920 (sz=16, trace=1, nelems=1, elem type=char)
ARR 6b3900 (sz=16, trace=1, nelems=2, elem type=char)
ARR 6b38e0 (sz=24, trace=1, nelems=2, elem type=[C@6b2d30)
	[0]		6b38c0
	[1]		6b38a0
ARR 6b38c0 (sz=16, trace=1, nelems=1, elem type=char)
ARR 6b38a0 (sz=16, trace=1, nelems=2, elem type=char)
ARR 6b3880 (sz=24, trace=1, nelems=2, elem type=[C@6b2d30)
	[0]		6b3860
	[1]		6b3840
ARR 6b3860 (sz=16, trace=1, nelems=1, elem type=char)
ARR 6b3840 (sz=16, trace=1, nelems=2, elem type=char)
ARR 6b3820 (sz=24, trace=1, nelems=2, elem type=[C@6b2d30)
	[0]		6b3800
	[1]		6b37e0
ARR 6b3800 (sz=16, trace=1, nelems=1, elem type=char)
ARR 6b37e0 (sz=16, trace=1, nelems=2, elem type=char)
ARR 6b37c0 (sz=24, trace=1, nelems=2, elem type=[C@6b2d30)
	[0]		6b37a0
	[1]		6b3780
ARR 6b37a0 (sz=16, trace=1, nelems=1, elem type=char)
ARR 6b3780 (sz=16, trace=1, nelems=2, elem type=char)
ARR 6b3760 (sz=24, trace=1, nelems=2, elem type=[C@6b2d30)
	[0]		6b3740
	[1]		6b3720
ARR 6b3740 (sz=16, trace=1, nelems=1, elem type=char)
ARR 6b3720 (sz=16, trace=1, nelems=2, elem type=char)
ARR 6b3700 (sz=24, trace=1, nelems=2, elem type=[C@6b2d30)
	[0]		6b36e0
	[1]		6b36c0
ARR 6b36e0 (sz=16, trace=1, nelems=1, elem type=char)
ARR 6b36c0 (sz=16, trace=1, nelems=2, elem type=char)
ARR 6b36a0 (sz=24, trace=1, nelems=2, elem type=[C@6b2d30)
	[0]		6b3680
	[1]		6b3660
ARR 6b3680 (sz=16, trace=1, nelems=1, elem type=char)
ARR 6b3660 (sz=16, trace=1, nelems=2, elem type=char)
ARR 6b3640 (sz=24, trace=1, nelems=2, elem type=[C@6b2d30)
	[0]		6b3620
	[1]		6b3600
ARR 6b3620 (sz=16, trace=1, nelems=1, elem type=char)
ARR 6b3600 (sz=16, trace=1, nelems=2, elem type=char)
ARR 6b35e0 (sz=24, trace=1, nelems=2, elem type=[C@6b2d30)
	[0]		6b35c0
	[1]		6b35a0
ARR 6b35c0 (sz=16, trace=1, nelems=1, elem type=char)
ARR 6b35a0 (sz=16, trace=1, nelems=2, elem type=char)
ARR 6b3580 (sz=24, trace=1, nelems=2, elem type=[C@6b2d30)
	[0]		6b3560
	[1]		6b3540
ARR 6b3560 (sz=16, trace=1, nelems=1, elem type=char)
ARR 6b3540 (sz=16, trace=1, nelems=2, elem type=char)
ARR 6b3520 (sz=24, trace=1, nelems=2, elem type=[C@6b2d30)
	[0]		6b3500
	[1]		6b34e0
ARR 6b3500 (sz=16, trace=1, nelems=1, elem type=char)
ARR 6b34e0 (sz=16, trace=1, nelems=2, elem type=char)
ARR 6b34c0 (sz=24, trace=1, nelems=2, elem type=[C@6b2d30)
	[0]		6b34a0
	[1]		6b3480
ARR 6b34a0 (sz=16, trace=1, nelems=1, elem type=char)
ARR 6b3480 (sz=16, trace=1, nelems=2, elem type=char)
ARR 6b3460 (sz=24, trace=1, nelems=2, elem type=[C@6b2d30)
	[0]		6b3440
	[1]		6b3420
ARR 6b3440 (sz=16, trace=1, nelems=1, elem type=char)
ARR 6b3420 (sz=16, trace=1, nelems=2, elem type=char)
ARR 6b3400 (sz=24, trace=1, nelems=2, elem type=[C@6b2d30)
	[0]		6b33e0
	[1]		6b33c0
ARR 6b33e0 (sz=16, trace=1, nelems=1, elem type=char)
ARR 6b33c0 (sz=16, trace=1, nelems=2, elem type=char)
ARR 6b33a0 (sz=24, trace=1, nelems=2, elem type=[C@6b2d30)
	[0]		6b3380
	[1]		6b3360
ARR 6b3380 (sz=16, trace=1, nelems=1, elem type=char)
ARR 6b3360 (sz=16, trace=1, nelems=2, elem type=char)
ARR 6b3340 (sz=24, trace=1, nelems=2, elem type=[C@6b2d30)
	[0]		6b3320
	[1]		6b3300
ARR 6b3320 (sz=16, trace=1, nelems=1, elem type=char)
ARR 6b3300 (sz=24, trace=1, nelems=3, elem type=char)
ARR 6b32e0 (sz=24, trace=1, nelems=2, elem type=[C@6b2d30)
	[0]		6b32c0
	[1]		6b32a0
ARR 6b32c0 (sz=16, trace=1, nelems=1, elem type=char)
ARR 6b32a0 (sz=16, trace=1, nelems=2, elem type=char)
ARR 6b3280 (sz=24, trace=1, nelems=2, elem type=[C@6b2d30)
	[0]		6b3260
	[1]		6b3240
ARR 6b3260 (sz=16, trace=1, nelems=1, elem type=char)
ARR 6b3240 (sz=16, trace=1, nelems=2, elem type=char)
ARR 6b3220 (sz=24, trace=1, nelems=2, elem type=[C@6b2d30)
	[0]		6b3200
	[1]		6b31e0
ARR 6b3200 (sz=16, trace=1, nelems=1, elem type=char)
ARR 6b31e0 (sz=16, trace=1, nelems=2, elem type=char)
ARR 6b31c0 (sz=24, trace=1, nelems=2, elem type=[C@6b2d30)
	[0]		6b31a0
	[1]		6b3180
ARR 6b31a0 (sz=16, trace=1, nelems=1, elem type=char)
ARR 6b3180 (sz=16, trace=1, nelems=2, elem type=char)
ARR 6b3160 (sz=24, trace=1, nelems=2, elem type=[C@6b2d30)
	[0]		6b3140
	[1]		6b3120
ARR 6b3140 (sz=16, trace=1, nelems=1, elem type=char)
ARR 6b3120 (sz=16, trace=1, nelems=2, elem type=char)
ARR 6b3100 (sz=24, trace=1, nelems=2, elem type=[C@6b2d30)
	[0]		6b30e0
	[1]		6b30c0
ARR 6b30e0 (sz=16, trace=1, nelems=1, elem type=char)
ARR 6b30c0 (sz=24, trace=1, nelems=3, elem type=char)
ARR 6b30a0 (sz=24, trace=1, nelems=2, elem type=[C@6b2d30)
	[0]		6b3080
	[1]		6b3060
ARR 6b3080 (sz=16, trace=1, nelems=1, elem type=char)
ARR 6b3060 (sz=16, trace=1, nelems=2, elem type=char)
ARR 6b3040 (sz=24, trace=1, nelems=2, elem type=[C@6b2d30)
	[0]		6b3020
	[1]		6b4fe0
ARR 6b3020 (sz=16, trace=1, nelems=1, elem type=char)
ARR 6b4fe0 (sz=24, trace=1, nelems=3, elem type=char)
ARR 6b4fc0 (sz=24, trace=1, nelems=2, elem type=[C@6b2d30)
	[0]		6b4fa0
	[1]		6b4f80
ARR 6b4fa0 (sz=16, trace=1, nelems=1, elem type=char)
ARR 6b4f80 (sz=24, trace=1, nelems=3, elem type=char)
ARR 6b4f60 (sz=24, trace=1, nelems=2, elem type=[C@6b2d30)
	[0]		6b4f40
	[1]		6b4f20
ARR 6b4f40 (sz=16, trace=1, nelems=1, elem type=char)
ARR 6b4f20 (sz=16, trace=1, nelems=2, elem type=char)
ARR 6b4f00 (sz=24, trace=1, nelems=2, elem type=[C@6b2d30)
	[0]		6b4ee0
	[1]		6b4ec0
ARR 6b4ee0 (sz=16, trace=1, nelems=1, elem type=char)
ARR 6b4ec0 (sz=24, trace=1, nelems=3, elem type=char)
ARR 6b4ea0 (sz=24, trace=1, nelems=2, elem type=[C@6b2d30)
	[0]		6b4e80
	[1]		6b4e60
ARR 6b4e80 (sz=16, trace=1, nelems=1, elem type=char)
ARR 6b4e60 (sz=24, trace=1, nelems=3, elem type=char)
ARR 6b4e40 (sz=24, trace=1, nelems=2, elem type=[C@6b2d30)
	[0]		6b4e20
	[1]		6b4e00
ARR 6b4e20 (sz=16, trace=1, nelems=1, elem type=char)
ARR 6b4e00 (sz=24, trace=1, nelems=3, elem type=char)
ARR 6b4de0 (sz=24, trace=1, nelems=2, elem type=[C@6b2d30)
	[0]		6b4dc0
	[1]		6b4da0
ARR 6b4dc0 (sz=16, trace=1, nelems=1, elem type=char)
ARR 6b4da0 (sz=16, trace=1, nelems=2, elem type=char)
ARR 6b4d80 (sz=24, trace=1, nelems=2, elem type=[C@6b2d30)
	[0]		6b4d60
	[1]		6b4d40
ARR 6b4d60 (sz=16, trace=1, nelems=1, elem type=char)
ARR 6b4d40 (sz=16, trace=1, nelems=2, elem type=char)
ARR 6b4d20 (sz=24, trace=1, nelems=2, elem type=[C@6b2d30)
	[0]		6b4d00
	[1]		6b4ce0
ARR 6b4d00 (sz=16, trace=1, nelems=1, elem type=char)
ARR 6b4ce0 (sz=24, trace=1, nelems=3, elem type=char)
ARR 6b4cc0 (sz=24, trace=1, nelems=2, elem type=[C@6b2d30)
	[0]		6b4ca0
	[1]		6b4c80
ARR 6b4ca0 (sz=16, trace=1, nelems=1, elem type=char)
ARR 6b4c80 (sz=16, trace=1, nelems=2, elem type=char)
ARR 6b4c60 (sz=24, trace=1, nelems=2, elem type=[C@6b2d30)
	[0]		6b4c40
	[1]		6b4c20
ARR 6b4c40 (sz=16, trace=1, nelems=1, elem type=char)
ARR 6b4c20 (sz=16, trace=1, nelems=2, elem type=char)
ARR 6b4c00 (sz=24, trace=1, nelems=2, elem type=[C@6b2d30)
	[0]		6b4be0
	[1]		6b4bc0
ARR 6b4be0 (sz=16, trace=1, nelems=1, elem type=char)
ARR 6b4bc0 (sz=16, trace=1, nelems=2, elem type=char)
ARR 6b4ba0 (sz=24, trace=1, nelems=2, elem type=[C@6b2d30)
	[0]		6b4b80
	[1]		6b4b60
ARR 6b4b80 (sz=16, trace=1, nelems=1, elem type=char)
ARR 6b4b60 (sz=16, trace=1, nelems=2, elem type=char)
ARR 6b4b40 (sz=24, trace=1, nelems=2, elem type=[C@6b2d30)
	[0]		6b4b20
	[1]		6b4b00
ARR 6b4b20 (sz=16, trace=1, nelems=1, elem type=char)
ARR 6b4b00 (sz=24, trace=1, nelems=3, elem type=char)
ARR 6b4ae0 (sz=24, trace=1, nelems=2, elem type=[C@6b2d30)
	[0]		6b4ac0
	[1]		6b4aa0
ARR 6b4ac0 (sz=16, trace=1, nelems=1, elem type=char)
ARR 6b4aa0 (sz=16, trace=1, nelems=2, elem type=char)
ARR 6b4a80 (sz=24, trace=1, nelems=2, elem type=[C@6b2d30)
	[0]		6b4a60
	[1]		6b4a40
ARR 6b4a60 (sz=16, trace=1, nelems=1, elem type=char)
ARR 6b4a40 (sz=16, trace=1, nelems=2, elem type=char)
ARR 6b4a20 (sz=24, trace=1, nelems=2, elem type=[C@6b2d30)
	[0]		6b4a00
	[1]		6b49e0
ARR 6b4a00 (sz=16, trace=1, nelems=1, elem type=char)
ARR 6b49e0 (sz=16, trace=1, nelems=2, elem type=char)
ARR 6b49c0 (sz=24, trace=1, nelems=2, elem type=[C@6b2d30)
	[0]		6b49a0
	[1]		6b4980
ARR 6b49a0 (sz=16, trace=1, nelems=1, elem type=char)
ARR 6b4980 (sz=16, trace=1, nelems=2, elem type=char)
ARR 6b4960 (sz=24, trace=1, nelems=2, elem type=[C@6b2d30)
	[0]		6b4940
	[1]		6b4920
ARR 6b4940 (sz=16, trace=1, nelems=1, elem type=char)
ARR 6b4920 (sz=24, trace=1, nelems=3, elem type=char)
ARR 6b4900 (sz=24, trace=1, nelems=2, elem type=[C@6b2d30)
	[0]		6b48e0
	[1]		6b48c0
ARR 6b48e0 (sz=16, trace=1, nelems=1, elem type=char)
ARR 6b48c0 (sz=24, trace=1, nelems=3, elem type=char)
ARR 6b48a0 (sz=24, trace=1, nelems=2, elem type=[C@6b2d30)
	[0]		6b4880
	[1]		6b4860
ARR 6b4880 (sz=16, trace=1, nelems=1, elem type=char)
ARR 6b4860 (sz=16, trace=1, nelems=2, elem type=char)
ARR 6b4840 (sz=24, trace=1, nelems=2, elem type=[C@6b2d30)
	[0]		6b4820
	[1]		6b4800
ARR 6b4820 (sz=16, trace=1, nelems=1, elem type=char)
ARR 6b4800 (sz=16, trace=1, nelems=2, elem type=char)
ARR 6b47e0 (sz=24, trace=1, nelems=2, elem type=[C@6b2d30)
	[0]		6b47c0
	[1]		6b47a0
ARR 6b47c0 (sz=16, trace=1, nelems=1, elem type=char)
ARR 6b47a0 (sz=16, trace=1, nelems=2, elem type=char)
ARR 6b4780 (sz=24, trace=1, nelems=2, elem type=[C@6b2d30)
	[0]		6b4760
	[1]		6b4740
ARR 6b4760 (sz=16, trace=1, nelems=1, elem type=char)
ARR 6b4740 (sz=16, trace=1, nelems=2, elem type=char)
ARR 6b4720 (sz=24, trace=1, nelems=2, elem type=[C@6b2d30)
	[0]		6b4700
	[1]		6b46e0
ARR 6b4700 (sz=16, trace=1, nelems=1, elem type=char)
ARR 6b46e0 (sz=16, trace=1, nelems=2, elem type=char)
ARR 6b46c0 (sz=24, trace=1, nelems=2, elem type=[C@6b2d30)
	[0]		6b46a0
	[1]		6b4680
ARR 6b46a0 (sz=16, trace=1, nelems=1, elem type=char)
ARR 6b4680 (sz=16, trace=1, nelems=2, elem type=char)
ARR 6b4660 (sz=24, trace=1, nelems=2, elem type=[C@6b2d30)
	[0]		6b4640
	[1]		6b4620
ARR 6b4640 (sz=16, trace=1, nelems=1, elem type=char)
ARR 6b4620 (sz=16, trace=1, nelems=2, elem type=char)
ARR 6b4600 (sz=2064, trace=1, nelems=2048, elem type=byte)
ARR 6b45b0 (sz=7728, trace=1, nelems=3856, elem type=short)
ARR 6b4590 (sz=2728, trace=1, nelems=678, elem type=int)
OBJ 6b4570 (sz=32, trace=1, class=java.util.TreeMap$Entry@6b2ef0)
	parent		6b4530
	value		6c08c0
	key		6c0800
OBJ 6b4550 (sz=32, trace=1, class=java.util.TreeMap$Entry@6b2ef0)
	parent		6b4010
	right		6b4130
	left		6b4030
	value		6c08c0
	key		6c07c0
OBJ 6b4530 (sz=32, trace=1, class=java.util.TreeMap$Entry@6b2ef0)
	parent		6b4430
	right		6b40b0
	left		6b4570
	value		6c08c0
	key		6c0780
OBJ 6b4510 (sz=32, trace=1, class=java.util.TreeMap$Entry@6b2ef0)
	parent		6b5fa0
	value		6c08c0
	key		6c0740
OBJ 6b44f0 (sz=32, trace=1, class=java.util.TreeMap$Entry@6b2ef0)
	parent		6b4110
	left		6b5e00
	value		6c08c0
	key		6c0700
OBJ 6b44d0 (sz=32, trace=1, class=java.util.TreeMap$Entry@6b2ef0)
	parent		6b4490
	right		6b4290
	left		6b4050
	value		6c08c0
	key		6c06c0
OBJ 6b44b0 (sz=32, trace=1, class=java.util.TreeMap$Entry@6b2ef0)
	parent		6b40b0
	left		6b5d00
	value		6c08c0
	key		6c0680
OBJ 6b4490 (sz=32, trace=1, class=java.util.TreeMap$Entry@6b2ef0)
	parent		6b2e20
	right		6b44d0
	left		6b4430
	value		6c08c0
	key		6c0640
OBJ 6b4470 (sz=32, trace=1, class=java.util.TreeMap$Entry@6b2ef0)
	parent		6b4070
	value		6c08c0
	key		6c0600
OBJ 6b4450 (sz=32, trace=1, class=java.util.TreeMap$Entry@6b2ef0)
	parent		6b4030
	left		6b5d80
	value		6c08c0
	key		6c05c0
OBJ 6b4430 (sz=32, trace=1, class=java.util.TreeMap$Entry@6b2ef0)
	parent		6b4490
	right		6b4530
	left		6b4070
	value		6c08c0
	key		6c0580
OBJ 6b4410 (sz=32, trace=1, class=java.util.TreeMap$Entry@6b2ef0)
	parent		6b5d60
	value		6b2f10
	key		6c08c0
ARR 6b43f0 (sz=16, trace=1, nelems=1, elem type=java.lang.String@6aeef0)
	[0]		6c03c0
OBJ 6b43d0 (sz=32, trace=1, class=java.util.TreeMap$Entry@6b2ef0)
	parent		6b4210
	right		6b5d20
	value		6c0400
	key		6c0440
OBJ 6b43b0 (sz=32, trace=1, class=java.util.TreeMap$Entry@6b2ef0)
	parent		6b2e20
	right		6b42b0
	left		6b4010
	value		6c0440
	key		6c03c0
OBJ 6b4390 (sz=32, trace=1, class=java.util.TreeMap$Entry@6b2ef0)
	parent		6b41b0
	right		6b5ce0
	value		6b43f0
	key		6c0440
ARR 6b4370 (sz=16, trace=1, nelems=1, elem type=java.lang.String@6aeef0)
	[0]		6c0340
OBJ 6b4350 (sz=32, trace=1, class=java.util.TreeMap$Entry@6b2ef0)
	right		6b4210
	left		6b5f40
	value		6c0340
	key		6c0380
OBJ 6b4330 (sz=32, trace=1, class=java.util.TreeMap$Entry@6b2ef0)
	parent		6b42b0
	value		6c0380
	key		6c0340
OBJ 6b4310 (sz=32, trace=1, class=java.util.TreeMap$Entry@6b2ef0)
	right		6b41b0
	left		6b5d60
	value		6b4370
	key		6c0380
ARR 6b42f0 (sz=24, trace=1, nelems=3, elem type=java.lang.String@6aeef0)
	[0]		6c02c0
	[1]		6c0280
	[2]		6c0240
OBJ 6b42d0 (sz=32, trace=1, class=java.util.TreeMap$Entry@6b2ef0)
	parent		6b4210
	value		6c02c0
	key		6c0300
OBJ 6b42b0 (sz=32, trace=1, class=java.util.TreeMap$Entry@6b2ef0)
	parent		6b43b0
	right		6b4270
	left		6b4330
	value		6c0300
	key		6c02c0
OBJ 6b4290 (sz=32, trace=1, class=java.util.TreeMap$Entry@6b2ef0)
	parent		6b44d0
	right		6b4150
	left		6b40d0
	value		6c0300
	key		6c0280
OBJ 6b4270 (sz=32, trace=1, class=java.util.TreeMap$Entry@6b2ef0)
	parent		6b42b0
	right		6b41d0
	left		6b41f0
	value		6c0300
	key		6c0240
OBJ 6b4250 (sz=32, trace=1, class=java.util.TreeMap$Entry@6b2ef0)
	parent		6b41b0
	value		6b42f0
	key		6c0300
ARR 6b4230 (sz=24, trace=1, nelems=2, elem type=java.lang.String@6aeef0)
	[0]		6c01c0
	[1]		6c0180
OBJ 6b4210 (sz=32, trace=1, class=java.util.TreeMap$Entry@6b2ef0)
	parent		6b4350
	right		6b43d0
	left		6b42d0
	value		6c01c0
	key		6c0200
OBJ 6b41f0 (sz=32, trace=1, class=java.util.TreeMap$Entry@6b2ef0)
	parent		6b4270
	value		6c0200
	key		6c01c0
OBJ 6b41d0 (sz=32, trace=1, class=java.util.TreeMap$Entry@6b2ef0)
	parent		6b4270
	value		6c0200
	key		6c0180
OBJ 6b41b0 (sz=32, trace=1, class=java.util.TreeMap$Entry@6b2ef0)
	parent		6b4310
	right		6b4390
	left		6b4250
	value		6b4230
	key		6c0200
ARR 6b4190 (sz=72, trace=1, nelems=14, elem type=java.lang.String@6aeef0)
	[0]		6c00c0
	[1]		6c0080
	[2]		6c0040
	[3]		6c1fe0
	[4]		6c1fa0
	[5]		6c1f60
	[6]		6c1f20
	[7]		6c1ee0
	[8]		6c1ea0
	[9]		6c1e60
	[10]		6c1e20
	[11]		6c0100
	[12]		6c1de0
	[13]		6c1da0
OBJ 6b4170 (sz=32, trace=1, class=java.util.TreeMap$Entry@6b2ef0)
	parent		6b5f40
	value		6c0100
	key		6c0140
OBJ 6b4150 (sz=32, trace=1, class=java.util.TreeMap$Entry@6b2ef0)
	parent		6b4290
	left		6b5ee0
	value		6c0140
	key		6c00c0
OBJ 6b4130 (sz=32, trace=1, class=java.util.TreeMap$Entry@6b2ef0)
	parent		6b4550
	right		6b5f20
	value		6c0140
	key		6c0080
OBJ 6b4110 (sz=32, trace=1, class=java.util.TreeMap$Entry@6b2ef0)
	parent		6b4010
	right		6b44f0
	left		6b40f0
	value		6c0140
	key		6c0040
OBJ 6b40f0 (sz=32, trace=1, class=java.util.TreeMap$Entry@6b2ef0)
	parent		6b4110
	right		6b5e20
	left		6b5fe0
	value		6c0140
	key		6c1fe0
OBJ 6b40d0 (sz=32, trace=1, class=java.util.TreeMap$Entry@6b2ef0)
	parent		6b4290
	right		6b5ea0
	value		6c0140
	key		6c1fa0
OBJ 6b40b0 (sz=32, trace=1, class=java.util.TreeMap$Entry@6b2ef0)
	parent		6b4530
	right		6b5e60
	left		6b44b0
	value		6c0140
	key		6c1f60
OBJ 6b4090 (sz=32, trace=1, class=java.util.TreeMap$Entry@6b2ef0)
	parent		6b4050
	right		6b5da0
	left		6b5dc0
	value		6c0140
	key		6c1f20
OBJ 6b4070 (sz=32, trace=1, class=java.util.TreeMap$Entry@6b2ef0)
	parent		6b4430
	right		6b5f00
	left		6b4470
	value		6c0140
	key		6c1ee0
OBJ 6b4050 (sz=32, trace=1, class=java.util.TreeMap$Entry@6b2ef0)
	parent		6b44d0
	right		6b5e80
	left		6b4090
	value		6c0140
	key		6c1ea0
OBJ 6b4030 (sz=32, trace=1, class=java.util.TreeMap$Entry@6b2ef0)
	parent		6b4550
	right		6b4450
	left		6b5fa0
	value		6c0140
	key		6c1e60
OBJ 6b4010 (sz=32, trace=1, class=java.util.TreeMap$Entry@6b2ef0)
	parent		6b43b0
	right		6b4110
	left		6b4550
	value		6c0140
	key		6c1e20
OBJ 6b5fe0 (sz=32, trace=1, class=java.util.TreeMap$Entry@6b2ef0)
	parent		6b40f0
	value		6c0140
	key		6c0100
OBJ 6b5fc0 (sz=32, trace=1, class=java.util.TreeMap$Entry@6b2ef0)
	parent		6b5f00
	value		6c0140
	key		6c1de0
OBJ 6b5fa0 (sz=32, trace=1, class=java.util.TreeMap$Entry@6b2ef0)
	parent		6b4030
	right		6b5ec0
	left		6b4510
	value		6c0140
	key		6c1da0
OBJ 6b5f80 (sz=32, trace=1, class=java.util.TreeMap$Entry@6b2ef0)
	parent		6b5d60
	value		6b4190
	key		6c0140
ARR 6b5f60 (sz=72, trace=1, nelems=15, elem type=java.lang.String@6aeef0)
	[0]		6c1ce0
	[1]		6c1ca0
	[2]		6c1d60
	[3]		6c1ce0
	[4]		6c1c60
	[5]		6c1c20
	[6]		6c1be0
	[7]		6c1ba0
	[8]		6c1b60
	[9]		6c1b20
	[10]		6c1ae0
	[11]		6c1aa0
	[12]		6c1a60
	[13]		6c1a20
	[14]		6c19e0
OBJ 6b5f40 (sz=32, trace=1, class=java.util.TreeMap$Entry@6b2ef0)
	parent		6b4350
	right		6b2e40
	left		6b4170
	value		6c1d20
	key		6c1d60
OBJ 6b5f20 (sz=32, trace=1, class=java.util.TreeMap$Entry@6b2ef0)
	parent		6b4130
	value		6c1d60
	key		6c1ce0
OBJ 6b5f00 (sz=32, trace=1, class=java.util.TreeMap$Entry@6b2ef0)
	parent		6b4070
	right		6b5e40
	left		6b5fc0
	value		6c1d60
	key		6c1ca0
OBJ 6b5ee0 (sz=32, trace=1, class=java.util.TreeMap$Entry@6b2ef0)
	parent		6b4150
	value		6c1d60
	key		6c1d60
OBJ 6b5ec0 (sz=32, trace=1, class=java.util.TreeMap$Entry@6b2ef0)
	parent		6b5fa0
	value		6c1d60
	key		6c1c60
OBJ 6b5ea0 (sz=32, trace=1, class=java.util.TreeMap$Entry@6b2ef0)
	parent		6b40d0
	value		6c1d60
	key		6c1c20
OBJ 6b5e80 (sz=32, trace=1, class=java.util.TreeMap$Entry@6b2ef0)
	parent		6b4050
	value		6c1d60
	key		6c1be0
OBJ 6b5e60 (sz=32, trace=1, class=java.util.TreeMap$Entry@6b2ef0)
	parent		6b40b0
	value		6c1d60
	key		6c1ba0
OBJ 6b5e40 (sz=32, trace=1, class=java.util.TreeMap$Entry@6b2ef0)
	parent		6b5f00
	value		6c1d60
	key		6c1b60
OBJ 6b5e20 (sz=32, trace=1, class=java.util.TreeMap$Entry@6b2ef0)
	parent		6b40f0
	left		6b5de0
	value		6c1d60
	key		6c1b20
OBJ 6b5e00 (sz=32, trace=1, class=java.util.TreeMap$Entry@6b2ef0)
	parent		6b44f0
	value		6c1d60
	key		6c1ae0
OBJ 6b5de0 (sz=32, trace=1, class=java.util.TreeMap$Entry@6b2ef0)
	parent		6b5e20
	value		6c1d60
	key		6c1aa0
OBJ 6b5dc0 (sz=32, trace=1, class=java.util.TreeMap$Entry@6b2ef0)
	parent		6b4090
	value		6c1d60
	key		6c1a60
OBJ 6b5da0 (sz=32, trace=1, class=java.util.TreeMap$Entry@6b2ef0)
	parent		6b4090
	value		6c1d60
	key		6c1a20
OBJ 6b5d80 (sz=32, trace=1, class=java.util.TreeMap$Entry@6b2ef0)
	parent		6b4450
	value		6c1d60
	key		6c19e0
OBJ 6b5d60 (sz=32, trace=1, class=java.util.TreeMap$Entry@6b2ef0)
	parent		6b4310
	right		6b4410
	left		6b5f80
	value		6b5f60
	key		6c1d60
ARR 6b5d40 (sz=16, trace=1, nelems=1, elem type=java.lang.String@6aeef0)
	[0]		6c1920
OBJ 6b5d20 (sz=32, trace=1, class=java.util.TreeMap$Entry@6b2ef0)
	parent		6b43d0
	value		6c1960
	key		6c19a0
OBJ 6b5d00 (sz=32, trace=1, class=java.util.TreeMap$Entry@6b2ef0)
	parent		6b44b0
	value		6c19a0
	key		6c1920
OBJ 6b5ce0 (sz=32, trace=1, class=java.util.TreeMap$Entry@6b2ef0)
	parent		6b4390
	value		6b5d40
	key		6c19a0
OBJ 6b5c90 (sz=32, trace=1, class=java.lang.ref.SoftReference@6b11f0)
	queue		6ae250
	referent	6b1070
OBJ 6b5bc0 (sz=16, trace=1, class=java.lang.ThreadLocal@6b5c70)
OBJ 6b5af0 (sz=24, trace=1, class=java.lang.StringBuffer@6b5ba0)
	value		6b5ad0
ARR 6b5ad0 (sz=56, trace=1, nelems=20, elem type=char)
ARR 6b59e0 (sz=16, trace=1, nelems=0, elem type=java.lang.Class@6ac030)
OBJ 6b5980 (sz=48, trace=1, class=java.lang.reflect.Constructor@6b5ab0)
	constructorAccessor	6b56d0
	exceptionTypes	6ac010
	parameterTypes	6b59e0
	clazz		6b56b0
OBJ 6b5960 (sz=32, trace=1, class=java.lang.ref.SoftReference@6b11f0)
	next		6b5960
	queue		6ae250
OBJ 6b5890 (sz=8, trace=1, class=java.lang.reflect.ReflectAccess@6b5940)
OBJ 6b5870 (sz=48, trace=1, class=java.lang.reflect.Constructor@6b5ab0)
	root		6b5980
	constructorAccessor	6b56d0
	exceptionTypes	6ac010
	parameterTypes	6b59e0
	clazz		6b56b0
OBJ 6b57a0 (sz=24, trace=1, class=sun.reflect.NativeConstructorAccessorImpl@6b5850)
	parent		6b56d0
	c		6b5870
OBJ 6b56d0 (sz=16, trace=1, class=sun.reflect.DelegatingConstructorAccessorImpl@6b5780)
	delegate	6b57a0
OBJ 6b5600 (sz=24, trace=1, class=sun.nio.cs.MS1252@6b56b0)
	aliases		6b5d40
	name		6c19a0
OBJ 6b55e0 (sz=32, trace=1, class=java.lang.ref.SoftReference@6b11f0)
	queue		6ae250
	referent	6b5600
OBJ 6b55c0 (sz=32, trace=1, class=java.util.TreeMap$Entry@6b2ef0)
	parent		b002680
	value		6b55e0
	key		6c19a0
OBJ 6b54f0 (sz=56, trace=1, class=sun.nio.cs.StreamEncoder$CharsetSE@6b55a0)
	out		6b1430
	bb		6b6ba0
	encoder		6b53e0
	cs		6b5600
	lock		6b1270
ARR 6b54d0 (sz=32, trace=1, nelems=4, elem type=java.lang.String@6aeef0)
	[0]		6c2dc0
	[1]		6c2d80
	[2]		6c2d40
	[3]		6c2d00
ARR 6b54b0 (sz=528, trace=1, nelems=256, elem type=short)
OBJ 6b53e0 (sz=64, trace=1, class=sun.nio.cs.MS1252$Encoder@6b5490)
	sgp		6b6c70
	index2		6c2e00
	index1		6b54b0
	cachedDecoder	6b51c0
	unmappableCharacterAction	6b52d0
	malformedInputAction	6b52d0
	replacement	6b53c0
	charset		6b5600
ARR 6b53c0 (sz=16, trace=1, nelems=1, elem type=byte)
OBJ 6b52f0 (sz=16, trace=1, class=java.nio.charset.CodingErrorAction@6b53a0)
	name		6c2c20
OBJ 6b52d0 (sz=16, trace=1, class=java.nio.charset.CodingErrorAction@6b53a0)
	name		6c2be0
OBJ 6b52b0 (sz=16, trace=1, class=java.nio.charset.CodingErrorAction@6b53a0)
	name		6c2ba0
ARR 6b5290 (sz=32, trace=1, nelems=4, elem type=java.lang.String@6aeef0)
	[0]		6c2dc0
	[1]		6c2d80
	[2]		6c2d40
	[3]		6c2d00
OBJ 6b51c0 (sz=24, trace=1, class=java.lang.ref.WeakReference@6b5270)
	next		6b51c0
	queue		6ae250
OBJ 6b50f0 (sz=8, trace=1, class=sun.misc.Unsafe@6b51a0)
OBJ 6b5020 (sz=16, trace=1, class=java.nio.ByteOrder@6b50d0)
	name		6c2600
OBJ 6b6fe0 (sz=16, trace=1, class=java.nio.ByteOrder@6b50d0)
	name		6c25c0
ARR 6b6fc0 (sz=32, trace=1, nelems=4, elem type=java.lang.String@6aeef0)
	[0]		6c2380
	[1]		6c2340
	[2]		6c2300
	[3]		6c22c0
OBJ 6b6f00 (sz=16, trace=1, class=java.nio.charset.CoderResult@6b6fa0)
OBJ 6b6ee0 (sz=16, trace=1, class=java.nio.charset.CoderResult@6b6fa0)
OBJ 6b6e10 (sz=16, trace=1, class=java.nio.charset.CoderResult$1@6b6ec0)
OBJ 6b6d40 (sz=16, trace=1, class=java.nio.charset.CoderResult$2@6b6df0)
OBJ 6b6c70 (sz=24, trace=1, class=sun.nio.cs.Surrogate$Parser@6b6d20)
	error		6b6f00
OBJ 6b6ba0 (sz=48, trace=1, class=java.nio.HeapByteBuffer@6b6c50)
	hb		6b6b80
ARR 6b6b80 (sz=8208, trace=1, nelems=8192, elem type=byte)
OBJ 6b6ab0 (sz=40, trace=1, class=java.io.BufferedWriter@6b6b60)
	lineSeparator	6b0f40
	cb		6b6a90
	out		6b1270
	lock		6b1270
ARR 6b6a90 (sz=16400, trace=1, nelems=8192, elem type=char)
OBJ 6b6a70 (sz=24, trace=1, class=java.io.PrintStream@6b14e0)
	charOut		6b6a10
	textOut		6b6910
	out		6b6a50
OBJ 6b6a50 (sz=24, trace=1, class=java.io.BufferedOutputStream@6b1410)
	buf		6b6a30
	out		6b1650
ARR 6b6a30 (sz=144, trace=1, nelems=128, elem type=byte)
OBJ 6b6a10 (sz=24, trace=1, class=java.io.OutputStreamWriter@6b1320)
	se		6b69f0
	lock		6b6a70
OBJ 6b69f0 (sz=56, trace=1, class=sun.nio.cs.StreamEncoder$CharsetSE@6b55a0)
	out		6b6a70
	bb		6b6950
	encoder		6b69d0
	cs		6b5600
	lock		6b6a10
OBJ 6b69d0 (sz=64, trace=1, class=sun.nio.cs.MS1252$Encoder@6b5490)
	sgp		6b6970
	index2		6c2e00
	index1		6b54b0
	cachedDecoder	6b6990
	unmappableCharacterAction	6b52d0
	malformedInputAction	6b52d0
	replacement	6b69b0
	charset		6b5600
ARR 6b69b0 (sz=16, trace=1, nelems=1, elem type=byte)
OBJ 6b6990 (sz=24, trace=1, class=java.lang.ref.WeakReference@6b5270)
	next		6b6990
	queue		6ae250
OBJ 6b6970 (sz=24, trace=1, class=sun.nio.cs.Surrogate$Parser@6b6d20)
	error		6b6f00
OBJ 6b6950 (sz=48, trace=1, class=java.nio.HeapByteBuffer@6b6c50)
	hb		6b6930
ARR 6b6930 (sz=8208, trace=1, nelems=8192, elem type=byte)
OBJ 6b6910 (sz=40, trace=1, class=java.io.BufferedWriter@6b6b60)
	lineSeparator	6b0f40
	cb		6b68f0
	out		6b6a10
	lock		6b6a10
ARR 6b68f0 (sz=16400, trace=1, nelems=8192, elem type=char)
ARR 6b6820 (sz=16, trace=1, nelems=0, elem type=java.util.logging.Handler@6b68d0)
OBJ 6b6750 (sz=24, trace=1, class=java.util.ArrayList@6b6800)
	elementData	6b6730
ARR 6b6730 (sz=56, trace=1, nelems=10, elem type=java.lang.Object@6ae810)
	[0]		6b6660
	[1]		6b6640
	[2]		6b6620
	[3]		6b6600
	[4]		6b65e0
	[5]		6b65c0
	[6]		6b65a0
	[7]		6b6580
	[8]		6b6560
OBJ 6b6660 (sz=24, trace=1, class=java.util.logging.Level@6b6710)
	resourceBundleName	6c3960
	name		6c3920
OBJ 6b6640 (sz=24, trace=1, class=java.util.logging.Level@6b6710)
	resourceBundleName	6c3960
	name		6c38a0
OBJ 6b6620 (sz=24, trace=1, class=java.util.logging.Level@6b6710)
	resourceBundleName	6c3960
	name		6c3860
OBJ 6b6600 (sz=24, trace=1, class=java.util.logging.Level@6b6710)
	resourceBundleName	6c3960
	name		6c3820
OBJ 6b65e0 (sz=24, trace=1, class=java.util.logging.Level@6b6710)
	resourceBundleName	6c3960
	name		6c37e0
OBJ 6b65c0 (sz=24, trace=1, class=java.util.logging.Level@6b6710)
	resourceBundleName	6c3960
	name		6c37a0
OBJ 6b65a0 (sz=24, trace=1, class=java.util.logging.Level@6b6710)
	resourceBundleName	6c3960
	name		6c3760
OBJ 6b6580 (sz=24, trace=1, class=java.util.logging.Level@6b6710)
	resourceBundleName	6c3960
	name		6c3720
OBJ 6b6560 (sz=24, trace=1, class=java.util.logging.Level@6b6710)
	resourceBundleName	6c3960
	name		6c36e0
OBJ 6b6490 (sz=40, trace=1, class=java.util.logging.LogManager@6b6540)
	ourPermission	6b6130
	rootLogger	6b74b0
	root		6b6200
	loggers		6b62f0
	changes		6b63c0
	props		b0acb40
OBJ 6b63c0 (sz=24, trace=1, class=java.beans.PropertyChangeSupport@6b6470)
	source		6b6540
OBJ 6b62f0 (sz=40, trace=1, class=java.util.Hashtable@6b63a0)
	table		6b62d0
ARR 6b62d0 (sz=56, trace=1, nelems=11, elem type=java.util.Hashtable$Entry@6af830)
	[0]		6b7490
	[4]		6b7600
OBJ 6b6200 (sz=24, trace=1, class=java.util.logging.LogManager$LogNode@6b62b0)
	logger		6b74b0
	children	6b75e0
OBJ 6b6130 (sz=24, trace=1, class=java.util.logging.LoggingPermission@6b61e0)
	path		6c3460
	name		6c3460
OBJ 6b6060 (sz=8, trace=1, class=java.lang.Runtime@6b6110)
OBJ 6b7f70 (sz=72, trace=1, class=java.util.logging.LogManager$Cleaner@6b6040)
	this$0		6b6490
	inheritedAccessControlContext	6ae9e0
	name		6b7ef0
ARR 6b7f50 (sz=88, trace=1, nelems=36, elem type=char)
ARR 6b7f30 (sz=216, trace=1, nelems=100, elem type=char)
ARR 6b7f10 (sz=216, trace=1, nelems=100, elem type=char)
ARR 6b7ef0 (sz=32, trace=1, nelems=8, elem type=char)
OBJ 6b7e30 (sz=8, trace=1, class=java.lang.Shutdown$Lock@6b7ed0)
OBJ 6b7e10 (sz=8, trace=1, class=java.lang.Object@6ae810)
OBJ 6b7d40 (sz=16, trace=1, class=java.util.HashSet@6b7df0)
	map		6b7d20
OBJ 6b7d20 (sz=40, trace=1, class=java.util.HashMap@6afaf0)
	table		6b7d00
	keySet		b0acba0
ARR 6b7d00 (sz=80, trace=1, nelems=16, elem type=java.util.HashMap$Entry@6afa20)
	[7]		6b7bd0
OBJ 6b7c30 (sz=16, trace=1, class=java.lang.Shutdown$WrappedHook@6b7ce0)
	hook		6b7f70
OBJ 6b7bd0 (sz=24, trace=1, class=java.util.HashMap$Entry@6afa20)
	value		6b7e10
	key		6b7c30
OBJ 6b7b00 (sz=8, trace=1, class=java.lang.Terminator$1@6b7bb0)
OBJ 6b7ae0 (sz=40, trace=1, class=java.util.Hashtable@6b63a0)
	table		6b7ac0
ARR 6b7ac0 (sz=32, trace=1, nelems=4, elem type=java.util.Hashtable$Entry@6af830)
	[2]		6b78a0
	[3]		6b7730
OBJ 6b7aa0 (sz=40, trace=1, class=java.util.Hashtable@6b63a0)
	table		6b7a80
ARR 6b7a80 (sz=32, trace=1, nelems=4, elem type=java.util.Hashtable$Entry@6af830)
	[2]		6b78c0
	[3]		6b7750
OBJ 6b79b0 (sz=16, trace=1, class=sun.misc.Signal@6b7a60)
	name		6c4ac0
OBJ 6b78e0 (sz=16, trace=1, class=java.lang.Integer@6b7990)
OBJ 6b78c0 (sz=24, trace=1, class=java.util.Hashtable$Entry@6af830)
	value		6b79b0
	key		6b78e0
OBJ 6b78a0 (sz=24, trace=1, class=java.util.Hashtable$Entry@6af830)
	value		6b7b00
	key		6b79b0
OBJ 6b77d0 (sz=16, trace=1, class=sun.misc.NativeSignalHandler@6b7880)
OBJ 6b77b0 (sz=16, trace=1, class=sun.misc.NativeSignalHandler@6b7880)
OBJ 6b7790 (sz=16, trace=1, class=sun.misc.Signal@6b7a60)
	name		6c4a00
OBJ 6b7770 (sz=16, trace=1, class=java.lang.Integer@6b7990)
OBJ 6b7750 (sz=24, trace=1, class=java.util.Hashtable$Entry@6af830)
	value		6b7790
	key		6b7770
OBJ 6b7730 (sz=24, trace=1, class=java.util.Hashtable$Entry@6af830)
	value		6b7b00
	key		6b7790
ARR 6b7710 (sz=16, trace=1, nelems=0, elem type=java.util.logging.Handler@6b68d0)
OBJ 6b76f0 (sz=8, trace=1, class=java.lang.Object@6ae810)
OBJ 6b7620 (sz=64, trace=1, class=java.util.logging.Logger@6b76d0)
	parent		6b74b0
	name		6c4840
	manager		6b6490
OBJ 6b7600 (sz=24, trace=1, class=java.util.Hashtable$Entry@6af830)
	value		6b7620
	key		6c4840
OBJ 6b75e0 (sz=40, trace=1, class=java.util.HashMap@6afaf0)
	table		6b75c0
	values		6b73c0
ARR 6b75c0 (sz=80, trace=1, nelems=16, elem type=java.util.HashMap$Entry@6afa20)
	[3]		6b7580
OBJ 6b75a0 (sz=24, trace=1, class=java.util.logging.LogManager$LogNode@6b62b0)
	parent		6b6200
	logger		6b7620
OBJ 6b7580 (sz=24, trace=1, class=java.util.HashMap$Entry@6afa20)
	value		6b75a0
	key		6c4840
OBJ 6b74b0 (sz=64, trace=1, class=java.util.logging.LogManager$RootLogger@6b7560)
	this$0		6b6490
	levelObject	6b6600
	kids		6b73a0
	name		6bd050
	manager		6b6490
OBJ 6b7490 (sz=24, trace=1, class=java.util.Hashtable$Entry@6af830)
	value		6b74b0
	key		6bd050
OBJ 6b73c0 (sz=16, trace=1, class=java.util.HashMap$Values@6b7470)
	this$0		6b75e0
OBJ 6b73a0 (sz=24, trace=1, class=java.util.ArrayList@6b6800)
	elementData	6b7380
ARR 6b7380 (sz=24, trace=1, nelems=2, elem type=java.lang.Object@6ae810)
	[0]		6b7360
OBJ 6b7360 (sz=24, trace=1, class=java.lang.ref.WeakReference@6b5270)
	queue		6ae250
	referent	6b7620
ARR 6b7340 (sz=120, trace=1, nelems=26, elem type=java.lang.String@6aeef0)
OBJ 6b7270 (sz=16, trace=1, class=java.io.Win32FileSystem@6b7320)
ARR 6b7250 (sz=48, trace=1, nelems=16, elem type=char)
OBJ 6b7230 (sz=24, trace=1, class=java.lang.String@6aeef0)
	value		6b7250
ARR 6b7210 (sz=48, trace=1, nelems=16, elem type=char)
OBJ 6b71f0 (sz=24, trace=1, class=java.lang.String@6aeef0)
	value		6b7210
OBJ 6b71d0 (sz=8, trace=1, class=java.lang.Object@6ae810)
ARR 6b7150 (sz=48, trace=1, nelems=9, elem type=int)
ARR 6b7110 (sz=16, trace=1, nelems=0, elem type=java.lang.Class@6ac030)
OBJ 6b70f0 (sz=48, trace=1, class=java.lang.reflect.Constructor@6b5ab0)
	constructorAccessor	6b7070
	exceptionTypes	6ac010
	parameterTypes	6b7110
	clazz		6b7050
OBJ 6b70d0 (sz=32, trace=1, class=java.lang.ref.SoftReference@6b11f0)
	next		6b70d0
	queue		6ae250
OBJ 6b70b0 (sz=48, trace=1, class=java.lang.reflect.Constructor@6b5ab0)
	root		6b70f0
	constructorAccessor	6b7070
	exceptionTypes	6ac010
	parameterTypes	6b7110
	clazz		6b7050
OBJ 6b7090 (sz=24, trace=1, class=sun.reflect.NativeConstructorAccessorImpl@6b5850)
	parent		6b7070
	c		6b70b0
OBJ 6b7070 (sz=16, trace=1, class=sun.reflect.DelegatingConstructorAccessorImpl@6b5780)
	delegate	6b7090
ARR b0acc80 (sz=32, trace=0, nelems=5, elem type=int)
OBJ 6b8fa0 (sz=32, trace=1, class=java.util.TreeMap$Entry@6b2ef0)
	parent		b002680
	value		b0acd20
	key		6c0140
ARR 6b8f60 (sz=32, trace=1, nelems=443, elem type=int)
ARR 6b89a0 (sz=104, trace=1, nelems=22, elem type=java.lang.String@6aeef0)
	[0]		6b8980
	[1]		6b8960
	[2]		6b8940
	[3]		6b8920
	[4]		6b8900
	[5]		6b88e0
	[6]		6b88c0
	[7]		6b88a0
	[8]		6b8880
	[9]		6b8860
	[10]		6b8840
	[11]		6b8820
	[12]		6b8800
	[13]		6b87e0
	[14]		6b87c0
	[15]		6b87a0
	[16]		6b8780
	[17]		6b8760
	[18]		6b8740
	[19]		6b8720
	[20]		6b8700
	[21]		6b86e0
OBJ 6b8980 (sz=24, trace=1, class=java.lang.String@6aeef0)
	value		6b1c60
OBJ 6b8960 (sz=24, trace=1, class=java.lang.String@6aeef0)
	value		6b1c60
OBJ 6b8940 (sz=24, trace=1, class=java.lang.String@6aeef0)
	value		6b1c60
OBJ 6b8920 (sz=24, trace=1, class=java.lang.String@6aeef0)
	value		6b1c60
OBJ 6b8900 (sz=24, trace=1, class=java.lang.String@6aeef0)
	value		6b1c60
OBJ 6b88e0 (sz=24, trace=1, class=java.lang.String@6aeef0)
	value		6b1c60
OBJ 6b88c0 (sz=24, trace=1, class=java.lang.String@6aeef0)
	value		6b1c60
OBJ 6b88a0 (sz=24, trace=1, class=java.lang.String@6aeef0)
	value		6b1c60
OBJ 6b8880 (sz=24, trace=1, class=java.lang.String@6aeef0)
	value		6b1c60
OBJ 6b8860 (sz=24, trace=1, class=java.lang.String@6aeef0)
	value		6b1c60
OBJ 6b8840 (sz=24, trace=1, class=java.lang.String@6aeef0)
	value		6b1c60
OBJ 6b8820 (sz=24, trace=1, class=java.lang.String@6aeef0)
	value		6b1c60
OBJ 6b8800 (sz=24, trace=1, class=java.lang.String@6aeef0)
	value		6b1c60
OBJ 6b87e0 (sz=24, trace=1, class=java.lang.String@6aeef0)
	value		6b1c60
OBJ 6b87c0 (sz=24, trace=1, class=java.lang.String@6aeef0)
	value		6b1c60
OBJ 6b87a0 (sz=24, trace=1, class=java.lang.String@6aeef0)
	value		6b1c60
OBJ 6b8780 (sz=24, trace=1, class=java.lang.String@6aeef0)
	value		6b1c60
OBJ 6b8760 (sz=24, trace=1, class=java.lang.String@6aeef0)
	value		6b1c60
OBJ 6b8740 (sz=24, trace=1, class=java.lang.String@6aeef0)
	value		6b1c60
OBJ 6b8720 (sz=24, trace=1, class=java.lang.String@6aeef0)
	value		6b1c60
OBJ 6b8700 (sz=24, trace=1, class=java.lang.String@6aeef0)
	value		6b1c60
OBJ 6b86e0 (sz=24, trace=1, class=java.lang.String@6aeef0)
	value		6b1c60
ARR 6b86c0 (sz=16, trace=1, nelems=1, elem type=java.lang.String@6aeef0)
	[0]		6b1ce0
OBJ 6b85f0 (sz=16, trace=1, class=java.lang.Boolean@6b86a0)
OBJ 6b85d0 (sz=16, trace=1, class=java.lang.Boolean@6b86a0)
ARR 6b85b0 (sz=104, trace=1, nelems=43, elem type=char)
OBJ 6b8590 (sz=24, trace=1, class=java.lang.String@6aeef0)
	value		6b85b0
OBJ 6b84c0 (sz=32, trace=1, class=java.lang.ClassLoader$NativeLibrary@6b8570)
	name		6b8590
	fromClass	6ba190
OBJ 6b84a0 (sz=32, trace=1, class=java.lang.ref.Finalizer@6b1920)
	prev		747010
	next		6b1630
	queue		6ae070
	referent	6b84c0
ARR 6b8440 (sz=32, trace=1, nelems=10, elem type=char)
OBJ 6b8420 (sz=24, trace=1, class=java.lang.String@6aeef0)
	value		6b8440
OBJ 6b8350 (sz=8, trace=1, class=sun.misc.Launcher$Factory@6b8400)
OBJ 6b8280 (sz=16, trace=1, class=sun.misc.Launcher@6b8330)
	loader		6bae30
ARR 6b81b0 (sz=16, trace=1, nelems=1, elem type=java.io.File@6b8260)
	[0]		6b8150
OBJ 6b8150 (sz=16, trace=1, class=java.io.File@6b8260)
	path		6b1e20
OBJ 6b8080 (sz=72, trace=1, class=sun.misc.Launcher$ExtClassLoader@6b8130)
	dirs		6b81b0
	acc		6b9210
	ucp		6b94e0
	pdcache		6b95d0
	nativeLibraries	6b9610
	packages	6b9650
	domains		6b96b0
	classes		6b96f0
	package2certs	6b9730
ARR 6b8060 (sz=272, trace=1, nelems=256, elem type=byte)
OBJ 6b9f70 (sz=16, trace=1, class=java.util.BitSet@6b8040)
	bits		6b9f20
ARR 6b9f20 (sz=48, trace=1, nelems=4, elem type=long)
ARR 6b9f00 (sz=128, trace=1, nelems=57, elem type=char)
OBJ 6b9ee0 (sz=24, trace=1, class=java.lang.String@6aeef0)
	value		6b9f00
OBJ 6b9ec0 (sz=40, trace=1, class=java.util.Hashtable@6b63a0)
	table		6b9ea0
ARR 6b9ea0 (sz=56, trace=1, nelems=11, elem type=java.util.Hashtable$Entry@6af830)
	[6]		6b9870
OBJ 6b9e80 (sz=8, trace=1, class=java.lang.Object@6ae810)
OBJ 6b9db0 (sz=56, trace=1, class=java.net.URL@6b9e60)
	handler		6b9890
	path		6b9ee0
	authority	6bd050
	file		6b9ee0
	host		6bd050
	protocol	6c6720
OBJ 6b9ce0 (sz=24, trace=1, class=java.util.Locale@6b9d90)
	variant		6bd050
	country		6bd050
	language	6c64a0
OBJ 6b9cc0 (sz=24, trace=1, class=java.util.Locale@6b9d90)
	variant		6bd050
	country		6bd050
	language	6c63a0
OBJ 6b9ca0 (sz=24, trace=1, class=java.util.Locale@6b9d90)
	variant		6bd050
	country		6bd050
	language	6c6360
OBJ 6b9c80 (sz=24, trace=1, class=java.util.Locale@6b9d90)
	variant		6bd050
	country		6bd050
	language	6c6320
OBJ 6b9c60 (sz=24, trace=1, class=java.util.Locale@6b9d90)
	variant		6bd050
	country		6bd050
	language	6c62e0
OBJ 6b9c40 (sz=24, trace=1, class=java.util.Locale@6b9d90)
	variant		6bd050
	country		6bd050
	language	6c62a0
OBJ 6b9c20 (sz=24, trace=1, class=java.util.Locale@6b9d90)
	variant		6bd050
	country		6bd050
	language	6c6260
OBJ 6b9c00 (sz=24, trace=1, class=java.util.Locale@6b9d90)
	variant		6bd050
	country		6c6220
	language	6c6260
OBJ 6b9be0 (sz=24, trace=1, class=java.util.Locale@6b9d90)
	variant		6bd050
	country		6c61e0
	language	6c6260
OBJ 6b9bc0 (sz=24, trace=1, class=java.util.Locale@6b9d90)
	variant		6bd050
	country		6c61a0
	language	6c63a0
OBJ 6b9ba0 (sz=24, trace=1, class=java.util.Locale@6b9d90)
	variant		6bd050
	country		6c6160
	language	6c6360
OBJ 6b9b80 (sz=24, trace=1, class=java.util.Locale@6b9d90)
	variant		6bd050
	country		6c6120
	language	6c6320
OBJ 6b9b60 (sz=24, trace=1, class=java.util.Locale@6b9d90)
	variant		6bd050
	country		6c60e0
	language	6c62e0
OBJ 6b9b40 (sz=24, trace=1, class=java.util.Locale@6b9d90)
	variant		6bd050
	country		6c60a0
	language	6c62a0
OBJ 6b9b20 (sz=24, trace=1, class=java.util.Locale@6b9d90)
	variant		6bd050
	country		6c6220
	language	6c6260
OBJ 6b9b00 (sz=24, trace=1, class=java.util.Locale@6b9d90)
	variant		6bd050
	country		6c6220
	language	6c6260
OBJ 6b9ae0 (sz=24, trace=1, class=java.util.Locale@6b9d90)
	variant		6bd050
	country		6c61e0
	language	6c6260
OBJ 6b9ac0 (sz=24, trace=1, class=java.util.Locale@6b9d90)
	variant		6bd050
	country		6c6060
	language	6c64a0
OBJ 6b9aa0 (sz=24, trace=1, class=java.util.Locale@6b9d90)
	variant		6bd050
	country		6c6020
	language	6c64a0
OBJ 6b9a80 (sz=24, trace=1, class=java.util.Locale@6b9d90)
	variant		6bd050
	country		6c7fc0
	language	6c64a0
OBJ 6b9a60 (sz=24, trace=1, class=java.util.Locale@6b9d90)
	variant		6bd050
	country		6c7fc0
	language	6c63a0
OBJ 6b9a40 (sz=24, trace=1, class=java.util.Locale@6b9d90)
	variant		6bd050
	country		6c61a0
	language	6c63a0
ARR 6b9a00 (sz=16, trace=1, nelems=0, elem type=java.lang.Class@6ac030)
OBJ 6b99e0 (sz=48, trace=1, class=java.lang.reflect.Constructor@6b5ab0)
	constructorAccessor	6b9960
	exceptionTypes	6ac010
	parameterTypes	6b9a00
	clazz		6b9940
OBJ 6b99c0 (sz=32, trace=1, class=java.lang.ref.SoftReference@6b11f0)
	next		6b99c0
	queue		6ae250
OBJ 6b99a0 (sz=48, trace=1, class=java.lang.reflect.Constructor@6b5ab0)
	root		6b99e0
	constructorAccessor	6b9960
	exceptionTypes	6ac010
	parameterTypes	6b9a00
	clazz		6b9940
OBJ 6b9980 (sz=24, trace=1, class=sun.reflect.NativeConstructorAccessorImpl@6b5850)
	parent		6b9960
	c		6b99a0
OBJ 6b9960 (sz=16, trace=1, class=sun.reflect.DelegatingConstructorAccessorImpl@6b5780)
	delegate	6b9980
OBJ 6b9890 (sz=8, trace=1, class=sun.net.www.protocol.file.Handler@6b9940)
OBJ 6b9870 (sz=24, trace=1, class=java.util.Hashtable$Entry@6af830)
	value		6b9890
	key		6c6720
ARR 6b9850 (sz=120, trace=1, nelems=52, elem type=char)
OBJ 6b9830 (sz=24, trace=1, class=java.lang.String@6aeef0)
	value		6b9850
OBJ 6b9810 (sz=56, trace=1, class=java.net.URL@6b9e60)
	handler		6b9890
	path		6b9830
	authority	6bd050
	file		6b9830
	host		6bd050
	protocol	6c6720
ARR 6b97f0 (sz=120, trace=1, nelems=54, elem type=char)
OBJ 6b97d0 (sz=24, trace=1, class=java.lang.String@6aeef0)
	value		6b97f0
OBJ 6b97b0 (sz=56, trace=1, class=java.net.URL@6b9e60)
	handler		6b9890
	path		6b97d0
	authority	6bd050
	file		6b97d0
	host		6bd050
	protocol	6c6720
ARR 6b9790 (sz=136, trace=1, nelems=62, elem type=char)
OBJ 6b9770 (sz=24, trace=1, class=java.lang.String@6aeef0)
	value		6b9790
OBJ 6b9750 (sz=56, trace=1, class=java.net.URL@6b9e60)
	handler		6b9890
	path		6b9770
	authority	6bd050
	file		6b9770
	host		6bd050
	protocol	6c6720
OBJ 6b9730 (sz=40, trace=1, class=java.util.Hashtable@6b63a0)
	table		6b9710
ARR 6b9710 (sz=56, trace=1, nelems=11, elem type=java.util.Hashtable$Entry@6af830)
OBJ 6b96f0 (sz=24, trace=1, class=java.util.Vector@6ae8c0)
	elementData	6b96d0
ARR 6b96d0 (sz=56, trace=1, nelems=10, elem type=java.lang.Object@6ae810)
OBJ 6b96b0 (sz=16, trace=1, class=java.util.HashSet@6b7df0)
	map		6b9690
OBJ 6b9690 (sz=40, trace=1, class=java.util.HashMap@6afaf0)
	table		6b9670
ARR 6b9670 (sz=80, trace=1, nelems=16, elem type=java.util.HashMap$Entry@6afa20)
OBJ 6b9650 (sz=40, trace=1, class=java.util.HashMap@6afaf0)
	table		6b9630
ARR 6b9630 (sz=80, trace=1, nelems=16, elem type=java.util.HashMap$Entry@6afa20)
OBJ 6b9610 (sz=24, trace=1, class=java.util.Vector@6ae8c0)
	elementData	6b95f0
ARR 6b95f0 (sz=56, trace=1, nelems=10, elem type=java.lang.Object@6ae810)
OBJ 6b95d0 (sz=40, trace=1, class=java.util.HashMap@6afaf0)
	table		6b95b0
ARR 6b95b0 (sz=80, trace=1, nelems=16, elem type=java.util.HashMap$Entry@6afa20)
OBJ 6b94e0 (sz=32, trace=1, class=sun.misc.URLClassPath@6b9590)
	jarHandler	6b9230
	lmap		6b9400
	loaders		6b9440
	urls		6b9480
	path		6b94c0
OBJ 6b94c0 (sz=24, trace=1, class=java.util.ArrayList@6b6800)
	elementData	6b94a0
ARR 6b94a0 (sz=56, trace=1, nelems=10, elem type=java.lang.Object@6ae810)
	[0]		6b9db0
	[1]		6b9810
	[2]		6b97b0
	[3]		6b9750
OBJ 6b9480 (sz=24, trace=1, class=java.util.Stack@6ae720)
	elementData	6b9460
ARR 6b9460 (sz=56, trace=1, nelems=10, elem type=java.lang.Object@6ae810)
OBJ 6b9440 (sz=24, trace=1, class=java.util.ArrayList@6b6800)
	elementData	6b9420
ARR 6b9420 (sz=56, trace=1, nelems=10, elem type=java.lang.Object@6ae810)
	[0]		742b40
	[1]		759660
	[2]		75b680
	[3]		75c170
OBJ 6b9400 (sz=40, trace=1, class=java.util.HashMap@6afaf0)
	table		6b93e0
ARR 6b93e0 (sz=80, trace=1, nelems=16, elem type=java.util.HashMap$Entry@6afa20)
	[0]		75b760
	[2]		767fa0
	[12]		75c250
ARR 6b93a0 (sz=16, trace=1, nelems=0, elem type=java.lang.Class@6ac030)
OBJ 6b9380 (sz=48, trace=1, class=java.lang.reflect.Constructor@6b5ab0)
	constructorAccessor	6b9300
	exceptionTypes	6ac010
	parameterTypes	6b93a0
	clazz		6b92e0
OBJ 6b9360 (sz=32, trace=1, class=java.lang.ref.SoftReference@6b11f0)
	next		6b9360
	queue		6ae250
OBJ 6b9340 (sz=48, trace=1, class=java.lang.reflect.Constructor@6b5ab0)
	root		6b9380
	constructorAccessor	6b9300
	exceptionTypes	6ac010
	parameterTypes	6b93a0
	clazz		6b92e0
OBJ 6b9320 (sz=24, trace=1, class=sun.reflect.NativeConstructorAccessorImpl@6b5850)
	parent		6b9300
	c		6b9340
OBJ 6b9300 (sz=16, trace=1, class=sun.reflect.DelegatingConstructorAccessorImpl@6b5780)
	delegate	6b9320
OBJ 6b9230 (sz=8, trace=1, class=sun.net.www.protocol.jar.Handler@6b92e0)
OBJ 6b9210 (sz=24, trace=1, class=java.security.AccessControlContext@6aea70)
ARR 6b91f0 (sz=144, trace=1, nelems=64, elem type=char)
OBJ 6b91d0 (sz=24, trace=1, class=java.lang.String@6aeef0)
	value		6b91f0
OBJ 6b91b0 (sz=56, trace=1, class=java.net.URL@6b9e60)
	handler		6b9890
	path		6b91d0
	authority	6bd050
	file		6b91d0
	host		6bd050
	protocol	6c6720
ARR 6b9190 (sz=80, trace=1, nelems=34, elem type=char)
OBJ 6b9170 (sz=24, trace=1, class=java.lang.String@6aeef0)
	value		6b9190
OBJ 6b9150 (sz=56, trace=1, class=java.net.URL@6b9e60)
	handler		6b9890
	path		6b9170
	authority	6bd050
	file		6b9170
	host		6bd050
	protocol	6c6720
ARR 6b9130 (sz=96, trace=1, nelems=41, elem type=char)
OBJ 6b9110 (sz=24, trace=1, class=java.lang.String@6aeef0)
	value		6b9130
OBJ 6b90f0 (sz=56, trace=1, class=java.net.URL@6b9e60)
	handler		6b9890
	path		6b9110
	authority	6bd050
	file		6b9110
	host		6bd050
	protocol	6c6720
ARR 6b90d0 (sz=104, trace=1, nelems=46, elem type=char)
OBJ 6b90b0 (sz=24, trace=1, class=java.lang.String@6aeef0)
	value		6b90d0
OBJ 6b9090 (sz=56, trace=1, class=java.net.URL@6b9e60)
	handler		6b9890
	path		6b90b0
	authority	6bd050
	file		6b90b0
	host		6bd050
	protocol	6c6720
ARR 6b9070 (sz=80, trace=1, nelems=34, elem type=char)
OBJ 6b9050 (sz=24, trace=1, class=java.lang.String@6aeef0)
	value		6b9070
OBJ 6b9030 (sz=56, trace=1, class=java.net.URL@6b9e60)
	handler		6b9890
	path		6b9050
	authority	6bd050
	file		6b9050
	host		6bd050
	protocol	6c6720
ARR 6b9010 (sz=80, trace=1, nelems=34, elem type=char)
OBJ 6bafe0 (sz=24, trace=1, class=java.lang.String@6aeef0)
	value		6b9010
OBJ 6bafc0 (sz=56, trace=1, class=java.net.URL@6b9e60)
	handler		6b9890
	path		6bafe0
	authority	6bd050
	file		6bafe0
	host		6bd050
	protocol	6c6720
ARR 6bafa0 (sz=88, trace=1, nelems=36, elem type=char)
OBJ 6baf80 (sz=24, trace=1, class=java.lang.String@6aeef0)
	value		6bafa0
OBJ 6baf60 (sz=56, trace=1, class=java.net.URL@6b9e60)
	handler		6b9890
	path		6baf80
	authority	6bd050
	file		6baf80
	host		6bd050
	protocol	6c6720
ARR 6baf40 (sz=96, trace=1, nelems=39, elem type=char)
OBJ 6baf20 (sz=24, trace=1, class=java.lang.String@6aeef0)
	value		6baf40
OBJ 6baf00 (sz=56, trace=1, class=java.net.URL@6b9e60)
	handler		6b9890
	path		6baf20
	authority	6bd050
	file		6baf20
	host		6bd050
	protocol	6c6720
OBJ 6bae30 (sz=72, trace=1, class=sun.misc.Launcher$AppClassLoader@6baee0)
	acc		6bab30
	ucp		6bac70
	pdcache		6bacb0
	nativeLibraries	6bacf0
	packages	6bad30
	domains		6bad90
	classes		6badd0
	nocerts		77d530
	package2certs	6bae10
	parent		6b8080
OBJ 6bae10 (sz=40, trace=1, class=java.util.Hashtable@6b63a0)
	table		759920
OBJ 6badd0 (sz=24, trace=1, class=java.util.Vector@6ae8c0)
	elementData	790790
OBJ 6bad90 (sz=16, trace=1, class=java.util.HashSet@6b7df0)
	map		6bad70
OBJ 6bad70 (sz=40, trace=1, class=java.util.HashMap@6afaf0)
	table		6bad50
ARR 6bad50 (sz=80, trace=1, nelems=16, elem type=java.util.HashMap$Entry@6afa20)
	[0]		7877e0
	[1]		781290
	[7]		affe710
	[9]		b0097a0
OBJ 6bad30 (sz=40, trace=1, class=java.util.HashMap@6afaf0)
	table		b09e2e0
OBJ 6bacf0 (sz=24, trace=1, class=java.util.Vector@6ae8c0)
	elementData	6bacd0
ARR 6bacd0 (sz=56, trace=1, nelems=10, elem type=java.lang.Object@6ae810)
OBJ 6bacb0 (sz=40, trace=1, class=java.util.HashMap@6afaf0)
	table		6bac90
ARR 6bac90 (sz=80, trace=1, nelems=16, elem type=java.util.HashMap$Entry@6afa20)
	[2]		787430
	[3]		affe690
	[7]		afcf9a0
	[8]		77c210
	[12]		b008850
OBJ 6bac70 (sz=32, trace=1, class=sun.misc.URLClassPath@6b9590)
	jarHandler	6bab50
	lmap		6bab90
	loaders		6babd0
	urls		6bac10
	path		6bac50
OBJ 6bac50 (sz=24, trace=1, class=java.util.ArrayList@6b6800)
	elementData	6bac30
ARR 6bac30 (sz=56, trace=1, nelems=10, elem type=java.lang.Object@6ae810)
	[0]		6b91b0
	[1]		6b9150
	[2]		6b90f0
	[3]		6b9090
	[4]		6b9030
	[5]		6bafc0
	[6]		6baf60
	[7]		6baf00
OBJ 6bac10 (sz=24, trace=1, class=java.util.Stack@6ae720)
	elementData	6babf0
ARR 6babf0 (sz=56, trace=1, nelems=10, elem type=java.lang.Object@6ae810)
OBJ 6babd0 (sz=24, trace=1, class=java.util.ArrayList@6b6800)
	elementData	6babb0
ARR 6babb0 (sz=56, trace=1, nelems=10, elem type=java.lang.Object@6ae810)
	[0]		767530
	[1]		77e300
	[2]		76e300
	[3]		b0040e0
	[4]		b006f40
	[5]		b0061f0
	[6]		afd41c0
	[7]		795770
OBJ 6bab90 (sz=40, trace=1, class=java.util.HashMap@6afaf0)
	table		6bab70
ARR 6bab70 (sz=80, trace=1, nelems=16, elem type=java.util.HashMap$Entry@6afa20)
	[2]		7890b0
	[3]		b005010
	[4]		b0062b0
	[7]		780260
	[8]		768730
	[9]		795130
	[12]		b0074d0
OBJ 6bab50 (sz=8, trace=1, class=sun.net.www.protocol.jar.Handler@6b92e0)
OBJ 6bab30 (sz=24, trace=1, class=java.security.AccessControlContext@6aea70)
OBJ 73c0b0 (sz=72, trace=1, class=java.lang.Thread@6aeb80)
	inheritedAccessControlContext	6ae9e0
	contextClassLoader	6bae30
	group		6aec50
	name		73c040
ARR 73c040 (sz=48, trace=2, nelems=17, elem type=char)
OBJ 73e620 (sz=72, trace=1, class=java.lang.Thread@6aeb80)
	inheritedAccessControlContext	6ae9e0
	contextClassLoader	6bae30
	group		6aec50
	name		73e5c0
ARR 73e5c0 (sz=40, trace=2, nelems=14, elem type=char)
ARR 73f5b0 (sz=40, trace=1, nelems=13, elem type=char)
OBJ 73f590 (sz=24, trace=1, class=java.lang.String@6aeef0)
	value		73f5b0
ARR 73f4d0 (sz=120, trace=1, nelems=54, elem type=char)
OBJ 742b40 (sz=32, trace=16, class=sun.misc.URLClassPath$JarLoader@741700)
	lmap		6b9400
	handler		6b9230
	csu		6b9db0
	jar		747160
	base		742ae0
OBJ 742ae0 (sz=56, trace=17, class=java.net.URL@6b9e60)
	handler		6b9230
	path		742110
	authority	6bd050
	file		742110
	host		6bd050
	protocol	6c7b00
ARR 7421c0 (sz=264, trace=25, nelems=126, elem type=char)
OBJ 742110 (sz=24, trace=26, class=java.lang.String@6aeef0)
	value		7421c0
OBJ 747160 (sz=48, trace=39, class=java.util.jar.JarFile@7450f0)
	jv		758a00
	manEntry	74c1c0
	man		752b30
	inflaters	748ec0
	name		748f20
OBJ 747010 (sz=32, trace=54, class=java.lang.ref.Finalizer@6b1920)
	prev		751f50
	next		6b84a0
	queue		6ae070
	referent	747160
ARR 748f40 (sz=128, trace=37, nelems=55, elem type=char)
OBJ 748f20 (sz=24, trace=38, class=java.lang.String@6aeef0)
	value		748f40
OBJ 748ec0 (sz=24, trace=57, class=java.util.Vector@6ae8c0)
	elementData	748da0
ARR 748da0 (sz=56, trace=58, nelems=10, elem type=java.lang.Object@6ae810)
	[0]		751fb0
OBJ 74c1c0 (sz=88, trace=73, class=java.util.jar.JarFile$JarFileEntry@74c460)
	this$0		747160
	name		745010
ARR 74c160 (sz=80, trace=74, nelems=68, elem type=byte)
OBJ 751fb0 (sz=32, trace=81, class=java.util.zip.Inflater@74f1e0)
	buf		751b90
OBJ 751f50 (sz=32, trace=84, class=java.lang.ref.Finalizer@6b1920)
	prev		75bfe0
	next		747010
	queue		6ae070
	referent	751fb0
ARR 751b90 (sz=528, trace=87, nelems=512, elem type=byte)
OBJ 752b30 (sz=16, trace=90, class=java.util.jar.Manifest@751410)
	entries		753540
	attr		7537d0
OBJ 7537d0 (sz=16, trace=91, class=java.util.jar.Attributes@752320)
	map		753770
OBJ 753770 (sz=40, trace=92, class=java.util.HashMap@6afaf0)
	table		753650
ARR 753650 (sz=80, trace=93, nelems=16, elem type=java.util.HashMap$Entry@6afa20)
	[10]		757ac0
	[12]		757760
OBJ 753540 (sz=40, trace=94, class=java.util.HashMap@6afaf0)
	table		753460
ARR 753460 (sz=80, trace=95, nelems=16, elem type=java.util.HashMap$Entry@6afa20)
OBJ 754840 (sz=24, trace=101, class=java.lang.String@6aeef0)
	value		754760
ARR 754760 (sz=24, trace=102, nelems=3, elem type=char)
OBJ 755b60 (sz=16, trace=104, class=java.util.jar.Attributes$Name@7544e0)
	name		755a20
OBJ 7559c0 (sz=16, trace=105, class=java.util.jar.Attributes$Name@7544e0)
	name		755880
OBJ 755820 (sz=16, trace=106, class=java.util.jar.Attributes$Name@7544e0)
	name		7556e0
OBJ 755680 (sz=16, trace=107, class=java.util.jar.Attributes$Name@7544e0)
	name		755540
OBJ 7554e0 (sz=16, trace=108, class=java.util.jar.Attributes$Name@7544e0)
	name		7553a0
OBJ 755340 (sz=16, trace=109, class=java.util.jar.Attributes$Name@7544e0)
	name		755200
OBJ 7551a0 (sz=16, trace=110, class=java.util.jar.Attributes$Name@7544e0)
	name		755060
OBJ 755030 (sz=16, trace=111, class=java.util.jar.Attributes$Name@7544e0)
	name		756eb0
OBJ 756e50 (sz=16, trace=112, class=java.util.jar.Attributes$Name@7544e0)
	name		756d10
OBJ 756cb0 (sz=16, trace=113, class=java.util.jar.Attributes$Name@7544e0)
	name		756b70
OBJ 756b10 (sz=16, trace=114, class=java.util.jar.Attributes$Name@7544e0)
	name		7569d0
OBJ 756970 (sz=16, trace=115, class=java.util.jar.Attributes$Name@7544e0)
	name		756830
OBJ 7567d0 (sz=16, trace=116, class=java.util.jar.Attributes$Name@7544e0)
	name		756690
OBJ 756630 (sz=16, trace=117, class=java.util.jar.Attributes$Name@7544e0)
	name		7564f0
OBJ 756490 (sz=16, trace=118, class=java.util.jar.Attributes$Name@7544e0)
	name		756350
OBJ 7562f0 (sz=16, trace=119, class=java.util.jar.Attributes$Name@7544e0)
	name		7561b0
OBJ 756150 (sz=16, trace=120, class=java.util.jar.Attributes$Name@7544e0)
	name		756010
OBJ 757fa0 (sz=16, trace=103, class=java.util.jar.Attributes$Name@7544e0)
	name		755a20
OBJ 757ac0 (sz=24, trace=125, class=java.util.HashMap$Entry@6afa20)
	value		754840
	key		757fa0
OBJ 757980 (sz=24, trace=101, class=java.lang.String@6aeef0)
	value		757960
ARR 757960 (sz=72, trace=102, nelems=29, elem type=char)
OBJ 757940 (sz=16, trace=103, class=java.util.jar.Attributes$Name@7544e0)
	name		7577e0
OBJ 757760 (sz=24, trace=125, class=java.util.HashMap$Entry@6afa20)
	value		757980
	key		757940
OBJ 758a00 (sz=48, trace=127, class=java.util.jar.JarVerifier@7574e0)
	manifestRawBytes	74c160
	baos		759a60
	manifest	752b30
	pendingBlocks	758450
	sigFileData	758610
	sigFileCerts	7589a0
	verifiedCerts	7587a0
OBJ 7589a0 (sz=40, trace=128, class=java.util.Hashtable@6b63a0)
	table		7588b0
ARR 7588b0 (sz=56, trace=129, nelems=11, elem type=java.util.Hashtable$Entry@6af830)
OBJ 7587a0 (sz=40, trace=130, class=java.util.Hashtable@6b63a0)
	table		7586c0
ARR 7586c0 (sz=56, trace=131, nelems=11, elem type=java.util.Hashtable$Entry@6af830)
OBJ 758610 (sz=40, trace=132, class=java.util.Hashtable@6b63a0)
	table		758530
ARR 758530 (sz=56, trace=133, nelems=11, elem type=java.util.Hashtable$Entry@6af830)
OBJ 758450 (sz=24, trace=134, class=java.util.ArrayList@6b6800)
	elementData	758370
ARR 758370 (sz=56, trace=135, nelems=10, elem type=java.lang.Object@6ae810)
OBJ 759a60 (sz=16, trace=136, class=java.io.ByteArrayOutputStream@758050)
	buf		759a00
ARR 759a00 (sz=48, trace=137, nelems=32, elem type=byte)
OBJ 759880 (sz=24, trace=138, class=java.util.HashMap$Entry@6afa20)
	value		742b40
	key		6b9db0
OBJ 759660 (sz=32, trace=16, class=sun.misc.URLClassPath$JarLoader@741700)
	lmap		6b9400
	handler		6b9230
	csu		6b9810
	jar		75a0b0
	base		759640
OBJ 759640 (sz=56, trace=17, class=java.net.URL@6b9e60)
	handler		6b9230
	path		759520
	authority	6bd050
	file		759520
	host		6bd050
	protocol	6c7b00
ARR 759540 (sz=248, trace=25, nelems=116, elem type=char)
OBJ 759520 (sz=24, trace=26, class=java.lang.String@6aeef0)
	value		759540
OBJ 75a0b0 (sz=48, trace=39, class=java.util.jar.JarFile@7450f0)
	jv		75b8c0
	manEntry	75be10
	man		75bc40
	inflaters	75bf40
	name		75bf60
OBJ 75bfe0 (sz=32, trace=54, class=java.lang.ref.Finalizer@6b1920)
	prev		75bd50
	next		751f50
	queue		6ae070
	referent	75a0b0
ARR 75bf80 (sz=112, trace=37, nelems=50, elem type=char)
OBJ 75bf60 (sz=24, trace=38, class=java.lang.String@6aeef0)
	value		75bf80
OBJ 75bf40 (sz=24, trace=57, class=java.util.Vector@6ae8c0)
	elementData	75bf20
ARR 75bf20 (sz=56, trace=58, nelems=10, elem type=java.lang.Object@6ae810)
	[0]		75bd70
OBJ 75be10 (sz=88, trace=73, class=java.util.jar.JarFile$JarFileEntry@74c460)
	this$0		75a0b0
	name		745010
ARR 75bdf0 (sz=80, trace=74, nelems=68, elem type=byte)
OBJ 75bd70 (sz=32, trace=81, class=java.util.zip.Inflater@74f1e0)
	buf		75bc60
OBJ 75bd50 (sz=32, trace=84, class=java.lang.ref.Finalizer@6b1920)
	prev		75b1b0
	next		75bfe0
	queue		6ae070
	referent	75bd70
ARR 75bc60 (sz=528, trace=87, nelems=512, elem type=byte)
OBJ 75bc40 (sz=16, trace=90, class=java.util.jar.Manifest@751410)
	entries		75bba0
	attr		75bc00
OBJ 75bc00 (sz=16, trace=91, class=java.util.jar.Attributes@752320)
	map		75bbe0
OBJ 75bbe0 (sz=40, trace=92, class=java.util.HashMap@6afaf0)
	table		75bbc0
ARR 75bbc0 (sz=80, trace=93, nelems=16, elem type=java.util.HashMap$Entry@6afa20)
	[10]		75ba00
	[12]		75b8e0
OBJ 75bba0 (sz=40, trace=94, class=java.util.HashMap@6afaf0)
	table		75bb80
ARR 75bb80 (sz=80, trace=95, nelems=16, elem type=java.util.HashMap$Entry@6afa20)
OBJ 75bac0 (sz=24, trace=101, class=java.lang.String@6aeef0)
	value		75baa0
ARR 75baa0 (sz=24, trace=102, nelems=3, elem type=char)
OBJ 75ba80 (sz=16, trace=103, class=java.util.jar.Attributes$Name@7544e0)
	name		755a20
OBJ 75ba00 (sz=24, trace=125, class=java.util.HashMap$Entry@6afa20)
	value		75bac0
	key		75ba80
OBJ 75b9a0 (sz=24, trace=101, class=java.lang.String@6aeef0)
	value		75b980
ARR 75b980 (sz=72, trace=102, nelems=29, elem type=char)
OBJ 75b960 (sz=16, trace=103, class=java.util.jar.Attributes$Name@7544e0)
	name		7577e0
OBJ 75b8e0 (sz=24, trace=125, class=java.util.HashMap$Entry@6afa20)
	value		75b9a0
	key		75b960
OBJ 75b8c0 (sz=48, trace=127, class=java.util.jar.JarVerifier@7574e0)
	manifestRawBytes	75bdf0
	baos		75b7a0
	manifest	75bc40
	pendingBlocks	75b7e0
	sigFileData	75b820
	sigFileCerts	75b8a0
	verifiedCerts	75b860
OBJ 75b8a0 (sz=40, trace=128, class=java.util.Hashtable@6b63a0)
	table		75b880
ARR 75b880 (sz=56, trace=129, nelems=11, elem type=java.util.Hashtable$Entry@6af830)
OBJ 75b860 (sz=40, trace=130, class=java.util.Hashtable@6b63a0)
	table		75b840
ARR 75b840 (sz=56, trace=131, nelems=11, elem type=java.util.Hashtable$Entry@6af830)
OBJ 75b820 (sz=40, trace=132, class=java.util.Hashtable@6b63a0)
	table		75b800
ARR 75b800 (sz=56, trace=133, nelems=11, elem type=java.util.Hashtable$Entry@6af830)
OBJ 75b7e0 (sz=24, trace=134, class=java.util.ArrayList@6b6800)
	elementData	75b7c0
ARR 75b7c0 (sz=56, trace=135, nelems=10, elem type=java.lang.Object@6ae810)
OBJ 75b7a0 (sz=16, trace=136, class=java.io.ByteArrayOutputStream@758050)
	buf		75b780
ARR 75b780 (sz=48, trace=137, nelems=32, elem type=byte)
OBJ 75b760 (sz=24, trace=138, class=java.util.HashMap$Entry@6afa20)
	value		759660
	key		6b9810
OBJ 75b680 (sz=32, trace=16, class=sun.misc.URLClassPath$JarLoader@741700)
	lmap		6b9400
	handler		6b9230
	csu		6b97b0
	jar		75b380
	base		75b660
OBJ 75b660 (sz=56, trace=17, class=java.net.URL@6b9e60)
	handler		6b9230
	path		75b540
	authority	6bd050
	file		75b540
	host		6bd050
	protocol	6c7b00
ARR 75b560 (sz=256, trace=25, nelems=120, elem type=char)
OBJ 75b540 (sz=24, trace=26, class=java.lang.String@6aeef0)
	value		75b560
OBJ 75b380 (sz=48, trace=39, class=java.util.jar.JarFile@7450f0)
	jv		75c3b0
	manEntry	75cfc0
	man		75cdf0
	inflaters	75b110
	name		75b130
OBJ 75b1b0 (sz=32, trace=54, class=java.lang.ref.Finalizer@6b1920)
	prev		75cf00
	next		75bd50
	queue		6ae070
	referent	75b380
ARR 75b150 (sz=120, trace=37, nelems=52, elem type=char)
OBJ 75b130 (sz=24, trace=38, class=java.lang.String@6aeef0)
	value		75b150
OBJ 75b110 (sz=24, trace=57, class=java.util.Vector@6ae8c0)
	elementData	75b0f0
ARR 75b0f0 (sz=56, trace=58, nelems=10, elem type=java.lang.Object@6ae810)
	[0]		75cf20
OBJ 75cfc0 (sz=88, trace=73, class=java.util.jar.JarFile$JarFileEntry@74c460)
	this$0		75b380
	name		745010
ARR 75cfa0 (sz=384, trace=74, nelems=370, elem type=byte)
OBJ 75cf20 (sz=32, trace=81, class=java.util.zip.Inflater@74f1e0)
	buf		75ce10
OBJ 75cf00 (sz=32, trace=84, class=java.lang.ref.Finalizer@6b1920)
	prev		75dd30
	next		75b1b0
	queue		6ae070
	referent	75cf20
ARR 75ce10 (sz=528, trace=87, nelems=512, elem type=byte)
OBJ 75cdf0 (sz=16, trace=90, class=java.util.jar.Manifest@751410)
	entries		75cd50
	attr		75cdb0
OBJ 75cdb0 (sz=16, trace=91, class=java.util.jar.Attributes@752320)
	map		75cd90
OBJ 75cd90 (sz=40, trace=92, class=java.util.HashMap@6afaf0)
	table		75cd70
ARR 75cd70 (sz=80, trace=93, nelems=16, elem type=java.util.HashMap$Entry@6afa20)
	[2]		75c3d0
	[3]		75c4f0
	[10]		75cbb0
	[12]		75c610
	[13]		75c730
	[14]		75c970
OBJ 75cd50 (sz=40, trace=94, class=java.util.HashMap@6afaf0)
	table		75cd30
ARR 75cd30 (sz=80, trace=95, nelems=16, elem type=java.util.HashMap$Entry@6afa20)
OBJ 75cc70 (sz=24, trace=101, class=java.lang.String@6aeef0)
	value		75cc50
ARR 75cc50 (sz=24, trace=102, nelems=3, elem type=char)
OBJ 75cc30 (sz=16, trace=103, class=java.util.jar.Attributes$Name@7544e0)
	name		755a20
OBJ 75cbb0 (sz=24, trace=125, class=java.util.HashMap$Entry@6afa20)
	value		75cc70
	key		75cc30
OBJ 75cb50 (sz=24, trace=101, class=java.lang.String@6aeef0)
	value		75cb30
ARR 75cb30 (sz=24, trace=102, nelems=5, elem type=char)
OBJ 75cb10 (sz=16, trace=103, class=java.util.jar.Attributes$Name@7544e0)
	name		7561b0
OBJ 75ca90 (sz=24, trace=125, class=java.util.HashMap$Entry@6afa20)
	value		75cb50
	key		75cb10
OBJ 75ca30 (sz=24, trace=101, class=java.lang.String@6aeef0)
	value		75ca10
ARR 75ca10 (sz=112, trace=102, nelems=48, elem type=char)
OBJ 75c9f0 (sz=16, trace=103, class=java.util.jar.Attributes$Name@7544e0)
	name		756350
OBJ 75c970 (sz=24, trace=125, class=java.util.HashMap$Entry@6afa20)
	next		75ca90
	value		75ca30
	key		75c9f0
OBJ 75c910 (sz=24, trace=101, class=java.lang.String@6aeef0)
	value		75c8f0
ARR 75c8f0 (sz=32, trace=102, nelems=10, elem type=char)
OBJ 75c8d0 (sz=16, trace=103, class=java.util.jar.Attributes$Name@7544e0)
	name		7569d0
OBJ 75c850 (sz=24, trace=125, class=java.util.HashMap$Entry@6afa20)
	value		75c910
	key		75c8d0
OBJ 75c7f0 (sz=24, trace=101, class=java.lang.String@6aeef0)
	value		75c7d0
ARR 75c7d0 (sz=112, trace=102, nelems=48, elem type=char)
OBJ 75c7b0 (sz=16, trace=103, class=java.util.jar.Attributes$Name@7544e0)
	name		756b70
OBJ 75c730 (sz=24, trace=125, class=java.util.HashMap$Entry@6afa20)
	next		75c850
	value		75c7f0
	key		75c7b0
OBJ 75c6d0 (sz=24, trace=101, class=java.lang.String@6aeef0)
	value		75c6b0
ARR 75c6b0 (sz=72, trace=102, nelems=29, elem type=char)
OBJ 75c690 (sz=16, trace=103, class=java.util.jar.Attributes$Name@7544e0)
	name		7577e0
OBJ 75c610 (sz=24, trace=125, class=java.util.HashMap$Entry@6afa20)
	value		75c6d0
	key		75c690
OBJ 75c5b0 (sz=24, trace=101, class=java.lang.String@6aeef0)
	value		75c590
ARR 75c590 (sz=56, trace=102, nelems=22, elem type=char)
OBJ 75c570 (sz=16, trace=103, class=java.util.jar.Attributes$Name@7544e0)
	name		756830
OBJ 75c4f0 (sz=24, trace=125, class=java.util.HashMap$Entry@6afa20)
	value		75c5b0
	key		75c570
OBJ 75c490 (sz=24, trace=101, class=java.lang.String@6aeef0)
	value		75c470
ARR 75c470 (sz=56, trace=102, nelems=22, elem type=char)
OBJ 75c450 (sz=16, trace=103, class=java.util.jar.Attributes$Name@7544e0)
	name		756010
OBJ 75c3d0 (sz=24, trace=125, class=java.util.HashMap$Entry@6afa20)
	value		75c490
	key		75c450
OBJ 75c3b0 (sz=48, trace=127, class=java.util.jar.JarVerifier@7574e0)
	manifestRawBytes	75cfa0
	baos		75c290
	manifest	75cdf0
	pendingBlocks	75c2d0
	sigFileData	75c310
	sigFileCerts	75c390
	verifiedCerts	75c350
OBJ 75c390 (sz=40, trace=128, class=java.util.Hashtable@6b63a0)
	table		75c370
ARR 75c370 (sz=56, trace=129, nelems=11, elem type=java.util.Hashtable$Entry@6af830)
OBJ 75c350 (sz=40, trace=130, class=java.util.Hashtable@6b63a0)
	table		75c330
ARR 75c330 (sz=56, trace=131, nelems=11, elem type=java.util.Hashtable$Entry@6af830)
OBJ 75c310 (sz=40, trace=132, class=java.util.Hashtable@6b63a0)
	table		75c2f0
ARR 75c2f0 (sz=56, trace=133, nelems=11, elem type=java.util.Hashtable$Entry@6af830)
OBJ 75c2d0 (sz=24, trace=134, class=java.util.ArrayList@6b6800)
	elementData	75c2b0
ARR 75c2b0 (sz=56, trace=135, nelems=10, elem type=java.lang.Object@6ae810)
OBJ 75c290 (sz=16, trace=136, class=java.io.ByteArrayOutputStream@758050)
	buf		75c270
ARR 75c270 (sz=48, trace=137, nelems=32, elem type=byte)
OBJ 75c250 (sz=24, trace=138, class=java.util.HashMap$Entry@6afa20)
	value		75b680
	key		6b97b0
OBJ 75c170 (sz=32, trace=16, class=sun.misc.URLClassPath$JarLoader@741700)
	lmap		6b9400
	handler		6b9230
	csu		6b9750
	jar		75de60
	base		75c150
OBJ 75c150 (sz=56, trace=17, class=java.net.URL@6b9e60)
	handler		6b9230
	path		75c030
	authority	6bd050
	file		75c030
	host		6bd050
	protocol	6c7b00
ARR 75c050 (sz=288, trace=25, nelems=136, elem type=char)
OBJ 75c030 (sz=24, trace=26, class=java.lang.String@6aeef0)
	value		75c050
OBJ 75de60 (sz=48, trace=39, class=java.util.jar.JarFile@7450f0)
	jv		766120
	manEntry	75db60
	man		75d990
	inflaters	75dc90
	name		75dcb0
OBJ 75dd30 (sz=32, trace=54, class=java.lang.ref.Finalizer@6b1920)
	prev		75daa0
	next		75cf00
	queue		6ae070
	referent	75de60
ARR 75dcd0 (sz=136, trace=37, nelems=60, elem type=char)
OBJ 75dcb0 (sz=24, trace=38, class=java.lang.String@6aeef0)
	value		75dcd0
OBJ 75dc90 (sz=24, trace=57, class=java.util.Vector@6ae8c0)
	elementData	75dc70
ARR 75dc70 (sz=56, trace=58, nelems=10, elem type=java.lang.Object@6ae810)
	[0]		75dac0
OBJ 75db60 (sz=88, trace=73, class=java.util.jar.JarFile$JarFileEntry@74c460)
	this$0		75de60
	name		745010
ARR 75db40 (sz=6024, trace=74, nelems=6005, elem type=byte)
OBJ 75dac0 (sz=32, trace=81, class=java.util.zip.Inflater@74f1e0)
	buf		75d9b0
OBJ 75daa0 (sz=32, trace=84, class=java.lang.ref.Finalizer@6b1920)
	prev		767230
	next		75dd30
	queue		6ae070
	referent	75dac0
ARR 75d9b0 (sz=528, trace=87, nelems=512, elem type=byte)
OBJ 75d990 (sz=16, trace=90, class=java.util.jar.Manifest@751410)
	entries		75d8f0
	attr		75d950
OBJ 75d950 (sz=16, trace=91, class=java.util.jar.Attributes@752320)
	map		75d930
OBJ 75d930 (sz=40, trace=92, class=java.util.HashMap@6afaf0)
	table		75d910
ARR 75d910 (sz=80, trace=93, nelems=16, elem type=java.util.HashMap$Entry@6afa20)
	[10]		75d750
	[12]		75d630
OBJ 75d8f0 (sz=40, trace=94, class=java.util.HashMap@6afaf0)
	table		765cc0
OBJ 75d810 (sz=24, trace=101, class=java.lang.String@6aeef0)
	value		75d7f0
ARR 75d7f0 (sz=24, trace=102, nelems=3, elem type=char)
OBJ 75d7d0 (sz=16, trace=103, class=java.util.jar.Attributes$Name@7544e0)
	name		755a20
OBJ 75d750 (sz=24, trace=125, class=java.util.HashMap$Entry@6afa20)
	value		75d810
	key		75d7d0
OBJ 75d6f0 (sz=24, trace=101, class=java.lang.String@6aeef0)
	value		75d6d0
ARR 75d6d0 (sz=80, trace=102, nelems=32, elem type=char)
OBJ 75d6b0 (sz=16, trace=103, class=java.util.jar.Attributes$Name@7544e0)
	name		7577e0
OBJ 75d630 (sz=24, trace=125, class=java.util.HashMap$Entry@6afa20)
	value		75d6f0
	key		75d6b0
OBJ 75d5d0 (sz=24, trace=140, class=java.lang.String@6aeef0)
	value		75d4e0
ARR 75d4e0 (sz=88, trace=141, nelems=38, elem type=char)
OBJ 75d430 (sz=16, trace=142, class=java.util.jar.Attributes@752320)
	map		75d350
OBJ 75d350 (sz=40, trace=143, class=java.util.HashMap@6afaf0)
	table		75d2a0
ARR 75d2a0 (sz=24, trace=144, nelems=2, elem type=java.util.HashMap$Entry@6afa20)
	[0]		75ed10
OBJ 75d1f0 (sz=24, trace=145, class=java.util.HashMap$Entry@6afa20)
	next		75fc30
	value		75d430
	key		75d5d0
OBJ 75ef70 (sz=24, trace=148, class=java.lang.String@6aeef0)
	value		75eec0
ARR 75eec0 (sz=72, trace=149, nelems=28, elem type=char)
OBJ 75ee10 (sz=16, trace=150, class=java.util.jar.Attributes$Name@7544e0)
	name		75ed90
OBJ 75ed10 (sz=24, trace=125, class=java.util.HashMap$Entry@6afa20)
	value		75ef70
	key		75ee10
OBJ 75fcd0 (sz=24, trace=140, class=java.lang.String@6aeef0)
	value		75fcb0
ARR 75fcb0 (sz=112, trace=141, nelems=48, elem type=char)
OBJ 75fc90 (sz=16, trace=142, class=java.util.jar.Attributes@752320)
	map		75fc70
OBJ 75fc70 (sz=40, trace=143, class=java.util.HashMap@6afaf0)
	table		75fc50
ARR 75fc50 (sz=24, trace=144, nelems=2, elem type=java.util.HashMap$Entry@6afa20)
	[0]		75fb10
OBJ 75fc30 (sz=24, trace=145, class=java.util.HashMap$Entry@6afa20)
	value		75fc90
	key		75fcd0
OBJ 75fbd0 (sz=24, trace=148, class=java.lang.String@6aeef0)
	value		75fbb0
ARR 75fbb0 (sz=72, trace=149, nelems=28, elem type=char)
OBJ 75fb90 (sz=16, trace=150, class=java.util.jar.Attributes$Name@7544e0)
	name		75ed90
OBJ 75fb10 (sz=24, trace=125, class=java.util.HashMap$Entry@6afa20)
	value		75fbd0
	key		75fb90
OBJ 75faf0 (sz=24, trace=140, class=java.lang.String@6aeef0)
	value		75fad0
ARR 75fad0 (sz=88, trace=141, nelems=38, elem type=char)
OBJ 75fab0 (sz=16, trace=142, class=java.util.jar.Attributes@752320)
	map		75fa90
OBJ 75fa90 (sz=40, trace=143, class=java.util.HashMap@6afaf0)
	table		75fa70
ARR 75fa70 (sz=24, trace=144, nelems=2, elem type=java.util.HashMap$Entry@6afa20)
	[0]		75f930
OBJ 75fa50 (sz=24, trace=145, class=java.util.HashMap$Entry@6afa20)
	value		75fab0
	key		75faf0
OBJ 75f9f0 (sz=24, trace=148, class=java.lang.String@6aeef0)
	value		75f9d0
ARR 75f9d0 (sz=72, trace=149, nelems=28, elem type=char)
OBJ 75f9b0 (sz=16, trace=150, class=java.util.jar.Attributes$Name@7544e0)
	name		75ed90
OBJ 75f930 (sz=24, trace=125, class=java.util.HashMap$Entry@6afa20)
	value		75f9f0
	key		75f9b0
OBJ 75f910 (sz=24, trace=140, class=java.lang.String@6aeef0)
	value		75f8f0
ARR 75f8f0 (sz=96, trace=141, nelems=41, elem type=char)
OBJ 75f8d0 (sz=16, trace=142, class=java.util.jar.Attributes@752320)
	map		75f8b0
OBJ 75f8b0 (sz=40, trace=143, class=java.util.HashMap@6afaf0)
	table		75f890
ARR 75f890 (sz=24, trace=144, nelems=2, elem type=java.util.HashMap$Entry@6afa20)
	[0]		75f750
OBJ 75f870 (sz=24, trace=145, class=java.util.HashMap$Entry@6afa20)
	next		75f690
	value		75f8d0
	key		75f910
OBJ 75f810 (sz=24, trace=148, class=java.lang.String@6aeef0)
	value		75f7f0
ARR 75f7f0 (sz=72, trace=149, nelems=28, elem type=char)
OBJ 75f7d0 (sz=16, trace=150, class=java.util.jar.Attributes$Name@7544e0)
	name		75ed90
OBJ 75f750 (sz=24, trace=125, class=java.util.HashMap$Entry@6afa20)
	value		75f810
	key		75f7d0
OBJ 75f730 (sz=24, trace=140, class=java.lang.String@6aeef0)
	value		75f710
ARR 75f710 (sz=88, trace=141, nelems=38, elem type=char)
OBJ 75f6f0 (sz=16, trace=142, class=java.util.jar.Attributes@752320)
	map		75f6d0
OBJ 75f6d0 (sz=40, trace=143, class=java.util.HashMap@6afaf0)
	table		75f6b0
ARR 75f6b0 (sz=24, trace=144, nelems=2, elem type=java.util.HashMap$Entry@6afa20)
	[0]		75f570
OBJ 75f690 (sz=24, trace=145, class=java.util.HashMap$Entry@6afa20)
	value		75f6f0
	key		75f730
OBJ 75f630 (sz=24, trace=148, class=java.lang.String@6aeef0)
	value		75f610
ARR 75f610 (sz=72, trace=149, nelems=28, elem type=char)
OBJ 75f5f0 (sz=16, trace=150, class=java.util.jar.Attributes$Name@7544e0)
	name		75ed90
OBJ 75f570 (sz=24, trace=125, class=java.util.HashMap$Entry@6afa20)
	value		75f630
	key		75f5f0
OBJ 75f550 (sz=24, trace=140, class=java.lang.String@6aeef0)
	value		75f530
ARR 75f530 (sz=88, trace=141, nelems=38, elem type=char)
OBJ 75f510 (sz=16, trace=142, class=java.util.jar.Attributes@752320)
	map		75f4f0
OBJ 75f4f0 (sz=40, trace=143, class=java.util.HashMap@6afaf0)
	table		75f4d0
ARR 75f4d0 (sz=24, trace=144, nelems=2, elem type=java.util.HashMap$Entry@6afa20)
	[0]		75f390
OBJ 75f4b0 (sz=24, trace=145, class=java.util.HashMap$Entry@6afa20)
	value		75f510
	key		75f550
OBJ 75f450 (sz=24, trace=148, class=java.lang.String@6aeef0)
	value		75f430
ARR 75f430 (sz=72, trace=149, nelems=28, elem type=char)
OBJ 75f410 (sz=16, trace=150, class=java.util.jar.Attributes$Name@7544e0)
	name		75ed90
OBJ 75f390 (sz=24, trace=125, class=java.util.HashMap$Entry@6afa20)
	value		75f450
	key		75f410
OBJ 75f370 (sz=24, trace=140, class=java.lang.String@6aeef0)
	value		75f350
ARR 75f350 (sz=88, trace=141, nelems=38, elem type=char)
OBJ 75f330 (sz=16, trace=142, class=java.util.jar.Attributes@752320)
	map		75f310
OBJ 75f310 (sz=40, trace=143, class=java.util.HashMap@6afaf0)
	table		75f2f0
ARR 75f2f0 (sz=24, trace=144, nelems=2, elem type=java.util.HashMap$Entry@6afa20)
	[0]		75f1b0
OBJ 75f2d0 (sz=24, trace=145, class=java.util.HashMap$Entry@6afa20)
	next		760fe0
	value		75f330
	key		75f370
OBJ 75f270 (sz=24, trace=148, class=java.lang.String@6aeef0)
	value		75f250
ARR 75f250 (sz=72, trace=149, nelems=28, elem type=char)
OBJ 75f230 (sz=16, trace=150, class=java.util.jar.Attributes$Name@7544e0)
	name		75ed90
OBJ 75f1b0 (sz=24, trace=125, class=java.util.HashMap$Entry@6afa20)
	value		75f270
	key		75f230
OBJ 75f190 (sz=24, trace=140, class=java.lang.String@6aeef0)
	value		75f170
ARR 75f170 (sz=96, trace=141, nelems=41, elem type=char)
OBJ 75f020 (sz=16, trace=142, class=java.util.jar.Attributes@752320)
	map		757720
OBJ 757720 (sz=40, trace=143, class=java.util.HashMap@6afaf0)
	table		75f150
ARR 75f150 (sz=24, trace=144, nelems=2, elem type=java.util.HashMap$Entry@6afa20)
	[0]		760ec0
OBJ 760fe0 (sz=24, trace=145, class=java.util.HashMap$Entry@6afa20)
	value		75f020
	key		75f190
OBJ 760f80 (sz=24, trace=148, class=java.lang.String@6aeef0)
	value		760f60
ARR 760f60 (sz=72, trace=149, nelems=28, elem type=char)
OBJ 760f40 (sz=16, trace=150, class=java.util.jar.Attributes$Name@7544e0)
	name		75ed90
OBJ 760ec0 (sz=24, trace=125, class=java.util.HashMap$Entry@6afa20)
	value		760f80
	key		760f40
OBJ 760ea0 (sz=24, trace=140, class=java.lang.String@6aeef0)
	value		760e80
ARR 760e80 (sz=88, trace=141, nelems=38, elem type=char)
OBJ 760e60 (sz=16, trace=142, class=java.util.jar.Attributes@752320)
	map		760e40
OBJ 760e40 (sz=40, trace=143, class=java.util.HashMap@6afaf0)
	table		760e20
ARR 760e20 (sz=24, trace=144, nelems=2, elem type=java.util.HashMap$Entry@6afa20)
	[0]		760ce0
OBJ 760e00 (sz=24, trace=145, class=java.util.HashMap$Entry@6afa20)
	value		760e60
	key		760ea0
OBJ 760da0 (sz=24, trace=148, class=java.lang.String@6aeef0)
	value		760d80
ARR 760d80 (sz=72, trace=149, nelems=28, elem type=char)
OBJ 760d60 (sz=16, trace=150, class=java.util.jar.Attributes$Name@7544e0)
	name		75ed90
OBJ 760ce0 (sz=24, trace=125, class=java.util.HashMap$Entry@6afa20)
	value		760da0
	key		760d60
OBJ 760cc0 (sz=24, trace=140, class=java.lang.String@6aeef0)
	value		760ca0
ARR 760ca0 (sz=88, trace=141, nelems=38, elem type=char)
OBJ 760c80 (sz=16, trace=142, class=java.util.jar.Attributes@752320)
	map		760c60
OBJ 760c60 (sz=40, trace=143, class=java.util.HashMap@6afaf0)
	table		760c40
ARR 760c40 (sz=24, trace=144, nelems=2, elem type=java.util.HashMap$Entry@6afa20)
	[0]		760900
OBJ 760c20 (sz=24, trace=145, class=java.util.HashMap$Entry@6afa20)
	next		760840
	value		760c80
	key		760cc0
OBJ 7609c0 (sz=24, trace=148, class=java.lang.String@6aeef0)
	value		7609a0
ARR 7609a0 (sz=72, trace=149, nelems=28, elem type=char)
OBJ 760980 (sz=16, trace=150, class=java.util.jar.Attributes$Name@7544e0)
	name		75ed90
OBJ 760900 (sz=24, trace=125, class=java.util.HashMap$Entry@6afa20)
	value		7609c0
	key		760980
OBJ 7608e0 (sz=24, trace=140, class=java.lang.String@6aeef0)
	value		7608c0
ARR 7608c0 (sz=80, trace=141, nelems=32, elem type=char)
OBJ 7608a0 (sz=16, trace=142, class=java.util.jar.Attributes@752320)
	map		760880
OBJ 760880 (sz=40, trace=143, class=java.util.HashMap@6afaf0)
	table		760860
ARR 760860 (sz=24, trace=144, nelems=2, elem type=java.util.HashMap$Entry@6afa20)
	[0]		760720
OBJ 760840 (sz=24, trace=145, class=java.util.HashMap$Entry@6afa20)
	value		7608a0
	key		7608e0
OBJ 7607e0 (sz=24, trace=148, class=java.lang.String@6aeef0)
	value		7607c0
ARR 7607c0 (sz=72, trace=149, nelems=28, elem type=char)
OBJ 7607a0 (sz=16, trace=150, class=java.util.jar.Attributes$Name@7544e0)
	name		75ed90
OBJ 760720 (sz=24, trace=125, class=java.util.HashMap$Entry@6afa20)
	value		7607e0
	key		7607a0
OBJ 760700 (sz=24, trace=140, class=java.lang.String@6aeef0)
	value		7606e0
ARR 7606e0 (sz=88, trace=141, nelems=38, elem type=char)
OBJ 7606c0 (sz=16, trace=142, class=java.util.jar.Attributes@752320)
	map		7606a0
OBJ 7606a0 (sz=40, trace=143, class=java.util.HashMap@6afaf0)
	table		760680
ARR 760680 (sz=24, trace=144, nelems=2, elem type=java.util.HashMap$Entry@6afa20)
	[0]		760540
OBJ 760660 (sz=24, trace=145, class=java.util.HashMap$Entry@6afa20)
	value		7606c0
	key		760700
OBJ 760600 (sz=24, trace=148, class=java.lang.String@6aeef0)
	value		7605e0
ARR 7605e0 (sz=72, trace=149, nelems=28, elem type=char)
OBJ 7605c0 (sz=16, trace=150, class=java.util.jar.Attributes$Name@7544e0)
	name		75ed90
OBJ 760540 (sz=24, trace=125, class=java.util.HashMap$Entry@6afa20)
	value		760600
	key		7605c0
OBJ 760520 (sz=24, trace=140, class=java.lang.String@6aeef0)
	value		760500
ARR 760500 (sz=88, trace=141, nelems=38, elem type=char)
OBJ 7604e0 (sz=16, trace=142, class=java.util.jar.Attributes@752320)
	map		760470
OBJ 760470 (sz=40, trace=143, class=java.util.HashMap@6afaf0)
	table		760450
ARR 760450 (sz=24, trace=144, nelems=2, elem type=java.util.HashMap$Entry@6afa20)
	[0]		760310
OBJ 760430 (sz=24, trace=145, class=java.util.HashMap$Entry@6afa20)
	value		7604e0
	key		760520
OBJ 7603d0 (sz=24, trace=148, class=java.lang.String@6aeef0)
	value		7603b0
ARR 7603b0 (sz=72, trace=149, nelems=28, elem type=char)
OBJ 760390 (sz=16, trace=150, class=java.util.jar.Attributes$Name@7544e0)
	name		75ed90
OBJ 760310 (sz=24, trace=125, class=java.util.HashMap$Entry@6afa20)
	value		7603d0
	key		760390
OBJ 7602f0 (sz=24, trace=140, class=java.lang.String@6aeef0)
	value		7602d0
ARR 7602d0 (sz=96, trace=141, nelems=39, elem type=char)
OBJ 7602b0 (sz=16, trace=142, class=java.util.jar.Attributes@752320)
	map		760290
OBJ 760290 (sz=40, trace=143, class=java.util.HashMap@6afaf0)
	table		760270
ARR 760270 (sz=24, trace=144, nelems=2, elem type=java.util.HashMap$Entry@6afa20)
	[0]		760090
OBJ 760250 (sz=24, trace=145, class=java.util.HashMap$Entry@6afa20)
	value		7602b0
	key		7602f0
OBJ 7601f0 (sz=24, trace=148, class=java.lang.String@6aeef0)
	value		7601d0
ARR 7601d0 (sz=72, trace=149, nelems=28, elem type=char)
OBJ 7601b0 (sz=16, trace=150, class=java.util.jar.Attributes$Name@7544e0)
	name		75ed90
OBJ 760090 (sz=24, trace=125, class=java.util.HashMap$Entry@6afa20)
	value		7601f0
	key		7601b0
OBJ 760070 (sz=24, trace=140, class=java.lang.String@6aeef0)
	value		760050
ARR 760050 (sz=96, trace=141, nelems=42, elem type=char)
OBJ 760030 (sz=16, trace=142, class=java.util.jar.Attributes@752320)
	map		760010
OBJ 760010 (sz=40, trace=143, class=java.util.HashMap@6afaf0)
	table		761e70
ARR 761e70 (sz=24, trace=144, nelems=2, elem type=java.util.HashMap$Entry@6afa20)
	[0]		761d30
OBJ 761e50 (sz=24, trace=145, class=java.util.HashMap$Entry@6afa20)
	value		760030
	key		760070
OBJ 761df0 (sz=24, trace=148, class=java.lang.String@6aeef0)
	value		761dd0
ARR 761dd0 (sz=72, trace=149, nelems=28, elem type=char)
OBJ 761db0 (sz=16, trace=150, class=java.util.jar.Attributes$Name@7544e0)
	name		75ed90
OBJ 761d30 (sz=24, trace=125, class=java.util.HashMap$Entry@6afa20)
	value		761df0
	key		761db0
OBJ 761d10 (sz=24, trace=140, class=java.lang.String@6aeef0)
	value		761cf0
ARR 761cf0 (sz=96, trace=141, nelems=39, elem type=char)
OBJ 761cd0 (sz=16, trace=142, class=java.util.jar.Attributes@752320)
	map		761cb0
OBJ 761cb0 (sz=40, trace=143, class=java.util.HashMap@6afaf0)
	table		761c90
ARR 761c90 (sz=24, trace=144, nelems=2, elem type=java.util.HashMap$Entry@6afa20)
	[0]		761b50
OBJ 761c70 (sz=24, trace=145, class=java.util.HashMap$Entry@6afa20)
	next		761a90
	value		761cd0
	key		761d10
OBJ 761c10 (sz=24, trace=148, class=java.lang.String@6aeef0)
	value		761bf0
ARR 761bf0 (sz=72, trace=149, nelems=28, elem type=char)
OBJ 761bd0 (sz=16, trace=150, class=java.util.jar.Attributes$Name@7544e0)
	name		75ed90
OBJ 761b50 (sz=24, trace=125, class=java.util.HashMap$Entry@6afa20)
	value		761c10
	key		761bd0
OBJ 761b30 (sz=24, trace=140, class=java.lang.String@6aeef0)
	value		761b10
ARR 761b10 (sz=112, trace=141, nelems=48, elem type=char)
OBJ 761af0 (sz=16, trace=142, class=java.util.jar.Attributes@752320)
	map		761ad0
OBJ 761ad0 (sz=40, trace=143, class=java.util.HashMap@6afaf0)
	table		761ab0
ARR 761ab0 (sz=24, trace=144, nelems=2, elem type=java.util.HashMap$Entry@6afa20)
	[0]		761850
OBJ 761a90 (sz=24, trace=145, class=java.util.HashMap$Entry@6afa20)
	value		761af0
	key		761b30
OBJ 761910 (sz=24, trace=148, class=java.lang.String@6aeef0)
	value		7618f0
ARR 7618f0 (sz=72, trace=149, nelems=28, elem type=char)
OBJ 7618d0 (sz=16, trace=150, class=java.util.jar.Attributes$Name@7544e0)
	name		75ed90
OBJ 761850 (sz=24, trace=125, class=java.util.HashMap$Entry@6afa20)
	value		761910
	key		7618d0
OBJ 761830 (sz=24, trace=140, class=java.lang.String@6aeef0)
	value		761810
ARR 761810 (sz=104, trace=141, nelems=44, elem type=char)
OBJ 7617f0 (sz=16, trace=142, class=java.util.jar.Attributes@752320)
	map		7617d0
OBJ 7617d0 (sz=40, trace=143, class=java.util.HashMap@6afaf0)
	table		7617b0
ARR 7617b0 (sz=24, trace=144, nelems=2, elem type=java.util.HashMap$Entry@6afa20)
	[0]		761670
OBJ 761790 (sz=24, trace=145, class=java.util.HashMap$Entry@6afa20)
	value		7617f0
	key		761830
OBJ 761730 (sz=24, trace=148, class=java.lang.String@6aeef0)
	value		761710
ARR 761710 (sz=72, trace=149, nelems=28, elem type=char)
OBJ 7616f0 (sz=16, trace=150, class=java.util.jar.Attributes$Name@7544e0)
	name		75ed90
OBJ 761670 (sz=24, trace=125, class=java.util.HashMap$Entry@6afa20)
	value		761730
	key		7616f0
OBJ 761650 (sz=24, trace=140, class=java.lang.String@6aeef0)
	value		761630
ARR 761630 (sz=112, trace=141, nelems=50, elem type=char)
OBJ 761610 (sz=16, trace=142, class=java.util.jar.Attributes@752320)
	map		7615f0
OBJ 7615f0 (sz=40, trace=143, class=java.util.HashMap@6afaf0)
	table		7615d0
ARR 7615d0 (sz=24, trace=144, nelems=2, elem type=java.util.HashMap$Entry@6afa20)
	[0]		761490
OBJ 7615b0 (sz=24, trace=145, class=java.util.HashMap$Entry@6afa20)
	value		761610
	key		761650
OBJ 761550 (sz=24, trace=148, class=java.lang.String@6aeef0)
	value		761530
ARR 761530 (sz=72, trace=149, nelems=28, elem type=char)
OBJ 761510 (sz=16, trace=150, class=java.util.jar.Attributes$Name@7544e0)
	name		75ed90
OBJ 761490 (sz=24, trace=125, class=java.util.HashMap$Entry@6afa20)
	value		761550
	key		761510
OBJ 761470 (sz=24, trace=140, class=java.lang.String@6aeef0)
	value		761450
ARR 761450 (sz=88, trace=141, nelems=36, elem type=char)
OBJ 761430 (sz=16, trace=142, class=java.util.jar.Attributes@752320)
	map		761410
OBJ 761410 (sz=40, trace=143, class=java.util.HashMap@6afaf0)
	table		7613f0
ARR 7613f0 (sz=24, trace=144, nelems=2, elem type=java.util.HashMap$Entry@6afa20)
	[0]		7612b0
OBJ 7613d0 (sz=24, trace=145, class=java.util.HashMap$Entry@6afa20)
	value		761430
	key		761470
OBJ 761370 (sz=24, trace=148, class=java.lang.String@6aeef0)
	value		761350
ARR 761350 (sz=72, trace=149, nelems=28, elem type=char)
OBJ 761330 (sz=16, trace=150, class=java.util.jar.Attributes$Name@7544e0)
	name		75ed90
OBJ 7612b0 (sz=24, trace=125, class=java.util.HashMap$Entry@6afa20)
	value		761370
	key		761330
OBJ 761290 (sz=24, trace=140, class=java.lang.String@6aeef0)
	value		761270
ARR 761270 (sz=104, trace=141, nelems=43, elem type=char)
OBJ 761250 (sz=16, trace=142, class=java.util.jar.Attributes@752320)
	map		761230
OBJ 761230 (sz=40, trace=143, class=java.util.HashMap@6afaf0)
	table		761210
ARR 761210 (sz=24, trace=144, nelems=2, elem type=java.util.HashMap$Entry@6afa20)
	[0]		7610d0
OBJ 7611f0 (sz=24, trace=145, class=java.util.HashMap$Entry@6afa20)
	value		761250
	key		761290
OBJ 761190 (sz=24, trace=148, class=java.lang.String@6aeef0)
	value		761170
ARR 761170 (sz=72, trace=149, nelems=28, elem type=char)
OBJ 761150 (sz=16, trace=150, class=java.util.jar.Attributes$Name@7544e0)
	name		75ed90
OBJ 7610d0 (sz=24, trace=125, class=java.util.HashMap$Entry@6afa20)
	value		761190
	key		761150
OBJ 7610b0 (sz=24, trace=140, class=java.lang.String@6aeef0)
	value		761090
ARR 761090 (sz=88, trace=141, nelems=38, elem type=char)
OBJ 761070 (sz=16, trace=142, class=java.util.jar.Attributes@752320)
	map		761050
OBJ 761050 (sz=40, trace=143, class=java.util.HashMap@6afaf0)
	table		761030
ARR 761030 (sz=24, trace=144, nelems=2, elem type=java.util.HashMap$Entry@6afa20)
	[0]		762ee0
OBJ 761010 (sz=24, trace=145, class=java.util.HashMap$Entry@6afa20)
	value		761070
	key		7610b0
OBJ 762fa0 (sz=24, trace=148, class=java.lang.String@6aeef0)
	value		762f80
ARR 762f80 (sz=72, trace=149, nelems=28, elem type=char)
OBJ 762f60 (sz=16, trace=150, class=java.util.jar.Attributes$Name@7544e0)
	name		75ed90
OBJ 762ee0 (sz=24, trace=125, class=java.util.HashMap$Entry@6afa20)
	value		762fa0
	key		762f60
OBJ 762ec0 (sz=24, trace=140, class=java.lang.String@6aeef0)
	value		762ea0
ARR 762ea0 (sz=104, trace=141, nelems=43, elem type=char)
OBJ 762e80 (sz=16, trace=142, class=java.util.jar.Attributes@752320)
	map		762e60
OBJ 762e60 (sz=40, trace=143, class=java.util.HashMap@6afaf0)
	table		762e40
ARR 762e40 (sz=24, trace=144, nelems=2, elem type=java.util.HashMap$Entry@6afa20)
	[0]		762d00
OBJ 762e20 (sz=24, trace=145, class=java.util.HashMap$Entry@6afa20)
	next		761010
	value		762e80
	key		762ec0
OBJ 762dc0 (sz=24, trace=148, class=java.lang.String@6aeef0)
	value		762da0
ARR 762da0 (sz=72, trace=149, nelems=28, elem type=char)
OBJ 762d80 (sz=16, trace=150, class=java.util.jar.Attributes$Name@7544e0)
	name		75ed90
OBJ 762d00 (sz=24, trace=125, class=java.util.HashMap$Entry@6afa20)
	value		762dc0
	key		762d80
OBJ 762ce0 (sz=24, trace=140, class=java.lang.String@6aeef0)
	value		762cc0
ARR 762cc0 (sz=88, trace=141, nelems=38, elem type=char)
OBJ 762ca0 (sz=16, trace=142, class=java.util.jar.Attributes@752320)
	map		762c80
OBJ 762c80 (sz=40, trace=143, class=java.util.HashMap@6afaf0)
	table		762c60
ARR 762c60 (sz=24, trace=144, nelems=2, elem type=java.util.HashMap$Entry@6afa20)
	[0]		762b20
OBJ 762c40 (sz=24, trace=145, class=java.util.HashMap$Entry@6afa20)
	value		762ca0
	key		762ce0
OBJ 762be0 (sz=24, trace=148, class=java.lang.String@6aeef0)
	value		762bc0
ARR 762bc0 (sz=72, trace=149, nelems=28, elem type=char)
OBJ 762ba0 (sz=16, trace=150, class=java.util.jar.Attributes$Name@7544e0)
	name		75ed90
OBJ 762b20 (sz=24, trace=125, class=java.util.HashMap$Entry@6afa20)
	value		762be0
	key		762ba0
OBJ 762b00 (sz=24, trace=140, class=java.lang.String@6aeef0)
	value		762ae0
ARR 762ae0 (sz=88, trace=141, nelems=38, elem type=char)
OBJ 762ac0 (sz=16, trace=142, class=java.util.jar.Attributes@752320)
	map		762aa0
OBJ 762aa0 (sz=40, trace=143, class=java.util.HashMap@6afaf0)
	table		762a80
ARR 762a80 (sz=24, trace=144, nelems=2, elem type=java.util.HashMap$Entry@6afa20)
	[0]		762920
OBJ 762a60 (sz=24, trace=145, class=java.util.HashMap$Entry@6afa20)
	value		762ac0
	key		762b00
OBJ 7629e0 (sz=24, trace=148, class=java.lang.String@6aeef0)
	value		7629c0
ARR 7629c0 (sz=72, trace=149, nelems=28, elem type=char)
OBJ 7629a0 (sz=16, trace=150, class=java.util.jar.Attributes$Name@7544e0)
	name		75ed90
OBJ 762920 (sz=24, trace=125, class=java.util.HashMap$Entry@6afa20)
	value		7629e0
	key		7629a0
OBJ 762900 (sz=24, trace=140, class=java.lang.String@6aeef0)
	value		7628e0
ARR 7628e0 (sz=88, trace=141, nelems=38, elem type=char)
OBJ 7628c0 (sz=16, trace=142, class=java.util.jar.Attributes@752320)
	map		7628a0
OBJ 7628a0 (sz=40, trace=143, class=java.util.HashMap@6afaf0)
	table		762880
ARR 762880 (sz=24, trace=144, nelems=2, elem type=java.util.HashMap$Entry@6afa20)
	[0]		762740
OBJ 762860 (sz=24, trace=145, class=java.util.HashMap$Entry@6afa20)
	next		762680
	value		7628c0
	key		762900
OBJ 762800 (sz=24, trace=148, class=java.lang.String@6aeef0)
	value		7627e0
ARR 7627e0 (sz=72, trace=149, nelems=28, elem type=char)
OBJ 7627c0 (sz=16, trace=150, class=java.util.jar.Attributes$Name@7544e0)
	name		75ed90
OBJ 762740 (sz=24, trace=125, class=java.util.HashMap$Entry@6afa20)
	value		762800
	key		7627c0
OBJ 762720 (sz=24, trace=140, class=java.lang.String@6aeef0)
	value		762700
ARR 762700 (sz=88, trace=141, nelems=37, elem type=char)
OBJ 7626e0 (sz=16, trace=142, class=java.util.jar.Attributes@752320)
	map		7626c0
OBJ 7626c0 (sz=40, trace=143, class=java.util.HashMap@6afaf0)
	table		7626a0
ARR 7626a0 (sz=24, trace=144, nelems=2, elem type=java.util.HashMap$Entry@6afa20)
	[0]		762560
OBJ 762680 (sz=24, trace=145, class=java.util.HashMap$Entry@6afa20)
	value		7626e0
	key		762720
OBJ 762620 (sz=24, trace=148, class=java.lang.String@6aeef0)
	value		762600
ARR 762600 (sz=72, trace=149, nelems=28, elem type=char)
OBJ 7625e0 (sz=16, trace=150, class=java.util.jar.Attributes$Name@7544e0)
	name		75ed90
OBJ 762560 (sz=24, trace=125, class=java.util.HashMap$Entry@6afa20)
	value		762620
	key		7625e0
OBJ 762540 (sz=24, trace=140, class=java.lang.String@6aeef0)
	value		762520
ARR 762520 (sz=88, trace=141, nelems=38, elem type=char)
OBJ 762500 (sz=16, trace=142, class=java.util.jar.Attributes@752320)
	map		7624e0
OBJ 7624e0 (sz=40, trace=143, class=java.util.HashMap@6afaf0)
	table		7624c0
ARR 7624c0 (sz=24, trace=144, nelems=2, elem type=java.util.HashMap$Entry@6afa20)
	[0]		762380
OBJ 7624a0 (sz=24, trace=145, class=java.util.HashMap$Entry@6afa20)
	value		762500
	key		762540
OBJ 762440 (sz=24, trace=148, class=java.lang.String@6aeef0)
	value		762420
ARR 762420 (sz=72, trace=149, nelems=28, elem type=char)
OBJ 762400 (sz=16, trace=150, class=java.util.jar.Attributes$Name@7544e0)
	name		75ed90
OBJ 762380 (sz=24, trace=125, class=java.util.HashMap$Entry@6afa20)
	value		762440
	key		762400
OBJ 762360 (sz=24, trace=140, class=java.lang.String@6aeef0)
	value		762340
ARR 762340 (sz=88, trace=141, nelems=38, elem type=char)
OBJ 762320 (sz=16, trace=142, class=java.util.jar.Attributes@752320)
	map		762300
OBJ 762300 (sz=40, trace=143, class=java.util.HashMap@6afaf0)
	table		7622e0
ARR 7622e0 (sz=24, trace=144, nelems=2, elem type=java.util.HashMap$Entry@6afa20)
	[0]		7621a0
OBJ 7622c0 (sz=24, trace=145, class=java.util.HashMap$Entry@6afa20)
	value		762320
	key		762360
OBJ 762260 (sz=24, trace=148, class=java.lang.String@6aeef0)
	value		762240
ARR 762240 (sz=72, trace=149, nelems=28, elem type=char)
OBJ 762220 (sz=16, trace=150, class=java.util.jar.Attributes$Name@7544e0)
	name		75ed90
OBJ 7621a0 (sz=24, trace=125, class=java.util.HashMap$Entry@6afa20)
	value		762260
	key		762220
OBJ 762180 (sz=24, trace=140, class=java.lang.String@6aeef0)
	value		762160
ARR 762160 (sz=88, trace=141, nelems=38, elem type=char)
OBJ 762140 (sz=16, trace=142, class=java.util.jar.Attributes@752320)
	map		762120
OBJ 762120 (sz=40, trace=143, class=java.util.HashMap@6afaf0)
	table		762100
ARR 762100 (sz=24, trace=144, nelems=2, elem type=java.util.HashMap$Entry@6afa20)
	[0]		763fa0
OBJ 7620e0 (sz=24, trace=145, class=java.util.HashMap$Entry@6afa20)
	value		762140
	key		762180
OBJ 762080 (sz=24, trace=148, class=java.lang.String@6aeef0)
	value		762060
ARR 762060 (sz=72, trace=149, nelems=28, elem type=char)
OBJ 762040 (sz=16, trace=150, class=java.util.jar.Attributes$Name@7544e0)
	name		75ed90
OBJ 763fa0 (sz=24, trace=125, class=java.util.HashMap$Entry@6afa20)
	value		762080
	key		762040
OBJ 763f80 (sz=24, trace=140, class=java.lang.String@6aeef0)
	value		763f60
ARR 763f60 (sz=128, trace=141, nelems=58, elem type=char)
OBJ 763f40 (sz=16, trace=142, class=java.util.jar.Attributes@752320)
	map		763f20
OBJ 763f20 (sz=40, trace=143, class=java.util.HashMap@6afaf0)
	table		763f00
ARR 763f00 (sz=24, trace=144, nelems=2, elem type=java.util.HashMap$Entry@6afa20)
	[0]		763dc0
OBJ 763ee0 (sz=24, trace=145, class=java.util.HashMap$Entry@6afa20)
	next		763d00
	value		763f40
	key		763f80
OBJ 763e80 (sz=24, trace=148, class=java.lang.String@6aeef0)
	value		763e60
ARR 763e60 (sz=72, trace=149, nelems=28, elem type=char)
OBJ 763e40 (sz=16, trace=150, class=java.util.jar.Attributes$Name@7544e0)
	name		75ed90
OBJ 763dc0 (sz=24, trace=125, class=java.util.HashMap$Entry@6afa20)
	value		763e80
	key		763e40
OBJ 763da0 (sz=24, trace=140, class=java.lang.String@6aeef0)
	value		763d80
ARR 763d80 (sz=88, trace=141, nelems=38, elem type=char)
OBJ 763d60 (sz=16, trace=142, class=java.util.jar.Attributes@752320)
	map		763d40
OBJ 763d40 (sz=40, trace=143, class=java.util.HashMap@6afaf0)
	table		763d20
ARR 763d20 (sz=24, trace=144, nelems=2, elem type=java.util.HashMap$Entry@6afa20)
	[0]		763be0
OBJ 763d00 (sz=24, trace=145, class=java.util.HashMap$Entry@6afa20)
	value		763d60
	key		763da0
OBJ 763ca0 (sz=24, trace=148, class=java.lang.String@6aeef0)
	value		763c80
ARR 763c80 (sz=72, trace=149, nelems=28, elem type=char)
OBJ 763c60 (sz=16, trace=150, class=java.util.jar.Attributes$Name@7544e0)
	name		75ed90
OBJ 763be0 (sz=24, trace=125, class=java.util.HashMap$Entry@6afa20)
	value		763ca0
	key		763c60
OBJ 763bc0 (sz=24, trace=140, class=java.lang.String@6aeef0)
	value		763ba0
ARR 763ba0 (sz=88, trace=141, nelems=38, elem type=char)
OBJ 763b80 (sz=16, trace=142, class=java.util.jar.Attributes@752320)
	map		763b60
OBJ 763b60 (sz=40, trace=143, class=java.util.HashMap@6afaf0)
	table		763b40
ARR 763b40 (sz=24, trace=144, nelems=2, elem type=java.util.HashMap$Entry@6afa20)
	[0]		763a00
OBJ 763b20 (sz=24, trace=145, class=java.util.HashMap$Entry@6afa20)
	value		763b80
	key		763bc0
OBJ 763ac0 (sz=24, trace=148, class=java.lang.String@6aeef0)
	value		763aa0
ARR 763aa0 (sz=72, trace=149, nelems=28, elem type=char)
OBJ 763a80 (sz=16, trace=150, class=java.util.jar.Attributes$Name@7544e0)
	name		75ed90
OBJ 763a00 (sz=24, trace=125, class=java.util.HashMap$Entry@6afa20)
	value		763ac0
	key		763a80
OBJ 7639e0 (sz=24, trace=140, class=java.lang.String@6aeef0)
	value		7639c0
ARR 7639c0 (sz=120, trace=141, nelems=52, elem type=char)
OBJ 7639a0 (sz=16, trace=142, class=java.util.jar.Attributes@752320)
	map		763980
OBJ 763980 (sz=40, trace=143, class=java.util.HashMap@6afaf0)
	table		763960
ARR 763960 (sz=24, trace=144, nelems=2, elem type=java.util.HashMap$Entry@6afa20)
	[0]		763820
OBJ 763940 (sz=24, trace=145, class=java.util.HashMap$Entry@6afa20)
	next		763760
	value		7639a0
	key		7639e0
OBJ 7638e0 (sz=24, trace=148, class=java.lang.String@6aeef0)
	value		7638c0
ARR 7638c0 (sz=72, trace=149, nelems=28, elem type=char)
OBJ 7638a0 (sz=16, trace=150, class=java.util.jar.Attributes$Name@7544e0)
	name		75ed90
OBJ 763820 (sz=24, trace=125, class=java.util.HashMap$Entry@6afa20)
	value		7638e0
	key		7638a0
OBJ 763800 (sz=24, trace=140, class=java.lang.String@6aeef0)
	value		7637e0
ARR 7637e0 (sz=88, trace=141, nelems=38, elem type=char)
OBJ 7637c0 (sz=16, trace=142, class=java.util.jar.Attributes@752320)
	map		7637a0
OBJ 7637a0 (sz=40, trace=143, class=java.util.HashMap@6afaf0)
	table		763780
ARR 763780 (sz=24, trace=144, nelems=2, elem type=java.util.HashMap$Entry@6afa20)
	[0]		763640
OBJ 763760 (sz=24, trace=145, class=java.util.HashMap$Entry@6afa20)
	value		7637c0
	key		763800
OBJ 763700 (sz=24, trace=148, class=java.lang.String@6aeef0)
	value		7636e0
ARR 7636e0 (sz=72, trace=149, nelems=28, elem type=char)
OBJ 7636c0 (sz=16, trace=150, class=java.util.jar.Attributes$Name@7544e0)
	name		75ed90
OBJ 763640 (sz=24, trace=125, class=java.util.HashMap$Entry@6afa20)
	value		763700
	key		7636c0
OBJ 763620 (sz=24, trace=140, class=java.lang.String@6aeef0)
	value		763600
ARR 763600 (sz=96, trace=141, nelems=39, elem type=char)
OBJ 7635e0 (sz=16, trace=142, class=java.util.jar.Attributes@752320)
	map		7635c0
OBJ 7635c0 (sz=40, trace=143, class=java.util.HashMap@6afaf0)
	table		7635a0
ARR 7635a0 (sz=24, trace=144, nelems=2, elem type=java.util.HashMap$Entry@6afa20)
	[0]		763460
OBJ 763580 (sz=24, trace=145, class=java.util.HashMap$Entry@6afa20)
	next		7633a0
	value		7635e0
	key		763620
OBJ 763520 (sz=24, trace=148, class=java.lang.String@6aeef0)
	value		763500
ARR 763500 (sz=72, trace=149, nelems=28, elem type=char)
OBJ 7634e0 (sz=16, trace=150, class=java.util.jar.Attributes$Name@7544e0)
	name		75ed90
OBJ 763460 (sz=24, trace=125, class=java.util.HashMap$Entry@6afa20)
	value		763520
	key		7634e0
OBJ 763440 (sz=24, trace=140, class=java.lang.String@6aeef0)
	value		763420
ARR 763420 (sz=88, trace=141, nelems=38, elem type=char)
OBJ 763400 (sz=16, trace=142, class=java.util.jar.Attributes@752320)
	map		7633e0
OBJ 7633e0 (sz=40, trace=143, class=java.util.HashMap@6afaf0)
	table		7633c0
ARR 7633c0 (sz=24, trace=144, nelems=2, elem type=java.util.HashMap$Entry@6afa20)
	[0]		763280
OBJ 7633a0 (sz=24, trace=145, class=java.util.HashMap$Entry@6afa20)
	value		763400
	key		763440
OBJ 763340 (sz=24, trace=148, class=java.lang.String@6aeef0)
	value		763320
ARR 763320 (sz=72, trace=149, nelems=28, elem type=char)
OBJ 763300 (sz=16, trace=150, class=java.util.jar.Attributes$Name@7544e0)
	name		75ed90
OBJ 763280 (sz=24, trace=125, class=java.util.HashMap$Entry@6afa20)
	value		763340
	key		763300
OBJ 763260 (sz=24, trace=140, class=java.lang.String@6aeef0)
	value		763240
ARR 763240 (sz=88, trace=141, nelems=38, elem type=char)
OBJ 763220 (sz=16, trace=142, class=java.util.jar.Attributes@752320)
	map		763200
OBJ 763200 (sz=40, trace=143, class=java.util.HashMap@6afaf0)
	table		7631e0
ARR 7631e0 (sz=24, trace=144, nelems=2, elem type=java.util.HashMap$Entry@6afa20)
	[0]		7630a0
OBJ 7631c0 (sz=24, trace=145, class=java.util.HashMap$Entry@6afa20)
	value		763220
	key		763260
OBJ 763160 (sz=24, trace=148, class=java.lang.String@6aeef0)
	value		763140
ARR 763140 (sz=72, trace=149, nelems=28, elem type=char)
OBJ 763120 (sz=16, trace=150, class=java.util.jar.Attributes$Name@7544e0)
	name		75ed90
OBJ 7630a0 (sz=24, trace=125, class=java.util.HashMap$Entry@6afa20)
	value		763160
	key		763120
OBJ 763080 (sz=24, trace=140, class=java.lang.String@6aeef0)
	value		763060
ARR 763060 (sz=88, trace=141, nelems=38, elem type=char)
OBJ 763040 (sz=16, trace=142, class=java.util.jar.Attributes@752320)
	map		763020
OBJ 763020 (sz=40, trace=143, class=java.util.HashMap@6afaf0)
	table		764fe0
ARR 764fe0 (sz=24, trace=144, nelems=2, elem type=java.util.HashMap$Entry@6afa20)
	[0]		764ea0
OBJ 764fc0 (sz=24, trace=145, class=java.util.HashMap$Entry@6afa20)
	value		763040
	key		763080
OBJ 764f60 (sz=24, trace=148, class=java.lang.String@6aeef0)
	value		764f40
ARR 764f40 (sz=72, trace=149, nelems=28, elem type=char)
OBJ 764f20 (sz=16, trace=150, class=java.util.jar.Attributes$Name@7544e0)
	name		75ed90
OBJ 764ea0 (sz=24, trace=125, class=java.util.HashMap$Entry@6afa20)
	value		764f60
	key		764f20
OBJ 764e80 (sz=24, trace=140, class=java.lang.String@6aeef0)
	value		764e60
ARR 764e60 (sz=104, trace=141, nelems=45, elem type=char)
OBJ 764e40 (sz=16, trace=142, class=java.util.jar.Attributes@752320)
	map		764e20
OBJ 764e20 (sz=40, trace=143, class=java.util.HashMap@6afaf0)
	table		764e00
ARR 764e00 (sz=24, trace=144, nelems=2, elem type=java.util.HashMap$Entry@6afa20)
	[0]		764cc0
OBJ 764de0 (sz=24, trace=145, class=java.util.HashMap$Entry@6afa20)
	value		764e40
	key		764e80
OBJ 764d80 (sz=24, trace=148, class=java.lang.String@6aeef0)
	value		764d60
ARR 764d60 (sz=72, trace=149, nelems=28, elem type=char)
OBJ 764d40 (sz=16, trace=150, class=java.util.jar.Attributes$Name@7544e0)
	name		75ed90
OBJ 764cc0 (sz=24, trace=125, class=java.util.HashMap$Entry@6afa20)
	value		764d80
	key		764d40
OBJ 764ca0 (sz=24, trace=140, class=java.lang.String@6aeef0)
	value		764c80
ARR 764c80 (sz=88, trace=141, nelems=38, elem type=char)
OBJ 764c60 (sz=16, trace=142, class=java.util.jar.Attributes@752320)
	map		764c40
OBJ 764c40 (sz=40, trace=143, class=java.util.HashMap@6afaf0)
	table		764c20
ARR 764c20 (sz=24, trace=144, nelems=2, elem type=java.util.HashMap$Entry@6afa20)
	[0]		764ae0
OBJ 764c00 (sz=24, trace=145, class=java.util.HashMap$Entry@6afa20)
	value		764c60
	key		764ca0
OBJ 764ba0 (sz=24, trace=148, class=java.lang.String@6aeef0)
	value		764b80
ARR 764b80 (sz=72, trace=149, nelems=28, elem type=char)
OBJ 764b60 (sz=16, trace=150, class=java.util.jar.Attributes$Name@7544e0)
	name		75ed90
OBJ 764ae0 (sz=24, trace=125, class=java.util.HashMap$Entry@6afa20)
	value		764ba0
	key		764b60
OBJ 764ac0 (sz=24, trace=140, class=java.lang.String@6aeef0)
	value		764aa0
ARR 764aa0 (sz=96, trace=141, nelems=39, elem type=char)
OBJ 764a80 (sz=16, trace=142, class=java.util.jar.Attributes@752320)
	map		764a60
OBJ 764a60 (sz=40, trace=143, class=java.util.HashMap@6afaf0)
	table		764a40
ARR 764a40 (sz=24, trace=144, nelems=2, elem type=java.util.HashMap$Entry@6afa20)
	[0]		764900
OBJ 764a20 (sz=24, trace=145, class=java.util.HashMap$Entry@6afa20)
	value		764a80
	key		764ac0
OBJ 7649c0 (sz=24, trace=148, class=java.lang.String@6aeef0)
	value		7649a0
ARR 7649a0 (sz=72, trace=149, nelems=28, elem type=char)
OBJ 764980 (sz=16, trace=150, class=java.util.jar.Attributes$Name@7544e0)
	name		75ed90
OBJ 764900 (sz=24, trace=125, class=java.util.HashMap$Entry@6afa20)
	value		7649c0
	key		764980
OBJ 7648e0 (sz=24, trace=140, class=java.lang.String@6aeef0)
	value		7648c0
ARR 7648c0 (sz=96, trace=141, nelems=39, elem type=char)
OBJ 7648a0 (sz=16, trace=142, class=java.util.jar.Attributes@752320)
	map		764880
OBJ 764880 (sz=40, trace=143, class=java.util.HashMap@6afaf0)
	table		764860
ARR 764860 (sz=24, trace=144, nelems=2, elem type=java.util.HashMap$Entry@6afa20)
	[0]		764720
OBJ 764840 (sz=24, trace=145, class=java.util.HashMap$Entry@6afa20)
	value		7648a0
	key		7648e0
OBJ 7647e0 (sz=24, trace=148, class=java.lang.String@6aeef0)
	value		7647c0
ARR 7647c0 (sz=72, trace=149, nelems=28, elem type=char)
OBJ 7647a0 (sz=16, trace=150, class=java.util.jar.Attributes$Name@7544e0)
	name		75ed90
OBJ 764720 (sz=24, trace=125, class=java.util.HashMap$Entry@6afa20)
	value		7647e0
	key		7647a0
OBJ 764700 (sz=24, trace=140, class=java.lang.String@6aeef0)
	value		7646e0
ARR 7646e0 (sz=96, trace=141, nelems=39, elem type=char)
OBJ 7646c0 (sz=16, trace=142, class=java.util.jar.Attributes@752320)
	map		7646a0
OBJ 7646a0 (sz=40, trace=143, class=java.util.HashMap@6afaf0)
	table		764680
ARR 764680 (sz=24, trace=144, nelems=2, elem type=java.util.HashMap$Entry@6afa20)
	[0]		764540
OBJ 764660 (sz=24, trace=145, class=java.util.HashMap$Entry@6afa20)
	value		7646c0
	key		764700
OBJ 764600 (sz=24, trace=148, class=java.lang.String@6aeef0)
	value		7645e0
ARR 7645e0 (sz=72, trace=149, nelems=28, elem type=char)
OBJ 7645c0 (sz=16, trace=150, class=java.util.jar.Attributes$Name@7544e0)
	name		75ed90
OBJ 764540 (sz=24, trace=125, class=java.util.HashMap$Entry@6afa20)
	value		764600
	key		7645c0
OBJ 764520 (sz=24, trace=140, class=java.lang.String@6aeef0)
	value		764500
ARR 764500 (sz=104, trace=141, nelems=43, elem type=char)
OBJ 7644e0 (sz=16, trace=142, class=java.util.jar.Attributes@752320)
	map		7644c0
OBJ 7644c0 (sz=40, trace=143, class=java.util.HashMap@6afaf0)
	table		7644a0
ARR 7644a0 (sz=24, trace=144, nelems=2, elem type=java.util.HashMap$Entry@6afa20)
	[0]		764360
OBJ 764480 (sz=24, trace=145, class=java.util.HashMap$Entry@6afa20)
	value		7644e0
	key		764520
OBJ 764420 (sz=24, trace=148, class=java.lang.String@6aeef0)
	value		764400
ARR 764400 (sz=72, trace=149, nelems=28, elem type=char)
OBJ 7643e0 (sz=16, trace=150, class=java.util.jar.Attributes$Name@7544e0)
	name		75ed90
OBJ 764360 (sz=24, trace=125, class=java.util.HashMap$Entry@6afa20)
	value		764420
	key		7643e0
OBJ 764340 (sz=24, trace=140, class=java.lang.String@6aeef0)
	value		764320
ARR 764320 (sz=104, trace=141, nelems=43, elem type=char)
OBJ 764300 (sz=16, trace=142, class=java.util.jar.Attributes@752320)
	map		7642e0
OBJ 7642e0 (sz=40, trace=143, class=java.util.HashMap@6afaf0)
	table		7642c0
ARR 7642c0 (sz=24, trace=144, nelems=2, elem type=java.util.HashMap$Entry@6afa20)
	[0]		764180
OBJ 7642a0 (sz=24, trace=145, class=java.util.HashMap$Entry@6afa20)
	value		764300
	key		764340
OBJ 764240 (sz=24, trace=148, class=java.lang.String@6aeef0)
	value		764220
ARR 764220 (sz=72, trace=149, nelems=28, elem type=char)
OBJ 764200 (sz=16, trace=150, class=java.util.jar.Attributes$Name@7544e0)
	name		75ed90
OBJ 764180 (sz=24, trace=125, class=java.util.HashMap$Entry@6afa20)
	value		764240
	key		764200
OBJ 764160 (sz=24, trace=140, class=java.lang.String@6aeef0)
	value		764140
ARR 764140 (sz=96, trace=141, nelems=42, elem type=char)
OBJ 764120 (sz=16, trace=142, class=java.util.jar.Attributes@752320)
	map		764100
OBJ 764100 (sz=40, trace=143, class=java.util.HashMap@6afaf0)
	table		7640e0
ARR 7640e0 (sz=24, trace=144, nelems=2, elem type=java.util.HashMap$Entry@6afa20)
	[0]		765f80
OBJ 7640c0 (sz=24, trace=145, class=java.util.HashMap$Entry@6afa20)
	next		765ec0
	value		764120
	key		764160
OBJ 764060 (sz=24, trace=148, class=java.lang.String@6aeef0)
	value		764040
ARR 764040 (sz=72, trace=149, nelems=28, elem type=char)
OBJ 764020 (sz=16, trace=150, class=java.util.jar.Attributes$Name@7544e0)
	name		75ed90
OBJ 765f80 (sz=24, trace=125, class=java.util.HashMap$Entry@6afa20)
	value		764060
	key		764020
OBJ 765f60 (sz=24, trace=140, class=java.lang.String@6aeef0)
	value		765f40
ARR 765f40 (sz=104, trace=141, nelems=44, elem type=char)
OBJ 765f20 (sz=16, trace=142, class=java.util.jar.Attributes@752320)
	map		765f00
OBJ 765f00 (sz=40, trace=143, class=java.util.HashMap@6afaf0)
	table		765ee0
ARR 765ee0 (sz=24, trace=144, nelems=2, elem type=java.util.HashMap$Entry@6afa20)
	[0]		765da0
OBJ 765ec0 (sz=24, trace=145, class=java.util.HashMap$Entry@6afa20)
	value		765f20
	key		765f60
OBJ 765e60 (sz=24, trace=148, class=java.lang.String@6aeef0)
	value		765e40
ARR 765e40 (sz=72, trace=149, nelems=28, elem type=char)
OBJ 765e20 (sz=16, trace=150, class=java.util.jar.Attributes$Name@7544e0)
	name		75ed90
OBJ 765da0 (sz=24, trace=125, class=java.util.HashMap$Entry@6afa20)
	value		765e60
	key		765e20
OBJ 765d80 (sz=24, trace=140, class=java.lang.String@6aeef0)
	value		765d60
ARR 765d60 (sz=96, trace=141, nelems=42, elem type=char)
OBJ 765d40 (sz=16, trace=142, class=java.util.jar.Attributes@752320)
	map		765d20
OBJ 765d20 (sz=40, trace=143, class=java.util.HashMap@6afaf0)
	table		765d00
ARR 765d00 (sz=24, trace=144, nelems=2, elem type=java.util.HashMap$Entry@6afa20)
	[0]		765ba0
OBJ 765ce0 (sz=24, trace=145, class=java.util.HashMap$Entry@6afa20)
	value		765d40
	key		765d80
ARR 765cc0 (sz=528, trace=153, nelems=128, elem type=java.util.HashMap$Entry@6afa20)
	[1]		766260
	[3]		766440
	[5]		766620
	[6]		766800
	[9]		7669e0
	[10]		766da0
	[11]		765180
	[19]		765540
	[20]		765720
	[23]		765900
	[24]		765ae0
	[25]		765ce0
	[26]		7640c0
	[37]		7642a0
	[38]		764480
	[40]		764660
	[42]		764840
	[44]		764a20
	[46]		764c00
	[47]		764de0
	[48]		764fc0
	[50]		7631c0
	[52]		763580
	[54]		763940
	[55]		763b20
	[56]		763ee0
	[58]		7620e0
	[60]		7622c0
	[62]		7624a0
	[64]		762860
	[66]		762a60
	[68]		762c40
	[70]		762e20
	[71]		7611f0
	[75]		7613d0
	[89]		7615b0
	[96]		761790
	[105]		761c70
	[106]		761e50
	[107]		760250
	[111]		760430
	[113]		760660
	[115]		760c20
	[117]		760e00
	[119]		75f2d0
	[121]		75f4b0
	[123]		75f870
	[125]		75fa50
	[127]		75d1f0
OBJ 765c60 (sz=24, trace=148, class=java.lang.String@6aeef0)
	value		765c40
ARR 765c40 (sz=72, trace=149, nelems=28, elem type=char)
OBJ 765c20 (sz=16, trace=150, class=java.util.jar.Attributes$Name@7544e0)
	name		75ed90
OBJ 765ba0 (sz=24, trace=125, class=java.util.HashMap$Entry@6afa20)
	value		765c60
	key		765c20
OBJ 765b80 (sz=24, trace=140, class=java.lang.String@6aeef0)
	value		765b60
ARR 765b60 (sz=88, trace=141, nelems=36, elem type=char)
OBJ 765b40 (sz=16, trace=142, class=java.util.jar.Attributes@752320)
	map		765b20
OBJ 765b20 (sz=40, trace=143, class=java.util.HashMap@6afaf0)
	table		765b00
ARR 765b00 (sz=24, trace=144, nelems=2, elem type=java.util.HashMap$Entry@6afa20)
	[0]		7659c0
OBJ 765ae0 (sz=24, trace=145, class=java.util.HashMap$Entry@6afa20)
	value		765b40
	key		765b80
OBJ 765a80 (sz=24, trace=148, class=java.lang.String@6aeef0)
	value		765a60
ARR 765a60 (sz=72, trace=149, nelems=28, elem type=char)
OBJ 765a40 (sz=16, trace=150, class=java.util.jar.Attributes$Name@7544e0)
	name		75ed90
OBJ 7659c0 (sz=24, trace=125, class=java.util.HashMap$Entry@6afa20)
	value		765a80
	key		765a40
OBJ 7659a0 (sz=24, trace=140, class=java.lang.String@6aeef0)
	value		765980
ARR 765980 (sz=88, trace=141, nelems=36, elem type=char)
OBJ 765960 (sz=16, trace=142, class=java.util.jar.Attributes@752320)
	map		765940
OBJ 765940 (sz=40, trace=143, class=java.util.HashMap@6afaf0)
	table		765920
ARR 765920 (sz=24, trace=144, nelems=2, elem type=java.util.HashMap$Entry@6afa20)
	[0]		7657e0
OBJ 765900 (sz=24, trace=145, class=java.util.HashMap$Entry@6afa20)
	value		765960
	key		7659a0
OBJ 7658a0 (sz=24, trace=148, class=java.lang.String@6aeef0)
	value		765880
ARR 765880 (sz=72, trace=149, nelems=28, elem type=char)
OBJ 765860 (sz=16, trace=150, class=java.util.jar.Attributes$Name@7544e0)
	name		75ed90
OBJ 7657e0 (sz=24, trace=125, class=java.util.HashMap$Entry@6afa20)
	value		7658a0
	key		765860
OBJ 7657c0 (sz=24, trace=140, class=java.lang.String@6aeef0)
	value		7657a0
ARR 7657a0 (sz=112, trace=141, nelems=49, elem type=char)
OBJ 765780 (sz=16, trace=142, class=java.util.jar.Attributes@752320)
	map		765760
OBJ 765760 (sz=40, trace=143, class=java.util.HashMap@6afaf0)
	table		765740
ARR 765740 (sz=24, trace=144, nelems=2, elem type=java.util.HashMap$Entry@6afa20)
	[0]		765600
OBJ 765720 (sz=24, trace=145, class=java.util.HashMap$Entry@6afa20)
	value		765780
	key		7657c0
OBJ 7656c0 (sz=24, trace=148, class=java.lang.String@6aeef0)
	value		7656a0
ARR 7656a0 (sz=72, trace=149, nelems=28, elem type=char)
OBJ 765680 (sz=16, trace=150, class=java.util.jar.Attributes$Name@7544e0)
	name		75ed90
OBJ 765600 (sz=24, trace=125, class=java.util.HashMap$Entry@6afa20)
	value		7656c0
	key		765680
OBJ 7655e0 (sz=24, trace=140, class=java.lang.String@6aeef0)
	value		7655c0
ARR 7655c0 (sz=112, trace=141, nelems=48, elem type=char)
OBJ 7655a0 (sz=16, trace=142, class=java.util.jar.Attributes@752320)
	map		765580
OBJ 765580 (sz=40, trace=143, class=java.util.HashMap@6afaf0)
	table		765560
ARR 765560 (sz=24, trace=144, nelems=2, elem type=java.util.HashMap$Entry@6afa20)
	[0]		765420
OBJ 765540 (sz=24, trace=145, class=java.util.HashMap$Entry@6afa20)
	value		7655a0
	key		7655e0
OBJ 7654e0 (sz=24, trace=148, class=java.lang.String@6aeef0)
	value		7654c0
ARR 7654c0 (sz=72, trace=149, nelems=28, elem type=char)
OBJ 7654a0 (sz=16, trace=150, class=java.util.jar.Attributes$Name@7544e0)
	name		75ed90
OBJ 765420 (sz=24, trace=125, class=java.util.HashMap$Entry@6afa20)
	value		7654e0
	key		7654a0
OBJ 765400 (sz=24, trace=140, class=java.lang.String@6aeef0)
	value		7653e0
ARR 7653e0 (sz=112, trace=141, nelems=50, elem type=char)
OBJ 7653c0 (sz=16, trace=142, class=java.util.jar.Attributes@752320)
	map		7653a0
OBJ 7653a0 (sz=40, trace=143, class=java.util.HashMap@6afaf0)
	table		765380
ARR 765380 (sz=24, trace=144, nelems=2, elem type=java.util.HashMap$Entry@6afa20)
	[0]		765240
OBJ 765360 (sz=24, trace=145, class=java.util.HashMap$Entry@6afa20)
	value		7653c0
	key		765400
OBJ 765300 (sz=24, trace=148, class=java.lang.String@6aeef0)
	value		7652e0
ARR 7652e0 (sz=72, trace=149, nelems=28, elem type=char)
OBJ 7652c0 (sz=16, trace=150, class=java.util.jar.Attributes$Name@7544e0)
	name		75ed90
OBJ 765240 (sz=24, trace=125, class=java.util.HashMap$Entry@6afa20)
	value		765300
	key		7652c0
OBJ 765220 (sz=24, trace=140, class=java.lang.String@6aeef0)
	value		765200
ARR 765200 (sz=96, trace=141, nelems=42, elem type=char)
OBJ 7651e0 (sz=16, trace=142, class=java.util.jar.Attributes@752320)
	map		7651c0
OBJ 7651c0 (sz=40, trace=143, class=java.util.HashMap@6afaf0)
	table		7651a0
ARR 7651a0 (sz=24, trace=144, nelems=2, elem type=java.util.HashMap$Entry@6afa20)
	[0]		765060
OBJ 765180 (sz=24, trace=145, class=java.util.HashMap$Entry@6afa20)
	next		765360
	value		7651e0
	key		765220
OBJ 765120 (sz=24, trace=148, class=java.lang.String@6aeef0)
	value		765100
ARR 765100 (sz=72, trace=149, nelems=28, elem type=char)
OBJ 7650e0 (sz=16, trace=150, class=java.util.jar.Attributes$Name@7544e0)
	name		75ed90
OBJ 765060 (sz=24, trace=125, class=java.util.HashMap$Entry@6afa20)
	value		765120
	key		7650e0
OBJ 765040 (sz=24, trace=140, class=java.lang.String@6aeef0)
	value		765020
ARR 765020 (sz=104, trace=141, nelems=46, elem type=char)
OBJ 766fe0 (sz=16, trace=142, class=java.util.jar.Attributes@752320)
	map		766fc0
OBJ 766fc0 (sz=40, trace=143, class=java.util.HashMap@6afaf0)
	table		766fa0
ARR 766fa0 (sz=24, trace=144, nelems=2, elem type=java.util.HashMap$Entry@6afa20)
	[0]		766e60
OBJ 766f80 (sz=24, trace=145, class=java.util.HashMap$Entry@6afa20)
	value		766fe0
	key		765040
OBJ 766f20 (sz=24, trace=148, class=java.lang.String@6aeef0)
	value		766f00
ARR 766f00 (sz=72, trace=149, nelems=28, elem type=char)
OBJ 766ee0 (sz=16, trace=150, class=java.util.jar.Attributes$Name@7544e0)
	name		75ed90
OBJ 766e60 (sz=24, trace=125, class=java.util.HashMap$Entry@6afa20)
	value		766f20
	key		766ee0
OBJ 766e40 (sz=24, trace=140, class=java.lang.String@6aeef0)
	value		766e20
ARR 766e20 (sz=128, trace=141, nelems=57, elem type=char)
OBJ 766e00 (sz=16, trace=142, class=java.util.jar.Attributes@752320)
	map		766de0
OBJ 766de0 (sz=40, trace=143, class=java.util.HashMap@6afaf0)
	table		766dc0
ARR 766dc0 (sz=24, trace=144, nelems=2, elem type=java.util.HashMap$Entry@6afa20)
	[0]		766c80
OBJ 766da0 (sz=24, trace=145, class=java.util.HashMap$Entry@6afa20)
	next		766f80
	value		766e00
	key		766e40
OBJ 766d40 (sz=24, trace=148, class=java.lang.String@6aeef0)
	value		766d20
ARR 766d20 (sz=72, trace=149, nelems=28, elem type=char)
OBJ 766d00 (sz=16, trace=150, class=java.util.jar.Attributes$Name@7544e0)
	name		75ed90
OBJ 766c80 (sz=24, trace=125, class=java.util.HashMap$Entry@6afa20)
	value		766d40
	key		766d00
OBJ 766c60 (sz=24, trace=140, class=java.lang.String@6aeef0)
	value		766c40
ARR 766c40 (sz=112, trace=141, nelems=50, elem type=char)
OBJ 766c20 (sz=16, trace=142, class=java.util.jar.Attributes@752320)
	map		766c00
OBJ 766c00 (sz=40, trace=143, class=java.util.HashMap@6afaf0)
	table		766be0
ARR 766be0 (sz=24, trace=144, nelems=2, elem type=java.util.HashMap$Entry@6afa20)
	[0]		766aa0
OBJ 766bc0 (sz=24, trace=145, class=java.util.HashMap$Entry@6afa20)
	value		766c20
	key		766c60
OBJ 766b60 (sz=24, trace=148, class=java.lang.String@6aeef0)
	value		766b40
ARR 766b40 (sz=72, trace=149, nelems=28, elem type=char)
OBJ 766b20 (sz=16, trace=150, class=java.util.jar.Attributes$Name@7544e0)
	name		75ed90
OBJ 766aa0 (sz=24, trace=125, class=java.util.HashMap$Entry@6afa20)
	value		766b60
	key		766b20
OBJ 766a80 (sz=24, trace=140, class=java.lang.String@6aeef0)
	value		766a60
ARR 766a60 (sz=104, trace=141, nelems=46, elem type=char)
OBJ 766a40 (sz=16, trace=142, class=java.util.jar.Attributes@752320)
	map		766a20
OBJ 766a20 (sz=40, trace=143, class=java.util.HashMap@6afaf0)
	table		766a00
ARR 766a00 (sz=24, trace=144, nelems=2, elem type=java.util.HashMap$Entry@6afa20)
	[0]		7668c0
OBJ 7669e0 (sz=24, trace=145, class=java.util.HashMap$Entry@6afa20)
	next		766bc0
	value		766a40
	key		766a80
OBJ 766980 (sz=24, trace=148, class=java.lang.String@6aeef0)
	value		766960
ARR 766960 (sz=72, trace=149, nelems=28, elem type=char)
OBJ 766940 (sz=16, trace=150, class=java.util.jar.Attributes$Name@7544e0)
	name		75ed90
OBJ 7668c0 (sz=24, trace=125, class=java.util.HashMap$Entry@6afa20)
	value		766980
	key		766940
OBJ 7668a0 (sz=24, trace=140, class=java.lang.String@6aeef0)
	value		766880
ARR 766880 (sz=96, trace=141, nelems=39, elem type=char)
OBJ 766860 (sz=16, trace=142, class=java.util.jar.Attributes@752320)
	map		766840
OBJ 766840 (sz=40, trace=143, class=java.util.HashMap@6afaf0)
	table		766820
ARR 766820 (sz=24, trace=144, nelems=2, elem type=java.util.HashMap$Entry@6afa20)
	[0]		7666e0
OBJ 766800 (sz=24, trace=145, class=java.util.HashMap$Entry@6afa20)
	value		766860
	key		7668a0
OBJ 7667a0 (sz=24, trace=148, class=java.lang.String@6aeef0)
	value		766780
ARR 766780 (sz=72, trace=149, nelems=28, elem type=char)
OBJ 766760 (sz=16, trace=150, class=java.util.jar.Attributes$Name@7544e0)
	name		75ed90
OBJ 7666e0 (sz=24, trace=125, class=java.util.HashMap$Entry@6afa20)
	value		7667a0
	key		766760
OBJ 7666c0 (sz=24, trace=140, class=java.lang.String@6aeef0)
	value		7666a0
ARR 7666a0 (sz=88, trace=141, nelems=38, elem type=char)
OBJ 766680 (sz=16, trace=142, class=java.util.jar.Attributes@752320)
	map		766660
OBJ 766660 (sz=40, trace=143, class=java.util.HashMap@6afaf0)
	table		766640
ARR 766640 (sz=24, trace=144, nelems=2, elem type=java.util.HashMap$Entry@6afa20)
	[0]		766500
OBJ 766620 (sz=24, trace=145, class=java.util.HashMap$Entry@6afa20)
	value		766680
	key		7666c0
OBJ 7665c0 (sz=24, trace=148, class=java.lang.String@6aeef0)
	value		7665a0
ARR 7665a0 (sz=72, trace=149, nelems=28, elem type=char)
OBJ 766580 (sz=16, trace=150, class=java.util.jar.Attributes$Name@7544e0)
	name		75ed90
OBJ 766500 (sz=24, trace=125, class=java.util.HashMap$Entry@6afa20)
	value		7665c0
	key		766580
OBJ 7664e0 (sz=24, trace=140, class=java.lang.String@6aeef0)
	value		7664c0
ARR 7664c0 (sz=88, trace=141, nelems=38, elem type=char)
OBJ 7664a0 (sz=16, trace=142, class=java.util.jar.Attributes@752320)
	map		766480
OBJ 766480 (sz=40, trace=143, class=java.util.HashMap@6afaf0)
	table		766460
ARR 766460 (sz=24, trace=144, nelems=2, elem type=java.util.HashMap$Entry@6afa20)
	[0]		766320
OBJ 766440 (sz=24, trace=145, class=java.util.HashMap$Entry@6afa20)
	value		7664a0
	key		7664e0
OBJ 7663e0 (sz=24, trace=148, class=java.lang.String@6aeef0)
	value		7663c0
ARR 7663c0 (sz=72, trace=149, nelems=28, elem type=char)
OBJ 7663a0 (sz=16, trace=150, class=java.util.jar.Attributes$Name@7544e0)
	name		75ed90
OBJ 766320 (sz=24, trace=125, class=java.util.HashMap$Entry@6afa20)
	value		7663e0
	key		7663a0
OBJ 766300 (sz=24, trace=140, class=java.lang.String@6aeef0)
	value		7662e0
ARR 7662e0 (sz=88, trace=141, nelems=38, elem type=char)
OBJ 7662c0 (sz=16, trace=142, class=java.util.jar.Attributes@752320)
	map		7662a0
OBJ 7662a0 (sz=40, trace=143, class=java.util.HashMap@6afaf0)
	table		766280
ARR 766280 (sz=24, trace=144, nelems=2, elem type=java.util.HashMap$Entry@6afa20)
	[0]		766140
OBJ 766260 (sz=24, trace=145, class=java.util.HashMap$Entry@6afa20)
	value		7662c0
	key		766300
OBJ 766200 (sz=24, trace=148, class=java.lang.String@6aeef0)
	value		7661e0
ARR 7661e0 (sz=72, trace=149, nelems=28, elem type=char)
OBJ 7661c0 (sz=16, trace=150, class=java.util.jar.Attributes$Name@7544e0)
	name		75ed90
OBJ 766140 (sz=24, trace=125, class=java.util.HashMap$Entry@6afa20)
	value		766200
	key		7661c0
OBJ 766120 (sz=48, trace=127, class=java.util.jar.JarVerifier@7574e0)
	manifestRawBytes	75db40
	baos		767fe0
	manifest	75d990
	pendingBlocks	766040
	sigFileData	766080
	sigFileCerts	766100
	verifiedCerts	7660c0
OBJ 766100 (sz=40, trace=128, class=java.util.Hashtable@6b63a0)
	table		7660e0
ARR 7660e0 (sz=56, trace=129, nelems=11, elem type=java.util.Hashtable$Entry@6af830)
OBJ 7660c0 (sz=40, trace=130, class=java.util.Hashtable@6b63a0)
	table		7660a0
ARR 7660a0 (sz=56, trace=131, nelems=11, elem type=java.util.Hashtable$Entry@6af830)
OBJ 766080 (sz=40, trace=132, class=java.util.Hashtable@6b63a0)
	table		766060
ARR 766060 (sz=56, trace=133, nelems=11, elem type=java.util.Hashtable$Entry@6af830)
OBJ 766040 (sz=24, trace=134, class=java.util.ArrayList@6b6800)
	elementData	766020
ARR 766020 (sz=56, trace=135, nelems=10, elem type=java.lang.Object@6ae810)
OBJ 767fe0 (sz=16, trace=136, class=java.io.ByteArrayOutputStream@758050)
	buf		767fc0
ARR 767fc0 (sz=48, trace=137, nelems=32, elem type=byte)
OBJ 767fa0 (sz=24, trace=138, class=java.util.HashMap$Entry@6afa20)
	next		759880
	value		75c170
	key		6b9750
OBJ 767530 (sz=32, trace=16, class=sun.misc.URLClassPath$JarLoader@741700)
	lmap		6bab90
	handler		6bab50
	csu		6b91b0
	jar		767250
	base		767510
OBJ 767510 (sz=56, trace=17, class=java.net.URL@6b9e60)
	handler		6bab50
	path		7673f0
	authority	6bd050
	file		7673f0
	host		6bd050
	protocol	6c7b00
ARR 767410 (sz=296, trace=25, nelems=140, elem type=char)
OBJ 7673f0 (sz=24, trace=26, class=java.lang.String@6aeef0)
	value		767410
OBJ 767250 (sz=48, trace=39, class=java.util.jar.JarFile@7450f0)
	manEntry	768de0
	man		768c10
	inflaters	767190
	name		7671b0
OBJ 767230 (sz=32, trace=54, class=java.lang.ref.Finalizer@6b1920)
	prev		768d20
	next		75daa0
	queue		6ae070
	referent	767250
ARR 7671d0 (sz=144, trace=37, nelems=64, elem type=char)
OBJ 7671b0 (sz=24, trace=38, class=java.lang.String@6aeef0)
	value		7671d0
OBJ 767190 (sz=24, trace=57, class=java.util.Vector@6ae8c0)
	elementData	767170
ARR 767170 (sz=56, trace=58, nelems=10, elem type=java.lang.Object@6ae810)
	[0]		768d40
OBJ 768de0 (sz=88, trace=73, class=java.util.jar.JarFile$JarFileEntry@74c460)
	this$0		767250
	name		745010
OBJ 768d40 (sz=32, trace=81, class=java.util.zip.Inflater@74f1e0)
	buf		7907d0
OBJ 768d20 (sz=32, trace=84, class=java.lang.ref.Finalizer@6b1920)
	prev		780c60
	next		767230
	queue		6ae070
	referent	768d40
OBJ 768c10 (sz=16, trace=90, class=java.util.jar.Manifest@751410)
	entries		768b70
	attr		768bd0
OBJ 768bd0 (sz=16, trace=91, class=java.util.jar.Attributes@752320)
	map		768bb0
OBJ 768bb0 (sz=40, trace=92, class=java.util.HashMap@6afaf0)
	table		768b90
ARR 768b90 (sz=80, trace=93, nelems=16, elem type=java.util.HashMap$Entry@6afa20)
	[10]		7689d0
	[12]		7688b0
OBJ 768b70 (sz=40, trace=94, class=java.util.HashMap@6afaf0)
	table		768b50
ARR 768b50 (sz=80, trace=95, nelems=16, elem type=java.util.HashMap$Entry@6afa20)
OBJ 768a90 (sz=24, trace=101, class=java.lang.String@6aeef0)
	value		768a70
ARR 768a70 (sz=24, trace=102, nelems=3, elem type=char)
OBJ 768a50 (sz=16, trace=103, class=java.util.jar.Attributes$Name@7544e0)
	name		755a20
OBJ 7689d0 (sz=24, trace=125, class=java.util.HashMap$Entry@6afa20)
	value		768a90
	key		768a50
OBJ 768970 (sz=24, trace=101, class=java.lang.String@6aeef0)
	value		768950
ARR 768950 (sz=48, trace=102, nelems=16, elem type=char)
OBJ 768930 (sz=16, trace=103, class=java.util.jar.Attributes$Name@7544e0)
	name		7577e0
OBJ 7688b0 (sz=24, trace=125, class=java.util.HashMap$Entry@6afa20)
	value		768970
	key		768930
OBJ 768730 (sz=24, trace=138, class=java.util.HashMap$Entry@6afa20)
	value		767530
	key		6b91b0
OBJ 76a2a0 (sz=24, trace=179, class=java.lang.String@6aeef0)
	value		73f4d0
OBJ 76cac0 (sz=40, trace=181, class=java.util.HashMap@6afaf0)
	table		76c9d0
ARR 76c9d0 (sz=144, trace=182, nelems=32, elem type=java.util.HashMap$Entry@6afa20)
OBJ 76c920 (sz=40, trace=183, class=java.util.HashMap@6afaf0)
	table		76c840
ARR 76c840 (sz=80, trace=184, nelems=16, elem type=java.util.HashMap$Entry@6afa20)
OBJ 76c790 (sz=40, trace=185, class=java.util.HashMap@6afaf0)
	table		76c6b0
ARR 76c6b0 (sz=80, trace=186, nelems=16, elem type=java.util.HashMap$Entry@6afa20)
OBJ 76db90 (sz=40, trace=196, class=java.lang.Package@76be90)
	pkgName		76a2a0
OBJ 76da70 (sz=24, trace=197, class=java.util.HashMap$Entry@6afa20)
	value		76db90
	key		76a2a0
ARR 76eb60 (sz=48, trace=202, nelems=16, elem type=char)
ARR 76f450 (sz=144, trace=211, nelems=64, elem type=char)
ARR 76f360 (sz=272, trace=212, nelems=256, elem type=byte)
OBJ 771dc0 (sz=24, trace=224, class=java.security.CodeSource@7704c0)
	location	6b91b0
OBJ 772f40 (sz=24, trace=225, class=java.security.Permissions@7715a0)
	perms		772ee0
OBJ 772ee0 (sz=40, trace=226, class=java.util.Hashtable@6b63a0)
	table		772df0
ARR 772df0 (sz=56, trace=227, nelems=11, elem type=java.util.Hashtable$Entry@6af830)
	[0]		77b400
	[3]		77c960
OBJ 776ca0 (sz=40, trace=237, class=java.util.Hashtable@6b63a0)
	table		776bb0
ARR 776bb0 (sz=56, trace=238, nelems=11, elem type=java.util.Hashtable$Entry@6af830)
OBJ 776450 (sz=8, trace=239, class=java.net.UnknownContentHandler@776600)
ARR 779c20 (sz=48, trace=253, nelems=16, elem type=char)
OBJ 779b70 (sz=24, trace=254, class=java.lang.String@6aeef0)
	value		779c20
ARR 7799e0 (sz=48, trace=256, nelems=16, elem type=char)
OBJ 779930 (sz=24, trace=257, class=java.lang.String@6aeef0)
	value		7799e0
OBJ 779890 (sz=32, trace=251, class=java.io.FilePermission@778970)
	cpath		77ac60
	name		779770
ARR 779830 (sz=144, trace=258, nelems=64, elem type=char)
OBJ 779770 (sz=24, trace=259, class=java.lang.String@6aeef0)
	value		779830
ARR 77ad30 (sz=144, trace=265, nelems=63, elem type=char)
OBJ 77ac60 (sz=24, trace=265, class=java.lang.String@6aeef0)
	value		77ad30
ARR 77be10 (sz=16, trace=269, nelems=0, elem type=java.lang.Class@6ac030)
ARR 77bd20 (sz=16, trace=270, nelems=1, elem type=java.lang.Class@6ac030)
	[0]		6aeef0
ARR 77bb90 (sz=24, trace=271, nelems=2, elem type=java.lang.Class@6ac030)
	[0]		6aeef0
	[1]		6aeef0
OBJ 77b600 (sz=16, trace=272, class=java.io.FilePermissionCollection@77b870)
	permissions	77b5a0
OBJ 77b5a0 (sz=24, trace=273, class=java.util.Vector@6ae8c0)
	elementData	77b4b0
ARR 77b4b0 (sz=56, trace=274, nelems=10, elem type=java.lang.Object@6ae810)
	[0]		779890
OBJ 77b400 (sz=24, trace=275, class=java.util.Hashtable$Entry@6af830)
	value		77b600
	key		778970
OBJ 77b2f0 (sz=24, trace=276, class=java.lang.RuntimePermission@6ae650)
	path		77b160
	name		77b160
OBJ 77cb60 (sz=24, trace=277, class=java.security.BasicPermissionCollection@77cec0)
	permClass	6ae650
	permissions	77cb00
OBJ 77cb00 (sz=40, trace=278, class=java.util.Hashtable@6b63a0)
	table		77ca10
ARR 77ca10 (sz=56, trace=279, nelems=11, elem type=java.util.Hashtable$Entry@6af830)
	[8]		77c8b0
OBJ 77c960 (sz=24, trace=280, class=java.util.Hashtable$Entry@6af830)
	value		77cb60
	key		6ae650
OBJ 77c8b0 (sz=24, trace=281, class=java.util.Hashtable$Entry@6af830)
	value		77b2f0
	key		77b160
OBJ 77c7a0 (sz=32, trace=282, class=java.security.ProtectionDomain@6bbde0)
	permissions	772f40
	principals	77c270
	classloader	6bae30
	codesource	771dc0
ARR 77c270 (sz=16, trace=283, nelems=0, elem type=java.security.Principal@77c520)
OBJ 77c210 (sz=24, trace=284, class=java.util.HashMap$Entry@6afa20)
	value		77c7a0
	key		771dc0
OBJ 77c020 (sz=24, trace=286, class=java.lang.String@6aeef0)
	value		73f4d0
ARR 77d530 (sz=16, trace=287, nelems=0, elem type=java.security.cert.Certificate@77dc50)
OBJ 77d4d0 (sz=24, trace=288, class=java.util.Hashtable$Entry@6af830)
	value		77d530
	key		77c020
OBJ 77d010 (sz=24, trace=290, class=java.util.HashMap$Entry@6afa20)
	value		6b7e10
	key		77c7a0
ARR 77ef10 (sz=72, trace=289, nelems=28, elem type=char)
OBJ 77e300 (sz=16, trace=291, class=sun.misc.URLClassPath$FileLoader@77e510)
	dir		77fe00
	base		6b9150
OBJ 77fe00 (sz=16, trace=298, class=java.io.File@6b8260)
	path		77fc90
ARR 77fcb0 (sz=48, trace=37, nelems=18, elem type=char)
OBJ 77fc90 (sz=24, trace=38, class=java.lang.String@6aeef0)
	value		77fcb0
OBJ 77fc70 (sz=24, trace=138, class=java.util.HashMap$Entry@6afa20)
	value		77e300
	key		6b9150
OBJ 76e300 (sz=32, trace=16, class=sun.misc.URLClassPath$JarLoader@741700)
	lmap		6bab90
	handler		6bab50
	csu		6b90f0
	jar		780d20
	base		780fe0
OBJ 780fe0 (sz=56, trace=17, class=java.net.URL@6b9e60)
	handler		6bab50
	path		780ec0
	authority	6bd050
	file		780ec0
	host		6bd050
	protocol	6c7b00
ARR 780ee0 (sz=200, trace=25, nelems=94, elem type=char)
OBJ 780ec0 (sz=24, trace=26, class=java.lang.String@6aeef0)
	value		780ee0
OBJ 780d20 (sz=48, trace=39, class=java.util.jar.JarFile@7450f0)
	manEntry	780910
	man		780740
	inflaters	780bc0
	name		780be0
OBJ 780c60 (sz=32, trace=54, class=java.lang.ref.Finalizer@6b1920)
	prev		780850
	next		768d20
	queue		6ae070
	referent	780d20
ARR 780c00 (sz=96, trace=37, nelems=41, elem type=char)
OBJ 780be0 (sz=24, trace=38, class=java.lang.String@6aeef0)
	value		780c00
OBJ 780bc0 (sz=24, trace=57, class=java.util.Vector@6ae8c0)
	elementData	780ba0
ARR 780ba0 (sz=56, trace=58, nelems=10, elem type=java.lang.Object@6ae810)
	[0]		780870
OBJ 780910 (sz=88, trace=73, class=java.util.jar.JarFile$JarFileEntry@74c460)
	this$0		780d20
	name		745010
OBJ 780870 (sz=32, trace=81, class=java.util.zip.Inflater@74f1e0)
	buf		afec350
OBJ 780850 (sz=32, trace=84, class=java.lang.ref.Finalizer@6b1920)
	prev		79bee0
	next		780c60
	queue		6ae070
	referent	780870
OBJ 780740 (sz=16, trace=90, class=java.util.jar.Manifest@751410)
	entries		7806a0
	attr		780700
OBJ 780700 (sz=16, trace=91, class=java.util.jar.Attributes@752320)
	map		7806e0
OBJ 7806e0 (sz=40, trace=92, class=java.util.HashMap@6afaf0)
	table		7806c0
ARR 7806c0 (sz=80, trace=93, nelems=16, elem type=java.util.HashMap$Entry@6afa20)
	[10]		780500
	[12]		7803e0
OBJ 7806a0 (sz=40, trace=94, class=java.util.HashMap@6afaf0)
	table		780680
ARR 780680 (sz=80, trace=95, nelems=16, elem type=java.util.HashMap$Entry@6afa20)
OBJ 7805c0 (sz=24, trace=101, class=java.lang.String@6aeef0)
	value		7805a0
ARR 7805a0 (sz=24, trace=102, nelems=3, elem type=char)
OBJ 780580 (sz=16, trace=103, class=java.util.jar.Attributes$Name@7544e0)
	name		755a20
OBJ 780500 (sz=24, trace=125, class=java.util.HashMap$Entry@6afa20)
	value		7805c0
	key		780580
OBJ 7804a0 (sz=24, trace=101, class=java.lang.String@6aeef0)
	value		780480
ARR 780480 (sz=32, trace=102, nelems=9, elem type=char)
OBJ 780460 (sz=16, trace=103, class=java.util.jar.Attributes$Name@7544e0)
	name		7577e0
OBJ 7803e0 (sz=24, trace=125, class=java.util.HashMap$Entry@6afa20)
	value		7804a0
	key		780460
OBJ 780260 (sz=24, trace=138, class=java.util.HashMap$Entry@6afa20)
	next		77fc70
	value		76e300
	key		6b90f0
OBJ 781fc0 (sz=24, trace=179, class=java.lang.String@6aeef0)
	value		77ef10
OBJ 781e20 (sz=40, trace=196, class=java.lang.Package@76be90)
	pkgName		781fc0
OBJ 781e00 (sz=24, trace=197, class=java.util.HashMap$Entry@6afa20)
	value		781e20
	key		781fc0
OBJ 781cd0 (sz=24, trace=224, class=java.security.CodeSource@7704c0)
	location	6b90f0
OBJ 780220 (sz=24, trace=225, class=java.security.Permissions@7715a0)
	perms		780200
OBJ 780200 (sz=40, trace=226, class=java.util.Hashtable@6b63a0)
	table		7819f0
ARR 7819f0 (sz=56, trace=227, nelems=11, elem type=java.util.Hashtable$Entry@6af830)
	[0]		781590
	[3]		7814f0
OBJ 781750 (sz=32, trace=251, class=java.io.FilePermission@778970)
	cpath		7815d0
	name		781710
ARR 781730 (sz=96, trace=258, nelems=41, elem type=char)
OBJ 781710 (sz=24, trace=259, class=java.lang.String@6aeef0)
	value		781730
ARR 7815f0 (sz=96, trace=265, nelems=40, elem type=char)
OBJ 7815d0 (sz=24, trace=265, class=java.lang.String@6aeef0)
	value		7815f0
OBJ 781630 (sz=16, trace=272, class=java.io.FilePermissionCollection@77b870)
	permissions	781610
OBJ 781610 (sz=24, trace=273, class=java.util.Vector@6ae8c0)
	elementData	7815b0
ARR 7815b0 (sz=56, trace=274, nelems=10, elem type=java.lang.Object@6ae810)
	[0]		781750
OBJ 781590 (sz=24, trace=275, class=java.util.Hashtable$Entry@6af830)
	value		781630
	key		778970
OBJ 781570 (sz=24, trace=276, class=java.lang.RuntimePermission@6ae650)
	path		77b160
	name		77b160
OBJ 781550 (sz=24, trace=277, class=java.security.BasicPermissionCollection@77cec0)
	permClass	6ae650
	permissions	781530
OBJ 781530 (sz=40, trace=278, class=java.util.Hashtable@6b63a0)
	table		781510
ARR 781510 (sz=56, trace=279, nelems=11, elem type=java.util.Hashtable$Entry@6af830)
	[8]		7814d0
OBJ 7814f0 (sz=24, trace=280, class=java.util.Hashtable$Entry@6af830)
	value		781550
	key		6ae650
OBJ 7814d0 (sz=24, trace=281, class=java.util.Hashtable$Entry@6af830)
	value		781570
	key		77b160
OBJ 7814b0 (sz=32, trace=282, class=java.security.ProtectionDomain@6bbde0)
	permissions	780220
	principals	781490
	classloader	6bae30
	codesource	781cd0
ARR 781490 (sz=16, trace=283, nelems=0, elem type=java.security.Principal@77c520)
OBJ 781470 (sz=24, trace=284, class=java.util.HashMap$Entry@6afa20)
	value		7814b0
	key		781cd0
OBJ 781450 (sz=24, trace=286, class=java.lang.String@6aeef0)
	value		77ef10
OBJ 781430 (sz=24, trace=288, class=java.util.Hashtable$Entry@6af830)
	value		77d530
	key		781450
OBJ 781290 (sz=24, trace=290, class=java.util.HashMap$Entry@6afa20)
	next		77d010
	value		6b7e10
	key		7814b0
ARR 786390 (sz=72, trace=1, nelems=30, elem type=char)
OBJ 787840 (sz=24, trace=179, class=java.lang.String@6aeef0)
	value		786390
OBJ 787370 (sz=40, trace=196, class=java.lang.Package@76be90)
	pkgName		787840
OBJ 787350 (sz=24, trace=197, class=java.util.HashMap$Entry@6afa20)
	next		b09d2b0
	value		787370
	key		787840
OBJ 787290 (sz=24, trace=286, class=java.lang.String@6aeef0)
	value		786390
OBJ 787270 (sz=24, trace=288, class=java.util.Hashtable$Entry@6af830)
	value		77d530
	key		787290
ARR 7907d0 (sz=528, trace=87, nelems=512, elem type=byte)
ARR 7904a0 (sz=16, trace=1, nelems=1, elem type=java.lang.Class@6ac030)
	[0]		6c0f60
OBJ 790400 (sz=56, trace=1, class=java.lang.reflect.Method@6bcc20)
	exceptionTypes	6ac010
	parameterTypes	7904a0
	returnType	6bd9e0
	name		790460
	clazz		782d10
ARR 7903e0 (sz=32, trace=1, nelems=4, elem type=java.lang.String@6aeef0)
	[0]		7903a0
	[1]		794e60
	[2]		794da0
	[3]		794ce0
OBJ 7903a0 (sz=24, trace=1, class=java.lang.String@6aeef0)
	value		7931b0
OBJ 791710 (sz=16, trace=323, class=java.lang.ThreadLocal@6b5c70)
OBJ 791620 (sz=16, trace=324, class=java.lang.ThreadLocal@6b5c70)
OBJ 792660 (sz=24, trace=326, class=java.lang.ThreadLocal$ThreadLocalMap@7911e0)
	table		792020
ARR 792020 (sz=80, trace=327, nelems=16, elem type=java.lang.ThreadLocal$ThreadLocalMap$Entry@792440)
	[7]		793fa0
OBJ 793fa0 (sz=32, trace=328, class=java.lang.ThreadLocal$ThreadLocalMap$Entry@792440)
	value		7932c0
	queue		6ae250
	referent	791710
OBJ 7932c0 (sz=32, trace=332, class=java.lang.ref.SoftReference@6b11f0)
	next		7932c0
	queue		6ae250
ARR 7931b0 (sz=24, trace=333, nelems=5, elem type=char)
OBJ 794e60 (sz=24, trace=1, class=java.lang.String@6aeef0)
	value		794e20
ARR 794e20 (sz=24, trace=333, nelems=5, elem type=char)
OBJ 794da0 (sz=24, trace=1, class=java.lang.String@6aeef0)
	value		794d60
ARR 794d60 (sz=40, trace=333, nelems=11, elem type=char)
OBJ 794ce0 (sz=24, trace=1, class=java.lang.String@6aeef0)
	value		794ca0
ARR 794ca0 (sz=56, trace=333, nelems=21, elem type=char)
OBJ 794c00 (sz=48, trace=336, class=org.eclipse.jdt.internal.junit.runner.RemoteTestRunner@782d10)
	fRerunRequests	794b40
	fHost		6bd050
	fTestClassNames	795dd0
OBJ 794b40 (sz=24, trace=337, class=java.util.Vector@6ae8c0)
	elementData	794a70
ARR 794a70 (sz=56, trace=338, nelems=10, elem type=java.lang.Object@6ae810)
ARR 795dd0 (sz=16, trace=349, nelems=1, elem type=java.lang.String@6aeef0)
	[0]		794ce0
OBJ 78c220 (sz=24, trace=371, class=java.net.Socket@796670)
	impl		afc2090
ARR 79a020 (sz=104, trace=52, nelems=43, elem type=char)
OBJ 79bfe0 (sz=24, trace=52, class=java.lang.String@6aeef0)
	value		79a020
OBJ 79a050 (sz=32, trace=379, class=java.lang.ClassLoader$NativeLibrary@6b8570)
	name		79bfe0
	fromClass	7462a0
OBJ 79bee0 (sz=32, trace=380, class=java.lang.ref.Finalizer@6b1920)
	prev		b005dc0
	next		780850
	queue		6ae070
	referent	79a050
OBJ 79ba90 (sz=40, trace=383, class=java.util.HashMap@6afaf0)
	table		79b9a0
ARR 79b9a0 (sz=80, trace=384, nelems=16, elem type=java.util.HashMap$Entry@6afa20)
ARR 79df40 (sz=16, trace=395, nelems=0, elem type=java.lang.Class@6ac030)
OBJ 79dee0 (sz=48, trace=395, class=java.lang.reflect.Constructor@6b5ab0)
	constructorAccessor	79d7c0
	exceptionTypes	6ac010
	parameterTypes	79df40
	clazz		79c560
OBJ 79de80 (sz=32, trace=396, class=java.lang.ref.SoftReference@6b11f0)
	next		79de80
	queue		6ae250
OBJ 79dd90 (sz=48, trace=397, class=java.lang.reflect.Constructor@6b5ab0)
	root		79dee0
	constructorAccessor	79d7c0
	exceptionTypes	6ac010
	parameterTypes	79df40
	clazz		79c560
OBJ 79d940 (sz=24, trace=400, class=sun.reflect.NativeConstructorAccessorImpl@6b5850)
	parent		79d7c0
	c		79dd90
OBJ 79d7c0 (sz=16, trace=401, class=sun.reflect.DelegatingConstructorAccessorImpl@6b5780)
	delegate	79d940
OBJ 79d6e0 (sz=24, trace=402, class=java.net.Inet4AddressImpl@79c560)
	loopbackAddress	79f740
	anyLocalAddress	79f600
OBJ 79e700 (sz=8, trace=410, class=java.net.InetAddress$1@79e920)
OBJ 79f740 (sz=24, trace=413, class=java.net.Inet4Address@79e270)
	hostName	79f680
OBJ 79f600 (sz=24, trace=415, class=java.net.Inet4Address@79e270)
	hostName	79f3e0
OBJ afc2090 (sz=56, trace=417, class=java.net.PlainSocketImpl@afc1bb0)
	fdLock		afc3cc0
	socketInputStream	79f190
	address		79f740
	socket		78c220
OBJ afc2030 (sz=32, trace=420, class=java.lang.ref.Finalizer@6b1920)
	prev		afc2030
	next		afc2030
	next		afc2030
	queue		6ae250
OBJ afc3cc0 (sz=8, trace=421, class=java.lang.Object@6ae810)
OBJ afc3be0 (sz=16, trace=422, class=java.io.FileDescriptor@6b1850)
ARR afc4230 (sz=32, trace=426, nelems=6263, elem type=int)
OBJ 79f190 (sz=32, trace=449, class=java.net.SocketInputStream@afc7800)
	socket		78c220
	impl		afc2090
	fd		afc3be0
ARR afc8e90 (sz=40, trace=452, nelems=6303, elem type=int)
OBJ afcee80 (sz=24, trace=179, class=java.lang.String@6aeef0)
	value		794ca0
OBJ afceda0 (sz=40, trace=474, class=java.lang.Package@76be90)
	pkgName		afcee80
OBJ afcecb0 (sz=24, trace=475, class=java.util.HashMap$Entry@6afa20)
	next		afce630
	value		afceda0
	key		afcee80
OBJ afce910 (sz=24, trace=224, class=java.security.CodeSource@7704c0)
	location	6b9150
OBJ afce8f0 (sz=24, trace=225, class=java.security.Permissions@7715a0)
	perms		afce8d0
OBJ afce8d0 (sz=40, trace=226, class=java.util.Hashtable@6b63a0)
	table		afce8b0
ARR afce8b0 (sz=56, trace=227, nelems=11, elem type=java.util.Hashtable$Entry@6af830)
	[0]		afcfac0
	[3]		afcfa20
ARR afce320 (sz=80, trace=481, nelems=34, elem type=char)
OBJ afce270 (sz=24, trace=482, class=java.lang.String@6aeef0)
	value		afce320
OBJ afce1c0 (sz=32, trace=483, class=java.io.FilePermission@778970)
	cpath		afcfb90
	name		afce270
ARR afcfc40 (sz=80, trace=489, nelems=34, elem type=char)
OBJ afcfb90 (sz=24, trace=490, class=java.lang.String@6aeef0)
	value		afcfc40
OBJ afcfb20 (sz=16, trace=272, class=java.io.FilePermissionCollection@77b870)
	permissions	afcfb00
OBJ afcfb00 (sz=24, trace=273, class=java.util.Vector@6ae8c0)
	elementData	afcfae0
ARR afcfae0 (sz=56, trace=274, nelems=10, elem type=java.lang.Object@6ae810)
	[0]		afce1c0
OBJ afcfac0 (sz=24, trace=275, class=java.util.Hashtable$Entry@6af830)
	value		afcfb20
	key		778970
OBJ afcfaa0 (sz=24, trace=276, class=java.lang.RuntimePermission@6ae650)
	path		77b160
	name		77b160
OBJ afcfa80 (sz=24, trace=277, class=java.security.BasicPermissionCollection@77cec0)
	permClass	6ae650
	permissions	afcfa60
OBJ afcfa60 (sz=40, trace=278, class=java.util.Hashtable@6b63a0)
	table		afcfa40
ARR afcfa40 (sz=56, trace=279, nelems=11, elem type=java.util.Hashtable$Entry@6af830)
	[8]		afcfa00
OBJ afcfa20 (sz=24, trace=280, class=java.util.Hashtable$Entry@6af830)
	value		afcfa80
	key		6ae650
OBJ afcfa00 (sz=24, trace=281, class=java.util.Hashtable$Entry@6af830)
	value		afcfaa0
	key		77b160
OBJ afcf9e0 (sz=32, trace=282, class=java.security.ProtectionDomain@6bbde0)
	permissions	afce8f0
	principals	afcf9c0
	classloader	6bae30
	codesource	afce910
ARR afcf9c0 (sz=16, trace=283, nelems=0, elem type=java.security.Principal@77c520)
OBJ afcf9a0 (sz=24, trace=284, class=java.util.HashMap$Entry@6afa20)
	next		781470
	value		afcf9e0
	key		afce910
OBJ afcf980 (sz=24, trace=286, class=java.lang.String@6aeef0)
	value		794ca0
OBJ afcf960 (sz=24, trace=288, class=java.util.Hashtable$Entry@6af830)
	value		77d530
	key		afcf980
OBJ afcf5d0 (sz=24, trace=290, class=java.util.HashMap$Entry@6afa20)
	value		6b7e10
	key		afcf9e0
OBJ afd14f0 (sz=32, trace=496, class=java.lang.ref.SoftReference@6b11f0)
	next		afd14f0
	queue		6ae250
OBJ afd45d0 (sz=32, trace=520, class=java.lang.ref.SoftReference@6b11f0)
	next		afd45d0
	queue		6ae250
ARR afd6790 (sz=16, trace=525, nelems=45, elem type=int)
OBJ afd8500 (sz=32, trace=535, class=java.lang.ref.SoftReference@6b11f0)
	next		afd8500
	queue		6ae250
OBJ afdb3c0 (sz=32, trace=544, class=java.lang.ref.SoftReference@6b11f0)
	next		afdb3c0
	queue		6ae250
ARR afdc050 (sz=24, trace=402, nelems=93, elem type=int)
OBJ afdec00 (sz=32, trace=544, class=java.lang.ref.SoftReference@6b11f0)
	next		afdec00
	queue		6ae250
ARR afe0f10 (sz=16, trace=567, nelems=21, elem type=int)
OBJ afe0c00 (sz=32, trace=535, class=java.lang.ref.SoftReference@6b11f0)
	next		afe0c00
	queue		6ae250
ARR afe2650 (sz=40, trace=543, nelems=13, elem type=char)
OBJ afe3dc0 (sz=24, trace=179, class=java.lang.String@6aeef0)
	value		afe2650
OBJ afe3d20 (sz=40, trace=474, class=java.lang.Package@76be90)
	pkgName		afe3dc0
OBJ afe3d00 (sz=24, trace=475, class=java.util.HashMap$Entry@6afa20)
	value		afe3d20
	key		afe3dc0
OBJ afe3c40 (sz=24, trace=286, class=java.lang.String@6aeef0)
	value		afe2650
OBJ afe3c20 (sz=24, trace=288, class=java.util.Hashtable$Entry@6af830)
	value		77d530
	key		afe3c40
OBJ afe66f0 (sz=32, trace=573, class=java.lang.ref.SoftReference@6b11f0)
	next		afe66f0
	queue		6ae250
ARR afe61c0 (sz=16, trace=402, nelems=9, elem type=int)
ARR afec350 (sz=528, trace=87, nelems=512, elem type=byte)
ARR aff33c0 (sz=64, trace=678, nelems=24, elem type=char)
OBJ aff4b20 (sz=24, trace=179, class=java.lang.String@6aeef0)
	value		aff33c0
OBJ aff4a80 (sz=40, trace=474, class=java.lang.Package@76be90)
	pkgName		aff4b20
OBJ aff4a60 (sz=24, trace=475, class=java.util.HashMap$Entry@6afa20)
	value		aff4a80
	key		aff4b20
OBJ aff49a0 (sz=24, trace=286, class=java.lang.String@6aeef0)
	value		aff33c0
OBJ aff4980 (sz=24, trace=288, class=java.util.Hashtable$Entry@6af830)
	value		77d530
	key		aff49a0
ARR aff6a00 (sz=40, trace=678, nelems=12, elem type=char)
OBJ aff6180 (sz=24, trace=179, class=java.lang.String@6aeef0)
	value		aff6a00
OBJ aff60e0 (sz=40, trace=474, class=java.lang.Package@76be90)
	pkgName		aff6180
OBJ aff60c0 (sz=24, trace=475, class=java.util.HashMap$Entry@6afa20)
	value		aff60e0
	key		aff6180
OBJ aff7fe0 (sz=24, trace=286, class=java.lang.String@6aeef0)
	value		aff6a00
OBJ aff7fc0 (sz=24, trace=288, class=java.util.Hashtable$Entry@6af830)
	value		77d530
	key		aff7fe0
ARR b0049e0 (sz=64, trace=678, nelems=26, elem type=char)
OBJ b0040e0 (sz=32, trace=16, class=sun.misc.URLClassPath$JarLoader@741700)
	lmap		6bab90
	handler		6bab50
	csu		6b9090
	jar		b005de0
	base		b0040c0
OBJ b0040c0 (sz=56, trace=17, class=java.net.URL@6b9e60)
	handler		6bab50
	path		b005f80
	authority	6bd050
	file		b005f80
	host		6bd050
	protocol	6c7b00
ARR b005fa0 (sz=224, trace=25, nelems=104, elem type=char)
OBJ b005f80 (sz=24, trace=26, class=java.lang.String@6aeef0)
	value		b005fa0
OBJ b005de0 (sz=48, trace=39, class=java.util.jar.JarFile@7450f0)
	manEntry	b0056c0
	man		b0054f0
	inflaters	b005d20
	name		b005d40
OBJ b005dc0 (sz=32, trace=54, class=java.lang.ref.Finalizer@6b1920)
	prev		b005600
	next		79bee0
	queue		6ae070
	referent	b005de0
ARR b005d60 (sz=104, trace=37, nelems=46, elem type=char)
OBJ b005d40 (sz=24, trace=38, class=java.lang.String@6aeef0)
	value		b005d60
OBJ b005d20 (sz=24, trace=57, class=java.util.Vector@6ae8c0)
	elementData	b005d00
ARR b005d00 (sz=56, trace=58, nelems=10, elem type=java.lang.Object@6ae810)
	[0]		b005620
OBJ b0056c0 (sz=88, trace=73, class=java.util.jar.JarFile$JarFileEntry@74c460)
	this$0		b005de0
	name		745010
OBJ b005620 (sz=32, trace=81, class=java.util.zip.Inflater@74f1e0)
	buf		b0acf80
OBJ b005600 (sz=32, trace=84, class=java.lang.ref.Finalizer@6b1920)
	prev		b006c80
	next		b005dc0
	queue		6ae070
	referent	b005620
OBJ b0054f0 (sz=16, trace=90, class=java.util.jar.Manifest@751410)
	entries		b005450
	attr		b0054b0
OBJ b0054b0 (sz=16, trace=91, class=java.util.jar.Attributes@752320)
	map		b005490
OBJ b005490 (sz=40, trace=92, class=java.util.HashMap@6afaf0)
	table		b005470
ARR b005470 (sz=80, trace=93, nelems=16, elem type=java.util.HashMap$Entry@6afa20)
	[10]		b0052b0
	[12]		b005190
OBJ b005450 (sz=40, trace=94, class=java.util.HashMap@6afaf0)
	table		b005430
ARR b005430 (sz=80, trace=95, nelems=16, elem type=java.util.HashMap$Entry@6afa20)
OBJ b005370 (sz=24, trace=101, class=java.lang.String@6aeef0)
	value		b005350
ARR b005350 (sz=24, trace=102, nelems=3, elem type=char)
OBJ b005330 (sz=16, trace=103, class=java.util.jar.Attributes$Name@7544e0)
	name		755a20
OBJ b0052b0 (sz=24, trace=125, class=java.util.HashMap$Entry@6afa20)
	value		b005370
	key		b005330
OBJ b005250 (sz=24, trace=101, class=java.lang.String@6aeef0)
	value		b005230
ARR b005230 (sz=40, trace=102, nelems=14, elem type=char)
OBJ b005210 (sz=16, trace=103, class=java.util.jar.Attributes$Name@7544e0)
	name		7577e0
OBJ b005190 (sz=24, trace=125, class=java.util.HashMap$Entry@6afa20)
	value		b005250
	key		b005210
OBJ b005010 (sz=24, trace=138, class=java.util.HashMap$Entry@6afa20)
	value		b0040e0
	key		6b9090
OBJ b006f40 (sz=32, trace=16, class=sun.misc.URLClassPath$JarLoader@741700)
	lmap		6bab90
	handler		6bab50
	csu		6b9030
	jar		b006ca0
	base		b006f20
OBJ b006f20 (sz=56, trace=17, class=java.net.URL@6b9e60)
	handler		6bab50
	path		b006e20
	authority	6bd050
	file		b006e20
	host		6bd050
	protocol	6c7b00
ARR b006e40 (sz=80, trace=24, nelems=34, elem type=char)
OBJ b006e20 (sz=24, trace=26, class=java.lang.String@6aeef0)
	value		b006e40
OBJ b006ca0 (sz=48, trace=39, class=java.util.jar.JarFile@7450f0)
	jv		b006410
	manEntry	b006960
	man		b006790
	inflaters	b006be0
	name		b006c00
OBJ b006c80 (sz=32, trace=54, class=java.lang.ref.Finalizer@6b1920)
	prev		b0068a0
	next		b005600
	queue		6ae070
	referent	b006ca0
ARR b006c20 (sz=64, trace=37, nelems=24, elem type=char)
OBJ b006c00 (sz=24, trace=38, class=java.lang.String@6aeef0)
	value		b006c20
OBJ b006be0 (sz=24, trace=57, class=java.util.Vector@6ae8c0)
	elementData	b006bc0
ARR b006bc0 (sz=56, trace=58, nelems=10, elem type=java.lang.Object@6ae810)
	[0]		b0068c0
OBJ b006960 (sz=88, trace=73, class=java.util.jar.JarFile$JarFileEntry@74c460)
	this$0		b006ca0
	name		745010
ARR b006940 (sz=64, trace=74, nelems=48, elem type=byte)
OBJ b0068c0 (sz=32, trace=81, class=java.util.zip.Inflater@74f1e0)
	buf		b0067b0
OBJ b0068a0 (sz=32, trace=84, class=java.lang.ref.Finalizer@6b1920)
	prev		b007f20
	next		b006c80
	queue		6ae070
	referent	b0068c0
ARR b0067b0 (sz=528, trace=87, nelems=512, elem type=byte)
OBJ b006790 (sz=16, trace=90, class=java.util.jar.Manifest@751410)
	entries		b0066f0
	attr		b006750
OBJ b006750 (sz=16, trace=91, class=java.util.jar.Attributes@752320)
	map		b006730
OBJ b006730 (sz=40, trace=92, class=java.util.HashMap@6afaf0)
	table		b006710
ARR b006710 (sz=80, trace=93, nelems=16, elem type=java.util.HashMap$Entry@6afa20)
	[10]		b006550
	[12]		b006430
OBJ b0066f0 (sz=40, trace=94, class=java.util.HashMap@6afaf0)
	table		b0066d0
ARR b0066d0 (sz=80, trace=95, nelems=16, elem type=java.util.HashMap$Entry@6afa20)
OBJ b006610 (sz=24, trace=101, class=java.lang.String@6aeef0)
	value		b0065f0
ARR b0065f0 (sz=24, trace=102, nelems=3, elem type=char)
OBJ b0065d0 (sz=16, trace=103, class=java.util.jar.Attributes$Name@7544e0)
	name		755a20
OBJ b006550 (sz=24, trace=125, class=java.util.HashMap$Entry@6afa20)
	value		b006610
	key		b0065d0
OBJ b0064f0 (sz=24, trace=101, class=java.lang.String@6aeef0)
	value		b0064d0
ARR b0064d0 (sz=32, trace=102, nelems=9, elem type=char)
OBJ b0064b0 (sz=16, trace=103, class=java.util.jar.Attributes$Name@7544e0)
	name		7577e0
OBJ b006430 (sz=24, trace=125, class=java.util.HashMap$Entry@6afa20)
	value		b0064f0
	key		b0064b0
OBJ b006410 (sz=48, trace=127, class=java.util.jar.JarVerifier@7574e0)
	manifestRawBytes	b006940
	baos		b0062f0
	manifest	b006790
	pendingBlocks	b006330
	sigFileData	b006370
	sigFileCerts	b0063f0
	verifiedCerts	b0063b0
OBJ b0063f0 (sz=40, trace=128, class=java.util.Hashtable@6b63a0)
	table		b0063d0
ARR b0063d0 (sz=56, trace=129, nelems=11, elem type=java.util.Hashtable$Entry@6af830)
OBJ b0063b0 (sz=40, trace=130, class=java.util.Hashtable@6b63a0)
	table		b006390
ARR b006390 (sz=56, trace=131, nelems=11, elem type=java.util.Hashtable$Entry@6af830)
OBJ b006370 (sz=40, trace=132, class=java.util.Hashtable@6b63a0)
	table		b006350
ARR b006350 (sz=56, trace=133, nelems=11, elem type=java.util.Hashtable$Entry@6af830)
OBJ b006330 (sz=24, trace=134, class=java.util.ArrayList@6b6800)
	elementData	b006310
ARR b006310 (sz=56, trace=135, nelems=10, elem type=java.lang.Object@6ae810)
OBJ b0062f0 (sz=16, trace=136, class=java.io.ByteArrayOutputStream@758050)
	buf		b0062d0
ARR b0062d0 (sz=48, trace=137, nelems=32, elem type=byte)
OBJ b0062b0 (sz=24, trace=138, class=java.util.HashMap$Entry@6afa20)
	value		b006f40
	key		6b9030
OBJ b0061f0 (sz=32, trace=16, class=sun.misc.URLClassPath$JarLoader@741700)
	lmap		6bab90
	handler		6bab50
	csu		6bafc0
	jar		b007f40
	base		b0061d0
OBJ b0061d0 (sz=56, trace=17, class=java.net.URL@6b9e60)
	handler		6bab50
	path		b0060d0
	authority	6bd050
	file		b0060d0
	host		6bd050
	protocol	6c7b00
ARR b0060f0 (sz=80, trace=24, nelems=34, elem type=char)
OBJ b0060d0 (sz=24, trace=26, class=java.lang.String@6aeef0)
	value		b0060f0
OBJ b007f40 (sz=48, trace=39, class=java.util.jar.JarFile@7450f0)
	manEntry	b007b80
	man		b0079b0
	inflaters	b007e80
	name		b007ea0
OBJ b007f20 (sz=32, trace=54, class=java.lang.ref.Finalizer@6b1920)
	prev		b007ac0
	next		b0068a0
	queue		6ae070
	referent	b007f40
ARR b007ec0 (sz=64, trace=37, nelems=25, elem type=char)
OBJ b007ea0 (sz=24, trace=38, class=java.lang.String@6aeef0)
	value		b007ec0
OBJ b007e80 (sz=24, trace=57, class=java.util.Vector@6ae8c0)
	elementData	b007e60
ARR b007e60 (sz=56, trace=58, nelems=10, elem type=java.lang.Object@6ae810)
	[0]		b007ae0
OBJ b007b80 (sz=88, trace=73, class=java.util.jar.JarFile$JarFileEntry@74c460)
	this$0		b007f40
	name		745010
OBJ b007ae0 (sz=32, trace=81, class=java.util.zip.Inflater@74f1e0)
	buf		b06cda0
OBJ b007ac0 (sz=32, trace=84, class=java.lang.ref.Finalizer@6b1920)
	prev		b072fe0
	next		b007f20
	queue		6ae070
	referent	b007ae0
OBJ b0079b0 (sz=16, trace=90, class=java.util.jar.Manifest@751410)
	entries		b007910
	attr		b007970
OBJ b007970 (sz=16, trace=91, class=java.util.jar.Attributes@752320)
	map		b007950
OBJ b007950 (sz=40, trace=92, class=java.util.HashMap@6afaf0)
	table		b007930
ARR b007930 (sz=80, trace=93, nelems=16, elem type=java.util.HashMap$Entry@6afa20)
	[10]		b007770
	[12]		b007650
OBJ b007910 (sz=40, trace=94, class=java.util.HashMap@6afaf0)
	table		b0078f0
ARR b0078f0 (sz=80, trace=95, nelems=16, elem type=java.util.HashMap$Entry@6afa20)
OBJ b007830 (sz=24, trace=101, class=java.lang.String@6aeef0)
	value		b007810
ARR b007810 (sz=24, trace=102, nelems=3, elem type=char)
OBJ b0077f0 (sz=16, trace=103, class=java.util.jar.Attributes$Name@7544e0)
	name		755a20
OBJ b007770 (sz=24, trace=125, class=java.util.HashMap$Entry@6afa20)
	value		b007830
	key		b0077f0
OBJ b007710 (sz=24, trace=101, class=java.lang.String@6aeef0)
	value		b0076f0
ARR b0076f0 (sz=72, trace=102, nelems=28, elem type=char)
OBJ b0076d0 (sz=16, trace=103, class=java.util.jar.Attributes$Name@7544e0)
	name		7577e0
OBJ b007650 (sz=24, trace=125, class=java.util.HashMap$Entry@6afa20)
	value		b007710
	key		b0076d0
OBJ b0074d0 (sz=24, trace=138, class=java.util.HashMap$Entry@6afa20)
	value		b0061f0
	key		6bafc0
OBJ b007250 (sz=24, trace=179, class=java.lang.String@6aeef0)
	value		b0049e0
OBJ b007170 (sz=40, trace=196, class=java.lang.Package@76be90)
	pkgName		b007250
OBJ b007150 (sz=24, trace=197, class=java.util.HashMap$Entry@6afa20)
	value		b007170
	key		b007250
OBJ b008e00 (sz=24, trace=224, class=java.security.CodeSource@7704c0)
	location	6bafc0
OBJ b008de0 (sz=24, trace=225, class=java.security.Permissions@7715a0)
	perms		b008dc0
OBJ b008dc0 (sz=40, trace=226, class=java.util.Hashtable@6b63a0)
	table		b008da0
ARR b008da0 (sz=56, trace=227, nelems=11, elem type=java.util.Hashtable$Entry@6af830)
	[0]		b008970
	[3]		b0088d0
OBJ b008b40 (sz=32, trace=251, class=java.io.FilePermission@778970)
	cpath		b0089d0
	name		b008b00
ARR b008b20 (sz=64, trace=258, nelems=25, elem type=char)
OBJ b008b00 (sz=24, trace=259, class=java.lang.String@6aeef0)
	value		b008b20
ARR b0089f0 (sz=64, trace=265, nelems=24, elem type=char)
OBJ b0089d0 (sz=24, trace=265, class=java.lang.String@6aeef0)
	value		b0089f0
OBJ b008a20 (sz=16, trace=272, class=java.io.FilePermissionCollection@77b870)
	permissions	b0089b0
OBJ b0089b0 (sz=24, trace=273, class=java.util.Vector@6ae8c0)
	elementData	b008990
ARR b008990 (sz=56, trace=274, nelems=10, elem type=java.lang.Object@6ae810)
	[0]		b008b40
OBJ b008970 (sz=24, trace=275, class=java.util.Hashtable$Entry@6af830)
	value		b008a20
	key		778970
OBJ b008950 (sz=24, trace=276, class=java.lang.RuntimePermission@6ae650)
	path		77b160
	name		77b160
OBJ b008930 (sz=24, trace=277, class=java.security.BasicPermissionCollection@77cec0)
	permClass	6ae650
	permissions	b008910
OBJ b008910 (sz=40, trace=278, class=java.util.Hashtable@6b63a0)
	table		b0088f0
ARR b0088f0 (sz=56, trace=279, nelems=11, elem type=java.util.Hashtable$Entry@6af830)
	[8]		b0088b0
OBJ b0088d0 (sz=24, trace=280, class=java.util.Hashtable$Entry@6af830)
	value		b008930
	key		6ae650
OBJ b0088b0 (sz=24, trace=281, class=java.util.Hashtable$Entry@6af830)
	value		b008950
	key		77b160
OBJ b008890 (sz=32, trace=282, class=java.security.ProtectionDomain@6bbde0)
	permissions	b008de0
	principals	b008870
	classloader	6bae30
	codesource	b008e00
ARR b008870 (sz=16, trace=283, nelems=0, elem type=java.security.Principal@77c520)
OBJ b008850 (sz=24, trace=284, class=java.util.HashMap$Entry@6afa20)
	value		b008890
	key		b008e00
OBJ b008830 (sz=24, trace=286, class=java.lang.String@6aeef0)
	value		b0049e0
OBJ b008810 (sz=24, trace=288, class=java.util.Hashtable$Entry@6af830)
	value		77d530
	key		b008830
OBJ b0097a0 (sz=24, trace=290, class=java.util.HashMap$Entry@6afa20)
	value		6b7e10
	key		b008890
ARR b0ab080 (sz=192, trace=0, nelems=45, elem type=int)
ARR b017e20 (sz=72, trace=691, nelems=29, elem type=char)
OBJ b01f220 (sz=24, trace=179, class=java.lang.String@6aeef0)
	value		b017e20
OBJ b01f080 (sz=40, trace=196, class=java.lang.Package@76be90)
	pkgName		b01f220
OBJ b01f060 (sz=24, trace=197, class=java.util.HashMap$Entry@6afa20)
	next		b09e280
	value		b01f080
	key		b01f220
OBJ b020fa0 (sz=24, trace=286, class=java.lang.String@6aeef0)
	value		b017e20
OBJ b020e60 (sz=24, trace=288, class=java.util.Hashtable$Entry@6af830)
	value		77d530
	key		b020fa0
OBJ b022fb0 (sz=16, trace=691, class=antlr.collections.impl.BitSet@b020c80)
	bits		b022f50
ARR b022f50 (sz=40, trace=693, nelems=3, elem type=long)
OBJ b022e70 (sz=16, trace=694, class=antlr.collections.impl.BitSet@b020c80)
	bits		b021530
ARR b021530 (sz=48, trace=695, nelems=4, elem type=long)
OBJ b021450 (sz=16, trace=696, class=antlr.collections.impl.BitSet@b020c80)
	bits		b021370
ARR b021370 (sz=48, trace=697, nelems=4, elem type=long)
OBJ b021290 (sz=16, trace=698, class=antlr.collections.impl.BitSet@b020c80)
	bits		b0211b0
ARR b0211b0 (sz=48, trace=699, nelems=4, elem type=long)
OBJ b021110 (sz=16, trace=700, class=antlr.collections.impl.BitSet@b020c80)
	bits		b0210e0
ARR b0210e0 (sz=48, trace=701, nelems=4, elem type=long)
OBJ b022610 (sz=16, trace=702, class=antlr.collections.impl.BitSet@b020c80)
	bits		b022530
ARR b022530 (sz=48, trace=703, nelems=4, elem type=long)
OBJ b02caf0 (sz=16, trace=716, class=antlr.Token@b02b7d0)
ARR b03d2f0 (sz=56, trace=832, nelems=21, elem type=char)
OBJ b040560 (sz=24, trace=179, class=java.lang.String@6aeef0)
	value		b03d2f0
OBJ b0403c0 (sz=40, trace=196, class=java.lang.Package@76be90)
	pkgName		b040560
OBJ b0403a0 (sz=24, trace=197, class=java.util.HashMap$Entry@6afa20)
	next		787350
	value		b0403c0
	key		b040560
OBJ b0402e0 (sz=24, trace=286, class=java.lang.String@6aeef0)
	value		b03d2f0
OBJ b0402c0 (sz=24, trace=288, class=java.util.Hashtable$Entry@6af830)
	value		77d530
	key		b0402e0
ARR b05a9e0 (sz=424, trace=833, nelems=102, elem type=java.lang.String@6aeef0)
	[0]		b05a860
	[1]		b05a720
	[2]		b05a5e0
	[3]		b05a4a0
	[4]		b05a360
	[5]		b05a220
	[6]		b05a0e0
	[7]		b05a070
	[8]		b05be50
	[9]		b05bd10
	[10]		b05bbd0
	[11]		b05ba90
	[12]		b05b950
	[13]		b05b810
	[14]		b05b6d0
	[15]		b05b590
	[16]		b05b450
	[17]		b05b310
	[18]		b05b1d0
	[19]		b05b090
	[20]		b05cf40
	[21]		b05ce00
	[22]		b05ccc0
	[23]		b05cb80
	[24]		b05ca40
	[25]		b05c900
	[26]		b05c7c0
	[27]		b05c680
	[28]		b05c540
	[29]		b05c400
	[30]		b05c2c0
	[31]		b05c180
	[32]		b05c040
	[33]		b05def0
	[34]		b05ddb0
	[35]		b05dc70
	[36]		b05db30
	[37]		b05d9f0
	[38]		b05d8b0
	[39]		b05d770
	[40]		b05d630
	[41]		b05d4f0
	[42]		b05d3b0
	[43]		b05d270
	[44]		b05d130
	[45]		b05efe0
	[46]		b05eea0
	[47]		b05ed60
	[48]		b05ec20
	[49]		b05eae0
	[50]		b05e9a0
	[51]		6c4ac0
	[52]		b05e860
	[53]		b05e720
	[54]		b05e5e0
	[55]		b05e4a0
	[56]		b05e360
	[57]		b05e220
	[58]		b05e0e0
	[59]		b05e070
	[60]		b05fe50
	[61]		b05fd10
	[62]		b05fbd0
	[63]		b05fa90
	[64]		b05f950
	[65]		b05f810
	[66]		b05f6d0
	[67]		b05f590
	[68]		b05f450
	[69]		b05f310
	[70]		b05f1d0
	[71]		b05f090
	[72]		b03f040
	[73]		b03e8d0
	[74]		b03ee90
	[75]		b03ed50
	[76]		b03ec10
	[77]		b03ead0
	[78]		b03e990
	[79]		b04b230
	[80]		b056af0
	[81]		b052960
	[82]		b052d40
	[83]		b052c10
	[84]		b04e7d0
	[85]		b04c230
	[86]		b060ec0
	[87]		b060d80
	[88]		b060c40
	[89]		b060b00
	[90]		b0609c0
	[91]		b060880
	[92]		b060740
	[93]		b060600
	[94]		b0604c0
	[95]		b060380
	[96]		b060240
	[97]		b060100
	[98]		b061fb0
	[99]		b061e70
	[100]		b061d30
	[101]		b061bf0
OBJ b061b90 (sz=16, trace=935, class=antlr.collections.impl.BitSet@b020c80)
	bits		b061aa0
ARR b061aa0 (sz=32, trace=936, nelems=2, elem type=long)
OBJ b0619c0 (sz=16, trace=937, class=antlr.collections.impl.BitSet@b020c80)
	bits		b0618e0
ARR b0618e0 (sz=32, trace=938, nelems=2, elem type=long)
OBJ b061800 (sz=16, trace=939, class=antlr.collections.impl.BitSet@b020c80)
	bits		b061720
ARR b061720 (sz=32, trace=940, nelems=2, elem type=long)
OBJ b061640 (sz=16, trace=941, class=antlr.collections.impl.BitSet@b020c80)
	bits		b061560
ARR b061560 (sz=32, trace=942, nelems=2, elem type=long)
OBJ b061480 (sz=16, trace=943, class=antlr.collections.impl.BitSet@b020c80)
	bits		b0613a0
ARR b0613a0 (sz=48, trace=944, nelems=4, elem type=long)
OBJ b0612c0 (sz=16, trace=945, class=antlr.collections.impl.BitSet@b020c80)
	bits		b0611e0
ARR b0611e0 (sz=32, trace=946, nelems=2, elem type=long)
OBJ b061100 (sz=16, trace=947, class=antlr.collections.impl.BitSet@b020c80)
	bits		b061020
ARR b061020 (sz=32, trace=948, nelems=2, elem type=long)
OBJ b062f30 (sz=16, trace=949, class=antlr.collections.impl.BitSet@b020c80)
	bits		b062e50
ARR b062e50 (sz=32, trace=950, nelems=2, elem type=long)
OBJ b062d70 (sz=16, trace=951, class=antlr.collections.impl.BitSet@b020c80)
	bits		b062c90
ARR b062c90 (sz=48, trace=952, nelems=4, elem type=long)
OBJ b062bb0 (sz=16, trace=953, class=antlr.collections.impl.BitSet@b020c80)
	bits		b062ad0
ARR b062ad0 (sz=32, trace=954, nelems=2, elem type=long)
OBJ b0629f0 (sz=16, trace=955, class=antlr.collections.impl.BitSet@b020c80)
	bits		b062910
ARR b062910 (sz=32, trace=956, nelems=2, elem type=long)
OBJ b062830 (sz=16, trace=957, class=antlr.collections.impl.BitSet@b020c80)
	bits		b062750
ARR b062750 (sz=32, trace=958, nelems=2, elem type=long)
OBJ b062670 (sz=16, trace=959, class=antlr.collections.impl.BitSet@b020c80)
	bits		b062590
ARR b062590 (sz=32, trace=960, nelems=2, elem type=long)
OBJ b0624b0 (sz=16, trace=961, class=antlr.collections.impl.BitSet@b020c80)
	bits		b0623d0
ARR b0623d0 (sz=32, trace=962, nelems=2, elem type=long)
OBJ b0622f0 (sz=16, trace=963, class=antlr.collections.impl.BitSet@b020c80)
	bits		b062210
ARR b062210 (sz=48, trace=964, nelems=4, elem type=long)
OBJ b062130 (sz=16, trace=965, class=antlr.collections.impl.BitSet@b020c80)
	bits		b062050
ARR b062050 (sz=32, trace=966, nelems=2, elem type=long)
OBJ b063f60 (sz=16, trace=967, class=antlr.collections.impl.BitSet@b020c80)
	bits		b063e80
ARR b063e80 (sz=48, trace=968, nelems=4, elem type=long)
OBJ b063da0 (sz=16, trace=969, class=antlr.collections.impl.BitSet@b020c80)
	bits		b063cc0
ARR b063cc0 (sz=32, trace=970, nelems=2, elem type=long)
OBJ b063be0 (sz=16, trace=971, class=antlr.collections.impl.BitSet@b020c80)
	bits		b063b00
ARR b063b00 (sz=32, trace=972, nelems=2, elem type=long)
OBJ b063a20 (sz=16, trace=973, class=antlr.collections.impl.BitSet@b020c80)
	bits		b063940
ARR b063940 (sz=48, trace=974, nelems=4, elem type=long)
OBJ b063860 (sz=16, trace=975, class=antlr.collections.impl.BitSet@b020c80)
	bits		b063780
ARR b063780 (sz=48, trace=976, nelems=4, elem type=long)
OBJ b0636a0 (sz=16, trace=977, class=antlr.collections.impl.BitSet@b020c80)
	bits		b0635c0
ARR b0635c0 (sz=48, trace=978, nelems=4, elem type=long)
OBJ b0634e0 (sz=16, trace=979, class=antlr.collections.impl.BitSet@b020c80)
	bits		b063400
ARR b063400 (sz=32, trace=980, nelems=2, elem type=long)
OBJ b063320 (sz=16, trace=981, class=antlr.collections.impl.BitSet@b020c80)
	bits		b063240
ARR b063240 (sz=48, trace=982, nelems=4, elem type=long)
OBJ b063160 (sz=16, trace=983, class=antlr.collections.impl.BitSet@b020c80)
	bits		b063010
ARR b063010 (sz=48, trace=984, nelems=4, elem type=long)
OBJ b063080 (sz=16, trace=985, class=antlr.collections.impl.BitSet@b020c80)
	bits		b064eb0
ARR b064eb0 (sz=48, trace=986, nelems=4, elem type=long)
OBJ b064dd0 (sz=16, trace=987, class=antlr.collections.impl.BitSet@b020c80)
	bits		b064cf0
ARR b064cf0 (sz=48, trace=988, nelems=4, elem type=long)
OBJ b064c10 (sz=16, trace=989, class=antlr.collections.impl.BitSet@b020c80)
	bits		b064b30
ARR b064b30 (sz=48, trace=990, nelems=4, elem type=long)
OBJ b064a50 (sz=16, trace=991, class=antlr.collections.impl.BitSet@b020c80)
	bits		b064970
ARR b064970 (sz=48, trace=992, nelems=4, elem type=long)
OBJ b064890 (sz=16, trace=993, class=antlr.collections.impl.BitSet@b020c80)
	bits		b0647b0
ARR b0647b0 (sz=48, trace=994, nelems=4, elem type=long)
ARR b06cda0 (sz=528, trace=87, nelems=512, elem type=byte)
ARR b06dbf0 (sz=16, trace=395, nelems=0, elem type=java.lang.Class@6ac030)
OBJ b06dbd0 (sz=48, trace=395, class=java.lang.reflect.Constructor@6b5ab0)
	constructorAccessor	b06d970
	exceptionTypes	6ac010
	parameterTypes	b06dbf0
	clazz		b02cfc0
OBJ b06dbb0 (sz=32, trace=396, class=java.lang.ref.SoftReference@6b11f0)
	next		b06dbb0
	queue		6ae250
OBJ b06da60 (sz=48, trace=397, class=java.lang.reflect.Constructor@6b5ab0)
	root		b06dbd0
	constructorAccessor	b06d970
	exceptionTypes	6ac010
	parameterTypes	b06dbf0
	clazz		b02cfc0
OBJ b06d970 (sz=16, trace=401, class=sun.reflect.DelegatingConstructorAccessorImpl@6b5780)
	delegate	b0894c0
ARR b06d560 (sz=16, trace=395, nelems=0, elem type=java.lang.Class@6ac030)
OBJ b06d540 (sz=48, trace=395, class=java.lang.reflect.Constructor@6b5ab0)
	constructorAccessor	b06d410
	exceptionTypes	6ac010
	parameterTypes	b06d560
	clazz		b052f40
OBJ b06d520 (sz=32, trace=396, class=java.lang.ref.SoftReference@6b11f0)
	next		b06d520
	queue		6ae250
OBJ b06d500 (sz=48, trace=397, class=java.lang.reflect.Constructor@6b5ab0)
	root		b06d540
	constructorAccessor	b06d410
	exceptionTypes	6ac010
	parameterTypes	b06d560
	clazz		b052f40
OBJ b06d410 (sz=16, trace=401, class=sun.reflect.DelegatingConstructorAccessorImpl@6b5780)
	delegate	b08a1a0
ARR b079f30 (sz=48, trace=1053, nelems=8, elem type=java.lang.Class@6ac030)
	[0]		6bda60
	[1]		6bda80
	[2]		6bda40
	[3]		6bda00
	[4]		6bdae0
	[5]		6bda20
	[6]		6bdac0
	[7]		6bdaa0
OBJ b086040 (sz=56, trace=1194, class=sun.reflect.DelegatingClassLoader@6bc840)
	nativeLibraries	b0877c0
	packages	b087950
	domains		b087bc0
	classes		b087d50
	package2certs	b087f10
	parent		6bae30
OBJ b087f10 (sz=40, trace=1195, class=java.util.Hashtable@6b63a0)
	table		b087e00
ARR b087e00 (sz=56, trace=1196, nelems=11, elem type=java.util.Hashtable$Entry@6af830)
OBJ b087d50 (sz=24, trace=1197, class=java.util.Vector@6ae8c0)
	elementData	b087c70
ARR b087c70 (sz=56, trace=1198, nelems=10, elem type=java.lang.Object@6ae810)
	[0]		b0871d0
OBJ b087bc0 (sz=16, trace=1199, class=java.util.HashSet@6b7df0)
	map		b087ae0
OBJ b087ae0 (sz=40, trace=1200, class=java.util.HashMap@6afaf0)
	table		b087a00
ARR b087a00 (sz=80, trace=1201, nelems=16, elem type=java.util.HashMap$Entry@6afa20)
OBJ b087950 (sz=40, trace=1202, class=java.util.HashMap@6afaf0)
	table		b087870
ARR b087870 (sz=80, trace=1203, nelems=16, elem type=java.util.HashMap$Entry@6afa20)
OBJ b0877c0 (sz=24, trace=1204, class=java.util.Vector@6ae8c0)
	elementData	b0876e0
ARR b0876e0 (sz=56, trace=1205, nelems=10, elem type=java.lang.Object@6ae810)
ARR b088fc0 (sz=16, trace=395, nelems=0, elem type=java.lang.Class@6ac030)
OBJ b088fa0 (sz=48, trace=395, class=java.lang.reflect.Constructor@6b5ab0)
	constructorAccessor	b088960
	exceptionTypes	6ac010
	parameterTypes	b088fc0
	clazz		b0871d0
OBJ b088f80 (sz=32, trace=396, class=java.lang.ref.SoftReference@6b11f0)
	next		b088f80
	queue		6ae250
OBJ b088f60 (sz=48, trace=397, class=java.lang.reflect.Constructor@6b5ab0)
	root		b088fa0
	constructorAccessor	b088960
	exceptionTypes	6ac010
	parameterTypes	b088fc0
	clazz		b0871d0
OBJ b088960 (sz=16, trace=1209, class=sun.reflect.BootstrapConstructorAccessorImpl@b088bc0)
	constructor	b088f60
OBJ b0894c0 (sz=8, trace=1211, class=sun.reflect.GeneratedConstructorAccessor1@b0871d0)
OBJ b08a6c0 (sz=56, trace=1194, class=sun.reflect.DelegatingClassLoader@6bc840)
	nativeLibraries	b08a580
	packages	b08a5c0
	domains		b08a620
	classes		b08a660
	package2certs	b08a6a0
	parent		6bae30
OBJ b08a6a0 (sz=40, trace=1195, class=java.util.Hashtable@6b63a0)
	table		b08a680
ARR b08a680 (sz=56, trace=1196, nelems=11, elem type=java.util.Hashtable$Entry@6af830)
OBJ b08a660 (sz=24, trace=1197, class=java.util.Vector@6ae8c0)
	elementData	b08a640
ARR b08a640 (sz=56, trace=1198, nelems=10, elem type=java.lang.Object@6ae810)
	[0]		b08a4c0
OBJ b08a620 (sz=16, trace=1199, class=java.util.HashSet@6b7df0)
	map		b08a600
OBJ b08a600 (sz=40, trace=1200, class=java.util.HashMap@6afaf0)
	table		b08a5e0
ARR b08a5e0 (sz=80, trace=1201, nelems=16, elem type=java.util.HashMap$Entry@6afa20)
OBJ b08a5c0 (sz=40, trace=1202, class=java.util.HashMap@6afaf0)
	table		b08a5a0
ARR b08a5a0 (sz=80, trace=1203, nelems=16, elem type=java.util.HashMap$Entry@6afa20)
OBJ b08a580 (sz=24, trace=1204, class=java.util.Vector@6ae8c0)
	elementData	b08a560
ARR b08a560 (sz=56, trace=1205, nelems=10, elem type=java.lang.Object@6ae810)
ARR b08a2a0 (sz=16, trace=395, nelems=0, elem type=java.lang.Class@6ac030)
OBJ b08a280 (sz=48, trace=395, class=java.lang.reflect.Constructor@6b5ab0)
	constructorAccessor	b08a200
	exceptionTypes	6ac010
	parameterTypes	b08a2a0
	clazz		b08a4c0
OBJ b08a260 (sz=32, trace=396, class=java.lang.ref.SoftReference@6b11f0)
	next		b08a260
	queue		6ae250
OBJ b08a240 (sz=48, trace=397, class=java.lang.reflect.Constructor@6b5ab0)
	root		b08a280
	constructorAccessor	b08a200
	exceptionTypes	6ac010
	parameterTypes	b08a2a0
	clazz		b08a4c0
OBJ b08a200 (sz=16, trace=1209, class=sun.reflect.BootstrapConstructorAccessorImpl@b088bc0)
	constructor	b08a240
OBJ b08a1a0 (sz=8, trace=1211, class=sun.reflect.GeneratedConstructorAccessor2@b08a4c0)
ARR b07f120 (sz=16, trace=395, nelems=0, elem type=java.lang.Class@6ac030)
OBJ b07f1a0 (sz=48, trace=395, class=java.lang.reflect.Constructor@6b5ab0)
	constructorAccessor	b07fc50
	exceptionTypes	6ac010
	parameterTypes	b07f120
	clazz		b0808a0
OBJ b07f390 (sz=32, trace=396, class=java.lang.ref.SoftReference@6b11f0)
	next		b07f390
	queue		6ae250
OBJ b07f580 (sz=48, trace=397, class=java.lang.reflect.Constructor@6b5ab0)
	root		b07f1a0
	constructorAccessor	b07fc50
	exceptionTypes	6ac010
	parameterTypes	b07f120
	clazz		b0808a0
OBJ b07fc50 (sz=16, trace=401, class=sun.reflect.DelegatingConstructorAccessorImpl@6b5780)
	delegate	b041160
ARR b074fc0 (sz=104, trace=1973, nelems=45, elem type=char)
OBJ b074fe0 (sz=24, trace=1974, class=java.lang.String@6aeef0)
	value		b074fc0
OBJ b073010 (sz=56, trace=1975, class=java.net.URL@6b9e60)
	handler		6b9890
	path		b074fe0
	authority	6bd050
	file		b074fe0
	host		6bd050
	protocol	6c6720
ARR b073190 (sz=120, trace=1973, nelems=53, elem type=char)
OBJ b0731b0 (sz=24, trace=1974, class=java.lang.String@6aeef0)
	value		b073190
OBJ b0731d0 (sz=56, trace=1975, class=java.net.URL@6b9e60)
	handler		6b9890
	path		b0731b0
	authority	6bd050
	file		b0731b0
	host		6bd050
	protocol	6c6720
ARR b073350 (sz=112, trace=1973, nelems=47, elem type=char)
OBJ b073370 (sz=24, trace=1974, class=java.lang.String@6aeef0)
	value		b073350
OBJ b073390 (sz=56, trace=1975, class=java.net.URL@6b9e60)
	handler		6b9890
	path		b073370
	authority	6bd050
	file		b073370
	host		6bd050
	protocol	6c6720
ARR b073510 (sz=104, trace=1973, nelems=46, elem type=char)
OBJ b073530 (sz=24, trace=1974, class=java.lang.String@6aeef0)
	value		b073510
OBJ b073550 (sz=56, trace=1975, class=java.net.URL@6b9e60)
	handler		6b9890
	path		b073530
	authority	6bd050
	file		b073530
	host		6bd050
	protocol	6c6720
ARR b073ca0 (sz=120, trace=1973, nelems=51, elem type=char)
OBJ b073cc0 (sz=24, trace=1974, class=java.lang.String@6aeef0)
	value		b073ca0
OBJ b073ce0 (sz=56, trace=1975, class=java.net.URL@6b9e60)
	handler		6b9890
	path		b073cc0
	authority	6bd050
	file		b073cc0
	host		6bd050
	protocol	6c6720
ARR b073e60 (sz=128, trace=1973, nelems=57, elem type=char)
OBJ b073e80 (sz=24, trace=1974, class=java.lang.String@6aeef0)
	value		b073e60
OBJ b073ea0 (sz=56, trace=1975, class=java.net.URL@6b9e60)
	handler		6b9890
	path		b073e80
	authority	6bd050
	file		b073e80
	host		6bd050
	protocol	6c6720
ARR b072040 (sz=120, trace=1973, nelems=52, elem type=char)
OBJ b072060 (sz=24, trace=1974, class=java.lang.String@6aeef0)
	value		b072040
OBJ b072080 (sz=56, trace=1975, class=java.net.URL@6b9e60)
	handler		6b9890
	path		b072060
	authority	6bd050
	file		b072060
	host		6bd050
	protocol	6c6720
ARR b072200 (sz=120, trace=1973, nelems=54, elem type=char)
OBJ b072220 (sz=24, trace=1974, class=java.lang.String@6aeef0)
	value		b072200
OBJ b072240 (sz=56, trace=1975, class=java.net.URL@6b9e60)
	handler		6b9890
	path		b072220
	authority	6bd050
	file		b072220
	host		6bd050
	protocol	6c6720
ARR b0723c0 (sz=136, trace=1973, nelems=62, elem type=char)
OBJ b0723e0 (sz=24, trace=1974, class=java.lang.String@6aeef0)
	value		b0723c0
OBJ b072400 (sz=56, trace=1975, class=java.net.URL@6b9e60)
	handler		6b9890
	path		b0723e0
	authority	6bd050
	file		b0723e0
	host		6bd050
	protocol	6c6720
OBJ b072440 (sz=32, trace=1977, class=sun.misc.URLClassPath@6b9590)
	jarHandler	b072c80
	lmap		b072520
	loaders		b0724e0
	urls		b0724a0
	path		b072460
OBJ b072460 (sz=24, trace=1978, class=java.util.ArrayList@6b6800)
	elementData	b072480
ARR b072480 (sz=56, trace=1979, nelems=10, elem type=java.lang.Object@6ae810)
	[0]		b073010
	[1]		b0731d0
	[2]		b073390
	[3]		b073550
	[4]		b073ce0
	[5]		b073ea0
	[6]		b072080
	[7]		b072240
	[8]		b072400
OBJ b0724a0 (sz=24, trace=1980, class=java.util.Stack@6ae720)
	elementData	b0724c0
ARR b0724c0 (sz=56, trace=1981, nelems=10, elem type=java.lang.Object@6ae810)
OBJ b0724e0 (sz=24, trace=1982, class=java.util.ArrayList@6b6800)
	elementData	b072500
ARR b072500 (sz=56, trace=1983, nelems=10, elem type=java.lang.Object@6ae810)
	[0]		b072cc0
	[1]		b067820
	[2]		b02bab0
	[3]		b029020
	[4]		b01c310
	[5]		b01b220
	[6]		b01a400
	[7]		b0191f0
	[8]		b018820
OBJ b072520 (sz=40, trace=1984, class=java.util.HashMap@6afaf0)
	table		b072600
ARR b072600 (sz=80, trace=1985, nelems=16, elem type=java.util.HashMap$Entry@6afa20)
	[0]		b019110
	[1]		b02b9d0
	[2]		affdca0
	[7]		b01b140
	[11]		b02af20
	[12]		b018740
OBJ b072c80 (sz=8, trace=402, class=sun.net.www.protocol.jar.Handler@6b92e0)
OBJ b072cc0 (sz=32, trace=16, class=sun.misc.URLClassPath$JarLoader@741700)
	lmap		b072520
	handler		b072c80
	csu		b073010
	jar		b072fc0
	base		b072ce0
OBJ b072ce0 (sz=56, trace=17, class=java.net.URL@6b9e60)
	handler		b072c80
	path		b072e00
	authority	6bd050
	file		b072e00
	host		6bd050
	protocol	6c7b00
ARR b072de0 (sz=216, trace=25, nelems=102, elem type=char)
OBJ b072e00 (sz=24, trace=26, class=java.lang.String@6aeef0)
	value		b072de0
OBJ b072fc0 (sz=48, trace=39, class=java.util.jar.JarFile@7450f0)
	jv		b0675e0
	manEntry	b071170
	man		b0711f0
	inflaters	b071090
	name		b071070
OBJ b072fe0 (sz=32, trace=54, class=java.lang.ref.Finalizer@6b1920)
	prev		b067b40
	next		b007ac0
	queue		6ae070
	referent	b072fc0
ARR b071050 (sz=104, trace=37, nelems=43, elem type=char)
OBJ b071070 (sz=24, trace=38, class=java.lang.String@6aeef0)
	value		b071050
OBJ b071090 (sz=24, trace=57, class=java.util.Vector@6ae8c0)
	elementData	b0710b0
ARR b0710b0 (sz=56, trace=58, nelems=10, elem type=java.lang.Object@6ae810)
OBJ b071170 (sz=88, trace=73, class=java.util.jar.JarFile$JarFileEntry@74c460)
	this$0		b072fc0
	name		745010
ARR b071190 (sz=2248, trace=74, nelems=2229, elem type=byte)
OBJ b0711f0 (sz=16, trace=90, class=java.util.jar.Manifest@751410)
	entries		b071290
	attr		b071230
OBJ b071230 (sz=16, trace=91, class=java.util.jar.Attributes@752320)
	map		b071250
OBJ b071250 (sz=40, trace=92, class=java.util.HashMap@6afaf0)
	table		b071270
ARR b071270 (sz=80, trace=93, nelems=16, elem type=java.util.HashMap$Entry@6afa20)
	[2]		b070690
	[3]		b070570
	[10]		b071430
	[12]		b070450
	[13]		b070330
	[14]		b0700f0
OBJ b071290 (sz=40, trace=94, class=java.util.HashMap@6afaf0)
	table		b06bbd0
OBJ b071370 (sz=24, trace=101, class=java.lang.String@6aeef0)
	value		b071390
ARR b071390 (sz=24, trace=102, nelems=3, elem type=char)
OBJ b0713b0 (sz=16, trace=103, class=java.util.jar.Attributes$Name@7544e0)
	name		755a20
OBJ b071430 (sz=24, trace=125, class=java.util.HashMap$Entry@6afa20)
	value		b071370
	key		b0713b0
OBJ b071490 (sz=24, trace=101, class=java.lang.String@6aeef0)
	value		b0714b0
ARR b0714b0 (sz=24, trace=102, nelems=3, elem type=char)
OBJ b0714d0 (sz=16, trace=103, class=java.util.jar.Attributes$Name@7544e0)
	name		7561b0
OBJ b071670 (sz=24, trace=125, class=java.util.HashMap$Entry@6afa20)
	value		b071490
	key		b0714d0
OBJ b071fc0 (sz=24, trace=101, class=java.lang.String@6aeef0)
	value		b070050
ARR b070050 (sz=80, trace=102, nelems=31, elem type=char)
OBJ b070070 (sz=16, trace=103, class=java.util.jar.Attributes$Name@7544e0)
	name		756350
OBJ b0700f0 (sz=24, trace=125, class=java.util.HashMap$Entry@6afa20)
	next		b071670
	value		b071fc0
	key		b070070
OBJ b070150 (sz=24, trace=101, class=java.lang.String@6aeef0)
	value		b070170
ARR b070170 (sz=24, trace=102, nelems=5, elem type=char)
OBJ b070190 (sz=16, trace=103, class=java.util.jar.Attributes$Name@7544e0)
	name		7569d0
OBJ b070210 (sz=24, trace=125, class=java.util.HashMap$Entry@6afa20)
	value		b070150
	key		b070190
OBJ b070270 (sz=24, trace=101, class=java.lang.String@6aeef0)
	value		b070290
ARR b070290 (sz=64, trace=102, nelems=24, elem type=char)
OBJ b0702b0 (sz=16, trace=103, class=java.util.jar.Attributes$Name@7544e0)
	name		756b70
OBJ b070330 (sz=24, trace=125, class=java.util.HashMap$Entry@6afa20)
	next		b070210
	value		b070270
	key		b0702b0
OBJ b070390 (sz=24, trace=101, class=java.lang.String@6aeef0)
	value		b0703b0
ARR b0703b0 (sz=72, trace=102, nelems=29, elem type=char)
OBJ b0703d0 (sz=16, trace=103, class=java.util.jar.Attributes$Name@7544e0)
	name		7577e0
OBJ b070450 (sz=24, trace=125, class=java.util.HashMap$Entry@6afa20)
	value		b070390
	key		b0703d0
OBJ b0704b0 (sz=24, trace=101, class=java.lang.String@6aeef0)
	value		b0704d0
ARR b0704d0 (sz=56, trace=102, nelems=22, elem type=char)
OBJ b0704f0 (sz=16, trace=103, class=java.util.jar.Attributes$Name@7544e0)
	name		756830
OBJ b070570 (sz=24, trace=125, class=java.util.HashMap$Entry@6afa20)
	value		b0704b0
	key		b0704f0
OBJ b0705d0 (sz=24, trace=101, class=java.lang.String@6aeef0)
	value		b0705f0
ARR b0705f0 (sz=56, trace=102, nelems=22, elem type=char)
OBJ b070610 (sz=16, trace=103, class=java.util.jar.Attributes$Name@7544e0)
	name		756010
OBJ b070690 (sz=24, trace=125, class=java.util.HashMap$Entry@6afa20)
	value		b0705d0
	key		b070610
OBJ b0706b0 (sz=24, trace=140, class=java.lang.String@6aeef0)
	value		b0706d0
ARR b0706d0 (sz=88, trace=141, nelems=35, elem type=char)
OBJ b0706f0 (sz=16, trace=142, class=java.util.jar.Attributes@752320)
	map		b070710
OBJ b070710 (sz=40, trace=143, class=java.util.HashMap@6afaf0)
	table		b070730
ARR b070730 (sz=24, trace=144, nelems=2, elem type=java.util.HashMap$Entry@6afa20)
	[1]		b0708b0
OBJ b070750 (sz=24, trace=145, class=java.util.HashMap$Entry@6afa20)
	value		b0706f0
	key		b0706b0
OBJ b0707b0 (sz=24, trace=148, class=java.lang.String@6aeef0)
	value		b0707d0
ARR b0707d0 (sz=24, trace=149, nelems=4, elem type=char)
OBJ b0707f0 (sz=16, trace=150, class=java.util.jar.Attributes$Name@7544e0)
	name		b070830
OBJ b0708b0 (sz=24, trace=125, class=java.util.HashMap$Entry@6afa20)
	value		b0707b0
	key		b0707f0
OBJ b0708d0 (sz=24, trace=140, class=java.lang.String@6aeef0)
	value		b0708f0
ARR b0708f0 (sz=72, trace=141, nelems=29, elem type=char)
OBJ b0709c0 (sz=16, trace=142, class=java.util.jar.Attributes@752320)
	map		b070a40
OBJ b070a40 (sz=40, trace=143, class=java.util.HashMap@6afaf0)
	table		b070a60
ARR b070a60 (sz=24, trace=144, nelems=2, elem type=java.util.HashMap$Entry@6afa20)
	[1]		b070e40
OBJ b070ad0 (sz=24, trace=145, class=java.util.HashMap$Entry@6afa20)
	next		b070750
	value		b0709c0
	key		b0708d0
OBJ b070c30 (sz=24, trace=148, class=java.lang.String@6aeef0)
	value		b070ca0
ARR b070ca0 (sz=24, trace=149, nelems=4, elem type=char)
OBJ b070d80 (sz=16, trace=150, class=java.util.jar.Attributes$Name@7544e0)
	name		b070830
OBJ b070e40 (sz=24, trace=125, class=java.util.HashMap$Entry@6afa20)
	value		b070c30
	key		b070d80
OBJ b070ec0 (sz=24, trace=140, class=java.lang.String@6aeef0)
	value		b070f20
ARR b070f20 (sz=72, trace=141, nelems=29, elem type=char)
OBJ b04bfe0 (sz=16, trace=142, class=java.util.jar.Attributes@752320)
	map		b067040
OBJ b067040 (sz=40, trace=143, class=java.util.HashMap@6afaf0)
	table		b06f110
ARR b06f110 (sz=24, trace=144, nelems=2, elem type=java.util.HashMap$Entry@6afa20)
	[1]		b06f750
OBJ b06f180 (sz=24, trace=145, class=java.util.HashMap$Entry@6afa20)
	value		b04bfe0
	key		b070ec0
OBJ b06f450 (sz=24, trace=148, class=java.lang.String@6aeef0)
	value		b06f4c0
ARR b06f4c0 (sz=24, trace=149, nelems=4, elem type=char)
OBJ b06f5a0 (sz=16, trace=150, class=java.util.jar.Attributes$Name@7544e0)
	name		b070830
OBJ b06f750 (sz=24, trace=125, class=java.util.HashMap$Entry@6afa20)
	value		b06f450
	key		b06f5a0
OBJ b06f770 (sz=24, trace=140, class=java.lang.String@6aeef0)
	value		b06f790
ARR b06f790 (sz=72, trace=141, nelems=27, elem type=char)
OBJ b06f7b0 (sz=16, trace=142, class=java.util.jar.Attributes@752320)
	map		b06f820
OBJ b06f820 (sz=40, trace=143, class=java.util.HashMap@6afaf0)
	table		b06f900
ARR b06f900 (sz=24, trace=144, nelems=2, elem type=java.util.HashMap$Entry@6afa20)
	[1]		b06ffa0
OBJ b06f960 (sz=24, trace=145, class=java.util.HashMap$Entry@6afa20)
	value		b06f7b0
	key		b06f770
OBJ b06f9c0 (sz=24, trace=148, class=java.lang.String@6aeef0)
	value		b06fa30
ARR b06fa30 (sz=24, trace=149, nelems=4, elem type=char)
OBJ b06faf0 (sz=16, trace=150, class=java.util.jar.Attributes$Name@7544e0)
	name		b070830
OBJ b06ffa0 (sz=24, trace=125, class=java.util.HashMap$Entry@6afa20)
	value		b06f9c0
	key		b06faf0
OBJ b06e1a0 (sz=24, trace=140, class=java.lang.String@6aeef0)
	value		b06e1c0
ARR b06e1c0 (sz=64, trace=141, nelems=24, elem type=char)
OBJ b06e1e0 (sz=16, trace=142, class=java.util.jar.Attributes@752320)
	map		b06e260
OBJ b06e260 (sz=40, trace=143, class=java.util.HashMap@6afaf0)
	table		b06e280
ARR b06e280 (sz=24, trace=144, nelems=2, elem type=java.util.HashMap$Entry@6afa20)
	[1]		b06e3c0
OBJ b06e2a0 (sz=24, trace=145, class=java.util.HashMap$Entry@6afa20)
	value		b06e1e0
	key		b06e1a0
OBJ b06e300 (sz=24, trace=148, class=java.lang.String@6aeef0)
	value		b06e320
ARR b06e320 (sz=24, trace=149, nelems=4, elem type=char)
OBJ b06e340 (sz=16, trace=150, class=java.util.jar.Attributes$Name@7544e0)
	name		b070830
OBJ b06e3c0 (sz=24, trace=125, class=java.util.HashMap$Entry@6afa20)
	value		b06e300
	key		b06e340
OBJ b06e3e0 (sz=24, trace=140, class=java.lang.String@6aeef0)
	value		b06e400
ARR b06e400 (sz=72, trace=141, nelems=28, elem type=char)
OBJ b06e420 (sz=16, trace=142, class=java.util.jar.Attributes@752320)
	map		b06e440
OBJ b06e440 (sz=40, trace=143, class=java.util.HashMap@6afaf0)
	table		b06e460
ARR b06e460 (sz=24, trace=144, nelems=2, elem type=java.util.HashMap$Entry@6afa20)
	[1]		b06e6a0
OBJ b06e480 (sz=24, trace=145, class=java.util.HashMap$Entry@6afa20)
	value		b06e420
	key		b06e3e0
OBJ b06e5e0 (sz=24, trace=148, class=java.lang.String@6aeef0)
	value		b06e600
ARR b06e600 (sz=24, trace=149, nelems=4, elem type=char)
OBJ b06e620 (sz=16, trace=150, class=java.util.jar.Attributes$Name@7544e0)
	name		b070830
OBJ b06e6a0 (sz=24, trace=125, class=java.util.HashMap$Entry@6afa20)
	value		b06e5e0
	key		b06e620
OBJ b06e6c0 (sz=24, trace=140, class=java.lang.String@6aeef0)
	value		b06e6e0
ARR b06e6e0 (sz=72, trace=141, nelems=30, elem type=char)
OBJ b06e700 (sz=16, trace=142, class=java.util.jar.Attributes@752320)
	map		b06e720
OBJ b06e720 (sz=40, trace=143, class=java.util.HashMap@6afaf0)
	table		b06e740
ARR b06e740 (sz=24, trace=144, nelems=2, elem type=java.util.HashMap$Entry@6afa20)
	[1]		b06e880
OBJ b06e760 (sz=24, trace=145, class=java.util.HashMap$Entry@6afa20)
	next		b06e480
	value		b06e700
	key		b06e6c0
OBJ b06e7c0 (sz=24, trace=148, class=java.lang.String@6aeef0)
	value		b06e7e0
ARR b06e7e0 (sz=24, trace=149, nelems=4, elem type=char)
OBJ b06e800 (sz=16, trace=150, class=java.util.jar.Attributes$Name@7544e0)
	name		b070830
OBJ b06e880 (sz=24, trace=125, class=java.util.HashMap$Entry@6afa20)
	value		b06e7c0
	key		b06e800
OBJ b06e8a0 (sz=24, trace=140, class=java.lang.String@6aeef0)
	value		b06e8c0
ARR b06e8c0 (sz=64, trace=141, nelems=25, elem type=char)
OBJ b06e8e0 (sz=16, trace=142, class=java.util.jar.Attributes@752320)
	map		b06e900
OBJ b06e900 (sz=40, trace=143, class=java.util.HashMap@6afaf0)
	table		b06e920
ARR b06e920 (sz=24, trace=144, nelems=2, elem type=java.util.HashMap$Entry@6afa20)
	[1]		b06ec30
OBJ b06e9c0 (sz=24, trace=145, class=java.util.HashMap$Entry@6afa20)
	value		b06e8e0
	key		b06e8a0
OBJ b06ea20 (sz=24, trace=148, class=java.lang.String@6aeef0)
	value		b06ea40
ARR b06ea40 (sz=24, trace=149, nelems=4, elem type=char)
OBJ b06ea60 (sz=16, trace=150, class=java.util.jar.Attributes$Name@7544e0)
	name		b070830
OBJ b06ec30 (sz=24, trace=125, class=java.util.HashMap$Entry@6afa20)
	value		b06ea20
	key		b06ea60
OBJ b06ed70 (sz=24, trace=140, class=java.lang.String@6aeef0)
	value		b06ef20
ARR b06ef20 (sz=72, trace=141, nelems=28, elem type=char)
OBJ b06ef40 (sz=16, trace=142, class=java.util.jar.Attributes@752320)
	map		b06ef60
OBJ b06ef60 (sz=40, trace=143, class=java.util.HashMap@6afaf0)
	table		b06ef80
ARR b06ef80 (sz=24, trace=144, nelems=2, elem type=java.util.HashMap$Entry@6afa20)
	[1]		b06d4a0
OBJ b06efa0 (sz=24, trace=145, class=java.util.HashMap$Entry@6afa20)
	value		b06ef40
	key		b06ed70
OBJ b06d050 (sz=24, trace=148, class=java.lang.String@6aeef0)
	value		b06d130
ARR b06d130 (sz=24, trace=149, nelems=4, elem type=char)
OBJ b06d240 (sz=16, trace=150, class=java.util.jar.Attributes$Name@7544e0)
	name		b070830
OBJ b06d4a0 (sz=24, trace=125, class=java.util.HashMap$Entry@6afa20)
	value		b06d050
	key		b06d240
OBJ b06d660 (sz=24, trace=140, class=java.lang.String@6aeef0)
	value		b06d720
ARR b06d720 (sz=64, trace=141, nelems=24, elem type=char)
OBJ b06d8c0 (sz=16, trace=142, class=java.util.jar.Attributes@752320)
	map		b06d920
OBJ b06d920 (sz=40, trace=143, class=java.util.HashMap@6afaf0)
	table		b06d990
ARR b06d990 (sz=24, trace=144, nelems=2, elem type=java.util.HashMap$Entry@6afa20)
	[1]		b06c3c0
OBJ b06da00 (sz=24, trace=145, class=java.util.HashMap$Entry@6afa20)
	value		b06d8c0
	key		b06d660
OBJ b06dd70 (sz=24, trace=148, class=java.lang.String@6aeef0)
	value		b06de50
ARR b06de50 (sz=24, trace=149, nelems=4, elem type=char)
OBJ b06df40 (sz=16, trace=150, class=java.util.jar.Attributes$Name@7544e0)
	name		b070830
OBJ b06c3c0 (sz=24, trace=125, class=java.util.HashMap$Entry@6afa20)
	value		b06dd70
	key		b06df40
OBJ b06c3e0 (sz=24, trace=140, class=java.lang.String@6aeef0)
	value		b06c400
ARR b06c400 (sz=88, trace=141, nelems=38, elem type=char)
OBJ b06c420 (sz=16, trace=142, class=java.util.jar.Attributes@752320)
	map		b06c440
OBJ b06c440 (sz=40, trace=143, class=java.util.HashMap@6afaf0)
	table		b06c460
ARR b06c460 (sz=24, trace=144, nelems=2, elem type=java.util.HashMap$Entry@6afa20)
	[1]		b06c5a0
OBJ b06c480 (sz=24, trace=145, class=java.util.HashMap$Entry@6afa20)
	value		b06c420
	key		b06c3e0
OBJ b06c4e0 (sz=24, trace=148, class=java.lang.String@6aeef0)
	value		b06c500
ARR b06c500 (sz=24, trace=149, nelems=4, elem type=char)
OBJ b06c520 (sz=16, trace=150, class=java.util.jar.Attributes$Name@7544e0)
	name		b070830
OBJ b06c5a0 (sz=24, trace=125, class=java.util.HashMap$Entry@6afa20)
	value		b06c4e0
	key		b06c520
OBJ b06c5c0 (sz=24, trace=140, class=java.lang.String@6aeef0)
	value		b06c5e0
ARR b06c5e0 (sz=72, trace=141, nelems=29, elem type=char)
OBJ b06c600 (sz=16, trace=142, class=java.util.jar.Attributes@752320)
	map		b06c620
OBJ b06c620 (sz=40, trace=143, class=java.util.HashMap@6afaf0)
	table		b06b0f0
ARR b06b0f0 (sz=24, trace=144, nelems=2, elem type=java.util.HashMap$Entry@6afa20)
	[1]		b06c770
OBJ b06b110 (sz=24, trace=145, class=java.util.HashMap$Entry@6afa20)
	value		b06c600
	key		b06c5c0
OBJ b06c6b0 (sz=24, trace=148, class=java.lang.String@6aeef0)
	value		b06c6d0
ARR b06c6d0 (sz=24, trace=149, nelems=4, elem type=char)
OBJ b06c6f0 (sz=16, trace=150, class=java.util.jar.Attributes$Name@7544e0)
	name		b070830
OBJ b06c770 (sz=24, trace=125, class=java.util.HashMap$Entry@6afa20)
	value		b06c6b0
	key		b06c6f0
OBJ b06c790 (sz=24, trace=140, class=java.lang.String@6aeef0)
	value		b06c7b0
ARR b06c7b0 (sz=72, trace=141, nelems=27, elem type=char)
OBJ b06c7d0 (sz=16, trace=142, class=java.util.jar.Attributes@752320)
	map		b06c7f0
OBJ b06c7f0 (sz=40, trace=143, class=java.util.HashMap@6afaf0)
	table		b06c810
ARR b06c810 (sz=24, trace=144, nelems=2, elem type=java.util.HashMap$Entry@6afa20)
	[1]		b06c950
OBJ b06c830 (sz=24, trace=145, class=java.util.HashMap$Entry@6afa20)
	value		b06c7d0
	key		b06c790
OBJ b06c890 (sz=24, trace=148, class=java.lang.String@6aeef0)
	value		b06c8b0
ARR b06c8b0 (sz=24, trace=149, nelems=4, elem type=char)
OBJ b06c8d0 (sz=16, trace=150, class=java.util.jar.Attributes$Name@7544e0)
	name		b070830
OBJ b06c950 (sz=24, trace=125, class=java.util.HashMap$Entry@6afa20)
	value		b06c890
	key		b06c8d0
OBJ b06c970 (sz=24, trace=140, class=java.lang.String@6aeef0)
	value		b06c990
ARR b06c990 (sz=72, trace=141, nelems=29, elem type=char)
OBJ b06c9b0 (sz=16, trace=142, class=java.util.jar.Attributes@752320)
	map		b06c9d0
OBJ b06c9d0 (sz=40, trace=143, class=java.util.HashMap@6afaf0)
	table		b06a040
ARR b06a040 (sz=24, trace=144, nelems=2, elem type=java.util.HashMap$Entry@6afa20)
	[1]		b06a180
OBJ b06a060 (sz=24, trace=145, class=java.util.HashMap$Entry@6afa20)
	next		b06c830
	value		b06c9b0
	key		b06c970
OBJ b06a0c0 (sz=24, trace=148, class=java.lang.String@6aeef0)
	value		b06a0e0
ARR b06a0e0 (sz=24, trace=149, nelems=4, elem type=char)
OBJ b06a100 (sz=16, trace=150, class=java.util.jar.Attributes$Name@7544e0)
	name		b070830
OBJ b06a180 (sz=24, trace=125, class=java.util.HashMap$Entry@6afa20)
	value		b06a0c0
	key		b06a100
OBJ b06a1a0 (sz=24, trace=140, class=java.lang.String@6aeef0)
	value		b06a1c0
ARR b06a1c0 (sz=64, trace=141, nelems=26, elem type=char)
OBJ b06a1e0 (sz=16, trace=142, class=java.util.jar.Attributes@752320)
	map		b06a200
OBJ b06a200 (sz=40, trace=143, class=java.util.HashMap@6afaf0)
	table		b06a220
ARR b06a220 (sz=24, trace=144, nelems=2, elem type=java.util.HashMap$Entry@6afa20)
	[1]		b06a360
OBJ b06a240 (sz=24, trace=145, class=java.util.HashMap$Entry@6afa20)
	value		b06a1e0
	key		b06a1a0
OBJ b06a2a0 (sz=24, trace=148, class=java.lang.String@6aeef0)
	value		b06a2c0
ARR b06a2c0 (sz=24, trace=149, nelems=4, elem type=char)
OBJ b06a2e0 (sz=16, trace=150, class=java.util.jar.Attributes$Name@7544e0)
	name		b070830
OBJ b06a360 (sz=24, trace=125, class=java.util.HashMap$Entry@6afa20)
	value		b06a2a0
	key		b06a2e0
OBJ b06a380 (sz=24, trace=140, class=java.lang.String@6aeef0)
	value		b06a3a0
ARR b06a3a0 (sz=64, trace=141, nelems=24, elem type=char)
OBJ b06a3c0 (sz=16, trace=142, class=java.util.jar.Attributes@752320)
	map		b06a3e0
OBJ b06a3e0 (sz=40, trace=143, class=java.util.HashMap@6afaf0)
	table		b06a400
ARR b06a400 (sz=24, trace=144, nelems=2, elem type=java.util.HashMap$Entry@6afa20)
	[1]		b06a540
OBJ b06a420 (sz=24, trace=145, class=java.util.HashMap$Entry@6afa20)
	next		b06a240
	value		b06a3c0
	key		b06a380
OBJ b06a480 (sz=24, trace=148, class=java.lang.String@6aeef0)
	value		b06a4a0
ARR b06a4a0 (sz=24, trace=149, nelems=4, elem type=char)
OBJ b06a4c0 (sz=16, trace=150, class=java.util.jar.Attributes$Name@7544e0)
	name		b070830
OBJ b06a540 (sz=24, trace=125, class=java.util.HashMap$Entry@6afa20)
	value		b06a480
	key		b06a4c0
OBJ b06bd20 (sz=24, trace=140, class=java.lang.String@6aeef0)
	value		b06bd40
ARR b06bd40 (sz=64, trace=141, nelems=25, elem type=char)
OBJ b06bd60 (sz=16, trace=142, class=java.util.jar.Attributes@752320)
	map		b06bd80
OBJ b06bd80 (sz=40, trace=143, class=java.util.HashMap@6afaf0)
	table		b06bda0
ARR b06bda0 (sz=24, trace=144, nelems=2, elem type=java.util.HashMap$Entry@6afa20)
	[1]		b06cd70
OBJ b06bdc0 (sz=24, trace=145, class=java.util.HashMap$Entry@6afa20)
	value		b06bd60
	key		b06bd20
OBJ b06be40 (sz=24, trace=148, class=java.lang.String@6aeef0)
	value		b06be60
ARR b06be60 (sz=24, trace=149, nelems=4, elem type=char)
OBJ b06be80 (sz=16, trace=150, class=java.util.jar.Attributes$Name@7544e0)
	name		b070830
OBJ b06cd70 (sz=24, trace=125, class=java.util.HashMap$Entry@6afa20)
	value		b06be40
	key		b06be80
OBJ b06cdc0 (sz=24, trace=140, class=java.lang.String@6aeef0)
	value		b06cde0
ARR b06cde0 (sz=64, trace=141, nelems=25, elem type=char)
OBJ b06ce00 (sz=16, trace=142, class=java.util.jar.Attributes@752320)
	map		b06ce20
OBJ b06ce20 (sz=40, trace=143, class=java.util.HashMap@6afaf0)
	table		b06ce40
ARR b06ce40 (sz=24, trace=144, nelems=2, elem type=java.util.HashMap$Entry@6afa20)
	[1]		b06cf80
OBJ b06ce60 (sz=24, trace=145, class=java.util.HashMap$Entry@6afa20)
	next		b06b050
	value		b06ce00
	key		b06cdc0
OBJ b06cec0 (sz=24, trace=148, class=java.lang.String@6aeef0)
	value		b06cee0
ARR b06cee0 (sz=24, trace=149, nelems=4, elem type=char)
OBJ b06cf00 (sz=16, trace=150, class=java.util.jar.Attributes$Name@7544e0)
	name		b070830
OBJ b06cf80 (sz=24, trace=125, class=java.util.HashMap$Entry@6afa20)
	value		b06cec0
	key		b06cf00
OBJ b06cfa0 (sz=24, trace=140, class=java.lang.String@6aeef0)
	value		b06cfc0
ARR b06cfc0 (sz=80, trace=141, nelems=32, elem type=char)
OBJ b06cfe0 (sz=16, trace=142, class=java.util.jar.Attributes@752320)
	map		b06b010
OBJ b06b010 (sz=40, trace=143, class=java.util.HashMap@6afaf0)
	table		b06b030
ARR b06b030 (sz=24, trace=144, nelems=2, elem type=java.util.HashMap$Entry@6afa20)
	[1]		b06b190
OBJ b06b050 (sz=24, trace=145, class=java.util.HashMap$Entry@6afa20)
	value		b06cfe0
	key		b06cfa0
OBJ b06b0b0 (sz=24, trace=148, class=java.lang.String@6aeef0)
	value		b069d20
ARR b069d20 (sz=24, trace=149, nelems=4, elem type=char)
OBJ b069d40 (sz=16, trace=150, class=java.util.jar.Attributes$Name@7544e0)
	name		b070830
OBJ b06b190 (sz=24, trace=125, class=java.util.HashMap$Entry@6afa20)
	value		b06b0b0
	key		b069d40
OBJ b06b1b0 (sz=24, trace=140, class=java.lang.String@6aeef0)
	value		b06b1d0
ARR b06b1d0 (sz=64, trace=141, nelems=24, elem type=char)
OBJ b06b1f0 (sz=16, trace=142, class=java.util.jar.Attributes@752320)
	map		b06b210
OBJ b06b210 (sz=40, trace=143, class=java.util.HashMap@6afaf0)
	table		b06b230
ARR b06b230 (sz=24, trace=144, nelems=2, elem type=java.util.HashMap$Entry@6afa20)
	[1]		b06b370
OBJ b06b250 (sz=24, trace=145, class=java.util.HashMap$Entry@6afa20)
	value		b06b1f0
	key		b06b1b0
OBJ b06b2b0 (sz=24, trace=148, class=java.lang.String@6aeef0)
	value		b06b2d0
ARR b06b2d0 (sz=24, trace=149, nelems=4, elem type=char)
OBJ b06b2f0 (sz=16, trace=150, class=java.util.jar.Attributes$Name@7544e0)
	name		b070830
OBJ b06b370 (sz=24, trace=125, class=java.util.HashMap$Entry@6afa20)
	value		b06b2b0
	key		b06b2f0
OBJ b06b390 (sz=24, trace=140, class=java.lang.String@6aeef0)
	value		b06b3b0
ARR b06b3b0 (sz=72, trace=141, nelems=28, elem type=char)
OBJ b06b3d0 (sz=16, trace=142, class=java.util.jar.Attributes@752320)
	map		b06b3f0
OBJ b06b3f0 (sz=40, trace=143, class=java.util.HashMap@6afaf0)
	table		b06b410
ARR b06b410 (sz=24, trace=144, nelems=2, elem type=java.util.HashMap$Entry@6afa20)
	[1]		b06b550
OBJ b06b430 (sz=24, trace=145, class=java.util.HashMap$Entry@6afa20)
	value		b06b3d0
	key		b06b390
OBJ b06b490 (sz=24, trace=148, class=java.lang.String@6aeef0)
	value		b06b4b0
ARR b06b4b0 (sz=24, trace=149, nelems=4, elem type=char)
OBJ b06b4d0 (sz=16, trace=150, class=java.util.jar.Attributes$Name@7544e0)
	name		b070830
OBJ b06b550 (sz=24, trace=125, class=java.util.HashMap$Entry@6afa20)
	value		b06b490
	key		b06b4d0
OBJ b06b570 (sz=24, trace=140, class=java.lang.String@6aeef0)
	value		b06b590
ARR b06b590 (sz=80, trace=141, nelems=31, elem type=char)
OBJ b06b5b0 (sz=16, trace=142, class=java.util.jar.Attributes@752320)
	map		b06b5d0
OBJ b06b5d0 (sz=40, trace=143, class=java.util.HashMap@6afaf0)
	table		b06b5f0
ARR b06b5f0 (sz=24, trace=144, nelems=2, elem type=java.util.HashMap$Entry@6afa20)
	[1]		b06b730
OBJ b06b610 (sz=24, trace=145, class=java.util.HashMap$Entry@6afa20)
	next		b06b7f0
	value		b06b5b0
	key		b06b570
OBJ b06b670 (sz=24, trace=148, class=java.lang.String@6aeef0)
	value		b06b690
ARR b06b690 (sz=24, trace=149, nelems=5, elem type=char)
OBJ b06b6b0 (sz=16, trace=150, class=java.util.jar.Attributes$Name@7544e0)
	name		b070830
OBJ b06b730 (sz=24, trace=125, class=java.util.HashMap$Entry@6afa20)
	value		b06b670
	key		b06b6b0
OBJ b06b750 (sz=24, trace=140, class=java.lang.String@6aeef0)
	value		b06b770
ARR b06b770 (sz=72, trace=141, nelems=30, elem type=char)
OBJ b06b790 (sz=16, trace=142, class=java.util.jar.Attributes@752320)
	map		b06b7b0
OBJ b06b7b0 (sz=40, trace=143, class=java.util.HashMap@6afaf0)
	table		b06b7d0
ARR b06b7d0 (sz=24, trace=144, nelems=2, elem type=java.util.HashMap$Entry@6afa20)
	[1]		b06b910
OBJ b06b7f0 (sz=24, trace=145, class=java.util.HashMap$Entry@6afa20)
	value		b06b790
	key		b06b750
OBJ b06b850 (sz=24, trace=148, class=java.lang.String@6aeef0)
	value		b06b870
ARR b06b870 (sz=24, trace=149, nelems=4, elem type=char)
OBJ b06b890 (sz=16, trace=150, class=java.util.jar.Attributes$Name@7544e0)
	name		b070830
OBJ b06b910 (sz=24, trace=125, class=java.util.HashMap$Entry@6afa20)
	value		b06b850
	key		b06b890
OBJ b06b930 (sz=24, trace=140, class=java.lang.String@6aeef0)
	value		b06b950
ARR b06b950 (sz=72, trace=141, nelems=28, elem type=char)
OBJ b06b970 (sz=16, trace=142, class=java.util.jar.Attributes@752320)
	map		b06b990
OBJ b06b990 (sz=40, trace=143, class=java.util.HashMap@6afaf0)
	table		b06b9b0
ARR b06b9b0 (sz=24, trace=144, nelems=2, elem type=java.util.HashMap$Entry@6afa20)
	[1]		b06baf0
OBJ b06b9d0 (sz=24, trace=145, class=java.util.HashMap$Entry@6afa20)
	value		b06b970
	key		b06b930
OBJ b06ba30 (sz=24, trace=148, class=java.lang.String@6aeef0)
	value		b06ba50
ARR b06ba50 (sz=24, trace=149, nelems=4, elem type=char)
OBJ b06ba70 (sz=16, trace=150, class=java.util.jar.Attributes$Name@7544e0)
	name		b070830
OBJ b06baf0 (sz=24, trace=125, class=java.util.HashMap$Entry@6afa20)
	value		b06ba30
	key		b06ba70
OBJ b06bb10 (sz=24, trace=140, class=java.lang.String@6aeef0)
	value		b06bb30
ARR b06bb30 (sz=72, trace=141, nelems=27, elem type=char)
OBJ b06bb50 (sz=16, trace=142, class=java.util.jar.Attributes@752320)
	map		b06bb70
OBJ b06bb70 (sz=40, trace=143, class=java.util.HashMap@6afaf0)
	table		b06bb90
ARR b06bb90 (sz=24, trace=144, nelems=2, elem type=java.util.HashMap$Entry@6afa20)
	[1]		b069a10
OBJ b06bbb0 (sz=24, trace=145, class=java.util.HashMap$Entry@6afa20)
	value		b06bb50
	key		b06bb10
ARR b06bbd0 (sz=272, trace=153, nelems=64, elem type=java.util.HashMap$Entry@6afa20)
	[4]		b0674a0
	[5]		b0670d0
	[7]		b068680
	[8]		b0684a0
	[9]		b0680e0
	[11]		b069cb0
	[12]		b069ad0
	[13]		b06bbb0
	[15]		b06b9d0
	[16]		b06b610
	[21]		b06b430
	[23]		b06b250
	[26]		b06ce60
	[28]		b06bdc0
	[30]		b06a420
	[31]		b06a060
	[39]		b06b110
	[41]		b06c480
	[46]		b06da00
	[48]		b06efa0
	[50]		b06e9c0
	[55]		b06e760
	[56]		b06e2a0
	[60]		b06f960
	[62]		b06f180
	[63]		b070ad0
OBJ b06bc30 (sz=24, trace=148, class=java.lang.String@6aeef0)
	value		b06bc90
ARR b06bc90 (sz=24, trace=149, nelems=4, elem type=char)
OBJ b06a690 (sz=16, trace=150, class=java.util.jar.Attributes$Name@7544e0)
	name		b070830
OBJ b069a10 (sz=24, trace=125, class=java.util.HashMap$Entry@6afa20)
	value		b06bc30
	key		b06a690
OBJ b069a30 (sz=24, trace=140, class=java.lang.String@6aeef0)
	value		b069a50
ARR b069a50 (sz=72, trace=141, nelems=28, elem type=char)
OBJ b069a70 (sz=16, trace=142, class=java.util.jar.Attributes@752320)
	map		b069a90
OBJ b069a90 (sz=40, trace=143, class=java.util.HashMap@6afaf0)
	table		b069ab0
ARR b069ab0 (sz=24, trace=144, nelems=2, elem type=java.util.HashMap$Entry@6afa20)
	[1]		b069bf0
OBJ b069ad0 (sz=24, trace=145, class=java.util.HashMap$Entry@6afa20)
	value		b069a70
	key		b069a30
OBJ b069b30 (sz=24, trace=148, class=java.lang.String@6aeef0)
	value		b069b50
ARR b069b50 (sz=24, trace=149, nelems=4, elem type=char)
OBJ b069b70 (sz=16, trace=150, class=java.util.jar.Attributes$Name@7544e0)
	name		b070830
OBJ b069bf0 (sz=24, trace=125, class=java.util.HashMap$Entry@6afa20)
	value		b069b30
	key		b069b70
OBJ b069c10 (sz=24, trace=140, class=java.lang.String@6aeef0)
	value		b069c30
ARR b069c30 (sz=64, trace=141, nelems=25, elem type=char)
OBJ b069c50 (sz=16, trace=142, class=java.util.jar.Attributes@752320)
	map		b069c70
OBJ b069c70 (sz=40, trace=143, class=java.util.HashMap@6afaf0)
	table		b069c90
ARR b069c90 (sz=24, trace=144, nelems=2, elem type=java.util.HashMap$Entry@6afa20)
	[1]		b069e20
OBJ b069cb0 (sz=24, trace=145, class=java.util.HashMap$Entry@6afa20)
	value		b069c50
	key		b069c10
OBJ b069d60 (sz=24, trace=148, class=java.lang.String@6aeef0)
	value		b069d80
ARR b069d80 (sz=24, trace=149, nelems=4, elem type=char)
OBJ b069da0 (sz=16, trace=150, class=java.util.jar.Attributes$Name@7544e0)
	name		b070830
OBJ b069e20 (sz=24, trace=125, class=java.util.HashMap$Entry@6afa20)
	value		b069d60
	key		b069da0
OBJ b069e40 (sz=24, trace=140, class=java.lang.String@6aeef0)
	value		b069e60
ARR b069e60 (sz=80, trace=141, nelems=32, elem type=char)
OBJ b069e80 (sz=16, trace=142, class=java.util.jar.Attributes@752320)
	map		b069ea0
OBJ b069ea0 (sz=40, trace=143, class=java.util.HashMap@6afaf0)
	table		b069ec0
ARR b069ec0 (sz=24, trace=144, nelems=2, elem type=java.util.HashMap$Entry@6afa20)
	[1]		b068020
OBJ b069ee0 (sz=24, trace=145, class=java.util.HashMap$Entry@6afa20)
	value		b069e80
	key		b069e40
OBJ b069f40 (sz=24, trace=148, class=java.lang.String@6aeef0)
	value		b069f60
ARR b069f60 (sz=24, trace=149, nelems=4, elem type=char)
OBJ b069f80 (sz=16, trace=150, class=java.util.jar.Attributes$Name@7544e0)
	name		b070830
OBJ b068020 (sz=24, trace=125, class=java.util.HashMap$Entry@6afa20)
	value		b069f40
	key		b069f80
OBJ b068040 (sz=24, trace=140, class=java.lang.String@6aeef0)
	value		b068060
ARR b068060 (sz=64, trace=141, nelems=23, elem type=char)
OBJ b068080 (sz=16, trace=142, class=java.util.jar.Attributes@752320)
	map		b0680a0
OBJ b0680a0 (sz=40, trace=143, class=java.util.HashMap@6afaf0)
	table		b0680c0
ARR b0680c0 (sz=24, trace=144, nelems=2, elem type=java.util.HashMap$Entry@6afa20)
	[1]		b068200
OBJ b0680e0 (sz=24, trace=145, class=java.util.HashMap$Entry@6afa20)
	next		b069ee0
	value		b068080
	key		b068040
OBJ b068140 (sz=24, trace=148, class=java.lang.String@6aeef0)
	value		b068160
ARR b068160 (sz=24, trace=149, nelems=4, elem type=char)
OBJ b068180 (sz=16, trace=150, class=java.util.jar.Attributes$Name@7544e0)
	name		b070830
OBJ b068200 (sz=24, trace=125, class=java.util.HashMap$Entry@6afa20)
	value		b068140
	key		b068180
OBJ b068220 (sz=24, trace=140, class=java.lang.String@6aeef0)
	value		b068240
ARR b068240 (sz=64, trace=141, nelems=23, elem type=char)
OBJ b068260 (sz=16, trace=142, class=java.util.jar.Attributes@752320)
	map		b068280
OBJ b068280 (sz=40, trace=143, class=java.util.HashMap@6afaf0)
	table		b0682a0
ARR b0682a0 (sz=24, trace=144, nelems=2, elem type=java.util.HashMap$Entry@6afa20)
	[1]		b0683e0
OBJ b0682c0 (sz=24, trace=145, class=java.util.HashMap$Entry@6afa20)
	value		b068260
	key		b068220
OBJ b068320 (sz=24, trace=148, class=java.lang.String@6aeef0)
	value		b068340
ARR b068340 (sz=24, trace=149, nelems=4, elem type=char)
OBJ b068360 (sz=16, trace=150, class=java.util.jar.Attributes$Name@7544e0)
	name		b070830
OBJ b0683e0 (sz=24, trace=125, class=java.util.HashMap$Entry@6afa20)
	value		b068320
	key		b068360
OBJ b068400 (sz=24, trace=140, class=java.lang.String@6aeef0)
	value		b068420
ARR b068420 (sz=64, trace=141, nelems=23, elem type=char)
OBJ b068440 (sz=16, trace=142, class=java.util.jar.Attributes@752320)
	map		b068460
OBJ b068460 (sz=40, trace=143, class=java.util.HashMap@6afaf0)
	table		b068480
ARR b068480 (sz=24, trace=144, nelems=2, elem type=java.util.HashMap$Entry@6afa20)
	[1]		b0685c0
OBJ b0684a0 (sz=24, trace=145, class=java.util.HashMap$Entry@6afa20)
	next		b0682c0
	value		b068440
	key		b068400
OBJ b068500 (sz=24, trace=148, class=java.lang.String@6aeef0)
	value		b068520
ARR b068520 (sz=24, trace=149, nelems=4, elem type=char)
OBJ b068540 (sz=16, trace=150, class=java.util.jar.Attributes$Name@7544e0)
	name		b070830
OBJ b0685c0 (sz=24, trace=125, class=java.util.HashMap$Entry@6afa20)
	value		b068500
	key		b068540
OBJ b0685e0 (sz=24, trace=140, class=java.lang.String@6aeef0)
	value		b068600
ARR b068600 (sz=72, trace=141, nelems=27, elem type=char)
OBJ b068620 (sz=16, trace=142, class=java.util.jar.Attributes@752320)
	map		b068640
OBJ b068640 (sz=40, trace=143, class=java.util.HashMap@6afaf0)
	table		b068660
ARR b068660 (sz=24, trace=144, nelems=2, elem type=java.util.HashMap$Entry@6afa20)
	[1]		b068900
OBJ b068680 (sz=24, trace=145, class=java.util.HashMap$Entry@6afa20)
	value		b068620
	key		b0685e0
OBJ b0686e0 (sz=24, trace=148, class=java.lang.String@6aeef0)
	value		b068700
ARR b068700 (sz=24, trace=149, nelems=4, elem type=char)
OBJ b068720 (sz=16, trace=150, class=java.util.jar.Attributes$Name@7544e0)
	name		b070830
OBJ b068900 (sz=24, trace=125, class=java.util.HashMap$Entry@6afa20)
	value		b0686e0
	key		b068720
OBJ b0689f0 (sz=24, trace=140, class=java.lang.String@6aeef0)
	value		b068a50
ARR b068a50 (sz=64, trace=141, nelems=26, elem type=char)
OBJ b068bc0 (sz=16, trace=142, class=java.util.jar.Attributes@752320)
	map		b067090
OBJ b067090 (sz=40, trace=143, class=java.util.HashMap@6afaf0)
	table		b0670b0
ARR b0670b0 (sz=24, trace=144, nelems=2, elem type=java.util.HashMap$Entry@6afa20)
	[1]		b0671f0
OBJ b0670d0 (sz=24, trace=145, class=java.util.HashMap$Entry@6afa20)
	value		b068bc0
	key		b0689f0
OBJ b067130 (sz=24, trace=148, class=java.lang.String@6aeef0)
	value		b067150
ARR b067150 (sz=24, trace=149, nelems=4, elem type=char)
OBJ b067170 (sz=16, trace=150, class=java.util.jar.Attributes$Name@7544e0)
	name		b070830
OBJ b0671f0 (sz=24, trace=125, class=java.util.HashMap$Entry@6afa20)
	value		b067130
	key		b067170
OBJ b067210 (sz=24, trace=140, class=java.lang.String@6aeef0)
	value		b067230
ARR b067230 (sz=72, trace=141, nelems=27, elem type=char)
OBJ b067250 (sz=16, trace=142, class=java.util.jar.Attributes@752320)
	map		b067270
OBJ b067270 (sz=40, trace=143, class=java.util.HashMap@6afaf0)
	table		b067290
ARR b067290 (sz=24, trace=144, nelems=2, elem type=java.util.HashMap$Entry@6afa20)
	[1]		b067390
OBJ b0672b0 (sz=24, trace=145, class=java.util.HashMap$Entry@6afa20)
	value		b067250
	key		b067210
OBJ b067310 (sz=24, trace=148, class=java.lang.String@6aeef0)
	value		b067330
ARR b067330 (sz=24, trace=149, nelems=4, elem type=char)
OBJ b067350 (sz=16, trace=150, class=java.util.jar.Attributes$Name@7544e0)
	name		b070830
OBJ b067390 (sz=24, trace=125, class=java.util.HashMap$Entry@6afa20)
	value		b067310
	key		b067350
OBJ b067400 (sz=24, trace=140, class=java.lang.String@6aeef0)
	value		b067420
ARR b067420 (sz=64, trace=141, nelems=25, elem type=char)
OBJ b067440 (sz=16, trace=142, class=java.util.jar.Attributes@752320)
	map		b067460
OBJ b067460 (sz=40, trace=143, class=java.util.HashMap@6afaf0)
	table		b067480
ARR b067480 (sz=24, trace=144, nelems=2, elem type=java.util.HashMap$Entry@6afa20)
	[1]		b0675c0
OBJ b0674a0 (sz=24, trace=145, class=java.util.HashMap$Entry@6afa20)
	next		b0672b0
	value		b067440
	key		b067400
OBJ b067500 (sz=24, trace=148, class=java.lang.String@6aeef0)
	value		b067520
ARR b067520 (sz=24, trace=149, nelems=4, elem type=char)
OBJ b067540 (sz=16, trace=150, class=java.util.jar.Attributes$Name@7544e0)
	name		b070830
OBJ b0675c0 (sz=24, trace=125, class=java.util.HashMap$Entry@6afa20)
	value		b067500
	key		b067540
OBJ b0675e0 (sz=48, trace=127, class=java.util.jar.JarVerifier@7574e0)
	manifestRawBytes	b071190
	baos		b067700
	manifest	b0711f0
	pendingBlocks	b0676c0
	sigFileData	b067680
	sigFileCerts	b067600
	verifiedCerts	b067640
OBJ b067600 (sz=40, trace=128, class=java.util.Hashtable@6b63a0)
	table		b067620
ARR b067620 (sz=56, trace=129, nelems=11, elem type=java.util.Hashtable$Entry@6af830)
OBJ b067640 (sz=40, trace=130, class=java.util.Hashtable@6b63a0)
	table		b067660
ARR b067660 (sz=56, trace=131, nelems=11, elem type=java.util.Hashtable$Entry@6af830)
OBJ b067680 (sz=40, trace=132, class=java.util.Hashtable@6b63a0)
	table		b0676a0
ARR b0676a0 (sz=56, trace=133, nelems=11, elem type=java.util.Hashtable$Entry@6af830)
OBJ b0676c0 (sz=24, trace=134, class=java.util.ArrayList@6b6800)
	elementData	b0676e0
ARR b0676e0 (sz=56, trace=135, nelems=10, elem type=java.lang.Object@6ae810)
OBJ b067700 (sz=16, trace=136, class=java.io.ByteArrayOutputStream@758050)
	buf		b067720
ARR b067720 (sz=48, trace=137, nelems=32, elem type=byte)
OBJ b067740 (sz=24, trace=138, class=java.util.HashMap$Entry@6afa20)
	value		b072cc0
	key		b073010
OBJ b067820 (sz=32, trace=16, class=sun.misc.URLClassPath$JarLoader@741700)
	lmap		b072520
	handler		b072c80
	csu		b0731d0
	jar		b067b20
	base		b067840
OBJ b067840 (sz=56, trace=17, class=java.net.URL@6b9e60)
	handler		b072c80
	path		b067960
	authority	6bd050
	file		b067960
	host		6bd050
	protocol	6c7b00
ARR b067940 (sz=248, trace=25, nelems=118, elem type=char)
OBJ b067960 (sz=24, trace=26, class=java.lang.String@6aeef0)
	value		b067940
OBJ b067b20 (sz=48, trace=39, class=java.util.jar.JarFile@7450f0)
	jv		b02b870
	manEntry	b067cc0
	man		b067de0
	inflaters	b067be0
	name		b067bc0
OBJ b067b40 (sz=32, trace=54, class=java.lang.ref.Finalizer@6b1920)
	prev		b067d80
	next		b072fe0
	queue		6ae070
	referent	b067b20
ARR b067ba0 (sz=120, trace=37, nelems=51, elem type=char)
OBJ b067bc0 (sz=24, trace=38, class=java.lang.String@6aeef0)
	value		b067ba0
OBJ b067be0 (sz=24, trace=57, class=java.util.Vector@6ae8c0)
	elementData	b067c00
ARR b067c00 (sz=56, trace=58, nelems=10, elem type=java.lang.Object@6ae810)
	[0]		b067d60
OBJ b067cc0 (sz=88, trace=73, class=java.util.jar.JarFile$JarFileEntry@74c460)
	this$0		b067b20
	name		745010
ARR b067ce0 (sz=12808, trace=74, nelems=12793, elem type=byte)
OBJ b067d60 (sz=32, trace=81, class=java.util.zip.Inflater@74f1e0)
	buf		b067dc0
OBJ b067d80 (sz=32, trace=84, class=java.lang.ref.Finalizer@6b1920)
	prev		b02bde0
	next		b067b40
	queue		6ae070
	referent	b067d60
ARR b067dc0 (sz=528, trace=87, nelems=512, elem type=byte)
OBJ b067de0 (sz=16, trace=90, class=java.util.jar.Manifest@751410)
	entries		b066530
	attr		b067f40
OBJ b067f40 (sz=16, trace=91, class=java.util.jar.Attributes@752320)
	map		b0664f0
OBJ b0664f0 (sz=40, trace=92, class=java.util.HashMap@6afaf0)
	table		b066510
ARR b066510 (sz=80, trace=93, nelems=16, elem type=java.util.HashMap$Entry@6afa20)
	[10]		b0666d0
OBJ b066530 (sz=40, trace=94, class=java.util.HashMap@6afaf0)
	table		b0484e0
OBJ b066610 (sz=24, trace=101, class=java.lang.String@6aeef0)
	value		b066630
ARR b066630 (sz=24, trace=102, nelems=3, elem type=char)
OBJ b066650 (sz=16, trace=103, class=java.util.jar.Attributes$Name@7544e0)
	name		755a20
OBJ b0666d0 (sz=24, trace=125, class=java.util.HashMap$Entry@6afa20)
	value		b066610
	key		b066650
OBJ b0666f0 (sz=24, trace=140, class=java.lang.String@6aeef0)
	value		b066710
ARR b066710 (sz=96, trace=141, nelems=40, elem type=char)
OBJ b066730 (sz=16, trace=142, class=java.util.jar.Attributes@752320)
	map		b066750
OBJ b066750 (sz=40, trace=143, class=java.util.HashMap@6afaf0)
	table		b066a60
OBJ b066790 (sz=24, trace=145, class=java.util.HashMap$Entry@6afa20)
	value		b066730
	key		b0666f0
OBJ b0659c0 (sz=24, trace=148, class=java.lang.String@6aeef0)
	value		b0659e0
ARR b0659e0 (sz=32, trace=149, nelems=8, elem type=char)
OBJ b0667d0 (sz=16, trace=150, class=java.util.jar.Attributes$Name@7544e0)
	name		b066860
OBJ b0668e0 (sz=24, trace=125, class=java.util.HashMap$Entry@6afa20)
	next		b066a40
	value		b0659c0
	key		b0667d0
OBJ b066940 (sz=24, trace=148, class=java.lang.String@6aeef0)
	value		b066960
ARR b066960 (sz=72, trace=149, nelems=28, elem type=char)
OBJ b066980 (sz=16, trace=150, class=java.util.jar.Attributes$Name@7544e0)
	name		b0669c0
OBJ b066a40 (sz=24, trace=125, class=java.util.HashMap$Entry@6afa20)
	value		b066940
	key		b066980
ARR b066a60 (sz=32, trace=1991, nelems=4, elem type=java.util.HashMap$Entry@6afa20)
	[1]		b0668e0
	[3]		b066bc0
OBJ b066ac0 (sz=24, trace=148, class=java.lang.String@6aeef0)
	value		b066ae0
ARR b066ae0 (sz=64, trace=149, nelems=24, elem type=char)
OBJ b066b00 (sz=16, trace=150, class=java.util.jar.Attributes$Name@7544e0)
	name		b066b40
OBJ b066bc0 (sz=24, trace=125, class=java.util.HashMap$Entry@6afa20)
	value		b066ac0
	key		b066b00
OBJ b066be0 (sz=24, trace=140, class=java.lang.String@6aeef0)
	value		b066c00
ARR b066c00 (sz=80, trace=141, nelems=33, elem type=char)
OBJ b066c20 (sz=16, trace=142, class=java.util.jar.Attributes@752320)
	map		b066c40
OBJ b066c40 (sz=40, trace=143, class=java.util.HashMap@6afaf0)
	table		b066c60
ARR b066c60 (sz=32, trace=144, nelems=4, elem type=java.util.HashMap$Entry@6afa20)
	[1]		b066ec0
	[3]		b066fe0
OBJ b066c80 (sz=24, trace=145, class=java.util.HashMap$Entry@6afa20)
	value		b066c20
	key		b066be0
OBJ b066ce0 (sz=24, trace=148, class=java.lang.String@6aeef0)
	value		b066d00
ARR b066d00 (sz=32, trace=149, nelems=8, elem type=char)
OBJ b066d20 (sz=16, trace=150, class=java.util.jar.Attributes$Name@7544e0)
	name		b066860
OBJ b066da0 (sz=24, trace=125, class=java.util.HashMap$Entry@6afa20)
	value		b066ce0
	key		b066d20
OBJ b066e00 (sz=24, trace=148, class=java.lang.String@6aeef0)
	value		b066e20
ARR b066e20 (sz=72, trace=149, nelems=28, elem type=char)
OBJ b066e40 (sz=16, trace=150, class=java.util.jar.Attributes$Name@7544e0)
	name		b0669c0
OBJ b066ec0 (sz=24, trace=125, class=java.util.HashMap$Entry@6afa20)
	next		b066da0
	value		b066e00
	key		b066e40
OBJ b066f20 (sz=24, trace=148, class=java.lang.String@6aeef0)
	value		b066f40
ARR b066f40 (sz=64, trace=149, nelems=24, elem type=char)
OBJ b066f60 (sz=16, trace=150, class=java.util.jar.Attributes$Name@7544e0)
	name		b066b40
OBJ b066fe0 (sz=24, trace=125, class=java.util.HashMap$Entry@6afa20)
	value		b066f20
	key		b066f60
OBJ b065010 (sz=24, trace=140, class=java.lang.String@6aeef0)
	value		b065030
ARR b065030 (sz=80, trace=141, nelems=34, elem type=char)
OBJ b065050 (sz=16, trace=142, class=java.util.jar.Attributes@752320)
	map		b065070
OBJ b065070 (sz=40, trace=143, class=java.util.HashMap@6afaf0)
	table		b065090
ARR b065090 (sz=32, trace=144, nelems=4, elem type=java.util.HashMap$Entry@6afa20)
	[1]		b0656a0
	[3]		b0657c0
OBJ b0650b0 (sz=24, trace=145, class=java.util.HashMap$Entry@6afa20)
	value		b065050
	key		b065010
OBJ b065110 (sz=24, trace=148, class=java.lang.String@6aeef0)
	value		b065130
ARR b065130 (sz=32, trace=149, nelems=8, elem type=char)
OBJ b065150 (sz=16, trace=150, class=java.util.jar.Attributes$Name@7544e0)
	name		b066860
OBJ b0651d0 (sz=24, trace=125, class=java.util.HashMap$Entry@6afa20)
	value		b065110
	key		b065150
OBJ b065480 (sz=24, trace=148, class=java.lang.String@6aeef0)
	value		b065560
ARR b065560 (sz=72, trace=149, nelems=28, elem type=char)
OBJ b0655e0 (sz=16, trace=150, class=java.util.jar.Attributes$Name@7544e0)
	name		b0669c0
OBJ b0656a0 (sz=24, trace=125, class=java.util.HashMap$Entry@6afa20)
	next		b0651d0
	value		b065480
	key		b0655e0
OBJ b065700 (sz=24, trace=148, class=java.lang.String@6aeef0)
	value		b065720
ARR b065720 (sz=64, trace=149, nelems=24, elem type=char)
OBJ b065740 (sz=16, trace=150, class=java.util.jar.Attributes$Name@7544e0)
	name		b066b40
OBJ b0657c0 (sz=24, trace=125, class=java.util.HashMap$Entry@6afa20)
	value		b065700
	key		b065740
OBJ b0657e0 (sz=24, trace=140, class=java.lang.String@6aeef0)
	value		b065800
ARR b065800 (sz=80, trace=141, nelems=33, elem type=char)
OBJ b065820 (sz=16, trace=142, class=java.util.jar.Attributes@752320)
	map		b065840
OBJ b065840 (sz=40, trace=143, class=java.util.HashMap@6afaf0)
	table		b065860
ARR b065860 (sz=32, trace=144, nelems=4, elem type=java.util.HashMap$Entry@6afa20)
	[1]		b065b20
	[3]		b065c40
OBJ b065880 (sz=24, trace=145, class=java.util.HashMap$Entry@6afa20)
	value		b065820
	key		b0657e0
OBJ b0658e0 (sz=24, trace=148, class=java.lang.String@6aeef0)
	value		b065900
ARR b065900 (sz=32, trace=149, nelems=8, elem type=char)
OBJ b065920 (sz=16, trace=150, class=java.util.jar.Attributes$Name@7544e0)
	name		b066860
OBJ b065a00 (sz=24, trace=125, class=java.util.HashMap$Entry@6afa20)
	value		b0658e0
	key		b065920
OBJ b065a60 (sz=24, trace=148, class=java.lang.String@6aeef0)
	value		b065a80
ARR b065a80 (sz=72, trace=149, nelems=28, elem type=char)
OBJ b065aa0 (sz=16, trace=150, class=java.util.jar.Attributes$Name@7544e0)
	name		b0669c0
OBJ b065b20 (sz=24, trace=125, class=java.util.HashMap$Entry@6afa20)
	next		b065a00
	value		b065a60
	key		b065aa0
OBJ b065b80 (sz=24, trace=148, class=java.lang.String@6aeef0)
	value		b065ba0
ARR b065ba0 (sz=64, trace=149, nelems=24, elem type=char)
OBJ b065bc0 (sz=16, trace=150, class=java.util.jar.Attributes$Name@7544e0)
	name		b066b40
OBJ b065c40 (sz=24, trace=125, class=java.util.HashMap$Entry@6afa20)
	value		b065b80
	key		b065bc0
OBJ b065c60 (sz=24, trace=140, class=java.lang.String@6aeef0)
	value		b065c80
ARR b065c80 (sz=96, trace=141, nelems=40, elem type=char)
OBJ b065ca0 (sz=16, trace=142, class=java.util.jar.Attributes@752320)
	map		b065cc0
OBJ b065cc0 (sz=40, trace=143, class=java.util.HashMap@6afaf0)
	table		b065ce0
ARR b065ce0 (sz=32, trace=144, nelems=4, elem type=java.util.HashMap$Entry@6afa20)
	[1]		b065f40
	[3]		b064070
OBJ b065d00 (sz=24, trace=145, class=java.util.HashMap$Entry@6afa20)
	value		b065ca0
	key		b065c60
OBJ b065d60 (sz=24, trace=148, class=java.lang.String@6aeef0)
	value		b065d80
ARR b065d80 (sz=32, trace=149, nelems=8, elem type=char)
OBJ b065da0 (sz=16, trace=150, class=java.util.jar.Attributes$Name@7544e0)
	name		b066860
OBJ b065e20 (sz=24, trace=125, class=java.util.HashMap$Entry@6afa20)
	value		b065d60
	key		b065da0
OBJ b065e80 (sz=24, trace=148, class=java.lang.String@6aeef0)
	value		b065ea0
ARR b065ea0 (sz=72, trace=149, nelems=28, elem type=char)
OBJ b065ec0 (sz=16, trace=150, class=java.util.jar.Attributes$Name@7544e0)
	name		b0669c0
OBJ b065f40 (sz=24, trace=125, class=java.util.HashMap$Entry@6afa20)
	next		b065e20
	value		b065e80
	key		b065ec0
OBJ b065fa0 (sz=24, trace=148, class=java.lang.String@6aeef0)
	value		b065fc0
ARR b065fc0 (sz=64, trace=149, nelems=24, elem type=char)
OBJ b065fe0 (sz=16, trace=150, class=java.util.jar.Attributes$Name@7544e0)
	name		b066b40
OBJ b064070 (sz=24, trace=125, class=java.util.HashMap$Entry@6afa20)
	value		b065fa0
	key		b065fe0
OBJ b064090 (sz=24, trace=140, class=java.lang.String@6aeef0)
	value		b0640b0
ARR b0640b0 (sz=88, trace=141, nelems=38, elem type=char)
OBJ b0640d0 (sz=16, trace=142, class=java.util.jar.Attributes@752320)
	map		b0640f0
OBJ b0640f0 (sz=40, trace=143, class=java.util.HashMap@6afaf0)
	table		b064110
ARR b064110 (sz=32, trace=144, nelems=4, elem type=java.util.HashMap$Entry@6afa20)
	[1]		b064370
	[3]		b064490
OBJ b064130 (sz=24, trace=145, class=java.util.HashMap$Entry@6afa20)
	value		b0640d0
	key		b064090
OBJ b064190 (sz=24, trace=148, class=java.lang.String@6aeef0)
	value		b0641b0
ARR b0641b0 (sz=32, trace=149, nelems=8, elem type=char)
OBJ b0641d0 (sz=16, trace=150, class=java.util.jar.Attributes$Name@7544e0)
	name		b066860
OBJ b064250 (sz=24, trace=125, class=java.util.HashMap$Entry@6afa20)
	value		b064190
	key		b0641d0
OBJ b0642b0 (sz=24, trace=148, class=java.lang.String@6aeef0)
	value		b0642d0
ARR b0642d0 (sz=72, trace=149, nelems=28, elem type=char)
OBJ b0642f0 (sz=16, trace=150, class=java.util.jar.Attributes$Name@7544e0)
	name		b0669c0
OBJ b064370 (sz=24, trace=125, class=java.util.HashMap$Entry@6afa20)
	next		b064250
	value		b0642b0
	key		b0642f0
OBJ b0643d0 (sz=24, trace=148, class=java.lang.String@6aeef0)
	value		b0643f0
ARR b0643f0 (sz=64, trace=149, nelems=24, elem type=char)
OBJ b064410 (sz=16, trace=150, class=java.util.jar.Attributes$Name@7544e0)
	name		b066b40
OBJ b064490 (sz=24, trace=125, class=java.util.HashMap$Entry@6afa20)
	value		b0643d0
	key		b064410
OBJ b0644b0 (sz=24, trace=140, class=java.lang.String@6aeef0)
	value		b0644d0
ARR b0644d0 (sz=80, trace=141, nelems=34, elem type=char)
OBJ b0644f0 (sz=16, trace=142, class=java.util.jar.Attributes@752320)
	map		b064660
OBJ b064660 (sz=40, trace=143, class=java.util.HashMap@6afaf0)
	table		b0646e0
ARR b0646e0 (sz=32, trace=144, nelems=4, elem type=java.util.HashMap$Entry@6afa20)
	[1]		b0591e0
	[3]		b059300
OBJ b05af20 (sz=24, trace=145, class=java.util.HashMap$Entry@6afa20)
	value		b0644f0
	key		b0644b0
OBJ b05afe0 (sz=24, trace=148, class=java.lang.String@6aeef0)
	value		b059020
ARR b059020 (sz=32, trace=149, nelems=8, elem type=char)
OBJ b059040 (sz=16, trace=150, class=java.util.jar.Attributes$Name@7544e0)
	name		b066860
OBJ b0590c0 (sz=24, trace=125, class=java.util.HashMap$Entry@6afa20)
	value		b05afe0
	key		b059040
OBJ b059120 (sz=24, trace=148, class=java.lang.String@6aeef0)
	value		b059140
ARR b059140 (sz=72, trace=149, nelems=28, elem type=char)
OBJ b059160 (sz=16, trace=150, class=java.util.jar.Attributes$Name@7544e0)
	name		b0669c0
OBJ b0591e0 (sz=24, trace=125, class=java.util.HashMap$Entry@6afa20)
	next		b0590c0
	value		b059120
	key		b059160
OBJ b059240 (sz=24, trace=148, class=java.lang.String@6aeef0)
	value		b059260
ARR b059260 (sz=64, trace=149, nelems=24, elem type=char)
OBJ b059280 (sz=16, trace=150, class=java.util.jar.Attributes$Name@7544e0)
	name		b066b40
OBJ b059300 (sz=24, trace=125, class=java.util.HashMap$Entry@6afa20)
	value		b059240
	key		b059280
OBJ b059320 (sz=24, trace=140, class=java.lang.String@6aeef0)
	value		b059340
ARR b059340 (sz=96, trace=141, nelems=41, elem type=char)
OBJ b059360 (sz=16, trace=142, class=java.util.jar.Attributes@752320)
	map		b059380
OBJ b059380 (sz=40, trace=143, class=java.util.HashMap@6afaf0)
	table		b0593a0
ARR b0593a0 (sz=32, trace=144, nelems=4, elem type=java.util.HashMap$Entry@6afa20)
	[1]		b059600
	[3]		b059720
OBJ b0593c0 (sz=24, trace=145, class=java.util.HashMap$Entry@6afa20)
	value		b059360
	key		b059320
OBJ b059420 (sz=24, trace=148, class=java.lang.String@6aeef0)
	value		b059440
ARR b059440 (sz=32, trace=149, nelems=8, elem type=char)
OBJ b059460 (sz=16, trace=150, class=java.util.jar.Attributes$Name@7544e0)
	name		b066860
OBJ b0594e0 (sz=24, trace=125, class=java.util.HashMap$Entry@6afa20)
	value		b059420
	key		b059460
OBJ b059540 (sz=24, trace=148, class=java.lang.String@6aeef0)
	value		b059560
ARR b059560 (sz=72, trace=149, nelems=28, elem type=char)
OBJ b059580 (sz=16, trace=150, class=java.util.jar.Attributes$Name@7544e0)
	name		b0669c0
OBJ b059600 (sz=24, trace=125, class=java.util.HashMap$Entry@6afa20)
	next		b0594e0
	value		b059540
	key		b059580
OBJ b059660 (sz=24, trace=148, class=java.lang.String@6aeef0)
	value		b059680
ARR b059680 (sz=64, trace=149, nelems=24, elem type=char)
OBJ b0596a0 (sz=16, trace=150, class=java.util.jar.Attributes$Name@7544e0)
	name		b066b40
OBJ b059720 (sz=24, trace=125, class=java.util.HashMap$Entry@6afa20)
	value		b059660
	key		b0596a0
OBJ b059740 (sz=24, trace=140, class=java.lang.String@6aeef0)
	value		b059760
ARR b059760 (sz=104, trace=141, nelems=44, elem type=char)
OBJ b059780 (sz=16, trace=142, class=java.util.jar.Attributes@752320)
	map		b0597a0
OBJ b0597a0 (sz=40, trace=143, class=java.util.HashMap@6afaf0)
	table		b0597c0
ARR b0597c0 (sz=32, trace=144, nelems=4, elem type=java.util.HashMap$Entry@6afa20)
	[1]		b059f80
	[3]		b0580b0
OBJ b0597e0 (sz=24, trace=145, class=java.util.HashMap$Entry@6afa20)
	value		b059780
	key		b059740
OBJ b059840 (sz=24, trace=148, class=java.lang.String@6aeef0)
	value		b059860
ARR b059860 (sz=32, trace=149, nelems=8, elem type=char)
OBJ b059880 (sz=16, trace=150, class=java.util.jar.Attributes$Name@7544e0)
	name		b066860
OBJ b059e00 (sz=24, trace=125, class=java.util.HashMap$Entry@6afa20)
	value		b059840
	key		b059880
OBJ b059ec0 (sz=24, trace=148, class=java.lang.String@6aeef0)
	value		b059ee0
ARR b059ee0 (sz=72, trace=149, nelems=28, elem type=char)
OBJ b059f00 (sz=16, trace=150, class=java.util.jar.Attributes$Name@7544e0)
	name		b0669c0
OBJ b059f80 (sz=24, trace=125, class=java.util.HashMap$Entry@6afa20)
	next		b059e00
	value		b059ec0
	key		b059f00
OBJ b059fe0 (sz=24, trace=148, class=java.lang.String@6aeef0)
	value		b058010
ARR b058010 (sz=64, trace=149, nelems=24, elem type=char)
OBJ b058030 (sz=16, trace=150, class=java.util.jar.Attributes$Name@7544e0)
	name		b066b40
OBJ b0580b0 (sz=24, trace=125, class=java.util.HashMap$Entry@6afa20)
	value		b059fe0
	key		b058030
OBJ b0580d0 (sz=24, trace=140, class=java.lang.String@6aeef0)
	value		b0580f0
ARR b0580f0 (sz=96, trace=141, nelems=40, elem type=char)
OBJ b058110 (sz=16, trace=142, class=java.util.jar.Attributes@752320)
	map		b058130
OBJ b058130 (sz=40, trace=143, class=java.util.HashMap@6afaf0)
	table		b058150
ARR b058150 (sz=32, trace=144, nelems=4, elem type=java.util.HashMap$Entry@6afa20)
	[1]		b0583b0
	[3]		b0584d0
OBJ b058170 (sz=24, trace=145, class=java.util.HashMap$Entry@6afa20)
	next		b0574e0
	value		b058110
	key		b0580d0
OBJ b0581d0 (sz=24, trace=148, class=java.lang.String@6aeef0)
	value		b0581f0
ARR b0581f0 (sz=32, trace=149, nelems=8, elem type=char)
OBJ b058210 (sz=16, trace=150, class=java.util.jar.Attributes$Name@7544e0)
	name		b066860
OBJ b058290 (sz=24, trace=125, class=java.util.HashMap$Entry@6afa20)
	value		b0581d0
	key		b058210
OBJ b0582f0 (sz=24, trace=148, class=java.lang.String@6aeef0)
	value		b058310
ARR b058310 (sz=72, trace=149, nelems=28, elem type=char)
OBJ b058330 (sz=16, trace=150, class=java.util.jar.Attributes$Name@7544e0)
	name		b0669c0
OBJ b0583b0 (sz=24, trace=125, class=java.util.HashMap$Entry@6afa20)
	next		b058290
	value		b0582f0
	key		b058330
OBJ b058410 (sz=24, trace=148, class=java.lang.String@6aeef0)
	value		b058430
ARR b058430 (sz=64, trace=149, nelems=24, elem type=char)
OBJ b058450 (sz=16, trace=150, class=java.util.jar.Attributes$Name@7544e0)
	name		b066b40
OBJ b0584d0 (sz=24, trace=125, class=java.util.HashMap$Entry@6afa20)
	value		b058410
	key		b058450
OBJ b0584f0 (sz=24, trace=140, class=java.lang.String@6aeef0)
	value		b058510
ARR b058510 (sz=96, trace=141, nelems=40, elem type=char)
OBJ b058530 (sz=16, trace=142, class=java.util.jar.Attributes@752320)
	map		b058550
OBJ b058550 (sz=40, trace=143, class=java.util.HashMap@6afaf0)
	table		b058570
ARR b058570 (sz=32, trace=144, nelems=4, elem type=java.util.HashMap$Entry@6afa20)
	[1]		b058c00
	[3]		b058d80
OBJ b058590 (sz=24, trace=145, class=java.util.HashMap$Entry@6afa20)
	value		b058530
	key		b0584f0
OBJ b0585f0 (sz=24, trace=148, class=java.lang.String@6aeef0)
	value		b058610
ARR b058610 (sz=32, trace=149, nelems=8, elem type=char)
OBJ b058630 (sz=16, trace=150, class=java.util.jar.Attributes$Name@7544e0)
	name		b066860
OBJ b0586b0 (sz=24, trace=125, class=java.util.HashMap$Entry@6afa20)
	value		b0585f0
	key		b058630
OBJ b058710 (sz=24, trace=148, class=java.lang.String@6aeef0)
	value		b058730
ARR b058730 (sz=72, trace=149, nelems=28, elem type=char)
OBJ b058750 (sz=16, trace=150, class=java.util.jar.Attributes$Name@7544e0)
	name		b0669c0
OBJ b058c00 (sz=24, trace=125, class=java.util.HashMap$Entry@6afa20)
	next		b0586b0
	value		b058710
	key		b058750
OBJ b058cc0 (sz=24, trace=148, class=java.lang.String@6aeef0)
	value		b058ce0
ARR b058ce0 (sz=64, trace=149, nelems=24, elem type=char)
OBJ b058d00 (sz=16, trace=150, class=java.util.jar.Attributes$Name@7544e0)
	name		b066b40
OBJ b058d80 (sz=24, trace=125, class=java.util.HashMap$Entry@6afa20)
	value		b058cc0
	key		b058d00
OBJ b058da0 (sz=24, trace=140, class=java.lang.String@6aeef0)
	value		b058dc0
ARR b058dc0 (sz=88, trace=141, nelems=38, elem type=char)
OBJ b058de0 (sz=16, trace=142, class=java.util.jar.Attributes@752320)
	map		b058e00
OBJ b058e00 (sz=40, trace=143, class=java.util.HashMap@6afaf0)
	table		b058e20
ARR b058e20 (sz=32, trace=144, nelems=4, elem type=java.util.HashMap$Entry@6afa20)
	[1]		b04f530
	[3]		b04f650
OBJ b058e40 (sz=24, trace=145, class=java.util.HashMap$Entry@6afa20)
	value		b058de0
	key		b058da0
OBJ b058ea0 (sz=24, trace=148, class=java.lang.String@6aeef0)
	value		b058ec0
ARR b058ec0 (sz=32, trace=149, nelems=8, elem type=char)
OBJ b058ee0 (sz=16, trace=150, class=java.util.jar.Attributes$Name@7544e0)
	name		b066860
OBJ b058f60 (sz=24, trace=125, class=java.util.HashMap$Entry@6afa20)
	value		b058ea0
	key		b058ee0
OBJ b058fc0 (sz=24, trace=148, class=java.lang.String@6aeef0)
	value		b058fe0
ARR b058fe0 (sz=72, trace=149, nelems=28, elem type=char)
OBJ b04f4b0 (sz=16, trace=150, class=java.util.jar.Attributes$Name@7544e0)
	name		b0669c0
OBJ b04f530 (sz=24, trace=125, class=java.util.HashMap$Entry@6afa20)
	next		b058f60
	value		b058fc0
	key		b04f4b0
OBJ b04f590 (sz=24, trace=148, class=java.lang.String@6aeef0)
	value		b04f5b0
ARR b04f5b0 (sz=64, trace=149, nelems=24, elem type=char)
OBJ b04f5d0 (sz=16, trace=150, class=java.util.jar.Attributes$Name@7544e0)
	name		b066b40
OBJ b04f650 (sz=24, trace=125, class=java.util.HashMap$Entry@6afa20)
	value		b04f590
	key		b04f5d0
OBJ b04f670 (sz=24, trace=140, class=java.lang.String@6aeef0)
	value		b04f690
ARR b04f690 (sz=88, trace=141, nelems=37, elem type=char)
OBJ b04f6b0 (sz=16, trace=142, class=java.util.jar.Attributes@752320)
	map		b04f6d0
OBJ b04f6d0 (sz=40, trace=143, class=java.util.HashMap@6afaf0)
	table		b04f6f0
ARR b04f6f0 (sz=32, trace=144, nelems=4, elem type=java.util.HashMap$Entry@6afa20)
	[1]		b04d210
	[3]		b057420
OBJ b04f710 (sz=24, trace=145, class=java.util.HashMap$Entry@6afa20)
	value		b04f6b0
	key		b04f670
OBJ b04f770 (sz=24, trace=148, class=java.lang.String@6aeef0)
	value		b04f790
ARR b04f790 (sz=32, trace=149, nelems=8, elem type=char)
OBJ b04f7b0 (sz=16, trace=150, class=java.util.jar.Attributes$Name@7544e0)
	name		b066860
OBJ b04f830 (sz=24, trace=125, class=java.util.HashMap$Entry@6afa20)
	value		b04f770
	key		b04f7b0
OBJ b04d150 (sz=24, trace=148, class=java.lang.String@6aeef0)
	value		b04d170
ARR b04d170 (sz=72, trace=149, nelems=28, elem type=char)
OBJ b04d190 (sz=16, trace=150, class=java.util.jar.Attributes$Name@7544e0)
	name		b0669c0
OBJ b04d210 (sz=24, trace=125, class=java.util.HashMap$Entry@6afa20)
	next		b04f830
	value		b04d150
	key		b04d190
OBJ b04d270 (sz=24, trace=148, class=java.lang.String@6aeef0)
	value		b04d290
ARR b04d290 (sz=64, trace=149, nelems=24, elem type=char)
OBJ b04d2b0 (sz=16, trace=150, class=java.util.jar.Attributes$Name@7544e0)
	name		b066b40
OBJ b057420 (sz=24, trace=125, class=java.util.HashMap$Entry@6afa20)
	value		b04d270
	key		b04d2b0
OBJ b057440 (sz=24, trace=140, class=java.lang.String@6aeef0)
	value		b057460
ARR b057460 (sz=96, trace=141, nelems=41, elem type=char)
OBJ b057480 (sz=16, trace=142, class=java.util.jar.Attributes@752320)
	map		b0574a0
OBJ b0574a0 (sz=40, trace=143, class=java.util.HashMap@6afaf0)
	table		b0574c0
ARR b0574c0 (sz=32, trace=144, nelems=4, elem type=java.util.HashMap$Entry@6afa20)
	[1]		b057720
	[3]		b057840
OBJ b0574e0 (sz=24, trace=145, class=java.util.HashMap$Entry@6afa20)
	value		b057480
	key		b057440
OBJ b057540 (sz=24, trace=148, class=java.lang.String@6aeef0)
	value		b057560
ARR b057560 (sz=32, trace=149, nelems=8, elem type=char)
OBJ b057580 (sz=16, trace=150, class=java.util.jar.Attributes$Name@7544e0)
	name		b066860
OBJ b057600 (sz=24, trace=125, class=java.util.HashMap$Entry@6afa20)
	value		b057540
	key		b057580
OBJ b057660 (sz=24, trace=148, class=java.lang.String@6aeef0)
	value		b057680
ARR b057680 (sz=72, trace=149, nelems=28, elem type=char)
OBJ b0576a0 (sz=16, trace=150, class=java.util.jar.Attributes$Name@7544e0)
	name		b0669c0
OBJ b057720 (sz=24, trace=125, class=java.util.HashMap$Entry@6afa20)
	next		b057600
	value		b057660
	key		b0576a0
OBJ b057780 (sz=24, trace=148, class=java.lang.String@6aeef0)
	value		b0577a0
ARR b0577a0 (sz=64, trace=149, nelems=24, elem type=char)
OBJ b0577c0 (sz=16, trace=150, class=java.util.jar.Attributes$Name@7544e0)
	name		b066b40
OBJ b057840 (sz=24, trace=125, class=java.util.HashMap$Entry@6afa20)
	value		b057780
	key		b0577c0
OBJ b057860 (sz=24, trace=140, class=java.lang.String@6aeef0)
	value		b057880
ARR b057880 (sz=72, trace=141, nelems=29, elem type=char)
OBJ b0578a0 (sz=16, trace=142, class=java.util.jar.Attributes@752320)
	map		b0578c0
OBJ b0578c0 (sz=40, trace=143, class=java.util.HashMap@6afaf0)
	table		b0578e0
ARR b0578e0 (sz=32, trace=144, nelems=4, elem type=java.util.HashMap$Entry@6afa20)
	[1]		b057b40
	[3]		b057c60
OBJ b057900 (sz=24, trace=145, class=java.util.HashMap$Entry@6afa20)
	next		b0493c0
	value		b0578a0
	key		b057860
OBJ b057960 (sz=24, trace=148, class=java.lang.String@6aeef0)
	value		b057980
ARR b057980 (sz=32, trace=149, nelems=8, elem type=char)
OBJ b0579a0 (sz=16, trace=150, class=java.util.jar.Attributes$Name@7544e0)
	name		b066860
OBJ b057a20 (sz=24, trace=125, class=java.util.HashMap$Entry@6afa20)
	value		b057960
	key		b0579a0
OBJ b057a80 (sz=24, trace=148, class=java.lang.String@6aeef0)
	value		b057aa0
ARR b057aa0 (sz=72, trace=149, nelems=28, elem type=char)
OBJ b057ac0 (sz=16, trace=150, class=java.util.jar.Attributes$Name@7544e0)
	name		b0669c0
OBJ b057b40 (sz=24, trace=125, class=java.util.HashMap$Entry@6afa20)
	next		b057a20
	value		b057a80
	key		b057ac0
OBJ b057ba0 (sz=24, trace=148, class=java.lang.String@6aeef0)
	value		b057bc0
ARR b057bc0 (sz=64, trace=149, nelems=24, elem type=char)
OBJ b057be0 (sz=16, trace=150, class=java.util.jar.Attributes$Name@7544e0)
	name		b066b40
OBJ b057c60 (sz=24, trace=125, class=java.util.HashMap$Entry@6afa20)
	value		b057ba0
	key		b057be0
OBJ b057c80 (sz=24, trace=140, class=java.lang.String@6aeef0)
	value		b057ca0
ARR b057ca0 (sz=80, trace=141, nelems=31, elem type=char)
OBJ b057cc0 (sz=16, trace=142, class=java.util.jar.Attributes@752320)
	map		b057ce0
OBJ b057ce0 (sz=40, trace=143, class=java.util.HashMap@6afaf0)
	table		b056130
ARR b056130 (sz=32, trace=144, nelems=4, elem type=java.util.HashMap$Entry@6afa20)
	[1]		b0563f0
	[3]		b056510
OBJ b056150 (sz=24, trace=145, class=java.util.HashMap$Entry@6afa20)
	value		b057cc0
	key		b057c80
OBJ b056210 (sz=24, trace=148, class=java.lang.String@6aeef0)
	value		b056230
ARR b056230 (sz=32, trace=149, nelems=8, elem type=char)
OBJ b056250 (sz=16, trace=150, class=java.util.jar.Attributes$Name@7544e0)
	name		b066860
OBJ b0562d0 (sz=24, trace=125, class=java.util.HashMap$Entry@6afa20)
	value		b056210
	key		b056250
OBJ b056330 (sz=24, trace=148, class=java.lang.String@6aeef0)
	value		b056350
ARR b056350 (sz=72, trace=149, nelems=28, elem type=char)
OBJ b056370 (sz=16, trace=150, class=java.util.jar.Attributes$Name@7544e0)
	name		b0669c0
OBJ b0563f0 (sz=24, trace=125, class=java.util.HashMap$Entry@6afa20)
	next		b0562d0
	value		b056330
	key		b056370
OBJ b056450 (sz=24, trace=148, class=java.lang.String@6aeef0)
	value		b056470
ARR b056470 (sz=64, trace=149, nelems=24, elem type=char)
OBJ b056490 (sz=16, trace=150, class=java.util.jar.Attributes$Name@7544e0)
	name		b066b40
OBJ b056510 (sz=24, trace=125, class=java.util.HashMap$Entry@6afa20)
	value		b056450
	key		b056490
OBJ b056530 (sz=24, trace=140, class=java.lang.String@6aeef0)
	value		b056550
ARR b056550 (sz=64, trace=141, nelems=23, elem type=char)
OBJ b056570 (sz=16, trace=142, class=java.util.jar.Attributes@752320)
	map		b056590
OBJ b056590 (sz=40, trace=143, class=java.util.HashMap@6afaf0)
	table		b0565b0
ARR b0565b0 (sz=32, trace=144, nelems=4, elem type=java.util.HashMap$Entry@6afa20)
	[1]		b056830
	[3]		b056950
OBJ b0565d0 (sz=24, trace=145, class=java.util.HashMap$Entry@6afa20)
	value		b056570
	key		b056530
OBJ b056650 (sz=24, trace=148, class=java.lang.String@6aeef0)
	value		b056670
ARR b056670 (sz=32, trace=149, nelems=8, elem type=char)
OBJ b056690 (sz=16, trace=150, class=java.util.jar.Attributes$Name@7544e0)
	name		b066860
OBJ b056710 (sz=24, trace=125, class=java.util.HashMap$Entry@6afa20)
	value		b056650
	key		b056690
OBJ b056770 (sz=24, trace=148, class=java.lang.String@6aeef0)
	value		b056790
ARR b056790 (sz=72, trace=149, nelems=28, elem type=char)
OBJ b0567b0 (sz=16, trace=150, class=java.util.jar.Attributes$Name@7544e0)
	name		b0669c0
OBJ b056830 (sz=24, trace=125, class=java.util.HashMap$Entry@6afa20)
	next		b056710
	value		b056770
	key		b0567b0
OBJ b056890 (sz=24, trace=148, class=java.lang.String@6aeef0)
	value		b0568b0
ARR b0568b0 (sz=64, trace=149, nelems=24, elem type=char)
OBJ b0568d0 (sz=16, trace=150, class=java.util.jar.Attributes$Name@7544e0)
	name		b066b40
OBJ b056950 (sz=24, trace=125, class=java.util.HashMap$Entry@6afa20)
	value		b056890
	key		b0568d0
OBJ b056970 (sz=24, trace=140, class=java.lang.String@6aeef0)
	value		b056990
ARR b056990 (sz=64, trace=141, nelems=23, elem type=char)
OBJ b0569b0 (sz=16, trace=142, class=java.util.jar.Attributes@752320)
	map		b0569d0
OBJ b0569d0 (sz=40, trace=143, class=java.util.HashMap@6afaf0)
	table		b0569f0
ARR b0569f0 (sz=32, trace=144, nelems=4, elem type=java.util.HashMap$Entry@6afa20)
	[1]		b055250
	[3]		b055370
OBJ b056a10 (sz=24, trace=145, class=java.util.HashMap$Entry@6afa20)
	value		b0569b0
	key		b056970
OBJ b056a70 (sz=24, trace=148, class=java.lang.String@6aeef0)
	value		b056a90
ARR b056a90 (sz=32, trace=149, nelems=8, elem type=char)
OBJ b056ab0 (sz=16, trace=150, class=java.util.jar.Attributes$Name@7544e0)
	name		b066860
OBJ b055130 (sz=24, trace=125, class=java.util.HashMap$Entry@6afa20)
	value		b056a70
	key		b056ab0
OBJ b055190 (sz=24, trace=148, class=java.lang.String@6aeef0)
	value		b0551b0
ARR b0551b0 (sz=72, trace=149, nelems=28, elem type=char)
OBJ b0551d0 (sz=16, trace=150, class=java.util.jar.Attributes$Name@7544e0)
	name		b0669c0
OBJ b055250 (sz=24, trace=125, class=java.util.HashMap$Entry@6afa20)
	next		b055130
	value		b055190
	key		b0551d0
OBJ b0552b0 (sz=24, trace=148, class=java.lang.String@6aeef0)
	value		b0552d0
ARR b0552d0 (sz=64, trace=149, nelems=24, elem type=char)
OBJ b0552f0 (sz=16, trace=150, class=java.util.jar.Attributes$Name@7544e0)
	name		b066b40
OBJ b055370 (sz=24, trace=125, class=java.util.HashMap$Entry@6afa20)
	value		b0552b0
	key		b0552f0
OBJ b055390 (sz=24, trace=140, class=java.lang.String@6aeef0)
	value		b0553b0
ARR b0553b0 (sz=64, trace=141, nelems=23, elem type=char)
OBJ b0553d0 (sz=16, trace=142, class=java.util.jar.Attributes@752320)
	map		b0553f0
OBJ b0553f0 (sz=40, trace=143, class=java.util.HashMap@6afaf0)
	table		b055410
ARR b055410 (sz=32, trace=144, nelems=4, elem type=java.util.HashMap$Entry@6afa20)
	[1]		b055670
	[3]		b055790
OBJ b055430 (sz=24, trace=145, class=java.util.HashMap$Entry@6afa20)
	value		b0553d0
	key		b055390
OBJ b055490 (sz=24, trace=148, class=java.lang.String@6aeef0)
	value		b0554b0
ARR b0554b0 (sz=32, trace=149, nelems=8, elem type=char)
OBJ b0554d0 (sz=16, trace=150, class=java.util.jar.Attributes$Name@7544e0)
	name		b066860
OBJ b055550 (sz=24, trace=125, class=java.util.HashMap$Entry@6afa20)
	value		b055490
	key		b0554d0
OBJ b0555b0 (sz=24, trace=148, class=java.lang.String@6aeef0)
	value		b0555d0
ARR b0555d0 (sz=72, trace=149, nelems=28, elem type=char)
OBJ b0555f0 (sz=16, trace=150, class=java.util.jar.Attributes$Name@7544e0)
	name		b0669c0
OBJ b055670 (sz=24, trace=125, class=java.util.HashMap$Entry@6afa20)
	next		b055550
	value		b0555b0
	key		b0555f0
OBJ b0556d0 (sz=24, trace=148, class=java.lang.String@6aeef0)
	value		b0556f0
ARR b0556f0 (sz=64, trace=149, nelems=24, elem type=char)
OBJ b055710 (sz=16, trace=150, class=java.util.jar.Attributes$Name@7544e0)
	name		b066b40
OBJ b055790 (sz=24, trace=125, class=java.util.HashMap$Entry@6afa20)
	value		b0556d0
	key		b055710
OBJ b0557b0 (sz=24, trace=140, class=java.lang.String@6aeef0)
	value		b0557d0
ARR b0557d0 (sz=64, trace=141, nelems=23, elem type=char)
OBJ b0557f0 (sz=16, trace=142, class=java.util.jar.Attributes@752320)
	map		b055810
OBJ b055810 (sz=40, trace=143, class=java.util.HashMap@6afaf0)
	table		b055830
ARR b055830 (sz=32, trace=144, nelems=4, elem type=java.util.HashMap$Entry@6afa20)
	[1]		b055fc0
	[3]		b054100
OBJ b055850 (sz=24, trace=145, class=java.util.HashMap$Entry@6afa20)
	value		b0557f0
	key		b0557b0
OBJ b0558b0 (sz=24, trace=148, class=java.lang.String@6aeef0)
	value		b0558d0
ARR b0558d0 (sz=32, trace=149, nelems=8, elem type=char)
OBJ b0558f0 (sz=16, trace=150, class=java.util.jar.Attributes$Name@7544e0)
	name		b066860
OBJ b055970 (sz=24, trace=125, class=java.util.HashMap$Entry@6afa20)
	value		b0558b0
	key		b0558f0
OBJ b0559d0 (sz=24, trace=148, class=java.lang.String@6aeef0)
	value		b0559f0
ARR b0559f0 (sz=72, trace=149, nelems=28, elem type=char)
OBJ b055ee0 (sz=16, trace=150, class=java.util.jar.Attributes$Name@7544e0)
	name		b0669c0
OBJ b055fc0 (sz=24, trace=125, class=java.util.HashMap$Entry@6afa20)
	next		b055970
	value		b0559d0
	key		b055ee0
OBJ b054040 (sz=24, trace=148, class=java.lang.String@6aeef0)
	value		b054060
ARR b054060 (sz=64, trace=149, nelems=24, elem type=char)
OBJ b054080 (sz=16, trace=150, class=java.util.jar.Attributes$Name@7544e0)
	name		b066b40
OBJ b054100 (sz=24, trace=125, class=java.util.HashMap$Entry@6afa20)
	value		b054040
	key		b054080
OBJ b054120 (sz=24, trace=140, class=java.lang.String@6aeef0)
	value		b054140
ARR b054140 (sz=64, trace=141, nelems=23, elem type=char)
OBJ b054160 (sz=16, trace=142, class=java.util.jar.Attributes@752320)
	map		b054180
OBJ b054180 (sz=40, trace=143, class=java.util.HashMap@6afaf0)
	table		b0541a0
ARR b0541a0 (sz=32, trace=144, nelems=4, elem type=java.util.HashMap$Entry@6afa20)
	[1]		b054400
	[3]		b054520
OBJ b0541c0 (sz=24, trace=145, class=java.util.HashMap$Entry@6afa20)
	value		b054160
	key		b054120
OBJ b054220 (sz=24, trace=148, class=java.lang.String@6aeef0)
	value		b054240
ARR b054240 (sz=32, trace=149, nelems=8, elem type=char)
OBJ b054260 (sz=16, trace=150, class=java.util.jar.Attributes$Name@7544e0)
	name		b066860
OBJ b0542e0 (sz=24, trace=125, class=java.util.HashMap$Entry@6afa20)
	value		b054220
	key		b054260
OBJ b054340 (sz=24, trace=148, class=java.lang.String@6aeef0)
	value		b054360
ARR b054360 (sz=72, trace=149, nelems=28, elem type=char)
OBJ b054380 (sz=16, trace=150, class=java.util.jar.Attributes$Name@7544e0)
	name		b0669c0
OBJ b054400 (sz=24, trace=125, class=java.util.HashMap$Entry@6afa20)
	next		b0542e0
	value		b054340
	key		b054380
OBJ b054460 (sz=24, trace=148, class=java.lang.String@6aeef0)
	value		b054480
ARR b054480 (sz=64, trace=149, nelems=24, elem type=char)
OBJ b0544a0 (sz=16, trace=150, class=java.util.jar.Attributes$Name@7544e0)
	name		b066b40
OBJ b054520 (sz=24, trace=125, class=java.util.HashMap$Entry@6afa20)
	value		b054460
	key		b0544a0
OBJ b054540 (sz=24, trace=140, class=java.lang.String@6aeef0)
	value		b054560
ARR b054560 (sz=64, trace=141, nelems=23, elem type=char)
OBJ b054580 (sz=16, trace=142, class=java.util.jar.Attributes@752320)
	map		b0545a0
OBJ b0545a0 (sz=40, trace=143, class=java.util.HashMap@6afaf0)
	table		b0545c0
ARR b0545c0 (sz=32, trace=144, nelems=4, elem type=java.util.HashMap$Entry@6afa20)
	[1]		b054820
	[3]		b054e80
OBJ b0545e0 (sz=24, trace=145, class=java.util.HashMap$Entry@6afa20)
	value		b054580
	key		b054540
OBJ b054640 (sz=24, trace=148, class=java.lang.String@6aeef0)
	value		b054660
ARR b054660 (sz=32, trace=149, nelems=8, elem type=char)
OBJ b054680 (sz=16, trace=150, class=java.util.jar.Attributes$Name@7544e0)
	name		b066860
OBJ b054700 (sz=24, trace=125, class=java.util.HashMap$Entry@6afa20)
	value		b054640
	key		b054680
OBJ b054760 (sz=24, trace=148, class=java.lang.String@6aeef0)
	value		b054780
ARR b054780 (sz=72, trace=149, nelems=28, elem type=char)
OBJ b0547a0 (sz=16, trace=150, class=java.util.jar.Attributes$Name@7544e0)
	name		b0669c0
OBJ b054820 (sz=24, trace=125, class=java.util.HashMap$Entry@6afa20)
	next		b054700
	value		b054760
	key		b0547a0
OBJ b054880 (sz=24, trace=148, class=java.lang.String@6aeef0)
	value		b054d80
ARR b054d80 (sz=64, trace=149, nelems=24, elem type=char)
OBJ b054da0 (sz=16, trace=150, class=java.util.jar.Attributes$Name@7544e0)
	name		b066b40
OBJ b054e80 (sz=24, trace=125, class=java.util.HashMap$Entry@6afa20)
	value		b054880
	key		b054da0
OBJ b054ea0 (sz=24, trace=140, class=java.lang.String@6aeef0)
	value		b054ec0
ARR b054ec0 (sz=64, trace=141, nelems=23, elem type=char)
OBJ b054ee0 (sz=16, trace=142, class=java.util.jar.Attributes@752320)
	map		b054f00
OBJ b054f00 (sz=40, trace=143, class=java.util.HashMap@6afaf0)
	table		b054f20
ARR b054f20 (sz=32, trace=144, nelems=4, elem type=java.util.HashMap$Entry@6afa20)
	[1]		b0531a0
	[3]		b0532c0
OBJ b054f40 (sz=24, trace=145, class=java.util.HashMap$Entry@6afa20)
	value		b054ee0
	key		b054ea0
OBJ b054fa0 (sz=24, trace=148, class=java.lang.String@6aeef0)
	value		b054fc0
ARR b054fc0 (sz=32, trace=149, nelems=8, elem type=char)
OBJ b054fe0 (sz=16, trace=150, class=java.util.jar.Attributes$Name@7544e0)
	name		b066860
OBJ b053080 (sz=24, trace=125, class=java.util.HashMap$Entry@6afa20)
	value		b054fa0
	key		b054fe0
OBJ b0530e0 (sz=24, trace=148, class=java.lang.String@6aeef0)
	value		b053100
ARR b053100 (sz=72, trace=149, nelems=28, elem type=char)
OBJ b053120 (sz=16, trace=150, class=java.util.jar.Attributes$Name@7544e0)
	name		b0669c0
OBJ b0531a0 (sz=24, trace=125, class=java.util.HashMap$Entry@6afa20)
	next		b053080
	value		b0530e0
	key		b053120
OBJ b053200 (sz=24, trace=148, class=java.lang.String@6aeef0)
	value		b053220
ARR b053220 (sz=64, trace=149, nelems=24, elem type=char)
OBJ b053240 (sz=16, trace=150, class=java.util.jar.Attributes$Name@7544e0)
	name		b066b40
OBJ b0532c0 (sz=24, trace=125, class=java.util.HashMap$Entry@6afa20)
	value		b053200
	key		b053240
OBJ b0532e0 (sz=24, trace=140, class=java.lang.String@6aeef0)
	value		b053300
ARR b053300 (sz=64, trace=141, nelems=23, elem type=char)
OBJ b053320 (sz=16, trace=142, class=java.util.jar.Attributes@752320)
	map		b053340
OBJ b053340 (sz=40, trace=143, class=java.util.HashMap@6afaf0)
	table		b053360
ARR b053360 (sz=32, trace=144, nelems=4, elem type=java.util.HashMap$Entry@6afa20)
	[1]		b0535c0
	[3]		b0536e0
OBJ b053380 (sz=24, trace=145, class=java.util.HashMap$Entry@6afa20)
	value		b053320
	key		b0532e0
OBJ b0533e0 (sz=24, trace=148, class=java.lang.String@6aeef0)
	value		b053400
ARR b053400 (sz=32, trace=149, nelems=8, elem type=char)
OBJ b053420 (sz=16, trace=150, class=java.util.jar.Attributes$Name@7544e0)
	name		b066860
OBJ b0534a0 (sz=24, trace=125, class=java.util.HashMap$Entry@6afa20)
	value		b0533e0
	key		b053420
OBJ b053500 (sz=24, trace=148, class=java.lang.String@6aeef0)
	value		b053520
ARR b053520 (sz=72, trace=149, nelems=28, elem type=char)
OBJ b053540 (sz=16, trace=150, class=java.util.jar.Attributes$Name@7544e0)
	name		b0669c0
OBJ b0535c0 (sz=24, trace=125, class=java.util.HashMap$Entry@6afa20)
	next		b0534a0
	value		b053500
	key		b053540
OBJ b053620 (sz=24, trace=148, class=java.lang.String@6aeef0)
	value		b053640
ARR b053640 (sz=64, trace=149, nelems=24, elem type=char)
OBJ b053660 (sz=16, trace=150, class=java.util.jar.Attributes$Name@7544e0)
	name		b066b40
OBJ b0536e0 (sz=24, trace=125, class=java.util.HashMap$Entry@6afa20)
	value		b053620
	key		b053660
OBJ b053700 (sz=24, trace=140, class=java.lang.String@6aeef0)
	value		b053720
ARR b053720 (sz=64, trace=141, nelems=23, elem type=char)
OBJ b053ee0 (sz=16, trace=142, class=java.util.jar.Attributes@752320)
	map		b053f00
OBJ b053f00 (sz=40, trace=143, class=java.util.HashMap@6afaf0)
	table		b053f20
ARR b053f20 (sz=32, trace=144, nelems=4, elem type=java.util.HashMap$Entry@6afa20)
	[1]		b052210
	[3]		b052330
OBJ b053fa0 (sz=24, trace=145, class=java.util.HashMap$Entry@6afa20)
	value		b053ee0
	key		b053700
OBJ b052030 (sz=24, trace=148, class=java.lang.String@6aeef0)
	value		b052050
ARR b052050 (sz=32, trace=149, nelems=8, elem type=char)
OBJ b052070 (sz=16, trace=150, class=java.util.jar.Attributes$Name@7544e0)
	name		b066860
OBJ b0520f0 (sz=24, trace=125, class=java.util.HashMap$Entry@6afa20)
	value		b052030
	key		b052070
OBJ b052150 (sz=24, trace=148, class=java.lang.String@6aeef0)
	value		b052170
ARR b052170 (sz=72, trace=149, nelems=28, elem type=char)
OBJ b052190 (sz=16, trace=150, class=java.util.jar.Attributes$Name@7544e0)
	name		b0669c0
OBJ b052210 (sz=24, trace=125, class=java.util.HashMap$Entry@6afa20)
	next		b0520f0
	value		b052150
	key		b052190
OBJ b052270 (sz=24, trace=148, class=java.lang.String@6aeef0)
	value		b052290
ARR b052290 (sz=64, trace=149, nelems=24, elem type=char)
OBJ b0522b0 (sz=16, trace=150, class=java.util.jar.Attributes$Name@7544e0)
	name		b066b40
OBJ b052330 (sz=24, trace=125, class=java.util.HashMap$Entry@6afa20)
	value		b052270
	key		b0522b0
OBJ b052350 (sz=24, trace=140, class=java.lang.String@6aeef0)
	value		b052370
ARR b052370 (sz=64, trace=141, nelems=23, elem type=char)
OBJ b052390 (sz=16, trace=142, class=java.util.jar.Attributes@752320)
	map		b0523b0
OBJ b0523b0 (sz=40, trace=143, class=java.util.HashMap@6afaf0)
	table		b0523d0
ARR b0523d0 (sz=32, trace=144, nelems=4, elem type=java.util.HashMap$Entry@6afa20)
	[1]		b052630
	[3]		b052750
OBJ b0523f0 (sz=24, trace=145, class=java.util.HashMap$Entry@6afa20)
	value		b052390
	key		b052350
OBJ b052450 (sz=24, trace=148, class=java.lang.String@6aeef0)
	value		b052470
ARR b052470 (sz=32, trace=149, nelems=8, elem type=char)
OBJ b052490 (sz=16, trace=150, class=java.util.jar.Attributes$Name@7544e0)
	name		b066860
OBJ b052510 (sz=24, trace=125, class=java.util.HashMap$Entry@6afa20)
	value		b052450
	key		b052490
OBJ b052570 (sz=24, trace=148, class=java.lang.String@6aeef0)
	value		b052590
ARR b052590 (sz=72, trace=149, nelems=28, elem type=char)
OBJ b0525b0 (sz=16, trace=150, class=java.util.jar.Attributes$Name@7544e0)
	name		b0669c0
OBJ b052630 (sz=24, trace=125, class=java.util.HashMap$Entry@6afa20)
	next		b052510
	value		b052570
	key		b0525b0
OBJ b052690 (sz=24, trace=148, class=java.lang.String@6aeef0)
	value		b0526b0
ARR b0526b0 (sz=64, trace=149, nelems=24, elem type=char)
OBJ b0526d0 (sz=16, trace=150, class=java.util.jar.Attributes$Name@7544e0)
	name		b066b40
OBJ b052750 (sz=24, trace=125, class=java.util.HashMap$Entry@6afa20)
	value		b052690
	key		b0526d0
OBJ b052770 (sz=24, trace=140, class=java.lang.String@6aeef0)
	value		b052790
ARR b052790 (sz=64, trace=141, nelems=23, elem type=char)
OBJ b0527b0 (sz=16, trace=142, class=java.util.jar.Attributes@752320)
	map		b0527d0
OBJ b0527d0 (sz=40, trace=143, class=java.util.HashMap@6afaf0)
	table		b0527f0
ARR b0527f0 (sz=32, trace=144, nelems=4, elem type=java.util.HashMap$Entry@6afa20)
	[1]		b050610
	[3]		b050730
OBJ b052810 (sz=24, trace=145, class=java.util.HashMap$Entry@6afa20)
	value		b0527b0
	key		b052770
OBJ b052870 (sz=24, trace=148, class=java.lang.String@6aeef0)
	value		b0503f0
ARR b0503f0 (sz=32, trace=149, nelems=8, elem type=char)
OBJ b050410 (sz=16, trace=150, class=java.util.jar.Attributes$Name@7544e0)
	name		b066860
OBJ b050490 (sz=24, trace=125, class=java.util.HashMap$Entry@6afa20)
	value		b052870
	key		b050410
OBJ b050550 (sz=24, trace=148, class=java.lang.String@6aeef0)
	value		b050570
ARR b050570 (sz=72, trace=149, nelems=28, elem type=char)
OBJ b050590 (sz=16, trace=150, class=java.util.jar.Attributes$Name@7544e0)
	name		b0669c0
OBJ b050610 (sz=24, trace=125, class=java.util.HashMap$Entry@6afa20)
	next		b050490
	value		b050550
	key		b050590
OBJ b050670 (sz=24, trace=148, class=java.lang.String@6aeef0)
	value		b050690
ARR b050690 (sz=64, trace=149, nelems=24, elem type=char)
OBJ b0506b0 (sz=16, trace=150, class=java.util.jar.Attributes$Name@7544e0)
	name		b066b40
OBJ b050730 (sz=24, trace=125, class=java.util.HashMap$Entry@6afa20)
	value		b050670
	key		b0506b0
OBJ b050750 (sz=24, trace=140, class=java.lang.String@6aeef0)
	value		b050770
ARR b050770 (sz=64, trace=141, nelems=23, elem type=char)
OBJ b050790 (sz=16, trace=142, class=java.util.jar.Attributes@752320)
	map		b0507b0
OBJ b0507b0 (sz=40, trace=143, class=java.util.HashMap@6afaf0)
	table		b0507d0
ARR b0507d0 (sz=32, trace=144, nelems=4, elem type=java.util.HashMap$Entry@6afa20)
	[1]		b050a80
	[3]		b050ba0
OBJ b0507f0 (sz=24, trace=145, class=java.util.HashMap$Entry@6afa20)
	value		b050790
	key		b050750
OBJ b050850 (sz=24, trace=148, class=java.lang.String@6aeef0)
	value		b050870
ARR b050870 (sz=32, trace=149, nelems=8, elem type=char)
OBJ b050890 (sz=16, trace=150, class=java.util.jar.Attributes$Name@7544e0)
	name		b066860
OBJ b050960 (sz=24, trace=125, class=java.util.HashMap$Entry@6afa20)
	value		b050850
	key		b050890
OBJ b0509c0 (sz=24, trace=148, class=java.lang.String@6aeef0)
	value		b0509e0
ARR b0509e0 (sz=72, trace=149, nelems=28, elem type=char)
OBJ b050a00 (sz=16, trace=150, class=java.util.jar.Attributes$Name@7544e0)
	name		b0669c0
OBJ b050a80 (sz=24, trace=125, class=java.util.HashMap$Entry@6afa20)
	next		b050960
	value		b0509c0
	key		b050a00
OBJ b050ae0 (sz=24, trace=148, class=java.lang.String@6aeef0)
	value		b050b00
ARR b050b00 (sz=64, trace=149, nelems=24, elem type=char)
OBJ b050b20 (sz=16, trace=150, class=java.util.jar.Attributes$Name@7544e0)
	name		b066b40
OBJ b050ba0 (sz=24, trace=125, class=java.util.HashMap$Entry@6afa20)
	value		b050ae0
	key		b050b20
OBJ b050bc0 (sz=24, trace=140, class=java.lang.String@6aeef0)
	value		b050be0
ARR b050be0 (sz=64, trace=141, nelems=23, elem type=char)
OBJ b050c00 (sz=16, trace=142, class=java.util.jar.Attributes@752320)
	map		b050c20
OBJ b050c20 (sz=40, trace=143, class=java.util.HashMap@6afaf0)
	table		b050c40
ARR b050c40 (sz=32, trace=144, nelems=4, elem type=java.util.HashMap$Entry@6afa20)
	[1]		b050ea0
	[3]		b050fc0
OBJ b050c60 (sz=24, trace=145, class=java.util.HashMap$Entry@6afa20)
	value		b050c00
	key		b050bc0
OBJ b050cc0 (sz=24, trace=148, class=java.lang.String@6aeef0)
	value		b050ce0
ARR b050ce0 (sz=32, trace=149, nelems=8, elem type=char)
OBJ b050d00 (sz=16, trace=150, class=java.util.jar.Attributes$Name@7544e0)
	name		b066860
OBJ b050d80 (sz=24, trace=125, class=java.util.HashMap$Entry@6afa20)
	value		b050cc0
	key		b050d00
OBJ b050de0 (sz=24, trace=148, class=java.lang.String@6aeef0)
	value		b050e00
ARR b050e00 (sz=72, trace=149, nelems=28, elem type=char)
OBJ b050e20 (sz=16, trace=150, class=java.util.jar.Attributes$Name@7544e0)
	name		b0669c0
OBJ b050ea0 (sz=24, trace=125, class=java.util.HashMap$Entry@6afa20)
	next		b050d80
	value		b050de0
	key		b050e20
OBJ b050f00 (sz=24, trace=148, class=java.lang.String@6aeef0)
	value		b050f20
ARR b050f20 (sz=64, trace=149, nelems=24, elem type=char)
OBJ b050f40 (sz=16, trace=150, class=java.util.jar.Attributes$Name@7544e0)
	name		b066b40
OBJ b050fc0 (sz=24, trace=125, class=java.util.HashMap$Entry@6afa20)
	value		b050f00
	key		b050f40
OBJ b050fe0 (sz=24, trace=140, class=java.lang.String@6aeef0)
	value		b042aa0
ARR b042aa0 (sz=64, trace=141, nelems=23, elem type=char)
OBJ b04f030 (sz=16, trace=142, class=java.util.jar.Attributes@752320)
	map		b042ac0
OBJ b042ac0 (sz=40, trace=143, class=java.util.HashMap@6afaf0)
	table		b04f050
ARR b04f050 (sz=32, trace=144, nelems=4, elem type=java.util.HashMap$Entry@6afa20)
	[1]		b04f290
	[3]		b04f3b0
OBJ b047010 (sz=24, trace=145, class=java.util.HashMap$Entry@6afa20)
	value		b04f030
	key		b050fe0
OBJ b04f0b0 (sz=24, trace=148, class=java.lang.String@6aeef0)
	value		b04f0d0
ARR b04f0d0 (sz=32, trace=149, nelems=8, elem type=char)
OBJ b04f0f0 (sz=16, trace=150, class=java.util.jar.Attributes$Name@7544e0)
	name		b066860
OBJ b04f170 (sz=24, trace=125, class=java.util.HashMap$Entry@6afa20)
	value		b04f0b0
	key		b04f0f0
OBJ b04f1d0 (sz=24, trace=148, class=java.lang.String@6aeef0)
	value		b04f1f0
ARR b04f1f0 (sz=72, trace=149, nelems=28, elem type=char)
OBJ b04f210 (sz=16, trace=150, class=java.util.jar.Attributes$Name@7544e0)
	name		b0669c0
OBJ b04f290 (sz=24, trace=125, class=java.util.HashMap$Entry@6afa20)
	next		b04f170
	value		b04f1d0
	key		b04f210
OBJ b04f2f0 (sz=24, trace=148, class=java.lang.String@6aeef0)
	value		b04f310
ARR b04f310 (sz=64, trace=149, nelems=24, elem type=char)
OBJ b04f330 (sz=16, trace=150, class=java.util.jar.Attributes$Name@7544e0)
	name		b066b40
OBJ b04f3b0 (sz=24, trace=125, class=java.util.HashMap$Entry@6afa20)
	value		b04f2f0
	key		b04f330
OBJ b04f3d0 (sz=24, trace=140, class=java.lang.String@6aeef0)
	value		b04f3f0
ARR b04f3f0 (sz=64, trace=141, nelems=23, elem type=char)
OBJ b04f850 (sz=16, trace=142, class=java.util.jar.Attributes@752320)
	map		b04f870
OBJ b04f870 (sz=40, trace=143, class=java.util.HashMap@6afaf0)
	table		b04f890
ARR b04f890 (sz=32, trace=144, nelems=4, elem type=java.util.HashMap$Entry@6afa20)
	[1]		b04faf0
	[3]		b04fc60
OBJ b04f8b0 (sz=24, trace=145, class=java.util.HashMap$Entry@6afa20)
	value		b04f850
	key		b04f3d0
OBJ b04f910 (sz=24, trace=148, class=java.lang.String@6aeef0)
	value		b04f930
ARR b04f930 (sz=32, trace=149, nelems=8, elem type=char)
OBJ b04f950 (sz=16, trace=150, class=java.util.jar.Attributes$Name@7544e0)
	name		b066860
OBJ b04f9d0 (sz=24, trace=125, class=java.util.HashMap$Entry@6afa20)
	value		b04f910
	key		b04f950
OBJ b04fa30 (sz=24, trace=148, class=java.lang.String@6aeef0)
	value		b04fa50
ARR b04fa50 (sz=72, trace=149, nelems=28, elem type=char)
OBJ b04fa70 (sz=16, trace=150, class=java.util.jar.Attributes$Name@7544e0)
	name		b0669c0
OBJ b04faf0 (sz=24, trace=125, class=java.util.HashMap$Entry@6afa20)
	next		b04f9d0
	value		b04fa30
	key		b04fa70
OBJ b04fb50 (sz=24, trace=148, class=java.lang.String@6aeef0)
	value		b04fb70
ARR b04fb70 (sz=64, trace=149, nelems=24, elem type=char)
OBJ b04fb90 (sz=16, trace=150, class=java.util.jar.Attributes$Name@7544e0)
	name		b066b40
OBJ b04fc60 (sz=24, trace=125, class=java.util.HashMap$Entry@6afa20)
	value		b04fb50
	key		b04fb90
OBJ b04fc80 (sz=24, trace=140, class=java.lang.String@6aeef0)
	value		b04fca0
ARR b04fca0 (sz=64, trace=141, nelems=23, elem type=char)
OBJ b04fcc0 (sz=16, trace=142, class=java.util.jar.Attributes@752320)
	map		b04fce0
OBJ b04fce0 (sz=40, trace=143, class=java.util.HashMap@6afaf0)
	table		b04fd00
ARR b04fd00 (sz=32, trace=144, nelems=4, elem type=java.util.HashMap$Entry@6afa20)
	[1]		b04ff60
	[3]		b04e0a0
OBJ b04fd20 (sz=24, trace=145, class=java.util.HashMap$Entry@6afa20)
	value		b04fcc0
	key		b04fc80
OBJ b04fd80 (sz=24, trace=148, class=java.lang.String@6aeef0)
	value		b04fda0
ARR b04fda0 (sz=32, trace=149, nelems=8, elem type=char)
OBJ b04fdc0 (sz=16, trace=150, class=java.util.jar.Attributes$Name@7544e0)
	name		b066860
OBJ b04fe40 (sz=24, trace=125, class=java.util.HashMap$Entry@6afa20)
	value		b04fd80
	key		b04fdc0
OBJ b04fea0 (sz=24, trace=148, class=java.lang.String@6aeef0)
	value		b04fec0
ARR b04fec0 (sz=72, trace=149, nelems=28, elem type=char)
OBJ b04fee0 (sz=16, trace=150, class=java.util.jar.Attributes$Name@7544e0)
	name		b0669c0
OBJ b04ff60 (sz=24, trace=125, class=java.util.HashMap$Entry@6afa20)
	next		b04fe40
	value		b04fea0
	key		b04fee0
OBJ b04ffc0 (sz=24, trace=148, class=java.lang.String@6aeef0)
	value		b04ffe0
ARR b04ffe0 (sz=64, trace=149, nelems=24, elem type=char)
OBJ b04e020 (sz=16, trace=150, class=java.util.jar.Attributes$Name@7544e0)
	name		b066b40
OBJ b04e0a0 (sz=24, trace=125, class=java.util.HashMap$Entry@6afa20)
	value		b04ffc0
	key		b04e020
OBJ b04e0c0 (sz=24, trace=140, class=java.lang.String@6aeef0)
	value		b04e0e0
ARR b04e0e0 (sz=64, trace=141, nelems=23, elem type=char)
OBJ b04e100 (sz=16, trace=142, class=java.util.jar.Attributes@752320)
	map		b04e120
OBJ b04e120 (sz=40, trace=143, class=java.util.HashMap@6afaf0)
	table		b04e140
ARR b04e140 (sz=32, trace=144, nelems=4, elem type=java.util.HashMap$Entry@6afa20)
	[1]		b04e3a0
	[3]		b04e4c0
OBJ b04e160 (sz=24, trace=145, class=java.util.HashMap$Entry@6afa20)
	value		b04e100
	key		b04e0c0
OBJ b04e1c0 (sz=24, trace=148, class=java.lang.String@6aeef0)
	value		b04e1e0
ARR b04e1e0 (sz=32, trace=149, nelems=8, elem type=char)
OBJ b04e200 (sz=16, trace=150, class=java.util.jar.Attributes$Name@7544e0)
	name		b066860
OBJ b04e280 (sz=24, trace=125, class=java.util.HashMap$Entry@6afa20)
	value		b04e1c0
	key		b04e200
OBJ b04e2e0 (sz=24, trace=148, class=java.lang.String@6aeef0)
	value		b04e300
ARR b04e300 (sz=72, trace=149, nelems=28, elem type=char)
OBJ b04e320 (sz=16, trace=150, class=java.util.jar.Attributes$Name@7544e0)
	name		b0669c0
OBJ b04e3a0 (sz=24, trace=125, class=java.util.HashMap$Entry@6afa20)
	next		b04e280
	value		b04e2e0
	key		b04e320
OBJ b04e400 (sz=24, trace=148, class=java.lang.String@6aeef0)
	value		b04e420
ARR b04e420 (sz=64, trace=149, nelems=24, elem type=char)
OBJ b04e440 (sz=16, trace=150, class=java.util.jar.Attributes$Name@7544e0)
	name		b066b40
OBJ b04e4c0 (sz=24, trace=125, class=java.util.HashMap$Entry@6afa20)
	value		b04e400
	key		b04e440
OBJ b04e4e0 (sz=24, trace=140, class=java.lang.String@6aeef0)
	value		b04e500
ARR b04e500 (sz=64, trace=141, nelems=23, elem type=char)
OBJ b04e520 (sz=16, trace=142, class=java.util.jar.Attributes@752320)
	map		b04e540
OBJ b04e540 (sz=40, trace=143, class=java.util.HashMap@6afaf0)
	table		b04e560
ARR b04e560 (sz=32, trace=144, nelems=4, elem type=java.util.HashMap$Entry@6afa20)
	[1]		b04e9c0
	[3]		b04eae0
OBJ b04e580 (sz=24, trace=145, class=java.util.HashMap$Entry@6afa20)
	value		b04e520
	key		b04e4e0
OBJ b04e5e0 (sz=24, trace=148, class=java.lang.String@6aeef0)
	value		b04e600
ARR b04e600 (sz=32, trace=149, nelems=8, elem type=char)
OBJ b04e620 (sz=16, trace=150, class=java.util.jar.Attributes$Name@7544e0)
	name		b066860
OBJ b04e6a0 (sz=24, trace=125, class=java.util.HashMap$Entry@6afa20)
	value		b04e5e0
	key		b04e620
OBJ b04e700 (sz=24, trace=148, class=java.lang.String@6aeef0)
	value		b04e720
ARR b04e720 (sz=72, trace=149, nelems=28, elem type=char)
OBJ b04e740 (sz=16, trace=150, class=java.util.jar.Attributes$Name@7544e0)
	name		b0669c0
OBJ b04e9c0 (sz=24, trace=125, class=java.util.HashMap$Entry@6afa20)
	next		b04e6a0
	value		b04e700
	key		b04e740
OBJ b04ea20 (sz=24, trace=148, class=java.lang.String@6aeef0)
	value		b04ea40
ARR b04ea40 (sz=64, trace=149, nelems=24, elem type=char)
OBJ b04ea60 (sz=16, trace=150, class=java.util.jar.Attributes$Name@7544e0)
	name		b066b40
OBJ b04eae0 (sz=24, trace=125, class=java.util.HashMap$Entry@6afa20)
	value		b04ea20
	key		b04ea60
OBJ b04eb00 (sz=24, trace=140, class=java.lang.String@6aeef0)
	value		b04eb20
ARR b04eb20 (sz=64, trace=141, nelems=23, elem type=char)
OBJ b04eb40 (sz=16, trace=142, class=java.util.jar.Attributes@752320)
	map		b04eb60
OBJ b04eb60 (sz=40, trace=143, class=java.util.HashMap@6afaf0)
	table		b04eb80
ARR b04eb80 (sz=32, trace=144, nelems=4, elem type=java.util.HashMap$Entry@6afa20)
	[1]		b04ede0
	[3]		b04ef00
OBJ b04eba0 (sz=24, trace=145, class=java.util.HashMap$Entry@6afa20)
	value		b04eb40
	key		b04eb00
OBJ b04ec00 (sz=24, trace=148, class=java.lang.String@6aeef0)
	value		b04ec20
ARR b04ec20 (sz=32, trace=149, nelems=8, elem type=char)
OBJ b04ec40 (sz=16, trace=150, class=java.util.jar.Attributes$Name@7544e0)
	name		b066860
OBJ b04ecc0 (sz=24, trace=125, class=java.util.HashMap$Entry@6afa20)
	value		b04ec00
	key		b04ec40
OBJ b04ed20 (sz=24, trace=148, class=java.lang.String@6aeef0)
	value		b04ed40
ARR b04ed40 (sz=72, trace=149, nelems=28, elem type=char)
OBJ b04ed60 (sz=16, trace=150, class=java.util.jar.Attributes$Name@7544e0)
	name		b0669c0
OBJ b04ede0 (sz=24, trace=125, class=java.util.HashMap$Entry@6afa20)
	next		b04ecc0
	value		b04ed20
	key		b04ed60
OBJ b04ee40 (sz=24, trace=148, class=java.lang.String@6aeef0)
	value		b04ee60
ARR b04ee60 (sz=64, trace=149, nelems=24, elem type=char)
OBJ b04ee80 (sz=16, trace=150, class=java.util.jar.Attributes$Name@7544e0)
	name		b066b40
OBJ b04ef00 (sz=24, trace=125, class=java.util.HashMap$Entry@6afa20)
	value		b04ee40
	key		b04ee80
OBJ b04ef20 (sz=24, trace=140, class=java.lang.String@6aeef0)
	value		b04ef40
ARR b04ef40 (sz=64, trace=141, nelems=23, elem type=char)
OBJ b04ef60 (sz=16, trace=142, class=java.util.jar.Attributes@752320)
	map		b04ef80
OBJ b04ef80 (sz=40, trace=143, class=java.util.HashMap@6afaf0)
	table		b04efa0
ARR b04efa0 (sz=32, trace=144, nelems=4, elem type=java.util.HashMap$Entry@6afa20)
	[1]		b04d090
	[3]		b04d820
OBJ b04efc0 (sz=24, trace=145, class=java.util.HashMap$Entry@6afa20)
	value		b04ef60
	key		b04ef20
OBJ b04c0d0 (sz=24, trace=148, class=java.lang.String@6aeef0)
	value		b04c0f0
ARR b04c0f0 (sz=32, trace=149, nelems=8, elem type=char)
OBJ b04c110 (sz=16, trace=150, class=java.util.jar.Attributes$Name@7544e0)
	name		b066860
OBJ b04c190 (sz=24, trace=125, class=java.util.HashMap$Entry@6afa20)
	value		b04c0d0
	key		b04c110
OBJ b04c1f0 (sz=24, trace=148, class=java.lang.String@6aeef0)
	value		b04c210
ARR b04c210 (sz=72, trace=149, nelems=28, elem type=char)
OBJ b04d010 (sz=16, trace=150, class=java.util.jar.Attributes$Name@7544e0)
	name		b0669c0
OBJ b04d090 (sz=24, trace=125, class=java.util.HashMap$Entry@6afa20)
	next		b04c190
	value		b04c1f0
	key		b04d010
OBJ b04d0f0 (sz=24, trace=148, class=java.lang.String@6aeef0)
	value		b04c050
ARR b04c050 (sz=64, trace=149, nelems=24, elem type=char)
OBJ b04d740 (sz=16, trace=150, class=java.util.jar.Attributes$Name@7544e0)
	name		b066b40
OBJ b04d820 (sz=24, trace=125, class=java.util.HashMap$Entry@6afa20)
	value		b04d0f0
	key		b04d740
OBJ b04d840 (sz=24, trace=140, class=java.lang.String@6aeef0)
	value		b04d860
ARR b04d860 (sz=64, trace=141, nelems=23, elem type=char)
OBJ b04d880 (sz=16, trace=142, class=java.util.jar.Attributes@752320)
	map		b04d8a0
OBJ b04d8a0 (sz=40, trace=143, class=java.util.HashMap@6afaf0)
	table		b04d8c0
ARR b04d8c0 (sz=32, trace=144, nelems=4, elem type=java.util.HashMap$Entry@6afa20)
	[1]		b04db20
	[3]		b04dc40
OBJ b04d8e0 (sz=24, trace=145, class=java.util.HashMap$Entry@6afa20)
	value		b04d880
	key		b04d840
OBJ b04d940 (sz=24, trace=148, class=java.lang.String@6aeef0)
	value		b04d960
ARR b04d960 (sz=32, trace=149, nelems=8, elem type=char)
OBJ b04d980 (sz=16, trace=150, class=java.util.jar.Attributes$Name@7544e0)
	name		b066860
OBJ b04da00 (sz=24, trace=125, class=java.util.HashMap$Entry@6afa20)
	value		b04d940
	key		b04d980
OBJ b04da60 (sz=24, trace=148, class=java.lang.String@6aeef0)
	value		b04da80
ARR b04da80 (sz=72, trace=149, nelems=28, elem type=char)
OBJ b04daa0 (sz=16, trace=150, class=java.util.jar.Attributes$Name@7544e0)
	name		b0669c0
OBJ b04db20 (sz=24, trace=125, class=java.util.HashMap$Entry@6afa20)
	next		b04da00
	value		b04da60
	key		b04daa0
OBJ b04db80 (sz=24, trace=148, class=java.lang.String@6aeef0)
	value		b04dba0
ARR b04dba0 (sz=64, trace=149, nelems=24, elem type=char)
OBJ b04dbc0 (sz=16, trace=150, class=java.util.jar.Attributes$Name@7544e0)
	name		b066b40
OBJ b04dc40 (sz=24, trace=125, class=java.util.HashMap$Entry@6afa20)
	value		b04db80
	key		b04dbc0
OBJ b04dc60 (sz=24, trace=140, class=java.lang.String@6aeef0)
	value		b04dc80
ARR b04dc80 (sz=64, trace=141, nelems=23, elem type=char)
OBJ b04dca0 (sz=16, trace=142, class=java.util.jar.Attributes@752320)
	map		b04dcc0
OBJ b04dcc0 (sz=40, trace=143, class=java.util.HashMap@6afaf0)
	table		b04dce0
ARR b04dce0 (sz=32, trace=144, nelems=4, elem type=java.util.HashMap$Entry@6afa20)
	[1]		b04df40
	[3]		b04b1b0
OBJ b04dd00 (sz=24, trace=145, class=java.util.HashMap$Entry@6afa20)
	value		b04dca0
	key		b04dc60
OBJ b04dd60 (sz=24, trace=148, class=java.lang.String@6aeef0)
	value		b04dd80
ARR b04dd80 (sz=32, trace=149, nelems=8, elem type=char)
OBJ b04dda0 (sz=16, trace=150, class=java.util.jar.Attributes$Name@7544e0)
	name		b066860
OBJ b04de20 (sz=24, trace=125, class=java.util.HashMap$Entry@6afa20)
	value		b04dd60
	key		b04dda0
OBJ b04de80 (sz=24, trace=148, class=java.lang.String@6aeef0)
	value		b04dea0
ARR b04dea0 (sz=72, trace=149, nelems=28, elem type=char)
OBJ b04dec0 (sz=16, trace=150, class=java.util.jar.Attributes$Name@7544e0)
	name		b0669c0
OBJ b04df40 (sz=24, trace=125, class=java.util.HashMap$Entry@6afa20)
	next		b04de20
	value		b04de80
	key		b04dec0
OBJ b04dfa0 (sz=24, trace=148, class=java.lang.String@6aeef0)
	value		b04dfc0
ARR b04dfc0 (sz=64, trace=149, nelems=24, elem type=char)
OBJ b04dfe0 (sz=16, trace=150, class=java.util.jar.Attributes$Name@7544e0)
	name		b066b40
OBJ b04b1b0 (sz=24, trace=125, class=java.util.HashMap$Entry@6afa20)
	value		b04dfa0
	key		b04dfe0
OBJ b04b1d0 (sz=24, trace=140, class=java.lang.String@6aeef0)
	value		b04b1f0
ARR b04b1f0 (sz=64, trace=141, nelems=23, elem type=char)
OBJ b04b210 (sz=16, trace=142, class=java.util.jar.Attributes@752320)
	map		b04c740
OBJ b04c740 (sz=40, trace=143, class=java.util.HashMap@6afaf0)
	table		b04c760
ARR b04c760 (sz=32, trace=144, nelems=4, elem type=java.util.HashMap$Entry@6afa20)
	[1]		b04ca20
	[3]		b04cb40
OBJ b04c780 (sz=24, trace=145, class=java.util.HashMap$Entry@6afa20)
	value		b04b210
	key		b04b1d0
OBJ b04c840 (sz=24, trace=148, class=java.lang.String@6aeef0)
	value		b04c860
ARR b04c860 (sz=32, trace=149, nelems=8, elem type=char)
OBJ b04c880 (sz=16, trace=150, class=java.util.jar.Attributes$Name@7544e0)
	name		b066860
OBJ b04c900 (sz=24, trace=125, class=java.util.HashMap$Entry@6afa20)
	value		b04c840
	key		b04c880
OBJ b04c960 (sz=24, trace=148, class=java.lang.String@6aeef0)
	value		b04c980
ARR b04c980 (sz=72, trace=149, nelems=28, elem type=char)
OBJ b04c9a0 (sz=16, trace=150, class=java.util.jar.Attributes$Name@7544e0)
	name		b0669c0
OBJ b04ca20 (sz=24, trace=125, class=java.util.HashMap$Entry@6afa20)
	next		b04c900
	value		b04c960
	key		b04c9a0
OBJ b04ca80 (sz=24, trace=148, class=java.lang.String@6aeef0)
	value		b04caa0
ARR b04caa0 (sz=64, trace=149, nelems=24, elem type=char)
OBJ b04cac0 (sz=16, trace=150, class=java.util.jar.Attributes$Name@7544e0)
	name		b066b40
OBJ b04cb40 (sz=24, trace=125, class=java.util.HashMap$Entry@6afa20)
	value		b04ca80
	key		b04cac0
OBJ b04cb60 (sz=24, trace=140, class=java.lang.String@6aeef0)
	value		b04cb80
ARR b04cb80 (sz=64, trace=141, nelems=23, elem type=char)
OBJ b04cba0 (sz=16, trace=142, class=java.util.jar.Attributes@752320)
	map		b04cbc0
OBJ b04cbc0 (sz=40, trace=143, class=java.util.HashMap@6afaf0)
	table		b04cbe0
ARR b04cbe0 (sz=32, trace=144, nelems=4, elem type=java.util.HashMap$Entry@6afa20)
	[1]		b04ce40
	[3]		b04cf60
OBJ b04cc00 (sz=24, trace=145, class=java.util.HashMap$Entry@6afa20)
	value		b04cba0
	key		b04cb60
OBJ b04cc60 (sz=24, trace=148, class=java.lang.String@6aeef0)
	value		b04cc80
ARR b04cc80 (sz=32, trace=149, nelems=8, elem type=char)
OBJ b04cca0 (sz=16, trace=150, class=java.util.jar.Attributes$Name@7544e0)
	name		b066860
OBJ b04cd20 (sz=24, trace=125, class=java.util.HashMap$Entry@6afa20)
	value		b04cc60
	key		b04cca0
OBJ b04cd80 (sz=24, trace=148, class=java.lang.String@6aeef0)
	value		b04cda0
ARR b04cda0 (sz=72, trace=149, nelems=28, elem type=char)
OBJ b04cdc0 (sz=16, trace=150, class=java.util.jar.Attributes$Name@7544e0)
	name		b0669c0
OBJ b04ce40 (sz=24, trace=125, class=java.util.HashMap$Entry@6afa20)
	next		b04cd20
	value		b04cd80
	key		b04cdc0
OBJ b04cea0 (sz=24, trace=148, class=java.lang.String@6aeef0)
	value		b04cec0
ARR b04cec0 (sz=64, trace=149, nelems=24, elem type=char)
OBJ b04cee0 (sz=16, trace=150, class=java.util.jar.Attributes$Name@7544e0)
	name		b066b40
OBJ b04cf60 (sz=24, trace=125, class=java.util.HashMap$Entry@6afa20)
	value		b04cea0
	key		b04cee0
OBJ b04cf80 (sz=24, trace=140, class=java.lang.String@6aeef0)
	value		b04cfa0
ARR b04cfa0 (sz=64, trace=141, nelems=23, elem type=char)
OBJ b04cfc0 (sz=16, trace=142, class=java.util.jar.Attributes@752320)
	map		b04cfe0
OBJ b04cfe0 (sz=40, trace=143, class=java.util.HashMap@6afaf0)
	table		b04b020
ARR b04b020 (sz=32, trace=144, nelems=4, elem type=java.util.HashMap$Entry@6afa20)
	[1]		b04b800
	[3]		b04b920
OBJ b04b040 (sz=24, trace=145, class=java.util.HashMap$Entry@6afa20)
	value		b04cfc0
	key		b04cf80
OBJ b04b0a0 (sz=24, trace=148, class=java.lang.String@6aeef0)
	value		b04b0c0
ARR b04b0c0 (sz=32, trace=149, nelems=8, elem type=char)
OBJ b04b0e0 (sz=16, trace=150, class=java.util.jar.Attributes$Name@7544e0)
	name		b066860
OBJ b04b6e0 (sz=24, trace=125, class=java.util.HashMap$Entry@6afa20)
	value		b04b0a0
	key		b04b0e0
OBJ b04b740 (sz=24, trace=148, class=java.lang.String@6aeef0)
	value		b04b760
ARR b04b760 (sz=72, trace=149, nelems=28, elem type=char)
OBJ b04b780 (sz=16, trace=150, class=java.util.jar.Attributes$Name@7544e0)
	name		b0669c0
OBJ b04b800 (sz=24, trace=125, class=java.util.HashMap$Entry@6afa20)
	next		b04b6e0
	value		b04b740
	key		b04b780
OBJ b04b860 (sz=24, trace=148, class=java.lang.String@6aeef0)
	value		b04b880
ARR b04b880 (sz=64, trace=149, nelems=24, elem type=char)
OBJ b04b8a0 (sz=16, trace=150, class=java.util.jar.Attributes$Name@7544e0)
	name		b066b40
OBJ b04b920 (sz=24, trace=125, class=java.util.HashMap$Entry@6afa20)
	value		b04b860
	key		b04b8a0
OBJ b04b940 (sz=24, trace=140, class=java.lang.String@6aeef0)
	value		b04b960
ARR b04b960 (sz=64, trace=141, nelems=24, elem type=char)
OBJ b04b980 (sz=16, trace=142, class=java.util.jar.Attributes@752320)
	map		b04b9a0
OBJ b04b9a0 (sz=40, trace=143, class=java.util.HashMap@6afaf0)
	table		b04b9c0
ARR b04b9c0 (sz=32, trace=144, nelems=4, elem type=java.util.HashMap$Entry@6afa20)
	[1]		b04bc20
	[3]		b04bd40
OBJ b04b9e0 (sz=24, trace=145, class=java.util.HashMap$Entry@6afa20)
	value		b04b980
	key		b04b940
OBJ b04ba40 (sz=24, trace=148, class=java.lang.String@6aeef0)
	value		b04ba60
ARR b04ba60 (sz=32, trace=149, nelems=8, elem type=char)
OBJ b04ba80 (sz=16, trace=150, class=java.util.jar.Attributes$Name@7544e0)
	name		b066860
OBJ b04bb00 (sz=24, trace=125, class=java.util.HashMap$Entry@6afa20)
	value		b04ba40
	key		b04ba80
OBJ b04bb60 (sz=24, trace=148, class=java.lang.String@6aeef0)
	value		b04bb80
ARR b04bb80 (sz=72, trace=149, nelems=28, elem type=char)
OBJ b04bba0 (sz=16, trace=150, class=java.util.jar.Attributes$Name@7544e0)
	name		b0669c0
OBJ b04bc20 (sz=24, trace=125, class=java.util.HashMap$Entry@6afa20)
	next		b04bb00
	value		b04bb60
	key		b04bba0
OBJ b04bc80 (sz=24, trace=148, class=java.lang.String@6aeef0)
	value		b04bca0
ARR b04bca0 (sz=64, trace=149, nelems=24, elem type=char)
OBJ b04bcc0 (sz=16, trace=150, class=java.util.jar.Attributes$Name@7544e0)
	name		b066b40
OBJ b04bd40 (sz=24, trace=125, class=java.util.HashMap$Entry@6afa20)
	value		b04bc80
	key		b04bcc0
OBJ b04bd60 (sz=24, trace=140, class=java.lang.String@6aeef0)
	value		b04bd80
ARR b04bd80 (sz=64, trace=141, nelems=24, elem type=char)
OBJ b04bda0 (sz=16, trace=142, class=java.util.jar.Attributes@752320)
	map		b04bdc0
OBJ b04bdc0 (sz=40, trace=143, class=java.util.HashMap@6afaf0)
	table		b04bde0
ARR b04bde0 (sz=32, trace=144, nelems=4, elem type=java.util.HashMap$Entry@6afa20)
	[1]		b04a4b0
	[3]		b04a5d0
OBJ b04be00 (sz=24, trace=145, class=java.util.HashMap$Entry@6afa20)
	value		b04bda0
	key		b04bd60
OBJ b04be60 (sz=24, trace=148, class=java.lang.String@6aeef0)
	value		b04be80
ARR b04be80 (sz=32, trace=149, nelems=8, elem type=char)
OBJ b04bea0 (sz=16, trace=150, class=java.util.jar.Attributes$Name@7544e0)
	name		b066860
OBJ b04bf20 (sz=24, trace=125, class=java.util.HashMap$Entry@6afa20)
	value		b04be60
	key		b04bea0
OBJ b04bf80 (sz=24, trace=148, class=java.lang.String@6aeef0)
	value		b04bfa0
ARR b04bfa0 (sz=72, trace=149, nelems=28, elem type=char)
OBJ b04a3d0 (sz=16, trace=150, class=java.util.jar.Attributes$Name@7544e0)
	name		b0669c0
OBJ b04a4b0 (sz=24, trace=125, class=java.util.HashMap$Entry@6afa20)
	next		b04bf20
	value		b04bf80
	key		b04a3d0
OBJ b04a510 (sz=24, trace=148, class=java.lang.String@6aeef0)
	value		b04a530
ARR b04a530 (sz=64, trace=149, nelems=24, elem type=char)
OBJ b04a550 (sz=16, trace=150, class=java.util.jar.Attributes$Name@7544e0)
	name		b066b40
OBJ b04a5d0 (sz=24, trace=125, class=java.util.HashMap$Entry@6afa20)
	value		b04a510
	key		b04a550
OBJ b04a5f0 (sz=24, trace=140, class=java.lang.String@6aeef0)
	value		b04a610
ARR b04a610 (sz=64, trace=141, nelems=24, elem type=char)
OBJ b04a630 (sz=16, trace=142, class=java.util.jar.Attributes@752320)
	map		b04a650
OBJ b04a650 (sz=40, trace=143, class=java.util.HashMap@6afaf0)
	table		b04a670
ARR b04a670 (sz=32, trace=144, nelems=4, elem type=java.util.HashMap$Entry@6afa20)
	[1]		b04a8d0
	[3]		b04a9f0
OBJ b04a690 (sz=24, trace=145, class=java.util.HashMap$Entry@6afa20)
	value		b04a630
	key		b04a5f0
OBJ b04a6f0 (sz=24, trace=148, class=java.lang.String@6aeef0)
	value		b04a710
ARR b04a710 (sz=32, trace=149, nelems=8, elem type=char)
OBJ b04a730 (sz=16, trace=150, class=java.util.jar.Attributes$Name@7544e0)
	name		b066860
OBJ b04a7b0 (sz=24, trace=125, class=java.util.HashMap$Entry@6afa20)
	value		b04a6f0
	key		b04a730
OBJ b04a810 (sz=24, trace=148, class=java.lang.String@6aeef0)
	value		b04a830
ARR b04a830 (sz=72, trace=149, nelems=28, elem type=char)
OBJ b04a850 (sz=16, trace=150, class=java.util.jar.Attributes$Name@7544e0)
	name		b0669c0
OBJ b04a8d0 (sz=24, trace=125, class=java.util.HashMap$Entry@6afa20)
	next		b04a7b0
	value		b04a810
	key		b04a850
OBJ b04a930 (sz=24, trace=148, class=java.lang.String@6aeef0)
	value		b04a950
ARR b04a950 (sz=64, trace=149, nelems=24, elem type=char)
OBJ b04a970 (sz=16, trace=150, class=java.util.jar.Attributes$Name@7544e0)
	name		b066b40
OBJ b04a9f0 (sz=24, trace=125, class=java.util.HashMap$Entry@6afa20)
	value		b04a930
	key		b04a970
OBJ b04aa10 (sz=24, trace=140, class=java.lang.String@6aeef0)
	value		b04aa30
ARR b04aa30 (sz=64, trace=141, nelems=24, elem type=char)
OBJ b04aa50 (sz=16, trace=142, class=java.util.jar.Attributes@752320)
	map		b04aa70
OBJ b04aa70 (sz=40, trace=143, class=java.util.HashMap@6afaf0)
	table		b04aa90
ARR b04aa90 (sz=32, trace=144, nelems=4, elem type=java.util.HashMap$Entry@6afa20)
	[1]		b04acf0
	[3]		b049300
OBJ b04aab0 (sz=24, trace=145, class=java.util.HashMap$Entry@6afa20)
	value		b04aa50
	key		b04aa10
OBJ b04ab10 (sz=24, trace=148, class=java.lang.String@6aeef0)
	value		b04ab30
ARR b04ab30 (sz=32, trace=149, nelems=8, elem type=char)
OBJ b04ab50 (sz=16, trace=150, class=java.util.jar.Attributes$Name@7544e0)
	name		b066860
OBJ b04abd0 (sz=24, trace=125, class=java.util.HashMap$Entry@6afa20)
	value		b04ab10
	key		b04ab50
OBJ b04ac30 (sz=24, trace=148, class=java.lang.String@6aeef0)
	value		b04ac50
ARR b04ac50 (sz=72, trace=149, nelems=28, elem type=char)
OBJ b04ac70 (sz=16, trace=150, class=java.util.jar.Attributes$Name@7544e0)
	name		b0669c0
OBJ b04acf0 (sz=24, trace=125, class=java.util.HashMap$Entry@6afa20)
	next		b04abd0
	value		b04ac30
	key		b04ac70
OBJ b04ad50 (sz=24, trace=148, class=java.lang.String@6aeef0)
	value		b049200
ARR b049200 (sz=64, trace=149, nelems=24, elem type=char)
OBJ b049220 (sz=16, trace=150, class=java.util.jar.Attributes$Name@7544e0)
	name		b066b40
OBJ b049300 (sz=24, trace=125, class=java.util.HashMap$Entry@6afa20)
	value		b04ad50
	key		b049220
OBJ b049320 (sz=24, trace=140, class=java.lang.String@6aeef0)
	value		b049340
ARR b049340 (sz=64, trace=141, nelems=24, elem type=char)
OBJ b049360 (sz=16, trace=142, class=java.util.jar.Attributes@752320)
	map		b049380
OBJ b049380 (sz=40, trace=143, class=java.util.HashMap@6afaf0)
	table		b0493a0
ARR b0493a0 (sz=32, trace=144, nelems=4, elem type=java.util.HashMap$Entry@6afa20)
	[1]		b049600
	[3]		b049720
OBJ b0493c0 (sz=24, trace=145, class=java.util.HashMap$Entry@6afa20)
	value		b049360
	key		b049320
OBJ b049420 (sz=24, trace=148, class=java.lang.String@6aeef0)
	value		b049440
ARR b049440 (sz=32, trace=149, nelems=8, elem type=char)
OBJ b049460 (sz=16, trace=150, class=java.util.jar.Attributes$Name@7544e0)
	name		b066860
OBJ b0494e0 (sz=24, trace=125, class=java.util.HashMap$Entry@6afa20)
	value		b049420
	key		b049460
OBJ b049540 (sz=24, trace=148, class=java.lang.String@6aeef0)
	value		b049560
ARR b049560 (sz=72, trace=149, nelems=28, elem type=char)
OBJ b049580 (sz=16, trace=150, class=java.util.jar.Attributes$Name@7544e0)
	name		b0669c0
OBJ b049600 (sz=24, trace=125, class=java.util.HashMap$Entry@6afa20)
	next		b0494e0
	value		b049540
	key		b049580
OBJ b049660 (sz=24, trace=148, class=java.lang.String@6aeef0)
	value		b049680
ARR b049680 (sz=64, trace=149, nelems=24, elem type=char)
OBJ b0496a0 (sz=16, trace=150, class=java.util.jar.Attributes$Name@7544e0)
	name		b066b40
OBJ b049720 (sz=24, trace=125, class=java.util.HashMap$Entry@6afa20)
	value		b049660
	key		b0496a0
OBJ b049740 (sz=24, trace=140, class=java.lang.String@6aeef0)
	value		b049760
ARR b049760 (sz=64, trace=141, nelems=24, elem type=char)
OBJ b049780 (sz=16, trace=142, class=java.util.jar.Attributes@752320)
	map		b0497a0
OBJ b0497a0 (sz=40, trace=143, class=java.util.HashMap@6afaf0)
	table		b0497c0
ARR b0497c0 (sz=32, trace=144, nelems=4, elem type=java.util.HashMap$Entry@6afa20)
	[1]		b049a20
	[3]		b049b40
OBJ b0497e0 (sz=24, trace=145, class=java.util.HashMap$Entry@6afa20)
	value		b049780
	key		b049740
OBJ b049840 (sz=24, trace=148, class=java.lang.String@6aeef0)
	value		b049860
ARR b049860 (sz=32, trace=149, nelems=8, elem type=char)
OBJ b049880 (sz=16, trace=150, class=java.util.jar.Attributes$Name@7544e0)
	name		b066860
OBJ b049900 (sz=24, trace=125, class=java.util.HashMap$Entry@6afa20)
	value		b049840
	key		b049880
OBJ b049960 (sz=24, trace=148, class=java.lang.String@6aeef0)
	value		b049980
ARR b049980 (sz=72, trace=149, nelems=28, elem type=char)
OBJ b0499a0 (sz=16, trace=150, class=java.util.jar.Attributes$Name@7544e0)
	name		b0669c0
OBJ b049a20 (sz=24, trace=125, class=java.util.HashMap$Entry@6afa20)
	next		b049900
	value		b049960
	key		b0499a0
OBJ b049a80 (sz=24, trace=148, class=java.lang.String@6aeef0)
	value		b049aa0
ARR b049aa0 (sz=64, trace=149, nelems=24, elem type=char)
OBJ b049ac0 (sz=16, trace=150, class=java.util.jar.Attributes$Name@7544e0)
	name		b066b40
OBJ b049b40 (sz=24, trace=125, class=java.util.HashMap$Entry@6afa20)
	value		b049a80
	key		b049ac0
OBJ b049b60 (sz=24, trace=140, class=java.lang.String@6aeef0)
	value		b049b80
ARR b049b80 (sz=64, trace=141, nelems=24, elem type=char)
OBJ b049fc0 (sz=16, trace=142, class=java.util.jar.Attributes@752320)
	map		b049fe0
OBJ b049fe0 (sz=40, trace=143, class=java.util.HashMap@6afaf0)
	table		b048020
ARR b048020 (sz=32, trace=144, nelems=4, elem type=java.util.HashMap$Entry@6afa20)
	[1]		b0482e0
	[3]		b048400
OBJ b0480a0 (sz=24, trace=145, class=java.util.HashMap$Entry@6afa20)
	value		b049fc0
	key		b049b60
OBJ b048100 (sz=24, trace=148, class=java.lang.String@6aeef0)
	value		b048120
ARR b048120 (sz=32, trace=149, nelems=8, elem type=char)
OBJ b048140 (sz=16, trace=150, class=java.util.jar.Attributes$Name@7544e0)
	name		b066860
OBJ b0481c0 (sz=24, trace=125, class=java.util.HashMap$Entry@6afa20)
	value		b048100
	key		b048140
OBJ b048220 (sz=24, trace=148, class=java.lang.String@6aeef0)
	value		b048240
ARR b048240 (sz=72, trace=149, nelems=28, elem type=char)
OBJ b048260 (sz=16, trace=150, class=java.util.jar.Attributes$Name@7544e0)
	name		b0669c0
OBJ b0482e0 (sz=24, trace=125, class=java.util.HashMap$Entry@6afa20)
	next		b0481c0
	value		b048220
	key		b048260
OBJ b048340 (sz=24, trace=148, class=java.lang.String@6aeef0)
	value		b048360
ARR b048360 (sz=64, trace=149, nelems=24, elem type=char)
OBJ b048380 (sz=16, trace=150, class=java.util.jar.Attributes$Name@7544e0)
	name		b066b40
OBJ b048400 (sz=24, trace=125, class=java.util.HashMap$Entry@6afa20)
	value		b048340
	key		b048380
OBJ b048420 (sz=24, trace=140, class=java.lang.String@6aeef0)
	value		b048440
ARR b048440 (sz=64, trace=141, nelems=24, elem type=char)
OBJ b048460 (sz=16, trace=142, class=java.util.jar.Attributes@752320)
	map		b048480
OBJ b048480 (sz=40, trace=143, class=java.util.HashMap@6afaf0)
	table		b0484a0
ARR b0484a0 (sz=32, trace=144, nelems=4, elem type=java.util.HashMap$Entry@6afa20)
	[1]		b048720
	[3]		b048840
OBJ b0484c0 (sz=24, trace=145, class=java.util.HashMap$Entry@6afa20)
	value		b048460
	key		b048420
ARR b0484e0 (sz=528, trace=153, nelems=128, elem type=java.util.HashMap$Entry@6afa20)
	[0]		b0438a0
	[1]		b03e4a0
	[2]		b0421a0
	[3]		b037040
	[4]		b042d20
	[5]		b037820
	[6]		b040360
	[9]		b0565d0
	[11]		b055430
	[12]		b037c80
	[13]		b0541c0
	[14]		b036700
	[15]		b054f40
	[16]		b036fe0
	[17]		b053fa0
	[18]		b034630
	[19]		b052810
	[20]		b031fe0
	[21]		b050c60
	[22]		b02d6c0
	[23]		b04f8b0
	[25]		b04e160
	[27]		b04eba0
	[29]		b04d8e0
	[31]		b04c780
	[33]		b04b040
	[38]		b0650b0
	[45]		b04b9e0
	[47]		b04a690
	[49]		b057900
	[51]		b0480a0
	[53]		b048900
	[55]		b047570
	[57]		b046290
	[59]		b046f40
	[60]		b040840
	[61]		b045c20
	[62]		b02bbc0
	[63]		b043480
	[64]		b03e080
	[65]		b043d60
	[66]		b03d090
	[67]		b042900
	[68]		b037400
	[69]		b041e00
	[71]		b0597e0
	[72]		b058590
	[74]		b056a10
	[76]		b055850
	[77]		b0362e0
	[78]		b0545e0
	[79]		b036b20
	[80]		b053380
	[81]		b035410
	[82]		b0523f0
	[83]		b032320
	[84]		b0507f0
	[85]		b02f920
	[86]		b047010
	[88]		b04fd20
	[90]		b04e580
	[92]		b04efc0
	[93]		b04f710
	[94]		b04dd00
	[96]		b04cc00
	[105]		b058e40
	[110]		b04be00
	[112]		b04aab0
	[114]		b0497e0
	[116]		b0484c0
	[118]		b047150
	[120]		b047e60
	[122]		b046b20
	[124]		b045800
	[125]		b040c60
	[126]		b044050
	[127]		b03fbe0
OBJ b048540 (sz=24, trace=148, class=java.lang.String@6aeef0)
	value		b048560
ARR b048560 (sz=32, trace=149, nelems=8, elem type=char)
OBJ b048580 (sz=16, trace=150, class=java.util.jar.Attributes$Name@7544e0)
	name		b066860
OBJ b048600 (sz=24, trace=125, class=java.util.HashMap$Entry@6afa20)
	value		b048540
	key		b048580
OBJ b048660 (sz=24, trace=148, class=java.lang.String@6aeef0)
	value		b048680
ARR b048680 (sz=72, trace=149, nelems=28, elem type=char)
OBJ b0486a0 (sz=16, trace=150, class=java.util.jar.Attributes$Name@7544e0)
	name		b0669c0
OBJ b048720 (sz=24, trace=125, class=java.util.HashMap$Entry@6afa20)
	next		b048600
	value		b048660
	key		b0486a0
OBJ b048780 (sz=24, trace=148, class=java.lang.String@6aeef0)
	value		b0487a0
ARR b0487a0 (sz=64, trace=149, nelems=24, elem type=char)
OBJ b0487c0 (sz=16, trace=150, class=java.util.jar.Attributes$Name@7544e0)
	name		b066b40
OBJ b048840 (sz=24, trace=125, class=java.util.HashMap$Entry@6afa20)
	value		b048780
	key		b0487c0
OBJ b048860 (sz=24, trace=140, class=java.lang.String@6aeef0)
	value		b048880
ARR b048880 (sz=64, trace=141, nelems=24, elem type=char)
OBJ b0488a0 (sz=16, trace=142, class=java.util.jar.Attributes@752320)
	map		b0488c0
OBJ b0488c0 (sz=40, trace=143, class=java.util.HashMap@6afaf0)
	table		b0488e0
ARR b0488e0 (sz=32, trace=144, nelems=4, elem type=java.util.HashMap$Entry@6afa20)
	[1]		b048fa0
	[3]		b047090
OBJ b048900 (sz=24, trace=145, class=java.util.HashMap$Entry@6afa20)
	next		b05af20
	value		b0488a0
	key		b048860
OBJ b048960 (sz=24, trace=148, class=java.lang.String@6aeef0)
	value		b048d80
ARR b048d80 (sz=32, trace=149, nelems=8, elem type=char)
OBJ b048da0 (sz=16, trace=150, class=java.util.jar.Attributes$Name@7544e0)
	name		b066860
OBJ b048e80 (sz=24, trace=125, class=java.util.HashMap$Entry@6afa20)
	value		b048960
	key		b048da0
OBJ b048ee0 (sz=24, trace=148, class=java.lang.String@6aeef0)
	value		b048f00
ARR b048f00 (sz=72, trace=149, nelems=28, elem type=char)
OBJ b048f20 (sz=16, trace=150, class=java.util.jar.Attributes$Name@7544e0)
	name		b0669c0
OBJ b048fa0 (sz=24, trace=125, class=java.util.HashMap$Entry@6afa20)
	next		b048e80
	value		b048ee0
	key		b048f20
OBJ b03fce0 (sz=24, trace=148, class=java.lang.String@6aeef0)
	value		b047030
ARR b047030 (sz=64, trace=149, nelems=24, elem type=char)
OBJ b03fd00 (sz=16, trace=150, class=java.util.jar.Attributes$Name@7544e0)
	name		b066b40
OBJ b047090 (sz=24, trace=125, class=java.util.HashMap$Entry@6afa20)
	value		b03fce0
	key		b03fd00
OBJ b0470b0 (sz=24, trace=140, class=java.lang.String@6aeef0)
	value		b0470d0
ARR b0470d0 (sz=64, trace=141, nelems=24, elem type=char)
OBJ b0470f0 (sz=16, trace=142, class=java.util.jar.Attributes@752320)
	map		b047110
OBJ b047110 (sz=40, trace=143, class=java.util.HashMap@6afaf0)
	table		b047130
ARR b047130 (sz=32, trace=144, nelems=4, elem type=java.util.HashMap$Entry@6afa20)
	[1]		b047390
	[3]		b0474b0
OBJ b047150 (sz=24, trace=145, class=java.util.HashMap$Entry@6afa20)
	value		b0470f0
	key		b0470b0
OBJ b0471b0 (sz=24, trace=148, class=java.lang.String@6aeef0)
	value		b0471d0
ARR b0471d0 (sz=32, trace=149, nelems=8, elem type=char)
OBJ b0471f0 (sz=16, trace=150, class=java.util.jar.Attributes$Name@7544e0)
	name		b066860
OBJ b047270 (sz=24, trace=125, class=java.util.HashMap$Entry@6afa20)
	value		b0471b0
	key		b0471f0
OBJ b0472d0 (sz=24, trace=148, class=java.lang.String@6aeef0)
	value		b0472f0
ARR b0472f0 (sz=72, trace=149, nelems=28, elem type=char)
OBJ b047310 (sz=16, trace=150, class=java.util.jar.Attributes$Name@7544e0)
	name		b0669c0
OBJ b047390 (sz=24, trace=125, class=java.util.HashMap$Entry@6afa20)
	next		b047270
	value		b0472d0
	key		b047310
OBJ b0473f0 (sz=24, trace=148, class=java.lang.String@6aeef0)
	value		b047410
ARR b047410 (sz=64, trace=149, nelems=24, elem type=char)
OBJ b047430 (sz=16, trace=150, class=java.util.jar.Attributes$Name@7544e0)
	name		b066b40
OBJ b0474b0 (sz=24, trace=125, class=java.util.HashMap$Entry@6afa20)
	value		b0473f0
	key		b047430
OBJ b0474d0 (sz=24, trace=140, class=java.lang.String@6aeef0)
	value		b0474f0
ARR b0474f0 (sz=64, trace=141, nelems=24, elem type=char)
OBJ b047510 (sz=16, trace=142, class=java.util.jar.Attributes@752320)
	map		b047530
OBJ b047530 (sz=40, trace=143, class=java.util.HashMap@6afaf0)
	table		b047550
ARR b047550 (sz=32, trace=144, nelems=4, elem type=java.util.HashMap$Entry@6afa20)
	[1]		b047c80
	[3]		b047da0
OBJ b047570 (sz=24, trace=145, class=java.util.HashMap$Entry@6afa20)
	value		b047510
	key		b0474d0
OBJ b0475d0 (sz=24, trace=148, class=java.lang.String@6aeef0)
	value		b0475f0
ARR b0475f0 (sz=32, trace=149, nelems=8, elem type=char)
OBJ b047610 (sz=16, trace=150, class=java.util.jar.Attributes$Name@7544e0)
	name		b066860
OBJ b047690 (sz=24, trace=125, class=java.util.HashMap$Entry@6afa20)
	value		b0475d0
	key		b047610
OBJ b047b60 (sz=24, trace=148, class=java.lang.String@6aeef0)
	value		b047b80
ARR b047b80 (sz=72, trace=149, nelems=28, elem type=char)
OBJ b047ba0 (sz=16, trace=150, class=java.util.jar.Attributes$Name@7544e0)
	name		b0669c0
OBJ b047c80 (sz=24, trace=125, class=java.util.HashMap$Entry@6afa20)
	next		b047690
	value		b047b60
	key		b047ba0
OBJ b047ce0 (sz=24, trace=148, class=java.lang.String@6aeef0)
	value		b047d00
ARR b047d00 (sz=64, trace=149, nelems=24, elem type=char)
OBJ b047d20 (sz=16, trace=150, class=java.util.jar.Attributes$Name@7544e0)
	name		b066b40
OBJ b047da0 (sz=24, trace=125, class=java.util.HashMap$Entry@6afa20)
	value		b047ce0
	key		b047d20
OBJ b047dc0 (sz=24, trace=140, class=java.lang.String@6aeef0)
	value		b047de0
ARR b047de0 (sz=64, trace=141, nelems=24, elem type=char)
OBJ b047e00 (sz=16, trace=142, class=java.util.jar.Attributes@752320)
	map		b047e20
OBJ b047e20 (sz=40, trace=143, class=java.util.HashMap@6afaf0)
	table		b047e40
ARR b047e40 (sz=32, trace=144, nelems=4, elem type=java.util.HashMap$Entry@6afa20)
	[1]		b0460b0
	[3]		b0461d0
OBJ b047e60 (sz=24, trace=145, class=java.util.HashMap$Entry@6afa20)
	next		b064130
	value		b047e00
	key		b047dc0
OBJ b047ec0 (sz=24, trace=148, class=java.lang.String@6aeef0)
	value		b047ee0
ARR b047ee0 (sz=32, trace=149, nelems=8, elem type=char)
OBJ b047f00 (sz=16, trace=150, class=java.util.jar.Attributes$Name@7544e0)
	name		b066860
OBJ b047f80 (sz=24, trace=125, class=java.util.HashMap$Entry@6afa20)
	value		b047ec0
	key		b047f00
OBJ b047fe0 (sz=24, trace=148, class=java.lang.String@6aeef0)
	value		b046010
ARR b046010 (sz=72, trace=149, nelems=28, elem type=char)
OBJ b046030 (sz=16, trace=150, class=java.util.jar.Attributes$Name@7544e0)
	name		b0669c0
OBJ b0460b0 (sz=24, trace=125, class=java.util.HashMap$Entry@6afa20)
	next		b047f80
	value		b047fe0
	key		b046030
OBJ b046110 (sz=24, trace=148, class=java.lang.String@6aeef0)
	value		b046130
ARR b046130 (sz=64, trace=149, nelems=24, elem type=char)
OBJ b046150 (sz=16, trace=150, class=java.util.jar.Attributes$Name@7544e0)
	name		b066b40
OBJ b0461d0 (sz=24, trace=125, class=java.util.HashMap$Entry@6afa20)
	value		b046110
	key		b046150
OBJ b0461f0 (sz=24, trace=140, class=java.lang.String@6aeef0)
	value		b046210
ARR b046210 (sz=64, trace=141, nelems=24, elem type=char)
OBJ b046230 (sz=16, trace=142, class=java.util.jar.Attributes@752320)
	map		b046250
OBJ b046250 (sz=40, trace=143, class=java.util.HashMap@6afaf0)
	table		b046270
ARR b046270 (sz=32, trace=144, nelems=4, elem type=java.util.HashMap$Entry@6afa20)
	[1]		b0464d0
	[3]		b046a60
OBJ b046290 (sz=24, trace=145, class=java.util.HashMap$Entry@6afa20)
	value		b046230
	key		b0461f0
OBJ b0462f0 (sz=24, trace=148, class=java.lang.String@6aeef0)
	value		b046310
ARR b046310 (sz=32, trace=149, nelems=8, elem type=char)
OBJ b046330 (sz=16, trace=150, class=java.util.jar.Attributes$Name@7544e0)
	name		b066860
OBJ b0463b0 (sz=24, trace=125, class=java.util.HashMap$Entry@6afa20)
	value		b0462f0
	key		b046330
OBJ b046410 (sz=24, trace=148, class=java.lang.String@6aeef0)
	value		b046430
ARR b046430 (sz=72, trace=149, nelems=28, elem type=char)
OBJ b046450 (sz=16, trace=150, class=java.util.jar.Attributes$Name@7544e0)
	name		b0669c0
OBJ b0464d0 (sz=24, trace=125, class=java.util.HashMap$Entry@6afa20)
	next		b0463b0
	value		b046410
	key		b046450
OBJ b046940 (sz=24, trace=148, class=java.lang.String@6aeef0)
	value		b046960
ARR b046960 (sz=64, trace=149, nelems=24, elem type=char)
OBJ b0469e0 (sz=16, trace=150, class=java.util.jar.Attributes$Name@7544e0)
	name		b066b40
OBJ b046a60 (sz=24, trace=125, class=java.util.HashMap$Entry@6afa20)
	value		b046940
	key		b0469e0
OBJ b046a80 (sz=24, trace=140, class=java.lang.String@6aeef0)
	value		b046aa0
ARR b046aa0 (sz=64, trace=141, nelems=24, elem type=char)
OBJ b046ac0 (sz=16, trace=142, class=java.util.jar.Attributes@752320)
	map		b046ae0
OBJ b046ae0 (sz=40, trace=143, class=java.util.HashMap@6afaf0)
	table		b046b00
ARR b046b00 (sz=32, trace=144, nelems=4, elem type=java.util.HashMap$Entry@6afa20)
	[1]		b046d60
	[3]		b046e80
OBJ b046b20 (sz=24, trace=145, class=java.util.HashMap$Entry@6afa20)
	value		b046ac0
	key		b046a80
OBJ b046b80 (sz=24, trace=148, class=java.lang.String@6aeef0)
	value		b046ba0
ARR b046ba0 (sz=32, trace=149, nelems=8, elem type=char)
OBJ b046bc0 (sz=16, trace=150, class=java.util.jar.Attributes$Name@7544e0)
	name		b066860
OBJ b046c40 (sz=24, trace=125, class=java.util.HashMap$Entry@6afa20)
	value		b046b80
	key		b046bc0
OBJ b046ca0 (sz=24, trace=148, class=java.lang.String@6aeef0)
	value		b046cc0
ARR b046cc0 (sz=72, trace=149, nelems=28, elem type=char)
OBJ b046ce0 (sz=16, trace=150, class=java.util.jar.Attributes$Name@7544e0)
	name		b0669c0
OBJ b046d60 (sz=24, trace=125, class=java.util.HashMap$Entry@6afa20)
	next		b046c40
	value		b046ca0
	key		b046ce0
OBJ b046dc0 (sz=24, trace=148, class=java.lang.String@6aeef0)
	value		b046de0
ARR b046de0 (sz=64, trace=149, nelems=24, elem type=char)
OBJ b046e00 (sz=16, trace=150, class=java.util.jar.Attributes$Name@7544e0)
	name		b066b40
OBJ b046e80 (sz=24, trace=125, class=java.util.HashMap$Entry@6afa20)
	value		b046dc0
	key		b046e00
OBJ b046ea0 (sz=24, trace=140, class=java.lang.String@6aeef0)
	value		b046ec0
ARR b046ec0 (sz=64, trace=141, nelems=24, elem type=char)
OBJ b046ee0 (sz=16, trace=142, class=java.util.jar.Attributes@752320)
	map		b046f00
OBJ b046f00 (sz=40, trace=143, class=java.util.HashMap@6afaf0)
	table		b046f20
ARR b046f20 (sz=32, trace=144, nelems=4, elem type=java.util.HashMap$Entry@6afa20)
	[1]		b0451a0
	[3]		b0452c0
OBJ b046f40 (sz=24, trace=145, class=java.util.HashMap$Entry@6afa20)
	next		b0593c0
	value		b046ee0
	key		b046ea0
OBJ b046fa0 (sz=24, trace=148, class=java.lang.String@6aeef0)
	value		b046fc0
ARR b046fc0 (sz=32, trace=149, nelems=8, elem type=char)
OBJ b046fe0 (sz=16, trace=150, class=java.util.jar.Attributes$Name@7544e0)
	name		b066860
OBJ b045080 (sz=24, trace=125, class=java.util.HashMap$Entry@6afa20)
	value		b046fa0
	key		b046fe0
OBJ b0450e0 (sz=24, trace=148, class=java.lang.String@6aeef0)
	value		b045100
ARR b045100 (sz=72, trace=149, nelems=28, elem type=char)
OBJ b045120 (sz=16, trace=150, class=java.util.jar.Attributes$Name@7544e0)
	name		b0669c0
OBJ b0451a0 (sz=24, trace=125, class=java.util.HashMap$Entry@6afa20)
	next		b045080
	value		b0450e0
	key		b045120
OBJ b045200 (sz=24, trace=148, class=java.lang.String@6aeef0)
	value		b045220
ARR b045220 (sz=64, trace=149, nelems=24, elem type=char)
OBJ b045240 (sz=16, trace=150, class=java.util.jar.Attributes$Name@7544e0)
	name		b066b40
OBJ b0452c0 (sz=24, trace=125, class=java.util.HashMap$Entry@6afa20)
	value		b045200
	key		b045240
OBJ b045700 (sz=24, trace=140, class=java.lang.String@6aeef0)
	value		b045720
ARR b045720 (sz=64, trace=141, nelems=24, elem type=char)
OBJ b045740 (sz=16, trace=142, class=java.util.jar.Attributes@752320)
	map		b0457c0
OBJ b0457c0 (sz=40, trace=143, class=java.util.HashMap@6afaf0)
	table		b0457e0
ARR b0457e0 (sz=32, trace=144, nelems=4, elem type=java.util.HashMap$Entry@6afa20)
	[1]		b045a40
	[3]		b045b60
OBJ b045800 (sz=24, trace=145, class=java.util.HashMap$Entry@6afa20)
	value		b045740
	key		b045700
OBJ b045860 (sz=24, trace=148, class=java.lang.String@6aeef0)
	value		b045880
ARR b045880 (sz=32, trace=149, nelems=8, elem type=char)
OBJ b0458a0 (sz=16, trace=150, class=java.util.jar.Attributes$Name@7544e0)
	name		b066860
OBJ b045920 (sz=24, trace=125, class=java.util.HashMap$Entry@6afa20)
	value		b045860
	key		b0458a0
OBJ b045980 (sz=24, trace=148, class=java.lang.String@6aeef0)
	value		b0459a0
ARR b0459a0 (sz=72, trace=149, nelems=28, elem type=char)
OBJ b0459c0 (sz=16, trace=150, class=java.util.jar.Attributes$Name@7544e0)
	name		b0669c0
OBJ b045a40 (sz=24, trace=125, class=java.util.HashMap$Entry@6afa20)
	next		b045920
	value		b045980
	key		b0459c0
OBJ b045aa0 (sz=24, trace=148, class=java.lang.String@6aeef0)
	value		b045ac0
ARR b045ac0 (sz=64, trace=149, nelems=24, elem type=char)
OBJ b045ae0 (sz=16, trace=150, class=java.util.jar.Attributes$Name@7544e0)
	name		b066b40
OBJ b045b60 (sz=24, trace=125, class=java.util.HashMap$Entry@6afa20)
	value		b045aa0
	key		b045ae0
OBJ b045b80 (sz=24, trace=140, class=java.lang.String@6aeef0)
	value		b045ba0
ARR b045ba0 (sz=64, trace=141, nelems=24, elem type=char)
OBJ b045bc0 (sz=16, trace=142, class=java.util.jar.Attributes@752320)
	map		b045be0
OBJ b045be0 (sz=40, trace=143, class=java.util.HashMap@6afaf0)
	table		b045c00
ARR b045c00 (sz=32, trace=144, nelems=4, elem type=java.util.HashMap$Entry@6afa20)
	[1]		b045e60
	[3]		b045f80
OBJ b045c20 (sz=24, trace=145, class=java.util.HashMap$Entry@6afa20)
	value		b045bc0
	key		b045b80
OBJ b045c80 (sz=24, trace=148, class=java.lang.String@6aeef0)
	value		b045ca0
ARR b045ca0 (sz=32, trace=149, nelems=8, elem type=char)
OBJ b045cc0 (sz=16, trace=150, class=java.util.jar.Attributes$Name@7544e0)
	name		b066860
OBJ b045d40 (sz=24, trace=125, class=java.util.HashMap$Entry@6afa20)
	value		b045c80
	key		b045cc0
OBJ b045da0 (sz=24, trace=148, class=java.lang.String@6aeef0)
	value		b045dc0
ARR b045dc0 (sz=72, trace=149, nelems=28, elem type=char)
OBJ b045de0 (sz=16, trace=150, class=java.util.jar.Attributes$Name@7544e0)
	name		b0669c0
OBJ b045e60 (sz=24, trace=125, class=java.util.HashMap$Entry@6afa20)
	next		b045d40
	value		b045da0
	key		b045de0
OBJ b045ec0 (sz=24, trace=148, class=java.lang.String@6aeef0)
	value		b045ee0
ARR b045ee0 (sz=64, trace=149, nelems=24, elem type=char)
OBJ b045f00 (sz=16, trace=150, class=java.util.jar.Attributes$Name@7544e0)
	name		b066b40
OBJ b045f80 (sz=24, trace=125, class=java.util.HashMap$Entry@6afa20)
	value		b045ec0
	key		b045f00
OBJ b045fa0 (sz=24, trace=140, class=java.lang.String@6aeef0)
	value		b045fc0
ARR b045fc0 (sz=64, trace=141, nelems=24, elem type=char)
OBJ b045fe0 (sz=16, trace=142, class=java.util.jar.Attributes@752320)
	map		b044010
OBJ b044010 (sz=40, trace=143, class=java.util.HashMap@6afaf0)
	table		b044030
ARR b044030 (sz=32, trace=144, nelems=4, elem type=java.util.HashMap$Entry@6afa20)
	[1]		b0432a0
	[3]		b0433c0
OBJ b044050 (sz=24, trace=145, class=java.util.HashMap$Entry@6afa20)
	value		b045fe0
	key		b045fa0
OBJ b043060 (sz=24, trace=148, class=java.lang.String@6aeef0)
	value		b043080
ARR b043080 (sz=32, trace=149, nelems=8, elem type=char)
OBJ b0430a0 (sz=16, trace=150, class=java.util.jar.Attributes$Name@7544e0)
	name		b066860
OBJ b043180 (sz=24, trace=125, class=java.util.HashMap$Entry@6afa20)
	value		b043060
	key		b0430a0
OBJ b0431e0 (sz=24, trace=148, class=java.lang.String@6aeef0)
	value		b043200
ARR b043200 (sz=72, trace=149, nelems=28, elem type=char)
OBJ b043220 (sz=16, trace=150, class=java.util.jar.Attributes$Name@7544e0)
	name		b0669c0
OBJ b0432a0 (sz=24, trace=125, class=java.util.HashMap$Entry@6afa20)
	next		b043180
	value		b0431e0
	key		b043220
OBJ b043300 (sz=24, trace=148, class=java.lang.String@6aeef0)
	value		b043320
ARR b043320 (sz=64, trace=149, nelems=24, elem type=char)
OBJ b043340 (sz=16, trace=150, class=java.util.jar.Attributes$Name@7544e0)
	name		b066b40
OBJ b0433c0 (sz=24, trace=125, class=java.util.HashMap$Entry@6afa20)
	value		b043300
	key		b043340
OBJ b0433e0 (sz=24, trace=140, class=java.lang.String@6aeef0)
	value		b043400
ARR b043400 (sz=64, trace=141, nelems=24, elem type=char)
OBJ b043420 (sz=16, trace=142, class=java.util.jar.Attributes@752320)
	map		b043440
OBJ b043440 (sz=40, trace=143, class=java.util.HashMap@6afaf0)
	table		b043460
ARR b043460 (sz=32, trace=144, nelems=4, elem type=java.util.HashMap$Entry@6afa20)
	[1]		b0436c0
	[3]		b0437e0
OBJ b043480 (sz=24, trace=145, class=java.util.HashMap$Entry@6afa20)
	value		b043420
	key		b0433e0
OBJ b0434e0 (sz=24, trace=148, class=java.lang.String@6aeef0)
	value		b043500
ARR b043500 (sz=32, trace=149, nelems=8, elem type=char)
OBJ b043520 (sz=16, trace=150, class=java.util.jar.Attributes$Name@7544e0)
	name		b066860
OBJ b0435a0 (sz=24, trace=125, class=java.util.HashMap$Entry@6afa20)
	value		b0434e0
	key		b043520
OBJ b043600 (sz=24, trace=148, class=java.lang.String@6aeef0)
	value		b043620
ARR b043620 (sz=72, trace=149, nelems=28, elem type=char)
OBJ b043640 (sz=16, trace=150, class=java.util.jar.Attributes$Name@7544e0)
	name		b0669c0
OBJ b0436c0 (sz=24, trace=125, class=java.util.HashMap$Entry@6afa20)
	next		b0435a0
	value		b043600
	key		b043640
OBJ b043720 (sz=24, trace=148, class=java.lang.String@6aeef0)
	value		b043740
ARR b043740 (sz=64, trace=149, nelems=24, elem type=char)
OBJ b043760 (sz=16, trace=150, class=java.util.jar.Attributes$Name@7544e0)
	name		b066b40
OBJ b0437e0 (sz=24, trace=125, class=java.util.HashMap$Entry@6afa20)
	value		b043720
	key		b043760
OBJ b043800 (sz=24, trace=140, class=java.lang.String@6aeef0)
	value		b043820
ARR b043820 (sz=64, trace=141, nelems=24, elem type=char)
OBJ b043840 (sz=16, trace=142, class=java.util.jar.Attributes@752320)
	map		b043860
OBJ b043860 (sz=40, trace=143, class=java.util.HashMap@6afaf0)
	table		b043880
ARR b043880 (sz=32, trace=144, nelems=4, elem type=java.util.HashMap$Entry@6afa20)
	[1]		b043b80
	[3]		b043ca0
OBJ b0438a0 (sz=24, trace=145, class=java.util.HashMap$Entry@6afa20)
	next		b065880
	value		b043840
	key		b043800
OBJ b043900 (sz=24, trace=148, class=java.lang.String@6aeef0)
	value		b043920
ARR b043920 (sz=32, trace=149, nelems=8, elem type=char)
OBJ b043940 (sz=16, trace=150, class=java.util.jar.Attributes$Name@7544e0)
	name		b066860
OBJ b0439c0 (sz=24, trace=125, class=java.util.HashMap$Entry@6afa20)
	value		b043900
	key		b043940
OBJ b043a20 (sz=24, trace=148, class=java.lang.String@6aeef0)
	value		b043a80
ARR b043a80 (sz=72, trace=149, nelems=28, elem type=char)
OBJ b043aa0 (sz=16, trace=150, class=java.util.jar.Attributes$Name@7544e0)
	name		b0669c0
OBJ b043b80 (sz=24, trace=125, class=java.util.HashMap$Entry@6afa20)
	next		b0439c0
	value		b043a20
	key		b043aa0
OBJ b043be0 (sz=24, trace=148, class=java.lang.String@6aeef0)
	value		b043c00
ARR b043c00 (sz=64, trace=149, nelems=24, elem type=char)
OBJ b043c20 (sz=16, trace=150, class=java.util.jar.Attributes$Name@7544e0)
	name		b066b40
OBJ b043ca0 (sz=24, trace=125, class=java.util.HashMap$Entry@6afa20)
	value		b043be0
	key		b043c20
OBJ b043cc0 (sz=24, trace=140, class=java.lang.String@6aeef0)
	value		b043ce0
ARR b043ce0 (sz=64, trace=141, nelems=24, elem type=char)
OBJ b043d00 (sz=16, trace=142, class=java.util.jar.Attributes@752320)
	map		b043d20
OBJ b043d20 (sz=40, trace=143, class=java.util.HashMap@6afaf0)
	table		b043d40
ARR b043d40 (sz=32, trace=144, nelems=4, elem type=java.util.HashMap$Entry@6afa20)
	[1]		b043fa0
	[3]		b0420e0
OBJ b043d60 (sz=24, trace=145, class=java.util.HashMap$Entry@6afa20)
	value		b043d00
	key		b043cc0
OBJ b043dc0 (sz=24, trace=148, class=java.lang.String@6aeef0)
	value		b043de0
ARR b043de0 (sz=32, trace=149, nelems=8, elem type=char)
OBJ b043e00 (sz=16, trace=150, class=java.util.jar.Attributes$Name@7544e0)
	name		b066860
OBJ b043e80 (sz=24, trace=125, class=java.util.HashMap$Entry@6afa20)
	value		b043dc0
	key		b043e00
OBJ b043ee0 (sz=24, trace=148, class=java.lang.String@6aeef0)
	value		b043f00
ARR b043f00 (sz=72, trace=149, nelems=28, elem type=char)
OBJ b043f20 (sz=16, trace=150, class=java.util.jar.Attributes$Name@7544e0)
	name		b0669c0
OBJ b043fa0 (sz=24, trace=125, class=java.util.HashMap$Entry@6afa20)
	next		b043e80
	value		b043ee0
	key		b043f20
OBJ b042020 (sz=24, trace=148, class=java.lang.String@6aeef0)
	value		b042040
ARR b042040 (sz=64, trace=149, nelems=24, elem type=char)
OBJ b042060 (sz=16, trace=150, class=java.util.jar.Attributes$Name@7544e0)
	name		b066b40
OBJ b0420e0 (sz=24, trace=125, class=java.util.HashMap$Entry@6afa20)
	value		b042020
	key		b042060
OBJ b042100 (sz=24, trace=140, class=java.lang.String@6aeef0)
	value		b042120
ARR b042120 (sz=64, trace=141, nelems=24, elem type=char)
OBJ b042140 (sz=16, trace=142, class=java.util.jar.Attributes@752320)
	map		b042160
OBJ b042160 (sz=40, trace=143, class=java.util.HashMap@6afaf0)
	table		b042180
ARR b042180 (sz=32, trace=144, nelems=4, elem type=java.util.HashMap$Entry@6afa20)
	[1]		b0423e0
	[3]		b042840
OBJ b0421a0 (sz=24, trace=145, class=java.util.HashMap$Entry@6afa20)
	next		b066c80
	value		b042140
	key		b042100
OBJ b042200 (sz=24, trace=148, class=java.lang.String@6aeef0)
	value		b042220
ARR b042220 (sz=32, trace=149, nelems=8, elem type=char)
OBJ b042240 (sz=16, trace=150, class=java.util.jar.Attributes$Name@7544e0)
	name		b066860
OBJ b0422c0 (sz=24, trace=125, class=java.util.HashMap$Entry@6afa20)
	value		b042200
	key		b042240
OBJ b042320 (sz=24, trace=148, class=java.lang.String@6aeef0)
	value		b042340
ARR b042340 (sz=72, trace=149, nelems=28, elem type=char)
OBJ b042360 (sz=16, trace=150, class=java.util.jar.Attributes$Name@7544e0)
	name		b0669c0
OBJ b0423e0 (sz=24, trace=125, class=java.util.HashMap$Entry@6afa20)
	next		b0422c0
	value		b042320
	key		b042360
OBJ b042780 (sz=24, trace=148, class=java.lang.String@6aeef0)
	value		b0427a0
ARR b0427a0 (sz=64, trace=149, nelems=24, elem type=char)
OBJ b0427c0 (sz=16, trace=150, class=java.util.jar.Attributes$Name@7544e0)
	name		b066b40
OBJ b042840 (sz=24, trace=125, class=java.util.HashMap$Entry@6afa20)
	value		b042780
	key		b0427c0
OBJ b042860 (sz=24, trace=140, class=java.lang.String@6aeef0)
	value		b042880
ARR b042880 (sz=64, trace=141, nelems=24, elem type=char)
OBJ b0428a0 (sz=16, trace=142, class=java.util.jar.Attributes@752320)
	map		b0428c0
OBJ b0428c0 (sz=40, trace=143, class=java.util.HashMap@6afaf0)
	table		b0428e0
ARR b0428e0 (sz=32, trace=144, nelems=4, elem type=java.util.HashMap$Entry@6afa20)
	[1]		b042b40
	[3]		b042c60
OBJ b042900 (sz=24, trace=145, class=java.util.HashMap$Entry@6afa20)
	value		b0428a0
	key		b042860
OBJ b042960 (sz=24, trace=148, class=java.lang.String@6aeef0)
	value		b042980
ARR b042980 (sz=32, trace=149, nelems=8, elem type=char)
OBJ b0429a0 (sz=16, trace=150, class=java.util.jar.Attributes$Name@7544e0)
	name		b066860
OBJ b042a20 (sz=24, trace=125, class=java.util.HashMap$Entry@6afa20)
	value		b042960
	key		b0429a0
OBJ b0407e0 (sz=24, trace=148, class=java.lang.String@6aeef0)
	value		b040800
ARR b040800 (sz=72, trace=149, nelems=28, elem type=char)
OBJ b042a60 (sz=16, trace=150, class=java.util.jar.Attributes$Name@7544e0)
	name		b0669c0
OBJ b042b40 (sz=24, trace=125, class=java.util.HashMap$Entry@6afa20)
	next		b042a20
	value		b0407e0
	key		b042a60
OBJ b042ba0 (sz=24, trace=148, class=java.lang.String@6aeef0)
	value		b042bc0
ARR b042bc0 (sz=64, trace=149, nelems=24, elem type=char)
OBJ b042be0 (sz=16, trace=150, class=java.util.jar.Attributes$Name@7544e0)
	name		b066b40
OBJ b042c60 (sz=24, trace=125, class=java.util.HashMap$Entry@6afa20)
	value		b042ba0
	key		b042be0
OBJ b042c80 (sz=24, trace=140, class=java.lang.String@6aeef0)
	value		b042ca0
ARR b042ca0 (sz=64, trace=141, nelems=24, elem type=char)
OBJ b042cc0 (sz=16, trace=142, class=java.util.jar.Attributes@752320)
	map		b042ce0
OBJ b042ce0 (sz=40, trace=143, class=java.util.HashMap@6afaf0)
	table		b042d00
ARR b042d00 (sz=32, trace=144, nelems=4, elem type=java.util.HashMap$Entry@6afa20)
	[1]		b042f60
	[3]		b041d40
OBJ b042d20 (sz=24, trace=145, class=java.util.HashMap$Entry@6afa20)
	value		b042cc0
	key		b042c80
OBJ b042d80 (sz=24, trace=148, class=java.lang.String@6aeef0)
	value		b042da0
ARR b042da0 (sz=32, trace=149, nelems=8, elem type=char)
OBJ b042dc0 (sz=16, trace=150, class=java.util.jar.Attributes$Name@7544e0)
	name		b066860
OBJ b042e40 (sz=24, trace=125, class=java.util.HashMap$Entry@6afa20)
	value		b042d80
	key		b042dc0
OBJ b042ea0 (sz=24, trace=148, class=java.lang.String@6aeef0)
	value		b042ec0
ARR b042ec0 (sz=72, trace=149, nelems=28, elem type=char)
OBJ b042ee0 (sz=16, trace=150, class=java.util.jar.Attributes$Name@7544e0)
	name		b0669c0
OBJ b042f60 (sz=24, trace=125, class=java.util.HashMap$Entry@6afa20)
	next		b042e40
	value		b042ea0
	key		b042ee0
OBJ b042fc0 (sz=24, trace=148, class=java.lang.String@6aeef0)
	value		b042fe0
ARR b042fe0 (sz=64, trace=149, nelems=24, elem type=char)
OBJ b041cc0 (sz=16, trace=150, class=java.util.jar.Attributes$Name@7544e0)
	name		b066b40
OBJ b041d40 (sz=24, trace=125, class=java.util.HashMap$Entry@6afa20)
	value		b042fc0
	key		b041cc0
OBJ b041d60 (sz=24, trace=140, class=java.lang.String@6aeef0)
	value		b041d80
ARR b041d80 (sz=64, trace=141, nelems=24, elem type=char)
OBJ b041da0 (sz=16, trace=142, class=java.util.jar.Attributes@752320)
	map		b041dc0
OBJ b041dc0 (sz=40, trace=143, class=java.util.HashMap@6afaf0)
	table		b041de0
ARR b041de0 (sz=32, trace=144, nelems=4, elem type=java.util.HashMap$Entry@6afa20)
	[1]		b041060
	[3]		b041180
OBJ b041e00 (sz=24, trace=145, class=java.util.HashMap$Entry@6afa20)
	value		b041da0
	key		b041d60
OBJ b041e60 (sz=24, trace=148, class=java.lang.String@6aeef0)
	value		b041e80
ARR b041e80 (sz=32, trace=149, nelems=8, elem type=char)
OBJ b041ea0 (sz=16, trace=150, class=java.util.jar.Attributes$Name@7544e0)
	name		b066860
OBJ b041f20 (sz=24, trace=125, class=java.util.HashMap$Entry@6afa20)
	value		b041e60
	key		b041ea0
OBJ b041f80 (sz=24, trace=148, class=java.lang.String@6aeef0)
	value		b041fa0
ARR b041fa0 (sz=72, trace=149, nelems=28, elem type=char)
OBJ b041fc0 (sz=16, trace=150, class=java.util.jar.Attributes$Name@7544e0)
	name		b0669c0
OBJ b041060 (sz=24, trace=125, class=java.util.HashMap$Entry@6afa20)
	next		b041f20
	value		b041f80
	key		b041fc0
OBJ b0410c0 (sz=24, trace=148, class=java.lang.String@6aeef0)
	value		b0410e0
ARR b0410e0 (sz=64, trace=149, nelems=24, elem type=char)
OBJ b041100 (sz=16, trace=150, class=java.util.jar.Attributes$Name@7544e0)
	name		b066b40
OBJ b041180 (sz=24, trace=125, class=java.util.HashMap$Entry@6afa20)
	value		b0410c0
	key		b041100
OBJ b0411a0 (sz=24, trace=140, class=java.lang.String@6aeef0)
	value		b0411c0
ARR b0411c0 (sz=64, trace=141, nelems=24, elem type=char)
OBJ b040300 (sz=16, trace=142, class=java.util.jar.Attributes@752320)
	map		b040320
OBJ b040320 (sz=40, trace=143, class=java.util.HashMap@6afaf0)
	table		b040340
ARR b040340 (sz=32, trace=144, nelems=4, elem type=java.util.HashMap$Entry@6afa20)
	[1]		b040600
	[3]		b040720
OBJ b040360 (sz=24, trace=145, class=java.util.HashMap$Entry@6afa20)
	value		b040300
	key		b0411a0
OBJ b040400 (sz=24, trace=148, class=java.lang.String@6aeef0)
	value		b040420
ARR b040420 (sz=32, trace=149, nelems=8, elem type=char)
OBJ b040440 (sz=16, trace=150, class=java.util.jar.Attributes$Name@7544e0)
	name		b066860
OBJ b0404c0 (sz=24, trace=125, class=java.util.HashMap$Entry@6afa20)
	value		b040400
	key		b040440
OBJ b040520 (sz=24, trace=148, class=java.lang.String@6aeef0)
	value		b040540
ARR b040540 (sz=72, trace=149, nelems=28, elem type=char)
OBJ b040580 (sz=16, trace=150, class=java.util.jar.Attributes$Name@7544e0)
	name		b0669c0
OBJ b040600 (sz=24, trace=125, class=java.util.HashMap$Entry@6afa20)
	next		b0404c0
	value		b040520
	key		b040580
OBJ b040660 (sz=24, trace=148, class=java.lang.String@6aeef0)
	value		b040680
ARR b040680 (sz=64, trace=149, nelems=24, elem type=char)
OBJ b0406a0 (sz=16, trace=150, class=java.util.jar.Attributes$Name@7544e0)
	name		b066b40
OBJ b040720 (sz=24, trace=125, class=java.util.HashMap$Entry@6afa20)
	value		b040660
	key		b0406a0
OBJ b040740 (sz=24, trace=140, class=java.lang.String@6aeef0)
	value		b040760
ARR b040760 (sz=64, trace=141, nelems=24, elem type=char)
OBJ b040780 (sz=16, trace=142, class=java.util.jar.Attributes@752320)
	map		b0407a0
OBJ b0407a0 (sz=40, trace=143, class=java.util.HashMap@6afaf0)
	table		b040820
ARR b040820 (sz=32, trace=144, nelems=4, elem type=java.util.HashMap$Entry@6afa20)
	[1]		b040a80
	[3]		b040ba0
OBJ b040840 (sz=24, trace=145, class=java.util.HashMap$Entry@6afa20)
	value		b040780
	key		b040740
OBJ b0408a0 (sz=24, trace=148, class=java.lang.String@6aeef0)
	value		b0408c0
ARR b0408c0 (sz=32, trace=149, nelems=8, elem type=char)
OBJ b0408e0 (sz=16, trace=150, class=java.util.jar.Attributes$Name@7544e0)
	name		b066860
OBJ b040960 (sz=24, trace=125, class=java.util.HashMap$Entry@6afa20)
	value		b0408a0
	key		b0408e0
OBJ b0409c0 (sz=24, trace=148, class=java.lang.String@6aeef0)
	value		b0409e0
ARR b0409e0 (sz=72, trace=149, nelems=28, elem type=char)
OBJ b040a00 (sz=16, trace=150, class=java.util.jar.Attributes$Name@7544e0)
	name		b0669c0
OBJ b040a80 (sz=24, trace=125, class=java.util.HashMap$Entry@6afa20)
	next		b040960
	value		b0409c0
	key		b040a00
OBJ b040ae0 (sz=24, trace=148, class=java.lang.String@6aeef0)
	value		b040b00
ARR b040b00 (sz=64, trace=149, nelems=24, elem type=char)
OBJ b040b20 (sz=16, trace=150, class=java.util.jar.Attributes$Name@7544e0)
	name		b066b40
OBJ b040ba0 (sz=24, trace=125, class=java.util.HashMap$Entry@6afa20)
	value		b040ae0
	key		b040b20
OBJ b040bc0 (sz=24, trace=140, class=java.lang.String@6aeef0)
	value		b040be0
ARR b040be0 (sz=64, trace=141, nelems=24, elem type=char)
OBJ b040c00 (sz=16, trace=142, class=java.util.jar.Attributes@752320)
	map		b040c20
OBJ b040c20 (sz=40, trace=143, class=java.util.HashMap@6afaf0)
	table		b040c40
ARR b040c40 (sz=32, trace=144, nelems=4, elem type=java.util.HashMap$Entry@6afa20)
	[1]		b040ea0
	[3]		b040fc0
OBJ b040c60 (sz=24, trace=145, class=java.util.HashMap$Entry@6afa20)
	value		b040c00
	key		b040bc0
OBJ b040cc0 (sz=24, trace=148, class=java.lang.String@6aeef0)
	value		b040ce0
ARR b040ce0 (sz=32, trace=149, nelems=8, elem type=char)
OBJ b040d00 (sz=16, trace=150, class=java.util.jar.Attributes$Name@7544e0)
	name		b066860
OBJ b040d80 (sz=24, trace=125, class=java.util.HashMap$Entry@6afa20)
	value		b040cc0
	key		b040d00
OBJ b040de0 (sz=24, trace=148, class=java.lang.String@6aeef0)
	value		b040e00
ARR b040e00 (sz=72, trace=149, nelems=28, elem type=char)
OBJ b040e20 (sz=16, trace=150, class=java.util.jar.Attributes$Name@7544e0)
	name		b0669c0
OBJ b040ea0 (sz=24, trace=125, class=java.util.HashMap$Entry@6afa20)
	next		b040d80
	value		b040de0
	key		b040e20
OBJ b040f00 (sz=24, trace=148, class=java.lang.String@6aeef0)
	value		b040f20
ARR b040f20 (sz=64, trace=149, nelems=24, elem type=char)
OBJ b040f40 (sz=16, trace=150, class=java.util.jar.Attributes$Name@7544e0)
	name		b066b40
OBJ b040fc0 (sz=24, trace=125, class=java.util.HashMap$Entry@6afa20)
	value		b040f00
	key		b040f40
OBJ b040fe0 (sz=24, trace=140, class=java.lang.String@6aeef0)
	value		b03d170
ARR b03d170 (sz=64, trace=141, nelems=24, elem type=char)
OBJ b0360c0 (sz=16, trace=142, class=java.util.jar.Attributes@752320)
	map		b03d190
OBJ b03d190 (sz=40, trace=143, class=java.util.HashMap@6afaf0)
	table		b037020
ARR b037020 (sz=32, trace=144, nelems=4, elem type=java.util.HashMap$Entry@6afa20)
	[1]		b03fa00
	[3]		b03fb20
OBJ b02bbc0 (sz=24, trace=145, class=java.util.HashMap$Entry@6afa20)
	next		b056150
	value		b0360c0
	key		b040fe0
OBJ b03d1f0 (sz=24, trace=148, class=java.lang.String@6aeef0)
	value		b03d210
ARR b03d210 (sz=32, trace=149, nelems=8, elem type=char)
OBJ b03d230 (sz=16, trace=150, class=java.util.jar.Attributes$Name@7544e0)
	name		b066860
OBJ b03d2b0 (sz=24, trace=125, class=java.util.HashMap$Entry@6afa20)
	value		b03d1f0
	key		b03d230
OBJ b03d330 (sz=24, trace=148, class=java.lang.String@6aeef0)
	value		b03f960
ARR b03f960 (sz=72, trace=149, nelems=28, elem type=char)
OBJ b03f980 (sz=16, trace=150, class=java.util.jar.Attributes$Name@7544e0)
	name		b0669c0
OBJ b03fa00 (sz=24, trace=125, class=java.util.HashMap$Entry@6afa20)
	next		b03d2b0
	value		b03d330
	key		b03f980
OBJ b03fa60 (sz=24, trace=148, class=java.lang.String@6aeef0)
	value		b03fa80
ARR b03fa80 (sz=64, trace=149, nelems=24, elem type=char)
OBJ b03faa0 (sz=16, trace=150, class=java.util.jar.Attributes$Name@7544e0)
	name		b066b40
OBJ b03fb20 (sz=24, trace=125, class=java.util.HashMap$Entry@6afa20)
	value		b03fa60
	key		b03faa0
OBJ b03fb40 (sz=24, trace=140, class=java.lang.String@6aeef0)
	value		b03fb60
ARR b03fb60 (sz=64, trace=141, nelems=24, elem type=char)
OBJ b03fb80 (sz=16, trace=142, class=java.util.jar.Attributes@752320)
	map		b03fba0
OBJ b03fba0 (sz=40, trace=143, class=java.util.HashMap@6afaf0)
	table		b03fbc0
ARR b03fbc0 (sz=32, trace=144, nelems=4, elem type=java.util.HashMap$Entry@6afa20)
	[1]		b03fe80
	[3]		b03ffa0
OBJ b03fbe0 (sz=24, trace=145, class=java.util.HashMap$Entry@6afa20)
	value		b03fb80
	key		b03fb40
OBJ b03fc40 (sz=24, trace=148, class=java.lang.String@6aeef0)
	value		b03fc60
ARR b03fc60 (sz=32, trace=149, nelems=8, elem type=char)
OBJ b03fc80 (sz=16, trace=150, class=java.util.jar.Attributes$Name@7544e0)
	name		b066860
OBJ b03fd60 (sz=24, trace=125, class=java.util.HashMap$Entry@6afa20)
	value		b03fc40
	key		b03fc80
OBJ b03fdc0 (sz=24, trace=148, class=java.lang.String@6aeef0)
	value		b03fde0
ARR b03fde0 (sz=72, trace=149, nelems=28, elem type=char)
OBJ b03fe00 (sz=16, trace=150, class=java.util.jar.Attributes$Name@7544e0)
	name		b0669c0
OBJ b03fe80 (sz=24, trace=125, class=java.util.HashMap$Entry@6afa20)
	next		b03fd60
	value		b03fdc0
	key		b03fe00
OBJ b03fee0 (sz=24, trace=148, class=java.lang.String@6aeef0)
	value		b03ff00
ARR b03ff00 (sz=64, trace=149, nelems=24, elem type=char)
OBJ b03ff20 (sz=16, trace=150, class=java.util.jar.Attributes$Name@7544e0)
	name		b066b40
OBJ b03ffa0 (sz=24, trace=125, class=java.util.HashMap$Entry@6afa20)
	value		b03fee0
	key		b03ff20
OBJ b03ffc0 (sz=24, trace=140, class=java.lang.String@6aeef0)
	value		b03ffe0
ARR b03ffe0 (sz=64, trace=141, nelems=24, elem type=char)
OBJ b03e020 (sz=16, trace=142, class=java.util.jar.Attributes@752320)
	map		b03e040
OBJ b03e040 (sz=40, trace=143, class=java.util.HashMap@6afaf0)
	table		b03e060
ARR b03e060 (sz=32, trace=144, nelems=4, elem type=java.util.HashMap$Entry@6afa20)
	[1]		b03e2c0
	[3]		b03e3e0
OBJ b03e080 (sz=24, trace=145, class=java.util.HashMap$Entry@6afa20)
	next		b066790
	value		b03e020
	key		b03ffc0
OBJ b03e0e0 (sz=24, trace=148, class=java.lang.String@6aeef0)
	value		b03e100
ARR b03e100 (sz=32, trace=149, nelems=8, elem type=char)
OBJ b03e120 (sz=16, trace=150, class=java.util.jar.Attributes$Name@7544e0)
	name		b066860
OBJ b03e1a0 (sz=24, trace=125, class=java.util.HashMap$Entry@6afa20)
	value		b03e0e0
	key		b03e120
OBJ b03e200 (sz=24, trace=148, class=java.lang.String@6aeef0)
	value		b03e220
ARR b03e220 (sz=72, trace=149, nelems=28, elem type=char)
OBJ b03e240 (sz=16, trace=150, class=java.util.jar.Attributes$Name@7544e0)
	name		b0669c0
OBJ b03e2c0 (sz=24, trace=125, class=java.util.HashMap$Entry@6afa20)
	next		b03e1a0
	value		b03e200
	key		b03e240
OBJ b03e320 (sz=24, trace=148, class=java.lang.String@6aeef0)
	value		b03e340
ARR b03e340 (sz=64, trace=149, nelems=24, elem type=char)
OBJ b03e360 (sz=16, trace=150, class=java.util.jar.Attributes$Name@7544e0)
	name		b066b40
OBJ b03e3e0 (sz=24, trace=125, class=java.util.HashMap$Entry@6afa20)
	value		b03e320
	key		b03e360
OBJ b03e400 (sz=24, trace=140, class=java.lang.String@6aeef0)
	value		b03e420
ARR b03e420 (sz=64, trace=141, nelems=24, elem type=char)
OBJ b03e440 (sz=16, trace=142, class=java.util.jar.Attributes@752320)
	map		b03e460
OBJ b03e460 (sz=40, trace=143, class=java.util.HashMap@6afaf0)
	table		b03e480
ARR b03e480 (sz=32, trace=144, nelems=4, elem type=java.util.HashMap$Entry@6afa20)
	[1]		b03e6e0
	[3]		b03e800
OBJ b03e4a0 (sz=24, trace=145, class=java.util.HashMap$Entry@6afa20)
	value		b03e440
	key		b03e400
OBJ b03e500 (sz=24, trace=148, class=java.lang.String@6aeef0)
	value		b03e520
ARR b03e520 (sz=32, trace=149, nelems=8, elem type=char)
OBJ b03e540 (sz=16, trace=150, class=java.util.jar.Attributes$Name@7544e0)
	name		b066860
OBJ b03e5c0 (sz=24, trace=125, class=java.util.HashMap$Entry@6afa20)
	value		b03e500
	key		b03e540
OBJ b03e620 (sz=24, trace=148, class=java.lang.String@6aeef0)
	value		b03e640
ARR b03e640 (sz=72, trace=149, nelems=28, elem type=char)
OBJ b03e660 (sz=16, trace=150, class=java.util.jar.Attributes$Name@7544e0)
	name		b0669c0
OBJ b03e6e0 (sz=24, trace=125, class=java.util.HashMap$Entry@6afa20)
	next		b03e5c0
	value		b03e620
	key		b03e660
OBJ b03e740 (sz=24, trace=148, class=java.lang.String@6aeef0)
	value		b03e760
ARR b03e760 (sz=64, trace=149, nelems=24, elem type=char)
OBJ b03e780 (sz=16, trace=150, class=java.util.jar.Attributes$Name@7544e0)
	name		b066b40
OBJ b03e800 (sz=24, trace=125, class=java.util.HashMap$Entry@6afa20)
	value		b03e740
	key		b03e780
OBJ b03e820 (sz=24, trace=140, class=java.lang.String@6aeef0)
	value		b03e910
ARR b03e910 (sz=64, trace=141, nelems=24, elem type=char)
OBJ b03d030 (sz=16, trace=142, class=java.util.jar.Attributes@752320)
	map		b03d050
OBJ b03d050 (sz=40, trace=143, class=java.util.HashMap@6afaf0)
	table		b03d070
ARR b03d070 (sz=32, trace=144, nelems=4, elem type=java.util.HashMap$Entry@6afa20)
	[1]		b038e40
	[3]		b038f60
OBJ b03d090 (sz=24, trace=145, class=java.util.HashMap$Entry@6afa20)
	value		b03d030
	key		b03e820
OBJ b03d0f0 (sz=24, trace=148, class=java.lang.String@6aeef0)
	value		b03d110
ARR b03d110 (sz=32, trace=149, nelems=8, elem type=char)
OBJ b038ca0 (sz=16, trace=150, class=java.util.jar.Attributes$Name@7544e0)
	name		b066860
OBJ b038d20 (sz=24, trace=125, class=java.util.HashMap$Entry@6afa20)
	value		b03d0f0
	key		b038ca0
OBJ b038d80 (sz=24, trace=148, class=java.lang.String@6aeef0)
	value		b038da0
ARR b038da0 (sz=72, trace=149, nelems=28, elem type=char)
OBJ b038dc0 (sz=16, trace=150, class=java.util.jar.Attributes$Name@7544e0)
	name		b0669c0
OBJ b038e40 (sz=24, trace=125, class=java.util.HashMap$Entry@6afa20)
	next		b038d20
	value		b038d80
	key		b038dc0
OBJ b038ea0 (sz=24, trace=148, class=java.lang.String@6aeef0)
	value		b038ec0
ARR b038ec0 (sz=64, trace=149, nelems=24, elem type=char)
OBJ b038ee0 (sz=16, trace=150, class=java.util.jar.Attributes$Name@7544e0)
	name		b066b40
OBJ b038f60 (sz=24, trace=125, class=java.util.HashMap$Entry@6afa20)
	value		b038ea0
	key		b038ee0
OBJ b038f80 (sz=24, trace=140, class=java.lang.String@6aeef0)
	value		b038fa0
ARR b038fa0 (sz=64, trace=141, nelems=24, elem type=char)
OBJ b038fc0 (sz=16, trace=142, class=java.util.jar.Attributes@752320)
	map		b038fe0
OBJ b038fe0 (sz=40, trace=143, class=java.util.HashMap@6afaf0)
	table		b02f080
ARR b02f080 (sz=32, trace=144, nelems=4, elem type=java.util.HashMap$Entry@6afa20)
	[1]		b037220
	[3]		b037340
OBJ b037040 (sz=24, trace=145, class=java.util.HashMap$Entry@6afa20)
	next		b065d00
	value		b038fc0
	key		b038f80
OBJ b02f050 (sz=24, trace=148, class=java.lang.String@6aeef0)
	value		b037060
ARR b037060 (sz=32, trace=149, nelems=8, elem type=char)
OBJ b037080 (sz=16, trace=150, class=java.util.jar.Attributes$Name@7544e0)
	name		b066860
OBJ b037100 (sz=24, trace=125, class=java.util.HashMap$Entry@6afa20)
	value		b02f050
	key		b037080
OBJ b037160 (sz=24, trace=148, class=java.lang.String@6aeef0)
	value		b037180
ARR b037180 (sz=72, trace=149, nelems=28, elem type=char)
OBJ b0371a0 (sz=16, trace=150, class=java.util.jar.Attributes$Name@7544e0)
	name		b0669c0
OBJ b037220 (sz=24, trace=125, class=java.util.HashMap$Entry@6afa20)
	next		b037100
	value		b037160
	key		b0371a0
OBJ b037280 (sz=24, trace=148, class=java.lang.String@6aeef0)
	value		b0372a0
ARR b0372a0 (sz=64, trace=149, nelems=24, elem type=char)
OBJ b0372c0 (sz=16, trace=150, class=java.util.jar.Attributes$Name@7544e0)
	name		b066b40
OBJ b037340 (sz=24, trace=125, class=java.util.HashMap$Entry@6afa20)
	value		b037280
	key		b0372c0
OBJ b037360 (sz=24, trace=140, class=java.lang.String@6aeef0)
	value		b037380
ARR b037380 (sz=64, trace=141, nelems=24, elem type=char)
OBJ b0373a0 (sz=16, trace=142, class=java.util.jar.Attributes@752320)
	map		b0373c0
OBJ b0373c0 (sz=40, trace=143, class=java.util.HashMap@6afaf0)
	table		b0373e0
ARR b0373e0 (sz=32, trace=144, nelems=4, elem type=java.util.HashMap$Entry@6afa20)
	[1]		b037640
	[3]		b037760
OBJ b037400 (sz=24, trace=145, class=java.util.HashMap$Entry@6afa20)
	next		b058170
	value		b0373a0
	key		b037360
OBJ b037460 (sz=24, trace=148, class=java.lang.String@6aeef0)
	value		b037480
ARR b037480 (sz=32, trace=149, nelems=8, elem type=char)
OBJ b0374a0 (sz=16, trace=150, class=java.util.jar.Attributes$Name@7544e0)
	name		b066860
OBJ b037520 (sz=24, trace=125, class=java.util.HashMap$Entry@6afa20)
	value		b037460
	key		b0374a0
OBJ b037580 (sz=24, trace=148, class=java.lang.String@6aeef0)
	value		b0375a0
ARR b0375a0 (sz=72, trace=149, nelems=28, elem type=char)
OBJ b0375c0 (sz=16, trace=150, class=java.util.jar.Attributes$Name@7544e0)
	name		b0669c0
OBJ b037640 (sz=24, trace=125, class=java.util.HashMap$Entry@6afa20)
	next		b037520
	value		b037580
	key		b0375c0
OBJ b0376a0 (sz=24, trace=148, class=java.lang.String@6aeef0)
	value		b0376c0
ARR b0376c0 (sz=64, trace=149, nelems=24, elem type=char)
OBJ b0376e0 (sz=16, trace=150, class=java.util.jar.Attributes$Name@7544e0)
	name		b066b40
OBJ b037760 (sz=24, trace=125, class=java.util.HashMap$Entry@6afa20)
	value		b0376a0
	key		b0376e0
OBJ b037780 (sz=24, trace=140, class=java.lang.String@6aeef0)
	value		b0377a0
ARR b0377a0 (sz=64, trace=141, nelems=24, elem type=char)
OBJ b0377c0 (sz=16, trace=142, class=java.util.jar.Attributes@752320)
	map		b0377e0
OBJ b0377e0 (sz=40, trace=143, class=java.util.HashMap@6afaf0)
	table		b037800
ARR b037800 (sz=32, trace=144, nelems=4, elem type=java.util.HashMap$Entry@6afa20)
	[1]		b037a60
	[3]		b037bc0
OBJ b037820 (sz=24, trace=145, class=java.util.HashMap$Entry@6afa20)
	value		b0377c0
	key		b037780
OBJ b037880 (sz=24, trace=148, class=java.lang.String@6aeef0)
	value		b0378a0
ARR b0378a0 (sz=32, trace=149, nelems=8, elem type=char)
OBJ b0378c0 (sz=16, trace=150, class=java.util.jar.Attributes$Name@7544e0)
	name		b066860
OBJ b037940 (sz=24, trace=125, class=java.util.HashMap$Entry@6afa20)
	value		b037880
	key		b0378c0
OBJ b0379a0 (sz=24, trace=148, class=java.lang.String@6aeef0)
	value		b0379c0
ARR b0379c0 (sz=72, trace=149, nelems=28, elem type=char)
OBJ b0379e0 (sz=16, trace=150, class=java.util.jar.Attributes$Name@7544e0)
	name		b0669c0
OBJ b037a60 (sz=24, trace=125, class=java.util.HashMap$Entry@6afa20)
	next		b037940
	value		b0379a0
	key		b0379e0
OBJ b037ac0 (sz=24, trace=148, class=java.lang.String@6aeef0)
	value		b037ae0
ARR b037ae0 (sz=64, trace=149, nelems=24, elem type=char)
OBJ b037b40 (sz=16, trace=150, class=java.util.jar.Attributes$Name@7544e0)
	name		b066b40
OBJ b037bc0 (sz=24, trace=125, class=java.util.HashMap$Entry@6afa20)
	value		b037ac0
	key		b037b40
OBJ b037be0 (sz=24, trace=140, class=java.lang.String@6aeef0)
	value		b037c00
ARR b037c00 (sz=64, trace=141, nelems=24, elem type=char)
OBJ b037c20 (sz=16, trace=142, class=java.util.jar.Attributes@752320)
	map		b037c40
OBJ b037c40 (sz=40, trace=143, class=java.util.HashMap@6afaf0)
	table		b037c60
ARR b037c60 (sz=32, trace=144, nelems=4, elem type=java.util.HashMap$Entry@6afa20)
	[1]		b036100
	[3]		b036220
OBJ b037c80 (sz=24, trace=145, class=java.util.HashMap$Entry@6afa20)
	value		b037c20
	key		b037be0
OBJ b037ce0 (sz=24, trace=148, class=java.lang.String@6aeef0)
	value		b037d00
ARR b037d00 (sz=32, trace=149, nelems=8, elem type=char)
OBJ b037d20 (sz=16, trace=150, class=java.util.jar.Attributes$Name@7544e0)
	name		b066860
OBJ b037f80 (sz=24, trace=125, class=java.util.HashMap$Entry@6afa20)
	value		b037ce0
	key		b037d20
OBJ b037fe0 (sz=24, trace=148, class=java.lang.String@6aeef0)
	value		b036010
ARR b036010 (sz=72, trace=149, nelems=28, elem type=char)
OBJ b036030 (sz=16, trace=150, class=java.util.jar.Attributes$Name@7544e0)
	name		b0669c0
OBJ b036100 (sz=24, trace=125, class=java.util.HashMap$Entry@6afa20)
	next		b037f80
	value		b037fe0
	key		b036030
OBJ b036160 (sz=24, trace=148, class=java.lang.String@6aeef0)
	value		b036180
ARR b036180 (sz=64, trace=149, nelems=24, elem type=char)
OBJ b0361a0 (sz=16, trace=150, class=java.util.jar.Attributes$Name@7544e0)
	name		b066b40
OBJ b036220 (sz=24, trace=125, class=java.util.HashMap$Entry@6afa20)
	value		b036160
	key		b0361a0
OBJ b036240 (sz=24, trace=140, class=java.lang.String@6aeef0)
	value		b036260
ARR b036260 (sz=64, trace=141, nelems=24, elem type=char)
OBJ b036280 (sz=16, trace=142, class=java.util.jar.Attributes@752320)
	map		b0362a0
OBJ b0362a0 (sz=40, trace=143, class=java.util.HashMap@6afaf0)
	table		b0362c0
ARR b0362c0 (sz=32, trace=144, nelems=4, elem type=java.util.HashMap$Entry@6afa20)
	[1]		b036520
	[3]		b036640
OBJ b0362e0 (sz=24, trace=145, class=java.util.HashMap$Entry@6afa20)
	value		b036280
	key		b036240
OBJ b036340 (sz=24, trace=148, class=java.lang.String@6aeef0)
	value		b036360
ARR b036360 (sz=32, trace=149, nelems=8, elem type=char)
OBJ b036380 (sz=16, trace=150, class=java.util.jar.Attributes$Name@7544e0)
	name		b066860
OBJ b036400 (sz=24, trace=125, class=java.util.HashMap$Entry@6afa20)
	value		b036340
	key		b036380
OBJ b036460 (sz=24, trace=148, class=java.lang.String@6aeef0)
	value		b036480
ARR b036480 (sz=72, trace=149, nelems=28, elem type=char)
OBJ b0364a0 (sz=16, trace=150, class=java.util.jar.Attributes$Name@7544e0)
	name		b0669c0
OBJ b036520 (sz=24, trace=125, class=java.util.HashMap$Entry@6afa20)
	next		b036400
	value		b036460
	key		b0364a0
OBJ b036580 (sz=24, trace=148, class=java.lang.String@6aeef0)
	value		b0365a0
ARR b0365a0 (sz=64, trace=149, nelems=24, elem type=char)
OBJ b0365c0 (sz=16, trace=150, class=java.util.jar.Attributes$Name@7544e0)
	name		b066b40
OBJ b036640 (sz=24, trace=125, class=java.util.HashMap$Entry@6afa20)
	value		b036580
	key		b0365c0
OBJ b036660 (sz=24, trace=140, class=java.lang.String@6aeef0)
	value		b036680
ARR b036680 (sz=64, trace=141, nelems=24, elem type=char)
OBJ b0366a0 (sz=16, trace=142, class=java.util.jar.Attributes@752320)
	map		b0366c0
OBJ b0366c0 (sz=40, trace=143, class=java.util.HashMap@6afaf0)
	table		b0366e0
ARR b0366e0 (sz=32, trace=144, nelems=4, elem type=java.util.HashMap$Entry@6afa20)
	[1]		b036940
	[3]		b036a60
OBJ b036700 (sz=24, trace=145, class=java.util.HashMap$Entry@6afa20)
	value		b0366a0
	key		b036660
OBJ b036760 (sz=24, trace=148, class=java.lang.String@6aeef0)
	value		b036780
ARR b036780 (sz=32, trace=149, nelems=8, elem type=char)
OBJ b0367a0 (sz=16, trace=150, class=java.util.jar.Attributes$Name@7544e0)
	name		b066860
OBJ b036820 (sz=24, trace=125, class=java.util.HashMap$Entry@6afa20)
	value		b036760
	key		b0367a0
OBJ b036880 (sz=24, trace=148, class=java.lang.String@6aeef0)
	value		b0368a0
ARR b0368a0 (sz=72, trace=149, nelems=28, elem type=char)
OBJ b0368c0 (sz=16, trace=150, class=java.util.jar.Attributes$Name@7544e0)
	name		b0669c0
OBJ b036940 (sz=24, trace=125, class=java.util.HashMap$Entry@6afa20)
	next		b036820
	value		b036880
	key		b0368c0
OBJ b0369a0 (sz=24, trace=148, class=java.lang.String@6aeef0)
	value		b0369c0
ARR b0369c0 (sz=64, trace=149, nelems=24, elem type=char)
OBJ b0369e0 (sz=16, trace=150, class=java.util.jar.Attributes$Name@7544e0)
	name		b066b40
OBJ b036a60 (sz=24, trace=125, class=java.util.HashMap$Entry@6afa20)
	value		b0369a0
	key		b0369e0
OBJ b036a80 (sz=24, trace=140, class=java.lang.String@6aeef0)
	value		b036aa0
ARR b036aa0 (sz=64, trace=141, nelems=24, elem type=char)
OBJ b036ac0 (sz=16, trace=142, class=java.util.jar.Attributes@752320)
	map		b036ae0
OBJ b036ae0 (sz=40, trace=143, class=java.util.HashMap@6afaf0)
	table		b036b00
ARR b036b00 (sz=32, trace=144, nelems=4, elem type=java.util.HashMap$Entry@6afa20)
	[1]		b036e00
	[3]		b036f20
OBJ b036b20 (sz=24, trace=145, class=java.util.HashMap$Entry@6afa20)
	value		b036ac0
	key		b036a80
OBJ b036b80 (sz=24, trace=148, class=java.lang.String@6aeef0)
	value		b036ba0
ARR b036ba0 (sz=32, trace=149, nelems=8, elem type=char)
OBJ b036bc0 (sz=16, trace=150, class=java.util.jar.Attributes$Name@7544e0)
	name		b066860
OBJ b036c80 (sz=24, trace=125, class=java.util.HashMap$Entry@6afa20)
	value		b036b80
	key		b036bc0
OBJ b036d40 (sz=24, trace=148, class=java.lang.String@6aeef0)
	value		b036d60
ARR b036d60 (sz=72, trace=149, nelems=28, elem type=char)
OBJ b036d80 (sz=16, trace=150, class=java.util.jar.Attributes$Name@7544e0)
	name		b0669c0
OBJ b036e00 (sz=24, trace=125, class=java.util.HashMap$Entry@6afa20)
	next		b036c80
	value		b036d40
	key		b036d80
OBJ b036e60 (sz=24, trace=148, class=java.lang.String@6aeef0)
	value		b036e80
ARR b036e80 (sz=64, trace=149, nelems=24, elem type=char)
OBJ b036ea0 (sz=16, trace=150, class=java.util.jar.Attributes$Name@7544e0)
	name		b066b40
OBJ b036f20 (sz=24, trace=125, class=java.util.HashMap$Entry@6afa20)
	value		b036e60
	key		b036ea0
OBJ b036f40 (sz=24, trace=140, class=java.lang.String@6aeef0)
	value		b036f60
ARR b036f60 (sz=64, trace=141, nelems=24, elem type=char)
OBJ b036f80 (sz=16, trace=142, class=java.util.jar.Attributes@752320)
	map		b036fa0
OBJ b036fa0 (sz=40, trace=143, class=java.util.HashMap@6afaf0)
	table		b036fc0
ARR b036fc0 (sz=32, trace=144, nelems=4, elem type=java.util.HashMap$Entry@6afa20)
	[1]		b035230
	[3]		b035350
OBJ b036fe0 (sz=24, trace=145, class=java.util.HashMap$Entry@6afa20)
	value		b036f80
	key		b036f40
OBJ b035050 (sz=24, trace=148, class=java.lang.String@6aeef0)
	value		b035070
ARR b035070 (sz=32, trace=149, nelems=8, elem type=char)
OBJ b035090 (sz=16, trace=150, class=java.util.jar.Attributes$Name@7544e0)
	name		b066860
OBJ b035110 (sz=24, trace=125, class=java.util.HashMap$Entry@6afa20)
	value		b035050
	key		b035090
OBJ b035170 (sz=24, trace=148, class=java.lang.String@6aeef0)
	value		b035190
ARR b035190 (sz=72, trace=149, nelems=28, elem type=char)
OBJ b0351b0 (sz=16, trace=150, class=java.util.jar.Attributes$Name@7544e0)
	name		b0669c0
OBJ b035230 (sz=24, trace=125, class=java.util.HashMap$Entry@6afa20)
	next		b035110
	value		b035170
	key		b0351b0
OBJ b035290 (sz=24, trace=148, class=java.lang.String@6aeef0)
	value		b0352b0
ARR b0352b0 (sz=64, trace=149, nelems=24, elem type=char)
OBJ b0352d0 (sz=16, trace=150, class=java.util.jar.Attributes$Name@7544e0)
	name		b066b40
OBJ b035350 (sz=24, trace=125, class=java.util.HashMap$Entry@6afa20)
	value		b035290
	key		b0352d0
OBJ b035370 (sz=24, trace=140, class=java.lang.String@6aeef0)
	value		b035390
ARR b035390 (sz=64, trace=141, nelems=24, elem type=char)
OBJ b0353b0 (sz=16, trace=142, class=java.util.jar.Attributes@752320)
	map		b0353d0
OBJ b0353d0 (sz=40, trace=143, class=java.util.HashMap@6afaf0)
	table		b0353f0
ARR b0353f0 (sz=32, trace=144, nelems=4, elem type=java.util.HashMap$Entry@6afa20)
	[1]		b035970
	[3]		b034110
OBJ b035410 (sz=24, trace=145, class=java.util.HashMap$Entry@6afa20)
	value		b0353b0
	key		b035370
OBJ b035470 (sz=24, trace=148, class=java.lang.String@6aeef0)
	value		b035490
ARR b035490 (sz=32, trace=149, nelems=8, elem type=char)
OBJ b0354b0 (sz=16, trace=150, class=java.util.jar.Attributes$Name@7544e0)
	name		b066860
OBJ b035530 (sz=24, trace=125, class=java.util.HashMap$Entry@6afa20)
	value		b035470
	key		b0354b0
OBJ b035590 (sz=24, trace=148, class=java.lang.String@6aeef0)
	value		b0355b0
ARR b0355b0 (sz=72, trace=149, nelems=28, elem type=char)
OBJ b0355d0 (sz=16, trace=150, class=java.util.jar.Attributes$Name@7544e0)
	name		b0669c0
OBJ b035970 (sz=24, trace=125, class=java.util.HashMap$Entry@6afa20)
	next		b035530
	value		b035590
	key		b0355d0
OBJ b035c20 (sz=24, trace=148, class=java.lang.String@6aeef0)
	value		b035ce0
ARR b035ce0 (sz=64, trace=149, nelems=24, elem type=char)
OBJ b035d40 (sz=16, trace=150, class=java.util.jar.Attributes$Name@7544e0)
	name		b066b40
OBJ b034110 (sz=24, trace=125, class=java.util.HashMap$Entry@6afa20)
	value		b035c20
	key		b035d40
OBJ b034190 (sz=24, trace=140, class=java.lang.String@6aeef0)
	value		b0341f0
ARR b0341f0 (sz=64, trace=141, nelems=24, elem type=char)
OBJ b034380 (sz=16, trace=142, class=java.util.jar.Attributes@752320)
	map		b034440
OBJ b034440 (sz=40, trace=143, class=java.util.HashMap@6afaf0)
	table		b0344a0
ARR b0344a0 (sz=32, trace=144, nelems=4, elem type=java.util.HashMap$Entry@6afa20)
	[1]		b033660
	[3]		b033db0
OBJ b034630 (sz=24, trace=145, class=java.util.HashMap$Entry@6afa20)
	value		b034380
	key		b034190
OBJ b0348e0 (sz=24, trace=148, class=java.lang.String@6aeef0)
	value		b0349a0
ARR b0349a0 (sz=32, trace=149, nelems=8, elem type=char)
OBJ b034a00 (sz=16, trace=150, class=java.util.jar.Attributes$Name@7544e0)
	name		b066860
OBJ b034e40 (sz=24, trace=125, class=java.util.HashMap$Entry@6afa20)
	value		b0348e0
	key		b034a00
OBJ b033100 (sz=24, trace=148, class=java.lang.String@6aeef0)
	value		b0331c0
ARR b0331c0 (sz=72, trace=149, nelems=28, elem type=char)
OBJ b033220 (sz=16, trace=150, class=java.util.jar.Attributes$Name@7544e0)
	name		b0669c0
OBJ b033660 (sz=24, trace=125, class=java.util.HashMap$Entry@6afa20)
	next		b034e40
	value		b033100
	key		b033220
OBJ b033850 (sz=24, trace=148, class=java.lang.String@6aeef0)
	value		b033910
ARR b033910 (sz=64, trace=149, nelems=24, elem type=char)
OBJ b033970 (sz=16, trace=150, class=java.util.jar.Attributes$Name@7544e0)
	name		b066b40
OBJ b033db0 (sz=24, trace=125, class=java.util.HashMap$Entry@6afa20)
	value		b033850
	key		b033970
OBJ b033e70 (sz=24, trace=140, class=java.lang.String@6aeef0)
	value		b033ed0
ARR b033ed0 (sz=64, trace=141, nelems=24, elem type=char)
OBJ b032080 (sz=16, trace=142, class=java.util.jar.Attributes@752320)
	map		b032130
OBJ b032130 (sz=40, trace=143, class=java.util.HashMap@6afaf0)
	table		b032190
ARR b032190 (sz=32, trace=144, nelems=4, elem type=java.util.HashMap$Entry@6afa20)
	[1]		b031270
	[3]		b031a80
OBJ b032320 (sz=24, trace=145, class=java.util.HashMap$Entry@6afa20)
	value		b032080
	key		b033e70
OBJ b0325d0 (sz=24, trace=148, class=java.lang.String@6aeef0)
	value		b032680
ARR b032680 (sz=32, trace=149, nelems=8, elem type=char)
OBJ b032740 (sz=16, trace=150, class=java.util.jar.Attributes$Name@7544e0)
	name		b066860
OBJ b032a50 (sz=24, trace=125, class=java.util.HashMap$Entry@6afa20)
	value		b0325d0
	key		b032740
OBJ b032d00 (sz=24, trace=148, class=java.lang.String@6aeef0)
	value		b032e90
ARR b032e90 (sz=72, trace=149, nelems=28, elem type=char)
OBJ b032f50 (sz=16, trace=150, class=java.util.jar.Attributes$Name@7544e0)
	name		b0669c0
OBJ b031270 (sz=24, trace=125, class=java.util.HashMap$Entry@6afa20)
	next		b032a50
	value		b032d00
	key		b032f50
OBJ b031520 (sz=24, trace=148, class=java.lang.String@6aeef0)
	value		b0316b0
ARR b0316b0 (sz=64, trace=149, nelems=24, elem type=char)
OBJ b031770 (sz=16, trace=150, class=java.util.jar.Attributes$Name@7544e0)
	name		b066b40
OBJ b031a80 (sz=24, trace=125, class=java.util.HashMap$Entry@6afa20)
	value		b031520
	key		b031770
OBJ b031c10 (sz=24, trace=140, class=java.lang.String@6aeef0)
	value		b031cd0
ARR b031cd0 (sz=64, trace=141, nelems=24, elem type=char)
OBJ b031d30 (sz=16, trace=142, class=java.util.jar.Attributes@752320)
	map		b031ec0
OBJ b031ec0 (sz=40, trace=143, class=java.util.HashMap@6afaf0)
	table		b031f80
ARR b031f80 (sz=32, trace=144, nelems=4, elem type=java.util.HashMap$Entry@6afa20)
	[1]		b027030
	[3]		b02f3c0
OBJ b031fe0 (sz=24, trace=145, class=java.util.HashMap$Entry@6afa20)
	value		b031d30
	key		b031c10
OBJ b0302a0 (sz=24, trace=148, class=java.lang.String@6aeef0)
	value		b030430
ARR b030430 (sz=32, trace=149, nelems=8, elem type=char)
OBJ b0304f0 (sz=16, trace=150, class=java.util.jar.Attributes$Name@7544e0)
	name		b066860
OBJ b030800 (sz=24, trace=125, class=java.util.HashMap$Entry@6afa20)
	value		b0302a0
	key		b0304f0
OBJ b030ab0 (sz=24, trace=148, class=java.lang.String@6aeef0)
	value		b030c40
ARR b030c40 (sz=72, trace=149, nelems=28, elem type=char)
OBJ b030d00 (sz=16, trace=150, class=java.util.jar.Attributes$Name@7544e0)
	name		b0669c0
OBJ b027030 (sz=24, trace=125, class=java.util.HashMap$Entry@6afa20)
	next		b030800
	value		b030ab0
	key		b030d00
OBJ b0272e0 (sz=24, trace=148, class=java.lang.String@6aeef0)
	value		b027400
ARR b027400 (sz=64, trace=149, nelems=24, elem type=char)
OBJ b019fd0 (sz=16, trace=150, class=java.util.jar.Attributes$Name@7544e0)
	name		b066b40
OBJ b02f3c0 (sz=24, trace=125, class=java.util.HashMap$Entry@6afa20)
	value		b0272e0
	key		b019fd0
OBJ b02f420 (sz=24, trace=140, class=java.lang.String@6aeef0)
	value		b02f5b0
ARR b02f5b0 (sz=64, trace=141, nelems=24, elem type=char)
OBJ b02f670 (sz=16, trace=142, class=java.util.jar.Attributes@752320)
	map		b02f6d0
OBJ b02f6d0 (sz=40, trace=143, class=java.util.HashMap@6afaf0)
	table		b02f860
ARR b02f860 (sz=32, trace=144, nelems=4, elem type=java.util.HashMap$Entry@6afa20)
	[1]		b02e950
	[3]		b02d160
OBJ b02f920 (sz=24, trace=145, class=java.util.HashMap$Entry@6afa20)
	value		b02f670
	key		b02f420
OBJ b02fbd0 (sz=24, trace=148, class=java.lang.String@6aeef0)
	value		b02fc30
ARR b02fc30 (sz=32, trace=149, nelems=8, elem type=char)
OBJ b02fdc0 (sz=16, trace=150, class=java.util.jar.Attributes$Name@7544e0)
	name		b066860
OBJ b02e140 (sz=24, trace=125, class=java.util.HashMap$Entry@6afa20)
	value		b02fbd0
	key		b02fdc0
OBJ b02e3f0 (sz=24, trace=148, class=java.lang.String@6aeef0)
	value		b02e450
ARR b02e450 (sz=72, trace=149, nelems=28, elem type=char)
OBJ b02e5e0 (sz=16, trace=150, class=java.util.jar.Attributes$Name@7544e0)
	name		b0669c0
OBJ b02e950 (sz=24, trace=125, class=java.util.HashMap$Entry@6afa20)
	next		b02e140
	value		b02e3f0
	key		b02e5e0
OBJ b02ebf0 (sz=24, trace=148, class=java.lang.String@6aeef0)
	value		b02ecb0
ARR b02ecb0 (sz=64, trace=149, nelems=24, elem type=char)
OBJ b02ed10 (sz=16, trace=150, class=java.util.jar.Attributes$Name@7544e0)
	name		b066b40
OBJ b02d160 (sz=24, trace=125, class=java.util.HashMap$Entry@6afa20)
	value		b02ebf0
	key		b02ed10
OBJ b02d220 (sz=24, trace=140, class=java.lang.String@6aeef0)
	value		b02d280
ARR b02d280 (sz=64, trace=141, nelems=24, elem type=char)
OBJ b02d410 (sz=16, trace=142, class=java.util.jar.Attributes@752320)
	map		b02d4d0
OBJ b02d4d0 (sz=40, trace=143, class=java.util.HashMap@6afaf0)
	table		b02d530
ARR b02d530 (sz=32, trace=144, nelems=4, elem type=java.util.HashMap$Entry@6afa20)
	[1]		b02c600
	[3]		b02c950
OBJ b02d6c0 (sz=24, trace=145, class=java.util.HashMap$Entry@6afa20)
	value		b02d410
	key		b02d220
OBJ b02d970 (sz=24, trace=148, class=java.lang.String@6aeef0)
	value		b02da30
ARR b02da30 (sz=32, trace=149, nelems=8, elem type=char)
OBJ b02da90 (sz=16, trace=150, class=java.util.jar.Attributes$Name@7544e0)
	name		b066860
OBJ b02ded0 (sz=24, trace=125, class=java.util.HashMap$Entry@6afa20)
	value		b02d970
	key		b02da90
OBJ b02c190 (sz=24, trace=148, class=java.lang.String@6aeef0)
	value		b02c250
ARR b02c250 (sz=72, trace=149, nelems=28, elem type=char)
OBJ b02c2c0 (sz=16, trace=150, class=java.util.jar.Attributes$Name@7544e0)
	name		b0669c0
OBJ b02c600 (sz=24, trace=125, class=java.util.HashMap$Entry@6afa20)
	next		b02ded0
	value		b02c190
	key		b02c2c0
OBJ b02c660 (sz=24, trace=148, class=java.lang.String@6aeef0)
	value		b02c680
ARR b02c680 (sz=64, trace=149, nelems=24, elem type=char)
OBJ b02c6a0 (sz=16, trace=150, class=java.util.jar.Attributes$Name@7544e0)
	name		b066b40
OBJ b02c950 (sz=24, trace=125, class=java.util.HashMap$Entry@6afa20)
	value		b02c660
	key		b02c6a0
OBJ b02b870 (sz=48, trace=127, class=java.util.jar.JarVerifier@7574e0)
	manifestRawBytes	b067ce0
	baos		b02b990
	manifest	b067de0
	pendingBlocks	b02b950
	sigFileData	b02b910
	sigFileCerts	b02b890
	verifiedCerts	b02b8d0
OBJ b02b890 (sz=40, trace=128, class=java.util.Hashtable@6b63a0)
	table		b02b8b0
ARR b02b8b0 (sz=56, trace=129, nelems=11, elem type=java.util.Hashtable$Entry@6af830)
OBJ b02b8d0 (sz=40, trace=130, class=java.util.Hashtable@6b63a0)
	table		b02b8f0
ARR b02b8f0 (sz=56, trace=131, nelems=11, elem type=java.util.Hashtable$Entry@6af830)
OBJ b02b910 (sz=40, trace=132, class=java.util.Hashtable@6b63a0)
	table		b02b930
ARR b02b930 (sz=56, trace=133, nelems=11, elem type=java.util.Hashtable$Entry@6af830)
OBJ b02b950 (sz=24, trace=134, class=java.util.ArrayList@6b6800)
	elementData	b02b970
ARR b02b970 (sz=56, trace=135, nelems=10, elem type=java.lang.Object@6ae810)
OBJ b02b990 (sz=16, trace=136, class=java.io.ByteArrayOutputStream@758050)
	buf		b02b9b0
ARR b02b9b0 (sz=48, trace=137, nelems=32, elem type=byte)
OBJ b02b9d0 (sz=24, trace=138, class=java.util.HashMap$Entry@6afa20)
	value		b067820
	key		b0731d0
OBJ b02bab0 (sz=32, trace=16, class=sun.misc.URLClassPath$JarLoader@741700)
	lmap		b072520
	handler		b072c80
	csu		b073390
	jar		b02bdc0
	base		b02bad0
OBJ b02bad0 (sz=56, trace=17, class=java.net.URL@6b9e60)
	handler		b072c80
	path		b02bc00
	authority	6bd050
	file		b02bc00
	host		6bd050
	protocol	6c7b00
ARR b02bbe0 (sz=224, trace=25, nelems=106, elem type=char)
OBJ b02bc00 (sz=24, trace=26, class=java.lang.String@6aeef0)
	value		b02bbe0
OBJ b02bdc0 (sz=48, trace=39, class=java.util.jar.JarFile@7450f0)
	jv		b02adc0
	manEntry	b02bf60
	man		b02a090
	inflaters	b02be80
	name		b02be60
OBJ b02bde0 (sz=32, trace=54, class=java.lang.ref.Finalizer@6b1920)
	prev		b02a030
	next		b067d80
	queue		6ae070
	referent	b02bdc0
ARR b02be40 (sz=104, trace=37, nelems=45, elem type=char)
OBJ b02be60 (sz=24, trace=38, class=java.lang.String@6aeef0)
	value		b02be40
OBJ b02be80 (sz=24, trace=57, class=java.util.Vector@6ae8c0)
	elementData	b02bea0
ARR b02bea0 (sz=56, trace=58, nelems=10, elem type=java.lang.Object@6ae810)
	[0]		b02a010
OBJ b02bf60 (sz=88, trace=73, class=java.util.jar.JarFile$JarFileEntry@74c460)
	this$0		b02bdc0
	name		745010
ARR b02bf80 (sz=344, trace=74, nelems=327, elem type=byte)
OBJ b02a010 (sz=32, trace=81, class=java.util.zip.Inflater@74f1e0)
	buf		b02a070
OBJ b02a030 (sz=32, trace=84, class=java.lang.ref.Finalizer@6b1920)
	prev		b029340
	next		b02bde0
	queue		6ae070
	referent	b02a010
ARR b02a070 (sz=528, trace=87, nelems=512, elem type=byte)
OBJ b02a090 (sz=16, trace=90, class=java.util.jar.Manifest@751410)
	entries		b02a130
	attr		b02a0d0
OBJ b02a0d0 (sz=16, trace=91, class=java.util.jar.Attributes@752320)
	map		b02a0f0
OBJ b02a0f0 (sz=40, trace=92, class=java.util.HashMap@6afaf0)
	table		b02a110
ARR b02a110 (sz=80, trace=93, nelems=16, elem type=java.util.HashMap$Entry@6afa20)
	[2]		b02ada0
	[3]		b02ac80
	[5]		b02aa10
	[9]		b02a8f0
	[10]		b02a2d0
	[12]		b02a7d0
	[13]		b02a670
	[14]		b02a3f0
OBJ b02a130 (sz=40, trace=94, class=java.util.HashMap@6afaf0)
	table		b02a150
ARR b02a150 (sz=80, trace=95, nelems=16, elem type=java.util.HashMap$Entry@6afa20)
OBJ b02a210 (sz=24, trace=101, class=java.lang.String@6aeef0)
	value		b02a230
ARR b02a230 (sz=24, trace=102, nelems=3, elem type=char)
OBJ b02a250 (sz=16, trace=103, class=java.util.jar.Attributes$Name@7544e0)
	name		755a20
OBJ b02a2d0 (sz=24, trace=125, class=java.util.HashMap$Entry@6afa20)
	value		b02a210
	key		b02a250
OBJ b02a330 (sz=24, trace=101, class=java.lang.String@6aeef0)
	value		b02a350
ARR b02a350 (sz=24, trace=102, nelems=3, elem type=char)
OBJ b02a370 (sz=16, trace=103, class=java.util.jar.Attributes$Name@7544e0)
	name		7561b0
OBJ b02a3f0 (sz=24, trace=125, class=java.util.HashMap$Entry@6afa20)
	value		b02a330
	key		b02a370
OBJ b02a450 (sz=24, trace=101, class=java.lang.String@6aeef0)
	value		b02a470
ARR b02a470 (sz=24, trace=102, nelems=6, elem type=char)
OBJ b02a490 (sz=16, trace=103, class=java.util.jar.Attributes$Name@7544e0)
	name		b02a4d0
OBJ b02a550 (sz=24, trace=125, class=java.util.HashMap$Entry@6afa20)
	value		b02a450
	key		b02a490
OBJ b02a5b0 (sz=24, trace=101, class=java.lang.String@6aeef0)
	value		b02a5d0
ARR b02a5d0 (sz=24, trace=102, nelems=3, elem type=char)
OBJ b02a5f0 (sz=16, trace=103, class=java.util.jar.Attributes$Name@7544e0)
	name		7569d0
OBJ b02a670 (sz=24, trace=125, class=java.util.HashMap$Entry@6afa20)
	next		b02a550
	value		b02a5b0
	key		b02a5f0
OBJ b02a6d0 (sz=24, trace=101, class=java.lang.String@6aeef0)
	value		b02a6f0
ARR b02a6f0 (sz=80, trace=102, nelems=32, elem type=char)
OBJ b02a710 (sz=16, trace=103, class=java.util.jar.Attributes$Name@7544e0)
	name		7577e0
OBJ b02a7d0 (sz=24, trace=125, class=java.util.HashMap$Entry@6afa20)
	value		b02a6d0
	key		b02a710
OBJ b02a830 (sz=24, trace=101, class=java.lang.String@6aeef0)
	value		b02a850
ARR b02a850 (sz=40, trace=102, nelems=13, elem type=char)
OBJ b02a870 (sz=16, trace=103, class=java.util.jar.Attributes$Name@7544e0)
	name		756eb0
OBJ b02a8f0 (sz=24, trace=125, class=java.util.HashMap$Entry@6afa20)
	value		b02a830
	key		b02a870
OBJ b02a950 (sz=24, trace=101, class=java.lang.String@6aeef0)
	value		b02a970
ARR b02a970 (sz=32, trace=102, nelems=7, elem type=char)
OBJ b02a990 (sz=16, trace=103, class=java.util.jar.Attributes$Name@7544e0)
	name		756690
OBJ b02aa10 (sz=24, trace=125, class=java.util.HashMap$Entry@6afa20)
	value		b02a950
	key		b02a990
OBJ b028340 (sz=24, trace=101, class=java.lang.String@6aeef0)
	value		b028360
ARR b028360 (sz=16, trace=102, nelems=2, elem type=char)
OBJ b02aa50 (sz=16, trace=103, class=java.util.jar.Attributes$Name@7544e0)
	name		b02aae0
OBJ b02ab60 (sz=24, trace=125, class=java.util.HashMap$Entry@6afa20)
	value		b028340
	key		b02aa50
OBJ b02abc0 (sz=24, trace=101, class=java.lang.String@6aeef0)
	value		b02abe0
ARR b02abe0 (sz=56, trace=102, nelems=22, elem type=char)
OBJ b02ac00 (sz=16, trace=103, class=java.util.jar.Attributes$Name@7544e0)
	name		756830
OBJ b02ac80 (sz=24, trace=125, class=java.util.HashMap$Entry@6afa20)
	next		b02ab60
	value		b02abc0
	key		b02ac00
OBJ b02ace0 (sz=24, trace=101, class=java.lang.String@6aeef0)
	value		b02ad00
ARR b02ad00 (sz=56, trace=102, nelems=22, elem type=char)
OBJ b02ad20 (sz=16, trace=103, class=java.util.jar.Attributes$Name@7544e0)
	name		756010
OBJ b02ada0 (sz=24, trace=125, class=java.util.HashMap$Entry@6afa20)
	value		b02ace0
	key		b02ad20
OBJ b02adc0 (sz=48, trace=127, class=java.util.jar.JarVerifier@7574e0)
	manifestRawBytes	b02bf80
	baos		b02aee0
	manifest	b02a090
	pendingBlocks	b02aea0
	sigFileData	b02ae60
	sigFileCerts	b02ade0
	verifiedCerts	b02ae20
OBJ b02ade0 (sz=40, trace=128, class=java.util.Hashtable@6b63a0)
	table		b02ae00
ARR b02ae00 (sz=56, trace=129, nelems=11, elem type=java.util.Hashtable$Entry@6af830)
OBJ b02ae20 (sz=40, trace=130, class=java.util.Hashtable@6b63a0)
	table		b02ae40
ARR b02ae40 (sz=56, trace=131, nelems=11, elem type=java.util.Hashtable$Entry@6af830)
OBJ b02ae60 (sz=40, trace=132, class=java.util.Hashtable@6b63a0)
	table		b02ae80
ARR b02ae80 (sz=56, trace=133, nelems=11, elem type=java.util.Hashtable$Entry@6af830)
OBJ b02aea0 (sz=24, trace=134, class=java.util.ArrayList@6b6800)
	elementData	b02aec0
ARR b02aec0 (sz=56, trace=135, nelems=10, elem type=java.lang.Object@6ae810)
OBJ b02aee0 (sz=16, trace=136, class=java.io.ByteArrayOutputStream@758050)
	buf		b02af00
ARR b02af00 (sz=48, trace=137, nelems=32, elem type=byte)
OBJ b02af20 (sz=24, trace=138, class=java.util.HashMap$Entry@6afa20)
	value		b02bab0
	key		b073390
OBJ b029020 (sz=32, trace=16, class=sun.misc.URLClassPath$JarLoader@741700)
	lmap		b072520
	handler		b072c80
	csu		b073550
	jar		b029320
	base		b029040
OBJ b029040 (sz=56, trace=17, class=java.net.URL@6b9e60)
	handler		b072c80
	path		b029160
	authority	6bd050
	file		b029160
	host		6bd050
	protocol	6c7b00
ARR b029140 (sz=224, trace=25, nelems=104, elem type=char)
OBJ b029160 (sz=24, trace=26, class=java.lang.String@6aeef0)
	value		b029140
OBJ b029320 (sz=48, trace=39, class=java.util.jar.JarFile@7450f0)
	jv		b01c0d0
	manEntry	b0294c0
	man		b0295e0
	inflaters	b0293e0
	name		b0293c0
OBJ b029340 (sz=32, trace=54, class=java.lang.ref.Finalizer@6b1920)
	prev		b029580
	next		b02a030
	queue		6ae070
	referent	b029320
ARR b0293a0 (sz=104, trace=37, nelems=44, elem type=char)
OBJ b0293c0 (sz=24, trace=38, class=java.lang.String@6aeef0)
	value		b0293a0
OBJ b0293e0 (sz=24, trace=57, class=java.util.Vector@6ae8c0)
	elementData	b029400
ARR b029400 (sz=56, trace=58, nelems=10, elem type=java.lang.Object@6ae810)
	[0]		b029560
OBJ b0294c0 (sz=88, trace=73, class=java.util.jar.JarFile$JarFileEntry@74c460)
	this$0		b029320
	name		745010
ARR b0294e0 (sz=5488, trace=74, nelems=5469, elem type=byte)
OBJ b029560 (sz=32, trace=81, class=java.util.zip.Inflater@74f1e0)
	buf		b0295c0
OBJ b029580 (sz=32, trace=84, class=java.lang.ref.Finalizer@6b1920)
	prev		b01c880
	next		b029340
	queue		6ae070
	referent	b029560
ARR b0295c0 (sz=528, trace=87, nelems=512, elem type=byte)
OBJ b0295e0 (sz=16, trace=90, class=java.util.jar.Manifest@751410)
	entries		b029fe0
	attr		b029890
OBJ b029890 (sz=16, trace=91, class=java.util.jar.Attributes@752320)
	map		b029fa0
OBJ b029fa0 (sz=40, trace=92, class=java.util.HashMap@6afaf0)
	table		b029fc0
ARR b029fc0 (sz=80, trace=93, nelems=16, elem type=java.util.HashMap$Entry@6afa20)
	[10]		b0281a0
	[12]		b0282c0
OBJ b029fe0 (sz=40, trace=94, class=java.util.HashMap@6afaf0)
	table		b01fa90
OBJ b0280e0 (sz=24, trace=101, class=java.lang.String@6aeef0)
	value		b028100
ARR b028100 (sz=24, trace=102, nelems=3, elem type=char)
OBJ b028120 (sz=16, trace=103, class=java.util.jar.Attributes$Name@7544e0)
	name		755a20
OBJ b0281a0 (sz=24, trace=125, class=java.util.HashMap$Entry@6afa20)
	value		b0280e0
	key		b028120
OBJ b028200 (sz=24, trace=101, class=java.lang.String@6aeef0)
	value		b028220
ARR b028220 (sz=80, trace=102, nelems=32, elem type=char)
OBJ b028240 (sz=16, trace=103, class=java.util.jar.Attributes$Name@7544e0)
	name		7577e0
OBJ b0282c0 (sz=24, trace=125, class=java.util.HashMap$Entry@6afa20)
	value		b028200
	key		b028240
OBJ b0282e0 (sz=24, trace=140, class=java.lang.String@6aeef0)
	value		b028300
ARR b028300 (sz=80, trace=141, nelems=31, elem type=char)
OBJ b028380 (sz=16, trace=142, class=java.util.jar.Attributes@752320)
	map		b0283a0
OBJ b0283a0 (sz=40, trace=143, class=java.util.HashMap@6afaf0)
	table		b0283c0
ARR b0283c0 (sz=24, trace=144, nelems=2, elem type=java.util.HashMap$Entry@6afa20)
	[0]		b028500
OBJ b0283e0 (sz=24, trace=145, class=java.util.HashMap$Entry@6afa20)
	value		b028380
	key		b0282e0
OBJ b028440 (sz=24, trace=148, class=java.lang.String@6aeef0)
	value		b028460
ARR b028460 (sz=72, trace=149, nelems=28, elem type=char)
OBJ b028480 (sz=16, trace=150, class=java.util.jar.Attributes$Name@7544e0)
	name		75ed90
OBJ b028500 (sz=24, trace=125, class=java.util.HashMap$Entry@6afa20)
	value		b028440
	key		b028480
OBJ b028520 (sz=24, trace=140, class=java.lang.String@6aeef0)
	value		b028540
ARR b028540 (sz=80, trace=141, nelems=34, elem type=char)
OBJ b028560 (sz=16, trace=142, class=java.util.jar.Attributes@752320)
	map		b028580
OBJ b028580 (sz=40, trace=143, class=java.util.HashMap@6afaf0)
	table		b0285a0
ARR b0285a0 (sz=24, trace=144, nelems=2, elem type=java.util.HashMap$Entry@6afa20)
	[0]		b0286e0
OBJ b0285c0 (sz=24, trace=145, class=java.util.HashMap$Entry@6afa20)
	value		b028560
	key		b028520
OBJ b028620 (sz=24, trace=148, class=java.lang.String@6aeef0)
	value		b028640
ARR b028640 (sz=72, trace=149, nelems=28, elem type=char)
OBJ b028660 (sz=16, trace=150, class=java.util.jar.Attributes$Name@7544e0)
	name		75ed90
OBJ b0286e0 (sz=24, trace=125, class=java.util.HashMap$Entry@6afa20)
	value		b028620
	key		b028660
OBJ b028700 (sz=24, trace=140, class=java.lang.String@6aeef0)
	value		b028720
ARR b028720 (sz=88, trace=141, nelems=37, elem type=char)
OBJ b028740 (sz=16, trace=142, class=java.util.jar.Attributes@752320)
	map		b028760
OBJ b028760 (sz=40, trace=143, class=java.util.HashMap@6afaf0)
	table		b028780
ARR b028780 (sz=24, trace=144, nelems=2, elem type=java.util.HashMap$Entry@6afa20)
	[0]		b0288c0
OBJ b0287a0 (sz=24, trace=145, class=java.util.HashMap$Entry@6afa20)
	value		b028740
	key		b028700
OBJ b028800 (sz=24, trace=148, class=java.lang.String@6aeef0)
	value		b028820
ARR b028820 (sz=72, trace=149, nelems=28, elem type=char)
OBJ b028840 (sz=16, trace=150, class=java.util.jar.Attributes$Name@7544e0)
	name		75ed90
OBJ b0288c0 (sz=24, trace=125, class=java.util.HashMap$Entry@6afa20)
	value		b028800
	key		b028840
OBJ b0288e0 (sz=24, trace=140, class=java.lang.String@6aeef0)
	value		b028900
ARR b028900 (sz=96, trace=141, nelems=39, elem type=char)
OBJ b028920 (sz=16, trace=142, class=java.util.jar.Attributes@752320)
	map		b028940
OBJ b028940 (sz=40, trace=143, class=java.util.HashMap@6afaf0)
	table		b028960
ARR b028960 (sz=24, trace=144, nelems=2, elem type=java.util.HashMap$Entry@6afa20)
	[0]		b028aa0
OBJ b028980 (sz=24, trace=145, class=java.util.HashMap$Entry@6afa20)
	value		b028920
	key		b0288e0
OBJ b0289e0 (sz=24, trace=148, class=java.lang.String@6aeef0)
	value		b028a00
ARR b028a00 (sz=72, trace=149, nelems=28, elem type=char)
OBJ b028a20 (sz=16, trace=150, class=java.util.jar.Attributes$Name@7544e0)
	name		75ed90
OBJ b028aa0 (sz=24, trace=125, class=java.util.HashMap$Entry@6afa20)
	value		b0289e0
	key		b028a20
OBJ b028ac0 (sz=24, trace=140, class=java.lang.String@6aeef0)
	value		b028ae0
ARR b028ae0 (sz=96, trace=141, nelems=42, elem type=char)
OBJ b028b00 (sz=16, trace=142, class=java.util.jar.Attributes@752320)
	map		b028b20
OBJ b028b20 (sz=40, trace=143, class=java.util.HashMap@6afaf0)
	table		b028b40
ARR b028b40 (sz=24, trace=144, nelems=2, elem type=java.util.HashMap$Entry@6afa20)
	[0]		b028c80
OBJ b028b60 (sz=24, trace=145, class=java.util.HashMap$Entry@6afa20)
	value		b028b00
	key		b028ac0
OBJ b028bc0 (sz=24, trace=148, class=java.lang.String@6aeef0)
	value		b028be0
ARR b028be0 (sz=72, trace=149, nelems=28, elem type=char)
OBJ b028c00 (sz=16, trace=150, class=java.util.jar.Attributes$Name@7544e0)
	name		75ed90
OBJ b028c80 (sz=24, trace=125, class=java.util.HashMap$Entry@6afa20)
	value		b028bc0
	key		b028c00
OBJ b028ca0 (sz=24, trace=140, class=java.lang.String@6aeef0)
	value		b028cc0
ARR b028cc0 (sz=96, trace=141, nelems=40, elem type=char)
OBJ b028ce0 (sz=16, trace=142, class=java.util.jar.Attributes@752320)
	map		b028d00
OBJ b028d00 (sz=40, trace=143, class=java.util.HashMap@6afaf0)
	table		b028d20
ARR b028d20 (sz=24, trace=144, nelems=2, elem type=java.util.HashMap$Entry@6afa20)
	[0]		b0279a0
OBJ b028d40 (sz=24, trace=145, class=java.util.HashMap$Entry@6afa20)
	value		b028ce0
	key		b028ca0
OBJ b028f40 (sz=24, trace=148, class=java.lang.String@6aeef0)
	value		b028fa0
ARR b028fa0 (sz=72, trace=149, nelems=28, elem type=char)
OBJ b027920 (sz=16, trace=150, class=java.util.jar.Attributes$Name@7544e0)
	name		75ed90
OBJ b0279a0 (sz=24, trace=125, class=java.util.HashMap$Entry@6afa20)
	value		b028f40
	key		b027920
OBJ b0279c0 (sz=24, trace=140, class=java.lang.String@6aeef0)
	value		b0279e0
ARR b0279e0 (sz=88, trace=141, nelems=38, elem type=char)
OBJ b027a00 (sz=16, trace=142, class=java.util.jar.Attributes@752320)
	map		b027a20
OBJ b027a20 (sz=40, trace=143, class=java.util.HashMap@6afaf0)
	table		b027a40
ARR b027a40 (sz=24, trace=144, nelems=2, elem type=java.util.HashMap$Entry@6afa20)
	[0]		b027b80
OBJ b027a60 (sz=24, trace=145, class=java.util.HashMap$Entry@6afa20)
	value		b027a00
	key		b0279c0
OBJ b027ac0 (sz=24, trace=148, class=java.lang.String@6aeef0)
	value		b027ae0
ARR b027ae0 (sz=72, trace=149, nelems=28, elem type=char)
OBJ b027b00 (sz=16, trace=150, class=java.util.jar.Attributes$Name@7544e0)
	name		75ed90
OBJ b027b80 (sz=24, trace=125, class=java.util.HashMap$Entry@6afa20)
	value		b027ac0
	key		b027b00
OBJ b027ba0 (sz=24, trace=140, class=java.lang.String@6aeef0)
	value		b027bc0
ARR b027bc0 (sz=64, trace=141, nelems=25, elem type=char)
OBJ b027be0 (sz=16, trace=142, class=java.util.jar.Attributes@752320)
	map		b026f80
OBJ b026f80 (sz=40, trace=143, class=java.util.HashMap@6afaf0)
	table		b026fa0
ARR b026fa0 (sz=24, trace=144, nelems=2, elem type=java.util.HashMap$Entry@6afa20)
	[0]		b027d60
OBJ b026fc0 (sz=24, trace=145, class=java.util.HashMap$Entry@6afa20)
	value		b027be0
	key		b027ba0
OBJ b027ca0 (sz=24, trace=148, class=java.lang.String@6aeef0)
	value		b027cc0
ARR b027cc0 (sz=72, trace=149, nelems=28, elem type=char)
OBJ b027ce0 (sz=16, trace=150, class=java.util.jar.Attributes$Name@7544e0)
	name		75ed90
OBJ b027d60 (sz=24, trace=125, class=java.util.HashMap$Entry@6afa20)
	value		b027ca0
	key		b027ce0
OBJ b027d80 (sz=24, trace=140, class=java.lang.String@6aeef0)
	value		b027da0
ARR b027da0 (sz=72, trace=141, nelems=27, elem type=char)
OBJ b027dc0 (sz=16, trace=142, class=java.util.jar.Attributes@752320)
	map		b027de0
OBJ b027de0 (sz=40, trace=143, class=java.util.HashMap@6afaf0)
	table		b027e00
ARR b027e00 (sz=24, trace=144, nelems=2, elem type=java.util.HashMap$Entry@6afa20)
	[0]		b027f40
OBJ b027e20 (sz=24, trace=145, class=java.util.HashMap$Entry@6afa20)
	value		b027dc0
	key		b027d80
OBJ b027e80 (sz=24, trace=148, class=java.lang.String@6aeef0)
	value		b027ea0
ARR b027ea0 (sz=72, trace=149, nelems=28, elem type=char)
OBJ b027ec0 (sz=16, trace=150, class=java.util.jar.Attributes$Name@7544e0)
	name		75ed90
OBJ b027f40 (sz=24, trace=125, class=java.util.HashMap$Entry@6afa20)
	value		b027e80
	key		b027ec0
OBJ b027f60 (sz=24, trace=140, class=java.lang.String@6aeef0)
	value		b027f80
ARR b027f80 (sz=72, trace=141, nelems=27, elem type=char)
OBJ b027fa0 (sz=16, trace=142, class=java.util.jar.Attributes@752320)
	map		b027fc0
OBJ b027fc0 (sz=40, trace=143, class=java.util.HashMap@6afaf0)
	table		b027fe0
ARR b027fe0 (sz=24, trace=144, nelems=2, elem type=java.util.HashMap$Entry@6afa20)
	[0]		b026140
OBJ b026020 (sz=24, trace=145, class=java.util.HashMap$Entry@6afa20)
	value		b027fa0
	key		b027f60
OBJ b026080 (sz=24, trace=148, class=java.lang.String@6aeef0)
	value		b0260a0
ARR b0260a0 (sz=72, trace=149, nelems=28, elem type=char)
OBJ b0260c0 (sz=16, trace=150, class=java.util.jar.Attributes$Name@7544e0)
	name		75ed90
OBJ b026140 (sz=24, trace=125, class=java.util.HashMap$Entry@6afa20)
	value		b026080
	key		b0260c0
OBJ b026160 (sz=24, trace=140, class=java.lang.String@6aeef0)
	value		b026180
ARR b026180 (sz=104, trace=141, nelems=46, elem type=char)
OBJ b0261a0 (sz=16, trace=142, class=java.util.jar.Attributes@752320)
	map		b0261c0
OBJ b0261c0 (sz=40, trace=143, class=java.util.HashMap@6afaf0)
	table		b0261e0
ARR b0261e0 (sz=24, trace=144, nelems=2, elem type=java.util.HashMap$Entry@6afa20)
	[0]		b026320
OBJ b026200 (sz=24, trace=145, class=java.util.HashMap$Entry@6afa20)
	next		b0263e0
	value		b0261a0
	key		b026160
OBJ b026260 (sz=24, trace=148, class=java.lang.String@6aeef0)
	value		b026280
ARR b026280 (sz=72, trace=149, nelems=28, elem type=char)
OBJ b0262a0 (sz=16, trace=150, class=java.util.jar.Attributes$Name@7544e0)
	name		75ed90
OBJ b026320 (sz=24, trace=125, class=java.util.HashMap$Entry@6afa20)
	value		b026260
	key		b0262a0
OBJ b026340 (sz=24, trace=140, class=java.lang.String@6aeef0)
	value		b026360
ARR b026360 (sz=88, trace=141, nelems=36, elem type=char)
OBJ b026380 (sz=16, trace=142, class=java.util.jar.Attributes@752320)
	map		b0263a0
OBJ b0263a0 (sz=40, trace=143, class=java.util.HashMap@6afaf0)
	table		b0263c0
ARR b0263c0 (sz=24, trace=144, nelems=2, elem type=java.util.HashMap$Entry@6afa20)
	[0]		b0268b0
OBJ b0263e0 (sz=24, trace=145, class=java.util.HashMap$Entry@6afa20)
	value		b026380
	key		b026340
OBJ b026440 (sz=24, trace=148, class=java.lang.String@6aeef0)
	value		b026460
ARR b026460 (sz=72, trace=149, nelems=28, elem type=char)
OBJ b026480 (sz=16, trace=150, class=java.util.jar.Attributes$Name@7544e0)
	name		75ed90
OBJ b0268b0 (sz=24, trace=125, class=java.util.HashMap$Entry@6afa20)
	value		b026440
	key		b026480
OBJ b0268d0 (sz=24, trace=140, class=java.lang.String@6aeef0)
	value		b0268f0
ARR b0268f0 (sz=72, trace=141, nelems=27, elem type=char)
OBJ b026910 (sz=16, trace=142, class=java.util.jar.Attributes@752320)
	map		b026930
OBJ b026930 (sz=40, trace=143, class=java.util.HashMap@6afaf0)
	table		b026950
ARR b026950 (sz=24, trace=144, nelems=2, elem type=java.util.HashMap$Entry@6afa20)
	[0]		b026c60
OBJ b026970 (sz=24, trace=145, class=java.util.HashMap$Entry@6afa20)
	value		b026910
	key		b0268d0
OBJ b0269d0 (sz=24, trace=148, class=java.lang.String@6aeef0)
	value		b0269f0
ARR b0269f0 (sz=72, trace=149, nelems=28, elem type=char)
OBJ b026a10 (sz=16, trace=150, class=java.util.jar.Attributes$Name@7544e0)
	name		75ed90
OBJ b026c60 (sz=24, trace=125, class=java.util.HashMap$Entry@6afa20)
	value		b0269d0
	key		b026a10
OBJ b026c80 (sz=24, trace=140, class=java.lang.String@6aeef0)
	value		b026ca0
ARR b026ca0 (sz=80, trace=141, nelems=34, elem type=char)
OBJ b026cc0 (sz=16, trace=142, class=java.util.jar.Attributes@752320)
	map		b026ce0
OBJ b026ce0 (sz=40, trace=143, class=java.util.HashMap@6afaf0)
	table		b026d00
ARR b026d00 (sz=24, trace=144, nelems=2, elem type=java.util.HashMap$Entry@6afa20)
	[0]		b026e40
OBJ b026d20 (sz=24, trace=145, class=java.util.HashMap$Entry@6afa20)
	next		b026f00
	value		b026cc0
	key		b026c80
OBJ b026d80 (sz=24, trace=148, class=java.lang.String@6aeef0)
	value		b026da0
ARR b026da0 (sz=72, trace=149, nelems=28, elem type=char)
OBJ b026dc0 (sz=16, trace=150, class=java.util.jar.Attributes$Name@7544e0)
	name		75ed90
OBJ b026e40 (sz=24, trace=125, class=java.util.HashMap$Entry@6afa20)
	value		b026d80
	key		b026dc0
OBJ b026e60 (sz=24, trace=140, class=java.lang.String@6aeef0)
	value		b026e80
ARR b026e80 (sz=72, trace=141, nelems=27, elem type=char)
OBJ b026ea0 (sz=16, trace=142, class=java.util.jar.Attributes@752320)
	map		b026ec0
OBJ b026ec0 (sz=40, trace=143, class=java.util.HashMap@6afaf0)
	table		b026ee0
ARR b026ee0 (sz=24, trace=144, nelems=2, elem type=java.util.HashMap$Entry@6afa20)
	[0]		b025060
OBJ b026f00 (sz=24, trace=145, class=java.util.HashMap$Entry@6afa20)
	value		b026ea0
	key		b026e60
OBJ b024480 (sz=24, trace=148, class=java.lang.String@6aeef0)
	value		b0244a0
ARR b0244a0 (sz=72, trace=149, nelems=28, elem type=char)
OBJ b026f60 (sz=16, trace=150, class=java.util.jar.Attributes$Name@7544e0)
	name		75ed90
OBJ b025060 (sz=24, trace=125, class=java.util.HashMap$Entry@6afa20)
	value		b024480
	key		b026f60
OBJ b025080 (sz=24, trace=140, class=java.lang.String@6aeef0)
	value		b0250a0
ARR b0250a0 (sz=80, trace=141, nelems=34, elem type=char)
OBJ b0250c0 (sz=16, trace=142, class=java.util.jar.Attributes@752320)
	map		b0250e0
OBJ b0250e0 (sz=40, trace=143, class=java.util.HashMap@6afaf0)
	table		b025100
ARR b025100 (sz=24, trace=144, nelems=2, elem type=java.util.HashMap$Entry@6afa20)
	[0]		b025240
OBJ b025120 (sz=24, trace=145, class=java.util.HashMap$Entry@6afa20)
	value		b0250c0
	key		b025080
OBJ b025180 (sz=24, trace=148, class=java.lang.String@6aeef0)
	value		b0251a0
ARR b0251a0 (sz=72, trace=149, nelems=28, elem type=char)
OBJ b0251c0 (sz=16, trace=150, class=java.util.jar.Attributes$Name@7544e0)
	name		75ed90
OBJ b025240 (sz=24, trace=125, class=java.util.HashMap$Entry@6afa20)
	value		b025180
	key		b0251c0
OBJ b025260 (sz=24, trace=140, class=java.lang.String@6aeef0)
	value		b025280
ARR b025280 (sz=72, trace=141, nelems=27, elem type=char)
OBJ b0252a0 (sz=16, trace=142, class=java.util.jar.Attributes@752320)
	map		b0252c0
OBJ b0252c0 (sz=40, trace=143, class=java.util.HashMap@6afaf0)
	table		b0252e0
ARR b0252e0 (sz=24, trace=144, nelems=2, elem type=java.util.HashMap$Entry@6afa20)
	[0]		b025440
OBJ b025300 (sz=24, trace=145, class=java.util.HashMap$Entry@6afa20)
	value		b0252a0
	key		b025260
OBJ b025380 (sz=24, trace=148, class=java.lang.String@6aeef0)
	value		b0253a0
ARR b0253a0 (sz=72, trace=149, nelems=28, elem type=char)
OBJ b0253c0 (sz=16, trace=150, class=java.util.jar.Attributes$Name@7544e0)
	name		75ed90
OBJ b025440 (sz=24, trace=125, class=java.util.HashMap$Entry@6afa20)
	value		b025380
	key		b0253c0
OBJ b025460 (sz=24, trace=140, class=java.lang.String@6aeef0)
	value		b025480
ARR b025480 (sz=88, trace=141, nelems=37, elem type=char)
OBJ b0254a0 (sz=16, trace=142, class=java.util.jar.Attributes@752320)
	map		b0254c0
OBJ b0254c0 (sz=40, trace=143, class=java.util.HashMap@6afaf0)
	table		b0254e0
ARR b0254e0 (sz=24, trace=144, nelems=2, elem type=java.util.HashMap$Entry@6afa20)
	[0]		b025620
OBJ b025500 (sz=24, trace=145, class=java.util.HashMap$Entry@6afa20)
	next		b025300
	value		b0254a0
	key		b025460
OBJ b025560 (sz=24, trace=148, class=java.lang.String@6aeef0)
	value		b025580
ARR b025580 (sz=72, trace=149, nelems=28, elem type=char)
OBJ b0255a0 (sz=16, trace=150, class=java.util.jar.Attributes$Name@7544e0)
	name		75ed90
OBJ b025620 (sz=24, trace=125, class=java.util.HashMap$Entry@6afa20)
	value		b025560
	key		b0255a0
OBJ b025640 (sz=24, trace=140, class=java.lang.String@6aeef0)
	value		b025660
ARR b025660 (sz=72, trace=141, nelems=27, elem type=char)
OBJ b025680 (sz=16, trace=142, class=java.util.jar.Attributes@752320)
	map		b0256a0
OBJ b0256a0 (sz=40, trace=143, class=java.util.HashMap@6afaf0)
	table		b0256c0
ARR b0256c0 (sz=24, trace=144, nelems=2, elem type=java.util.HashMap$Entry@6afa20)
	[0]		b025800
OBJ b0256e0 (sz=24, trace=145, class=java.util.HashMap$Entry@6afa20)
	value		b025680
	key		b025640
OBJ b025740 (sz=24, trace=148, class=java.lang.String@6aeef0)
	value		b025760
ARR b025760 (sz=72, trace=149, nelems=28, elem type=char)
OBJ b025780 (sz=16, trace=150, class=java.util.jar.Attributes$Name@7544e0)
	name		75ed90
OBJ b025800 (sz=24, trace=125, class=java.util.HashMap$Entry@6afa20)
	value		b025740
	key		b025780
OBJ b025820 (sz=24, trace=140, class=java.lang.String@6aeef0)
	value		b025840
ARR b025840 (sz=80, trace=141, nelems=34, elem type=char)
OBJ b025860 (sz=16, trace=142, class=java.util.jar.Attributes@752320)
	map		b025880
OBJ b025880 (sz=40, trace=143, class=java.util.HashMap@6afaf0)
	table		b0258a0
ARR b0258a0 (sz=24, trace=144, nelems=2, elem type=java.util.HashMap$Entry@6afa20)
	[0]		b025d30
OBJ b025c10 (sz=24, trace=145, class=java.util.HashMap$Entry@6afa20)
	next		b0256e0
	value		b025860
	key		b025820
OBJ b025c70 (sz=24, trace=148, class=java.lang.String@6aeef0)
	value		b025c90
ARR b025c90 (sz=72, trace=149, nelems=28, elem type=char)
OBJ b025cb0 (sz=16, trace=150, class=java.util.jar.Attributes$Name@7544e0)
	name		75ed90
OBJ b025d30 (sz=24, trace=125, class=java.util.HashMap$Entry@6afa20)
	value		b025c70
	key		b025cb0
OBJ b025e00 (sz=24, trace=140, class=java.lang.String@6aeef0)
	value		b025f40
ARR b025f40 (sz=104, trace=141, nelems=44, elem type=char)
OBJ b025fa0 (sz=16, trace=142, class=java.util.jar.Attributes@752320)
	map		b024170
OBJ b024170 (sz=40, trace=143, class=java.util.HashMap@6afaf0)
	table		b024190
ARR b024190 (sz=24, trace=144, nelems=2, elem type=java.util.HashMap$Entry@6afa20)
	[0]		b0242d0
OBJ b0241b0 (sz=24, trace=145, class=java.util.HashMap$Entry@6afa20)
	value		b025fa0
	key		b025e00
OBJ b024210 (sz=24, trace=148, class=java.lang.String@6aeef0)
	value		b024230
ARR b024230 (sz=72, trace=149, nelems=28, elem type=char)
OBJ b024250 (sz=16, trace=150, class=java.util.jar.Attributes$Name@7544e0)
	name		75ed90
OBJ b0242d0 (sz=24, trace=125, class=java.util.HashMap$Entry@6afa20)
	value		b024210
	key		b024250
OBJ b0242f0 (sz=24, trace=140, class=java.lang.String@6aeef0)
	value		b024310
ARR b024310 (sz=96, trace=141, nelems=40, elem type=char)
OBJ b024330 (sz=16, trace=142, class=java.util.jar.Attributes@752320)
	map		b024350
OBJ b024350 (sz=40, trace=143, class=java.util.HashMap@6afaf0)
	table		b024370
ARR b024370 (sz=24, trace=144, nelems=2, elem type=java.util.HashMap$Entry@6afa20)
	[0]		b024450
OBJ b024390 (sz=24, trace=145, class=java.util.HashMap$Entry@6afa20)
	next		b0241b0
	value		b024330
	key		b0242f0
OBJ b0243f0 (sz=24, trace=148, class=java.lang.String@6aeef0)
	value		b024410
ARR b024410 (sz=72, trace=149, nelems=28, elem type=char)
OBJ b024430 (sz=16, trace=150, class=java.util.jar.Attributes$Name@7544e0)
	name		75ed90
OBJ b024450 (sz=24, trace=125, class=java.util.HashMap$Entry@6afa20)
	value		b0243f0
	key		b024430
OBJ b0244c0 (sz=24, trace=140, class=java.lang.String@6aeef0)
	value		b0244e0
ARR b0244e0 (sz=72, trace=141, nelems=27, elem type=char)
OBJ b024500 (sz=16, trace=142, class=java.util.jar.Attributes@752320)
	map		b024520
OBJ b024520 (sz=40, trace=143, class=java.util.HashMap@6afaf0)
	table		b024540
ARR b024540 (sz=24, trace=144, nelems=2, elem type=java.util.HashMap$Entry@6afa20)
	[0]		b024680
OBJ b024560 (sz=24, trace=145, class=java.util.HashMap$Entry@6afa20)
	value		b024500
	key		b0244c0
OBJ b0245c0 (sz=24, trace=148, class=java.lang.String@6aeef0)
	value		b0245e0
ARR b0245e0 (sz=72, trace=149, nelems=28, elem type=char)
OBJ b024600 (sz=16, trace=150, class=java.util.jar.Attributes$Name@7544e0)
	name		75ed90
OBJ b024680 (sz=24, trace=125, class=java.util.HashMap$Entry@6afa20)
	value		b0245c0
	key		b024600
OBJ b0246a0 (sz=24, trace=140, class=java.lang.String@6aeef0)
	value		b0246c0
ARR b0246c0 (sz=88, trace=141, nelems=37, elem type=char)
OBJ b0246e0 (sz=16, trace=142, class=java.util.jar.Attributes@752320)
	map		b024700
OBJ b024700 (sz=40, trace=143, class=java.util.HashMap@6afaf0)
	table		b024720
ARR b024720 (sz=24, trace=144, nelems=2, elem type=java.util.HashMap$Entry@6afa20)
	[0]		b023c20
OBJ b024740 (sz=24, trace=145, class=java.util.HashMap$Entry@6afa20)
	next		b024560
	value		b0246e0
	key		b0246a0
OBJ b0247a0 (sz=24, trace=148, class=java.lang.String@6aeef0)
	value		b0247c0
ARR b0247c0 (sz=72, trace=149, nelems=28, elem type=char)
OBJ b0247e0 (sz=16, trace=150, class=java.util.jar.Attributes$Name@7544e0)
	name		75ed90
OBJ b023c20 (sz=24, trace=125, class=java.util.HashMap$Entry@6afa20)
	value		b0247a0
	key		b0247e0
OBJ b023c40 (sz=24, trace=140, class=java.lang.String@6aeef0)
	value		b023c60
ARR b023c60 (sz=72, trace=141, nelems=27, elem type=char)
OBJ b023c80 (sz=16, trace=142, class=java.util.jar.Attributes@752320)
	map		b023ca0
OBJ b023ca0 (sz=40, trace=143, class=java.util.HashMap@6afaf0)
	table		b023cc0
ARR b023cc0 (sz=24, trace=144, nelems=2, elem type=java.util.HashMap$Entry@6afa20)
	[0]		b023e20
OBJ b023ce0 (sz=24, trace=145, class=java.util.HashMap$Entry@6afa20)
	value		b023c80
	key		b023c40
OBJ b023d60 (sz=24, trace=148, class=java.lang.String@6aeef0)
	value		b023d80
ARR b023d80 (sz=72, trace=149, nelems=28, elem type=char)
OBJ b023da0 (sz=16, trace=150, class=java.util.jar.Attributes$Name@7544e0)
	name		75ed90
OBJ b023e20 (sz=24, trace=125, class=java.util.HashMap$Entry@6afa20)
	value		b023d60
	key		b023da0
OBJ b023e40 (sz=24, trace=140, class=java.lang.String@6aeef0)
	value		b023e60
ARR b023e60 (sz=72, trace=141, nelems=27, elem type=char)
OBJ b023e80 (sz=16, trace=142, class=java.util.jar.Attributes@752320)
	map		b023ea0
OBJ b023ea0 (sz=40, trace=143, class=java.util.HashMap@6afaf0)
	table		b023ec0
ARR b023ec0 (sz=24, trace=144, nelems=2, elem type=java.util.HashMap$Entry@6afa20)
	[0]		b024a20
OBJ b023ee0 (sz=24, trace=145, class=java.util.HashMap$Entry@6afa20)
	value		b023e80
	key		b023e40
OBJ b023f40 (sz=24, trace=148, class=java.lang.String@6aeef0)
	value		b023f60
ARR b023f60 (sz=72, trace=149, nelems=28, elem type=char)
OBJ b023f80 (sz=16, trace=150, class=java.util.jar.Attributes$Name@7544e0)
	name		75ed90
OBJ b024a20 (sz=24, trace=125, class=java.util.HashMap$Entry@6afa20)
	value		b023f40
	key		b023f80
OBJ b024a40 (sz=24, trace=140, class=java.lang.String@6aeef0)
	value		b024a60
ARR b024a60 (sz=96, trace=141, nelems=41, elem type=char)
OBJ b024a80 (sz=16, trace=142, class=java.util.jar.Attributes@752320)
	map		b024aa0
OBJ b024aa0 (sz=40, trace=143, class=java.util.HashMap@6afaf0)
	table		b024ac0
ARR b024ac0 (sz=24, trace=144, nelems=2, elem type=java.util.HashMap$Entry@6afa20)
	[0]		b022070
OBJ b024ae0 (sz=24, trace=145, class=java.util.HashMap$Entry@6afa20)
	next		b023b50
	value		b024a80
	key		b024a40
OBJ b024b40 (sz=24, trace=148, class=java.lang.String@6aeef0)
	value		b024b60
ARR b024b60 (sz=72, trace=149, nelems=28, elem type=char)
OBJ b024b80 (sz=16, trace=150, class=java.util.jar.Attributes$Name@7544e0)
	name		75ed90
OBJ b022070 (sz=24, trace=125, class=java.util.HashMap$Entry@6afa20)
	value		b024b40
	key		b024b80
OBJ b022090 (sz=24, trace=140, class=java.lang.String@6aeef0)
	value		b0220b0
ARR b0220b0 (sz=72, trace=141, nelems=27, elem type=char)
OBJ b0220d0 (sz=16, trace=142, class=java.util.jar.Attributes@752320)
	map		b0220f0
OBJ b0220f0 (sz=40, trace=143, class=java.util.HashMap@6afaf0)
	table		b023ad0
ARR b023ad0 (sz=24, trace=144, nelems=2, elem type=java.util.HashMap$Entry@6afa20)
	[0]		b024cc0
OBJ b023b50 (sz=24, trace=145, class=java.util.HashMap$Entry@6afa20)
	value		b0220d0
	key		b022090
OBJ b024c00 (sz=24, trace=148, class=java.lang.String@6aeef0)
	value		b024c20
ARR b024c20 (sz=72, trace=149, nelems=28, elem type=char)
OBJ b024c40 (sz=16, trace=150, class=java.util.jar.Attributes$Name@7544e0)
	name		75ed90
OBJ b024cc0 (sz=24, trace=125, class=java.util.HashMap$Entry@6afa20)
	value		b024c00
	key		b024c40
OBJ b024ce0 (sz=24, trace=140, class=java.lang.String@6aeef0)
	value		b024d00
ARR b024d00 (sz=96, trace=141, nelems=40, elem type=char)
OBJ b024d20 (sz=16, trace=142, class=java.util.jar.Attributes@752320)
	map		b024d40
OBJ b024d40 (sz=40, trace=143, class=java.util.HashMap@6afaf0)
	table		b024d60
ARR b024d60 (sz=24, trace=144, nelems=2, elem type=java.util.HashMap$Entry@6afa20)
	[0]		b024ea0
OBJ b024d80 (sz=24, trace=145, class=java.util.HashMap$Entry@6afa20)
	value		b024d20
	key		b024ce0
OBJ b024de0 (sz=24, trace=148, class=java.lang.String@6aeef0)
	value		b024e00
ARR b024e00 (sz=72, trace=149, nelems=28, elem type=char)
OBJ b024e20 (sz=16, trace=150, class=java.util.jar.Attributes$Name@7544e0)
	name		75ed90
OBJ b024ea0 (sz=24, trace=125, class=java.util.HashMap$Entry@6afa20)
	value		b024de0
	key		b024e20
OBJ b024ec0 (sz=24, trace=140, class=java.lang.String@6aeef0)
	value		b024ee0
ARR b024ee0 (sz=72, trace=141, nelems=27, elem type=char)
OBJ b024f00 (sz=16, trace=142, class=java.util.jar.Attributes@752320)
	map		b024f80
OBJ b024f80 (sz=40, trace=143, class=java.util.HashMap@6afaf0)
	table		b024fa0
ARR b024fa0 (sz=24, trace=144, nelems=2, elem type=java.util.HashMap$Entry@6afa20)
	[0]		b023100
OBJ b024fc0 (sz=24, trace=145, class=java.util.HashMap$Entry@6afa20)
	value		b024f00
	key		b024ec0
OBJ b023040 (sz=24, trace=148, class=java.lang.String@6aeef0)
	value		b023060
ARR b023060 (sz=72, trace=149, nelems=28, elem type=char)
OBJ b023080 (sz=16, trace=150, class=java.util.jar.Attributes$Name@7544e0)
	name		75ed90
OBJ b023100 (sz=24, trace=125, class=java.util.HashMap$Entry@6afa20)
	value		b023040
	key		b023080
OBJ b023120 (sz=24, trace=140, class=java.lang.String@6aeef0)
	value		b023140
ARR b023140 (sz=96, trace=141, nelems=41, elem type=char)
OBJ b023160 (sz=16, trace=142, class=java.util.jar.Attributes@752320)
	map		b023180
OBJ b023180 (sz=40, trace=143, class=java.util.HashMap@6afaf0)
	table		b0231a0
ARR b0231a0 (sz=24, trace=144, nelems=2, elem type=java.util.HashMap$Entry@6afa20)
	[0]		b0232e0
OBJ b0231c0 (sz=24, trace=145, class=java.util.HashMap$Entry@6afa20)
	value		b023160
	key		b023120
OBJ b023220 (sz=24, trace=148, class=java.lang.String@6aeef0)
	value		b023240
ARR b023240 (sz=72, trace=149, nelems=28, elem type=char)
OBJ b023260 (sz=16, trace=150, class=java.util.jar.Attributes$Name@7544e0)
	name		75ed90
OBJ b0232e0 (sz=24, trace=125, class=java.util.HashMap$Entry@6afa20)
	value		b023220
	key		b023260
OBJ b023300 (sz=24, trace=140, class=java.lang.String@6aeef0)
	value		b023320
ARR b023320 (sz=88, trace=141, nelems=35, elem type=char)
OBJ b023340 (sz=16, trace=142, class=java.util.jar.Attributes@752320)
	map		b023360
OBJ b023360 (sz=40, trace=143, class=java.util.HashMap@6afaf0)
	table		b023380
ARR b023380 (sz=24, trace=144, nelems=2, elem type=java.util.HashMap$Entry@6afa20)
	[0]		b0234c0
OBJ b0233a0 (sz=24, trace=145, class=java.util.HashMap$Entry@6afa20)
	value		b023340
	key		b023300
OBJ b023400 (sz=24, trace=148, class=java.lang.String@6aeef0)
	value		b023420
ARR b023420 (sz=72, trace=149, nelems=28, elem type=char)
OBJ b023440 (sz=16, trace=150, class=java.util.jar.Attributes$Name@7544e0)
	name		75ed90
OBJ b0234c0 (sz=24, trace=125, class=java.util.HashMap$Entry@6afa20)
	value		b023400
	key		b023440
OBJ b0234e0 (sz=24, trace=140, class=java.lang.String@6aeef0)
	value		b023500
ARR b023500 (sz=96, trace=141, nelems=39, elem type=char)
OBJ b023520 (sz=16, trace=142, class=java.util.jar.Attributes@752320)
	map		b023540
OBJ b023540 (sz=40, trace=143, class=java.util.HashMap@6afaf0)
	table		b023560
ARR b023560 (sz=24, trace=144, nelems=2, elem type=java.util.HashMap$Entry@6afa20)
	[0]		b0236a0
OBJ b023580 (sz=24, trace=145, class=java.util.HashMap$Entry@6afa20)
	value		b023520
	key		b0234e0
OBJ b0235e0 (sz=24, trace=148, class=java.lang.String@6aeef0)
	value		b023600
ARR b023600 (sz=72, trace=149, nelems=28, elem type=char)
OBJ b023620 (sz=16, trace=150, class=java.util.jar.Attributes$Name@7544e0)
	name		75ed90
OBJ b0236a0 (sz=24, trace=125, class=java.util.HashMap$Entry@6afa20)
	value		b0235e0
	key		b023620
OBJ b0236c0 (sz=24, trace=140, class=java.lang.String@6aeef0)
	value		b0236e0
ARR b0236e0 (sz=88, trace=141, nelems=36, elem type=char)
OBJ b023700 (sz=16, trace=142, class=java.util.jar.Attributes@752320)
	map		b023720
OBJ b023720 (sz=40, trace=143, class=java.util.HashMap@6afaf0)
	table		b023740
ARR b023740 (sz=24, trace=144, nelems=2, elem type=java.util.HashMap$Entry@6afa20)
	[0]		b023880
OBJ b023760 (sz=24, trace=145, class=java.util.HashMap$Entry@6afa20)
	value		b023700
	key		b0236c0
OBJ b0237c0 (sz=24, trace=148, class=java.lang.String@6aeef0)
	value		b0237e0
ARR b0237e0 (sz=72, trace=149, nelems=28, elem type=char)
OBJ b023800 (sz=16, trace=150, class=java.util.jar.Attributes$Name@7544e0)
	name		75ed90
OBJ b023880 (sz=24, trace=125, class=java.util.HashMap$Entry@6afa20)
	value		b0237c0
	key		b023800
OBJ b0238a0 (sz=24, trace=140, class=java.lang.String@6aeef0)
	value		b0238c0
ARR b0238c0 (sz=80, trace=141, nelems=31, elem type=char)
OBJ b0238e0 (sz=16, trace=142, class=java.util.jar.Attributes@752320)
	map		b023900
OBJ b023900 (sz=40, trace=143, class=java.util.HashMap@6afaf0)
	table		b023920
ARR b023920 (sz=24, trace=144, nelems=2, elem type=java.util.HashMap$Entry@6afa20)
	[0]		b022990
OBJ b023940 (sz=24, trace=145, class=java.util.HashMap$Entry@6afa20)
	value		b0238e0
	key		b0238a0
OBJ b0239e0 (sz=24, trace=148, class=java.lang.String@6aeef0)
	value		b0222e0
ARR b0222e0 (sz=72, trace=149, nelems=28, elem type=char)
OBJ b022460 (sz=16, trace=150, class=java.util.jar.Attributes$Name@7544e0)
	name		75ed90
OBJ b022990 (sz=24, trace=125, class=java.util.HashMap$Entry@6afa20)
	value		b0239e0
	key		b022460
OBJ b0229b0 (sz=24, trace=140, class=java.lang.String@6aeef0)
	value		b0229d0
ARR b0229d0 (sz=72, trace=141, nelems=29, elem type=char)
OBJ b0229f0 (sz=16, trace=142, class=java.util.jar.Attributes@752320)
	map		b022a10
OBJ b022a10 (sz=40, trace=143, class=java.util.HashMap@6afaf0)
	table		b022d30
ARR b022d30 (sz=24, trace=144, nelems=2, elem type=java.util.HashMap$Entry@6afa20)
	[0]		b020d40
OBJ b022d50 (sz=24, trace=145, class=java.util.HashMap$Entry@6afa20)
	next		b020fc0
	value		b0229f0
	key		b0229b0
OBJ b022db0 (sz=24, trace=148, class=java.lang.String@6aeef0)
	value		b022dd0
ARR b022dd0 (sz=72, trace=149, nelems=28, elem type=char)
OBJ b022df0 (sz=16, trace=150, class=java.util.jar.Attributes$Name@7544e0)
	name		75ed90
OBJ b020d40 (sz=24, trace=125, class=java.util.HashMap$Entry@6afa20)
	value		b022db0
	key		b022df0
OBJ b020d60 (sz=24, trace=140, class=java.lang.String@6aeef0)
	value		b020d80
ARR b020d80 (sz=96, trace=141, nelems=40, elem type=char)
OBJ b020da0 (sz=16, trace=142, class=java.util.jar.Attributes@752320)
	map		b020dc0
OBJ b020dc0 (sz=40, trace=143, class=java.util.HashMap@6afaf0)
	table		b020de0
ARR b020de0 (sz=24, trace=144, nelems=2, elem type=java.util.HashMap$Entry@6afa20)
	[0]		b01f120
OBJ b020fc0 (sz=24, trace=145, class=java.util.HashMap$Entry@6afa20)
	value		b020da0
	key		b020d60
OBJ b01f040 (sz=24, trace=148, class=java.lang.String@6aeef0)
	value		b014050
ARR b014050 (sz=72, trace=149, nelems=28, elem type=char)
OBJ b01f0a0 (sz=16, trace=150, class=java.util.jar.Attributes$Name@7544e0)
	name		75ed90
OBJ b01f120 (sz=24, trace=125, class=java.util.HashMap$Entry@6afa20)
	value		b01f040
	key		b01f0a0
OBJ b01f140 (sz=24, trace=140, class=java.lang.String@6aeef0)
	value		b01f160
ARR b01f160 (sz=80, trace=141, nelems=31, elem type=char)
OBJ b01f180 (sz=16, trace=142, class=java.util.jar.Attributes@752320)
	map		b01f1a0
OBJ b01f1a0 (sz=40, trace=143, class=java.util.HashMap@6afaf0)
	table		b01f1c0
ARR b01f1c0 (sz=24, trace=144, nelems=2, elem type=java.util.HashMap$Entry@6afa20)
	[0]		b01f320
OBJ b01f1e0 (sz=24, trace=145, class=java.util.HashMap$Entry@6afa20)
	value		b01f180
	key		b01f140
OBJ b01f260 (sz=24, trace=148, class=java.lang.String@6aeef0)
	value		b01f280
ARR b01f280 (sz=72, trace=149, nelems=28, elem type=char)
OBJ b01f2a0 (sz=16, trace=150, class=java.util.jar.Attributes$Name@7544e0)
	name		75ed90
OBJ b01f320 (sz=24, trace=125, class=java.util.HashMap$Entry@6afa20)
	value		b01f260
	key		b01f2a0
OBJ b019ee0 (sz=24, trace=140, class=java.lang.String@6aeef0)
	value		b019f00
ARR b019f00 (sz=88, trace=141, nelems=35, elem type=char)
OBJ b019f20 (sz=16, trace=142, class=java.util.jar.Attributes@752320)
	map		b019f40
OBJ b019f40 (sz=40, trace=143, class=java.util.HashMap@6afaf0)
	table		b019f60
ARR b019f60 (sz=24, trace=144, nelems=2, elem type=java.util.HashMap$Entry@6afa20)
	[0]		b01c9d0
OBJ b019f80 (sz=24, trace=145, class=java.util.HashMap$Entry@6afa20)
	value		b019f20
	key		b019ee0
OBJ b01f690 (sz=24, trace=148, class=java.lang.String@6aeef0)
	value		b01c900
ARR b01c900 (sz=72, trace=149, nelems=28, elem type=char)
OBJ b01c950 (sz=16, trace=150, class=java.util.jar.Attributes$Name@7544e0)
	name		75ed90
OBJ b01c9d0 (sz=24, trace=125, class=java.util.HashMap$Entry@6afa20)
	value		b01f690
	key		b01c950
OBJ b01e320 (sz=24, trace=140, class=java.lang.String@6aeef0)
	value		b01e340
ARR b01e340 (sz=96, trace=141, nelems=42, elem type=char)
OBJ b01e360 (sz=16, trace=142, class=java.util.jar.Attributes@752320)
	map		b01e380
OBJ b01e380 (sz=40, trace=143, class=java.util.HashMap@6afaf0)
	table		b01e3a0
ARR b01e3a0 (sz=24, trace=144, nelems=2, elem type=java.util.HashMap$Entry@6afa20)
	[0]		b01be90
OBJ b01e3c0 (sz=24, trace=145, class=java.util.HashMap$Entry@6afa20)
	value		b01e360
	key		b01e320
OBJ b018fe0 (sz=24, trace=148, class=java.lang.String@6aeef0)
	value		b01af70
ARR b01af70 (sz=72, trace=149, nelems=28, elem type=char)
OBJ b01af90 (sz=16, trace=150, class=java.util.jar.Attributes$Name@7544e0)
	name		75ed90
OBJ b01be90 (sz=24, trace=125, class=java.util.HashMap$Entry@6afa20)
	value		b018fe0
	key		b01af90
OBJ b01beb0 (sz=24, trace=140, class=java.lang.String@6aeef0)
	value		b018f00
ARR b018f00 (sz=96, trace=141, nelems=40, elem type=char)
OBJ b01d1b0 (sz=16, trace=142, class=java.util.jar.Attributes@752320)
	map		b014070
OBJ b014070 (sz=40, trace=143, class=java.util.HashMap@6afaf0)
	table		b014090
ARR b014090 (sz=24, trace=144, nelems=2, elem type=java.util.HashMap$Entry@6afa20)
	[0]		b0141d0
OBJ b0140b0 (sz=24, trace=145, class=java.util.HashMap$Entry@6afa20)
	value		b01d1b0
	key		b01beb0
OBJ b014110 (sz=24, trace=148, class=java.lang.String@6aeef0)
	value		b014130
ARR b014130 (sz=72, trace=149, nelems=28, elem type=char)
OBJ b014150 (sz=16, trace=150, class=java.util.jar.Attributes$Name@7544e0)
	name		75ed90
OBJ b0141d0 (sz=24, trace=125, class=java.util.HashMap$Entry@6afa20)
	value		b014110
	key		b014150
OBJ b0141f0 (sz=24, trace=140, class=java.lang.String@6aeef0)
	value		b014210
ARR b014210 (sz=72, trace=141, nelems=27, elem type=char)
OBJ b014230 (sz=16, trace=142, class=java.util.jar.Attributes@752320)
	map		b014250
OBJ b014250 (sz=40, trace=143, class=java.util.HashMap@6afaf0)
	table		b014270
ARR b014270 (sz=24, trace=144, nelems=2, elem type=java.util.HashMap$Entry@6afa20)
	[0]		b0143b0
OBJ b014290 (sz=24, trace=145, class=java.util.HashMap$Entry@6afa20)
	next		b014470
	value		b014230
	key		b0141f0
OBJ b0142f0 (sz=24, trace=148, class=java.lang.String@6aeef0)
	value		b014310
ARR b014310 (sz=72, trace=149, nelems=28, elem type=char)
OBJ b014330 (sz=16, trace=150, class=java.util.jar.Attributes$Name@7544e0)
	name		75ed90
OBJ b0143b0 (sz=24, trace=125, class=java.util.HashMap$Entry@6afa20)
	value		b0142f0
	key		b014330
OBJ b0143d0 (sz=24, trace=140, class=java.lang.String@6aeef0)
	value		b0143f0
ARR b0143f0 (sz=88, trace=141, nelems=38, elem type=char)
OBJ b014410 (sz=16, trace=142, class=java.util.jar.Attributes@752320)
	map		b014430
OBJ b014430 (sz=40, trace=143, class=java.util.HashMap@6afaf0)
	table		b014450
ARR b014450 (sz=24, trace=144, nelems=2, elem type=java.util.HashMap$Entry@6afa20)
	[0]		b016230
OBJ b014470 (sz=24, trace=145, class=java.util.HashMap$Entry@6afa20)
	value		b014410
	key		b0143d0
OBJ b016170 (sz=24, trace=148, class=java.lang.String@6aeef0)
	value		b016190
ARR b016190 (sz=72, trace=149, nelems=28, elem type=char)
OBJ b0161b0 (sz=16, trace=150, class=java.util.jar.Attributes$Name@7544e0)
	name		75ed90
OBJ b016230 (sz=24, trace=125, class=java.util.HashMap$Entry@6afa20)
	value		b016170
	key		b0161b0
OBJ b016250 (sz=24, trace=140, class=java.lang.String@6aeef0)
	value		b016270
ARR b016270 (sz=72, trace=141, nelems=27, elem type=char)
OBJ b016290 (sz=16, trace=142, class=java.util.jar.Attributes@752320)
	map		b0162b0
OBJ b0162b0 (sz=40, trace=143, class=java.util.HashMap@6afaf0)
	table		b0162d0
ARR b0162d0 (sz=24, trace=144, nelems=2, elem type=java.util.HashMap$Entry@6afa20)
	[0]		b017d40
OBJ b0162f0 (sz=24, trace=145, class=java.util.HashMap$Entry@6afa20)
	next		b017e00
	value		b016290
	key		b016250
OBJ b016350 (sz=24, trace=148, class=java.lang.String@6aeef0)
	value		b016370
ARR b016370 (sz=72, trace=149, nelems=28, elem type=char)
OBJ b016390 (sz=16, trace=150, class=java.util.jar.Attributes$Name@7544e0)
	name		75ed90
OBJ b017d40 (sz=24, trace=125, class=java.util.HashMap$Entry@6afa20)
	value		b016350
	key		b016390
OBJ b017d60 (sz=24, trace=140, class=java.lang.String@6aeef0)
	value		b017d80
ARR b017d80 (sz=72, trace=141, nelems=28, elem type=char)
OBJ b017da0 (sz=16, trace=142, class=java.util.jar.Attributes@752320)
	map		b017dc0
OBJ b017dc0 (sz=40, trace=143, class=java.util.HashMap@6afaf0)
	table		b017de0
ARR b017de0 (sz=24, trace=144, nelems=2, elem type=java.util.HashMap$Entry@6afa20)
	[0]		b01f400
OBJ b017e00 (sz=24, trace=145, class=java.util.HashMap$Entry@6afa20)
	value		b017da0
	key		b017d60
OBJ b01f340 (sz=24, trace=148, class=java.lang.String@6aeef0)
	value		b01f360
ARR b01f360 (sz=72, trace=149, nelems=28, elem type=char)
OBJ b01f380 (sz=16, trace=150, class=java.util.jar.Attributes$Name@7544e0)
	name		75ed90
OBJ b01f400 (sz=24, trace=125, class=java.util.HashMap$Entry@6afa20)
	value		b01f340
	key		b01f380
OBJ b01f420 (sz=24, trace=140, class=java.lang.String@6aeef0)
	value		b01f440
ARR b01f440 (sz=88, trace=141, nelems=37, elem type=char)
OBJ b01f460 (sz=16, trace=142, class=java.util.jar.Attributes@752320)
	map		b01f480
OBJ b01f480 (sz=40, trace=143, class=java.util.HashMap@6afaf0)
	table		b01f4a0
ARR b01f4a0 (sz=24, trace=144, nelems=2, elem type=java.util.HashMap$Entry@6afa20)
	[0]		b01f5e0
OBJ b01f4c0 (sz=24, trace=145, class=java.util.HashMap$Entry@6afa20)
	value		b01f460
	key		b01f420
OBJ b01f520 (sz=24, trace=148, class=java.lang.String@6aeef0)
	value		b01f540
ARR b01f540 (sz=72, trace=149, nelems=28, elem type=char)
OBJ b01f560 (sz=16, trace=150, class=java.util.jar.Attributes$Name@7544e0)
	name		75ed90
OBJ b01f5e0 (sz=24, trace=125, class=java.util.HashMap$Entry@6afa20)
	value		b01f520
	key		b01f560
OBJ b01f600 (sz=24, trace=140, class=java.lang.String@6aeef0)
	value		b01f620
ARR b01f620 (sz=72, trace=141, nelems=27, elem type=char)
OBJ b01e720 (sz=16, trace=142, class=java.util.jar.Attributes@752320)
	map		b01e740
OBJ b01e740 (sz=40, trace=143, class=java.util.HashMap@6afaf0)
	table		b01f640
ARR b01f640 (sz=24, trace=144, nelems=2, elem type=java.util.HashMap$Entry@6afa20)
	[0]		b01f7d0
OBJ b01f6b0 (sz=24, trace=145, class=java.util.HashMap$Entry@6afa20)
	value		b01e720
	key		b01f600
OBJ b01f710 (sz=24, trace=148, class=java.lang.String@6aeef0)
	value		b01f730
ARR b01f730 (sz=72, trace=149, nelems=28, elem type=char)
OBJ b01f750 (sz=16, trace=150, class=java.util.jar.Attributes$Name@7544e0)
	name		75ed90
OBJ b01f7d0 (sz=24, trace=125, class=java.util.HashMap$Entry@6afa20)
	value		b01f710
	key		b01f750
OBJ b01f7f0 (sz=24, trace=140, class=java.lang.String@6aeef0)
	value		b01f810
ARR b01f810 (sz=72, trace=141, nelems=27, elem type=char)
OBJ b01f830 (sz=16, trace=142, class=java.util.jar.Attributes@752320)
	map		b01f850
OBJ b01f850 (sz=40, trace=143, class=java.util.HashMap@6afaf0)
	table		b01f870
ARR b01f870 (sz=24, trace=144, nelems=2, elem type=java.util.HashMap$Entry@6afa20)
	[0]		b01f9b0
OBJ b01f890 (sz=24, trace=145, class=java.util.HashMap$Entry@6afa20)
	next		b01fa70
	value		b01f830
	key		b01f7f0
OBJ b01f8f0 (sz=24, trace=148, class=java.lang.String@6aeef0)
	value		b01f910
ARR b01f910 (sz=72, trace=149, nelems=28, elem type=char)
OBJ b01f930 (sz=16, trace=150, class=java.util.jar.Attributes$Name@7544e0)
	name		75ed90
OBJ b01f9b0 (sz=24, trace=125, class=java.util.HashMap$Entry@6afa20)
	value		b01f8f0
	key		b01f930
OBJ b01f9d0 (sz=24, trace=140, class=java.lang.String@6aeef0)
	value		b01f9f0
ARR b01f9f0 (sz=96, trace=141, nelems=39, elem type=char)
OBJ b01fa10 (sz=16, trace=142, class=java.util.jar.Attributes@752320)
	map		b01fa30
OBJ b01fa30 (sz=40, trace=143, class=java.util.HashMap@6afaf0)
	table		b01fa50
ARR b01fa50 (sz=24, trace=144, nelems=2, elem type=java.util.HashMap$Entry@6afa20)
	[0]		b01fbb0
OBJ b01fa70 (sz=24, trace=145, class=java.util.HashMap$Entry@6afa20)
	value		b01fa10
	key		b01f9d0
ARR b01fa90 (sz=528, trace=153, nelems=128, elem type=java.util.HashMap$Entry@6afa20)
	[2]		b01df80
	[3]		b01dbd0
	[4]		b01d9f0
	[6]		b01ecc0
	[8]		b01eae0
	[10]		b01e900
	[12]		b01e530
	[14]		b01e260
	[15]		b01fe50
	[16]		b01fc70
	[18]		b01f890
	[20]		b01f6b0
	[21]		b01f4c0
	[22]		b0162f0
	[24]		b014290
	[26]		b0140b0
	[33]		b01e3c0
	[37]		b019f80
	[42]		b01f1e0
	[49]		b022d50
	[51]		b023940
	[54]		b023760
	[56]		b023580
	[58]		b0233a0
	[60]		b0231c0
	[67]		b024fc0
	[68]		b024d80
	[69]		b024ae0
	[71]		b023ee0
	[73]		b023ce0
	[75]		b024740
	[76]		b024390
	[77]		b025c10
	[79]		b025500
	[80]		b025120
	[81]		b026d20
	[83]		b026970
	[84]		b026200
	[85]		b026020
	[87]		b027e20
	[92]		b026fc0
	[102]		b027a60
	[105]		b028d40
	[106]		b028b60
	[107]		b028980
	[113]		b0287a0
	[118]		b0285c0
	[122]		b0283e0
OBJ b01faf0 (sz=24, trace=148, class=java.lang.String@6aeef0)
	value		b01fb10
ARR b01fb10 (sz=72, trace=149, nelems=28, elem type=char)
OBJ b01fb30 (sz=16, trace=150, class=java.util.jar.Attributes$Name@7544e0)
	name		75ed90
OBJ b01fbb0 (sz=24, trace=125, class=java.util.HashMap$Entry@6afa20)
	value		b01faf0
	key		b01fb30
OBJ b01fbd0 (sz=24, trace=140, class=java.lang.String@6aeef0)
	value		b01fbf0
ARR b01fbf0 (sz=72, trace=141, nelems=27, elem type=char)
OBJ b01fc10 (sz=16, trace=142, class=java.util.jar.Attributes@752320)
	map		b01fc30
OBJ b01fc30 (sz=40, trace=143, class=java.util.HashMap@6afaf0)
	table		b01fc50
ARR b01fc50 (sz=24, trace=144, nelems=2, elem type=java.util.HashMap$Entry@6afa20)
	[0]		b01fd90
OBJ b01fc70 (sz=24, trace=145, class=java.util.HashMap$Entry@6afa20)
	value		b01fc10
	key		b01fbd0
OBJ b01fcd0 (sz=24, trace=148, class=java.lang.String@6aeef0)
	value		b01fcf0
ARR b01fcf0 (sz=72, trace=149, nelems=28, elem type=char)
OBJ b01fd10 (sz=16, trace=150, class=java.util.jar.Attributes$Name@7544e0)
	name		75ed90
OBJ b01fd90 (sz=24, trace=125, class=java.util.HashMap$Entry@6afa20)
	value		b01fcd0
	key		b01fd10
OBJ b01fdb0 (sz=24, trace=140, class=java.lang.String@6aeef0)
	value		b01fdd0
ARR b01fdd0 (sz=80, trace=141, nelems=32, elem type=char)
OBJ b01fdf0 (sz=16, trace=142, class=java.util.jar.Attributes@752320)
	map		b01fe10
OBJ b01fe10 (sz=40, trace=143, class=java.util.HashMap@6afaf0)
	table		b01fe30
ARR b01fe30 (sz=24, trace=144, nelems=2, elem type=java.util.HashMap$Entry@6afa20)
	[0]		b01e1a0
OBJ b01fe50 (sz=24, trace=145, class=java.util.HashMap$Entry@6afa20)
	value		b01fdf0
	key		b01fdb0
OBJ b01e0e0 (sz=24, trace=148, class=java.lang.String@6aeef0)
	value		b01e100
ARR b01e100 (sz=72, trace=149, nelems=28, elem type=char)
OBJ b01e120 (sz=16, trace=150, class=java.util.jar.Attributes$Name@7544e0)
	name		75ed90
OBJ b01e1a0 (sz=24, trace=125, class=java.util.HashMap$Entry@6afa20)
	value		b01e0e0
	key		b01e120
OBJ b01e1c0 (sz=24, trace=140, class=java.lang.String@6aeef0)
	value		b01e1e0
ARR b01e1e0 (sz=72, trace=141, nelems=27, elem type=char)
OBJ b01e200 (sz=16, trace=142, class=java.util.jar.Attributes@752320)
	map		b01e220
OBJ b01e220 (sz=40, trace=143, class=java.util.HashMap@6afaf0)
	table		b01e240
ARR b01e240 (sz=24, trace=144, nelems=2, elem type=java.util.HashMap$Entry@6afa20)
	[0]		b01e470
OBJ b01e260 (sz=24, trace=145, class=java.util.HashMap$Entry@6afa20)
	value		b01e200
	key		b01e1c0
OBJ b01e2c0 (sz=24, trace=148, class=java.lang.String@6aeef0)
	value		b01e2e0
ARR b01e2e0 (sz=72, trace=149, nelems=28, elem type=char)
OBJ b01e3f0 (sz=16, trace=150, class=java.util.jar.Attributes$Name@7544e0)
	name		75ed90
OBJ b01e470 (sz=24, trace=125, class=java.util.HashMap$Entry@6afa20)
	value		b01e2c0
	key		b01e3f0
OBJ b01e490 (sz=24, trace=140, class=java.lang.String@6aeef0)
	value		b01e4b0
ARR b01e4b0 (sz=72, trace=141, nelems=27, elem type=char)
OBJ b01e4d0 (sz=16, trace=142, class=java.util.jar.Attributes@752320)
	map		b01e4f0
OBJ b01e4f0 (sz=40, trace=143, class=java.util.HashMap@6afaf0)
	table		b01e510
ARR b01e510 (sz=24, trace=144, nelems=2, elem type=java.util.HashMap$Entry@6afa20)
	[0]		b01e650
OBJ b01e530 (sz=24, trace=145, class=java.util.HashMap$Entry@6afa20)
	value		b01e4d0
	key		b01e490
OBJ b01e590 (sz=24, trace=148, class=java.lang.String@6aeef0)
	value		b01e5b0
ARR b01e5b0 (sz=72, trace=149, nelems=28, elem type=char)
OBJ b01e5d0 (sz=16, trace=150, class=java.util.jar.Attributes$Name@7544e0)
	name		75ed90
OBJ b01e650 (sz=24, trace=125, class=java.util.HashMap$Entry@6afa20)
	value		b01e590
	key		b01e5d0
OBJ b01e670 (sz=24, trace=140, class=java.lang.String@6aeef0)
	value		b01e690
ARR b01e690 (sz=64, trace=141, nelems=25, elem type=char)
OBJ b01e6b0 (sz=16, trace=142, class=java.util.jar.Attributes@752320)
	map		b01e6d0
OBJ b01e6d0 (sz=40, trace=143, class=java.util.HashMap@6afaf0)
	table		b01dc20
ARR b01dc20 (sz=24, trace=144, nelems=2, elem type=java.util.HashMap$Entry@6afa20)
	[0]		b01e840
OBJ b01dc40 (sz=24, trace=145, class=java.util.HashMap$Entry@6afa20)
	value		b01e6b0
	key		b01e670
OBJ b01e780 (sz=24, trace=148, class=java.lang.String@6aeef0)
	value		b01e7a0
ARR b01e7a0 (sz=72, trace=149, nelems=28, elem type=char)
OBJ b01e7c0 (sz=16, trace=150, class=java.util.jar.Attributes$Name@7544e0)
	name		75ed90
OBJ b01e840 (sz=24, trace=125, class=java.util.HashMap$Entry@6afa20)
	value		b01e780
	key		b01e7c0
OBJ b01e860 (sz=24, trace=140, class=java.lang.String@6aeef0)
	value		b01e880
ARR b01e880 (sz=72, trace=141, nelems=27, elem type=char)
OBJ b01e8a0 (sz=16, trace=142, class=java.util.jar.Attributes@752320)
	map		b01e8c0
OBJ b01e8c0 (sz=40, trace=143, class=java.util.HashMap@6afaf0)
	table		b01e8e0
ARR b01e8e0 (sz=24, trace=144, nelems=2, elem type=java.util.HashMap$Entry@6afa20)
	[0]		b01ea20
OBJ b01e900 (sz=24, trace=145, class=java.util.HashMap$Entry@6afa20)
	next		b01dc40
	value		b01e8a0
	key		b01e860
OBJ b01e960 (sz=24, trace=148, class=java.lang.String@6aeef0)
	value		b01e980
ARR b01e980 (sz=72, trace=149, nelems=28, elem type=char)
OBJ b01e9a0 (sz=16, trace=150, class=java.util.jar.Attributes$Name@7544e0)
	name		75ed90
OBJ b01ea20 (sz=24, trace=125, class=java.util.HashMap$Entry@6afa20)
	value		b01e960
	key		b01e9a0
OBJ b01ea40 (sz=24, trace=140, class=java.lang.String@6aeef0)
	value		b01ea60
ARR b01ea60 (sz=72, trace=141, nelems=27, elem type=char)
OBJ b01ea80 (sz=16, trace=142, class=java.util.jar.Attributes@752320)
	map		b01eaa0
OBJ b01eaa0 (sz=40, trace=143, class=java.util.HashMap@6afaf0)
	table		b01eac0
ARR b01eac0 (sz=24, trace=144, nelems=2, elem type=java.util.HashMap$Entry@6afa20)
	[0]		b01ec00
OBJ b01eae0 (sz=24, trace=145, class=java.util.HashMap$Entry@6afa20)
	value		b01ea80
	key		b01ea40
OBJ b01eb40 (sz=24, trace=148, class=java.lang.String@6aeef0)
	value		b01eb60
ARR b01eb60 (sz=72, trace=149, nelems=28, elem type=char)
OBJ b01eb80 (sz=16, trace=150, class=java.util.jar.Attributes$Name@7544e0)
	name		75ed90
OBJ b01ec00 (sz=24, trace=125, class=java.util.HashMap$Entry@6afa20)
	value		b01eb40
	key		b01eb80
OBJ b01ec20 (sz=24, trace=140, class=java.lang.String@6aeef0)
	value		b01ec40
ARR b01ec40 (sz=72, trace=141, nelems=27, elem type=char)
OBJ b01ec60 (sz=16, trace=142, class=java.util.jar.Attributes@752320)
	map		b01ec80
OBJ b01ec80 (sz=40, trace=143, class=java.util.HashMap@6afaf0)
	table		b01eca0
ARR b01eca0 (sz=24, trace=144, nelems=2, elem type=java.util.HashMap$Entry@6afa20)
	[0]		b01ede0
OBJ b01ecc0 (sz=24, trace=145, class=java.util.HashMap$Entry@6afa20)
	value		b01ec60
	key		b01ec20
OBJ b01ed20 (sz=24, trace=148, class=java.lang.String@6aeef0)
	value		b01ed40
ARR b01ed40 (sz=72, trace=149, nelems=28, elem type=char)
OBJ b01ed60 (sz=16, trace=150, class=java.util.jar.Attributes$Name@7544e0)
	name		75ed90
OBJ b01ede0 (sz=24, trace=125, class=java.util.HashMap$Entry@6afa20)
	value		b01ed20
	key		b01ed60
OBJ b01ee00 (sz=24, trace=140, class=java.lang.String@6aeef0)
	value		b01ee20
ARR b01ee20 (sz=72, trace=141, nelems=27, elem type=char)
OBJ b01ee40 (sz=16, trace=142, class=java.util.jar.Attributes@752320)
	map		b01ee60
OBJ b01ee60 (sz=40, trace=143, class=java.util.HashMap@6afaf0)
	table		b01ee80
ARR b01ee80 (sz=24, trace=144, nelems=2, elem type=java.util.HashMap$Entry@6afa20)
	[0]		b01efc0
OBJ b01eea0 (sz=24, trace=145, class=java.util.HashMap$Entry@6afa20)
	value		b01ee40
	key		b01ee00
OBJ b01ef00 (sz=24, trace=148, class=java.lang.String@6aeef0)
	value		b01ef20
ARR b01ef20 (sz=72, trace=149, nelems=28, elem type=char)
OBJ b01ef40 (sz=16, trace=150, class=java.util.jar.Attributes$Name@7544e0)
	name		75ed90
OBJ b01efc0 (sz=24, trace=125, class=java.util.HashMap$Entry@6afa20)
	value		b01ef00
	key		b01ef40
OBJ b01efe0 (sz=24, trace=140, class=java.lang.String@6aeef0)
	value		b01d010
ARR b01d010 (sz=72, trace=141, nelems=28, elem type=char)
OBJ b01d030 (sz=16, trace=142, class=java.util.jar.Attributes@752320)
	map		b01d050
OBJ b01d050 (sz=40, trace=143, class=java.util.HashMap@6afaf0)
	table		b01d070
ARR b01d070 (sz=24, trace=144, nelems=2, elem type=java.util.HashMap$Entry@6afa20)
	[0]		b01d930
OBJ b01d090 (sz=24, trace=145, class=java.util.HashMap$Entry@6afa20)
	next		b01eea0
	value		b01d030
	key		b01efe0
OBJ b01d0f0 (sz=24, trace=148, class=java.lang.String@6aeef0)
	value		b01d110
ARR b01d110 (sz=72, trace=149, nelems=28, elem type=char)
OBJ b01d130 (sz=16, trace=150, class=java.util.jar.Attributes$Name@7544e0)
	name		75ed90
OBJ b01d930 (sz=24, trace=125, class=java.util.HashMap$Entry@6afa20)
	value		b01d0f0
	key		b01d130
OBJ b01d950 (sz=24, trace=140, class=java.lang.String@6aeef0)
	value		b01d970
ARR b01d970 (sz=56, trace=141, nelems=22, elem type=char)
OBJ b01d990 (sz=16, trace=142, class=java.util.jar.Attributes@752320)
	map		b01d9b0
OBJ b01d9b0 (sz=40, trace=143, class=java.util.HashMap@6afaf0)
	table		b01d9d0
ARR b01d9d0 (sz=24, trace=144, nelems=2, elem type=java.util.HashMap$Entry@6afa20)
	[0]		b01db10
OBJ b01d9f0 (sz=24, trace=145, class=java.util.HashMap$Entry@6afa20)
	next		b01d090
	value		b01d990
	key		b01d950
OBJ b01da50 (sz=24, trace=148, class=java.lang.String@6aeef0)
	value		b01da70
ARR b01da70 (sz=72, trace=149, nelems=28, elem type=char)
OBJ b01da90 (sz=16, trace=150, class=java.util.jar.Attributes$Name@7544e0)
	name		75ed90
OBJ b01db10 (sz=24, trace=125, class=java.util.HashMap$Entry@6afa20)
	value		b01da50
	key		b01da90
OBJ b01db30 (sz=24, trace=140, class=java.lang.String@6aeef0)
	value		b01db50
ARR b01db50 (sz=96, trace=141, nelems=42, elem type=char)
OBJ b01db70 (sz=16, trace=142, class=java.util.jar.Attributes@752320)
	map		b01db90
OBJ b01db90 (sz=40, trace=143, class=java.util.HashMap@6afaf0)
	table		b01dbb0
ARR b01dbb0 (sz=24, trace=144, nelems=2, elem type=java.util.HashMap$Entry@6afa20)
	[0]		b01dce0
OBJ b01dbd0 (sz=24, trace=145, class=java.util.HashMap$Entry@6afa20)
	value		b01db70
	key		b01db30
OBJ b01cd40 (sz=24, trace=148, class=java.lang.String@6aeef0)
	value		b01dbf0
ARR b01dbf0 (sz=72, trace=149, nelems=28, elem type=char)
OBJ b01dc60 (sz=16, trace=150, class=java.util.jar.Attributes$Name@7544e0)
	name		75ed90
OBJ b01dce0 (sz=24, trace=125, class=java.util.HashMap$Entry@6afa20)
	value		b01cd40
	key		b01dc60
OBJ b01dd00 (sz=24, trace=140, class=java.lang.String@6aeef0)
	value		b01dd20
ARR b01dd20 (sz=72, trace=141, nelems=27, elem type=char)
OBJ b01dd40 (sz=16, trace=142, class=java.util.jar.Attributes@752320)
	map		b01dd60
OBJ b01dd60 (sz=40, trace=143, class=java.util.HashMap@6afaf0)
	table		b01dd80
ARR b01dd80 (sz=24, trace=144, nelems=2, elem type=java.util.HashMap$Entry@6afa20)
	[0]		b01dec0
OBJ b01dda0 (sz=24, trace=145, class=java.util.HashMap$Entry@6afa20)
	value		b01dd40
	key		b01dd00
OBJ b01de00 (sz=24, trace=148, class=java.lang.String@6aeef0)
	value		b01de20
ARR b01de20 (sz=72, trace=149, nelems=28, elem type=char)
OBJ b01de40 (sz=16, trace=150, class=java.util.jar.Attributes$Name@7544e0)
	name		75ed90
OBJ b01dec0 (sz=24, trace=125, class=java.util.HashMap$Entry@6afa20)
	value		b01de00
	key		b01de40
OBJ b01dee0 (sz=24, trace=140, class=java.lang.String@6aeef0)
	value		b01df00
ARR b01df00 (sz=96, trace=141, nelems=39, elem type=char)
OBJ b01df20 (sz=16, trace=142, class=java.util.jar.Attributes@752320)
	map		b01df40
OBJ b01df40 (sz=40, trace=143, class=java.util.HashMap@6afaf0)
	table		b01df60
ARR b01df60 (sz=24, trace=144, nelems=2, elem type=java.util.HashMap$Entry@6afa20)
	[0]		b01c0b0
OBJ b01df80 (sz=24, trace=145, class=java.util.HashMap$Entry@6afa20)
	next		b01dda0
	value		b01df20
	key		b01dee0
OBJ b01dfe0 (sz=24, trace=148, class=java.lang.String@6aeef0)
	value		b01c010
ARR b01c010 (sz=72, trace=149, nelems=28, elem type=char)
OBJ b01c030 (sz=16, trace=150, class=java.util.jar.Attributes$Name@7544e0)
	name		75ed90
OBJ b01c0b0 (sz=24, trace=125, class=java.util.HashMap$Entry@6afa20)
	value		b01dfe0
	key		b01c030
OBJ b01c0d0 (sz=48, trace=127, class=java.util.jar.JarVerifier@7574e0)
	manifestRawBytes	b0294e0
	baos		b01c1f0
	manifest	b0295e0
	pendingBlocks	b01c1b0
	sigFileData	b01c170
	sigFileCerts	b01c0f0
	verifiedCerts	b01c130
OBJ b01c0f0 (sz=40, trace=128, class=java.util.Hashtable@6b63a0)
	table		b01c110
ARR b01c110 (sz=56, trace=129, nelems=11, elem type=java.util.Hashtable$Entry@6af830)
OBJ b01c130 (sz=40, trace=130, class=java.util.Hashtable@6b63a0)
	table		b01c150
ARR b01c150 (sz=56, trace=131, nelems=11, elem type=java.util.Hashtable$Entry@6af830)
OBJ b01c170 (sz=40, trace=132, class=java.util.Hashtable@6b63a0)
	table		b01c190
ARR b01c190 (sz=56, trace=133, nelems=11, elem type=java.util.Hashtable$Entry@6af830)
OBJ b01c1b0 (sz=24, trace=134, class=java.util.ArrayList@6b6800)
	elementData	b01c1d0
ARR b01c1d0 (sz=56, trace=135, nelems=10, elem type=java.lang.Object@6ae810)
OBJ b01c1f0 (sz=16, trace=136, class=java.io.ByteArrayOutputStream@758050)
	buf		b01c210
ARR b01c210 (sz=48, trace=137, nelems=32, elem type=byte)
OBJ b01c230 (sz=24, trace=138, class=java.util.HashMap$Entry@6afa20)
	value		b029020
	key		b073550
OBJ b01c310 (sz=32, trace=16, class=sun.misc.URLClassPath$JarLoader@741700)
	lmap		b072520
	handler		b072c80
	csu		b073ce0
	jar		b01c860
	base		b01c330
OBJ b01c330 (sz=56, trace=17, class=java.net.URL@6b9e60)
	handler		b072c80
	path		b01c450
	authority	6bd050
	file		b01c450
	host		6bd050
	protocol	6c7b00
ARR b01c430 (sz=240, trace=25, nelems=114, elem type=char)
OBJ b01c450 (sz=24, trace=26, class=java.lang.String@6aeef0)
	value		b01c430
OBJ b01c860 (sz=48, trace=39, class=java.util.jar.JarFile@7450f0)
	jv		b01cfc0
	manEntry	b01cb20
	man		b01cc40
	inflaters	b01ca40
	name		b01ca20
OBJ b01c880 (sz=32, trace=54, class=java.lang.ref.Finalizer@6b1920)
	prev		b01cbe0
	next		b029580
	queue		6ae070
	referent	b01c860
ARR b01ca00 (sz=112, trace=37, nelems=49, elem type=char)
OBJ b01ca20 (sz=24, trace=38, class=java.lang.String@6aeef0)
	value		b01ca00
OBJ b01ca40 (sz=24, trace=57, class=java.util.Vector@6ae8c0)
	elementData	b01ca60
ARR b01ca60 (sz=56, trace=58, nelems=10, elem type=java.lang.Object@6ae810)
	[0]		b01cbc0
OBJ b01cb20 (sz=88, trace=73, class=java.util.jar.JarFile$JarFileEntry@74c460)
	this$0		b01c860
	name		745010
ARR b01cb40 (sz=80, trace=74, nelems=68, elem type=byte)
OBJ b01cbc0 (sz=32, trace=81, class=java.util.zip.Inflater@74f1e0)
	buf		b01cc20
OBJ b01cbe0 (sz=32, trace=84, class=java.lang.ref.Finalizer@6b1920)
	prev		b01b8b0
	next		b01c880
	queue		6ae070
	referent	b01cbc0
ARR b01cc20 (sz=528, trace=87, nelems=512, elem type=byte)
OBJ b01cc40 (sz=16, trace=90, class=java.util.jar.Manifest@751410)
	entries		b01a200
	attr		b01cc80
OBJ b01cc80 (sz=16, trace=91, class=java.util.jar.Attributes@752320)
	map		b01cca0
OBJ b01cca0 (sz=40, trace=92, class=java.util.HashMap@6afaf0)
	table		b01ccc0
ARR b01ccc0 (sz=80, trace=93, nelems=16, elem type=java.util.HashMap$Entry@6afa20)
	[10]		b01ce80
	[12]		b01cfa0
OBJ b01a200 (sz=40, trace=94, class=java.util.HashMap@6afaf0)
	table		b01a220
ARR b01a220 (sz=80, trace=95, nelems=16, elem type=java.util.HashMap$Entry@6afa20)
OBJ b01cdc0 (sz=24, trace=101, class=java.lang.String@6aeef0)
	value		b01cde0
ARR b01cde0 (sz=24, trace=102, nelems=3, elem type=char)
OBJ b01ce00 (sz=16, trace=103, class=java.util.jar.Attributes$Name@7544e0)
	name		755a20
OBJ b01ce80 (sz=24, trace=125, class=java.util.HashMap$Entry@6afa20)
	value		b01cdc0
	key		b01ce00
OBJ b01cee0 (sz=24, trace=101, class=java.lang.String@6aeef0)
	value		b01cf00
ARR b01cf00 (sz=72, trace=102, nelems=29, elem type=char)
OBJ b01cf20 (sz=16, trace=103, class=java.util.jar.Attributes$Name@7544e0)
	name		7577e0
OBJ b01cfa0 (sz=24, trace=125, class=java.util.HashMap$Entry@6afa20)
	value		b01cee0
	key		b01cf20
OBJ b01cfc0 (sz=48, trace=127, class=java.util.jar.JarVerifier@7574e0)
	manifestRawBytes	b01cb40
	baos		b01b100
	manifest	b01cc40
	pendingBlocks	b01b0c0
	sigFileData	b01b080
	sigFileCerts	b01cfe0
	verifiedCerts	b01b040
OBJ b01cfe0 (sz=40, trace=128, class=java.util.Hashtable@6b63a0)
	table		b01b020
ARR b01b020 (sz=56, trace=129, nelems=11, elem type=java.util.Hashtable$Entry@6af830)
OBJ b01b040 (sz=40, trace=130, class=java.util.Hashtable@6b63a0)
	table		b01b060
ARR b01b060 (sz=56, trace=131, nelems=11, elem type=java.util.Hashtable$Entry@6af830)
OBJ b01b080 (sz=40, trace=132, class=java.util.Hashtable@6b63a0)
	table		b01b0a0
ARR b01b0a0 (sz=56, trace=133, nelems=11, elem type=java.util.Hashtable$Entry@6af830)
OBJ b01b0c0 (sz=24, trace=134, class=java.util.ArrayList@6b6800)
	elementData	b01b0e0
ARR b01b0e0 (sz=56, trace=135, nelems=10, elem type=java.lang.Object@6ae810)
OBJ b01b100 (sz=16, trace=136, class=java.io.ByteArrayOutputStream@758050)
	buf		b01b120
ARR b01b120 (sz=48, trace=137, nelems=32, elem type=byte)
OBJ b01b140 (sz=24, trace=138, class=java.util.HashMap$Entry@6afa20)
	value		b01c310
	key		b073ce0
OBJ b01b220 (sz=32, trace=16, class=sun.misc.URLClassPath$JarLoader@741700)
	lmap		b072520
	handler		b072c80
	csu		b073ea0
	jar		b01b890
	base		b01b240
OBJ b01b240 (sz=56, trace=17, class=java.net.URL@6b9e60)
	handler		b072c80
	path		b01b360
	authority	6bd050
	file		b01b360
	host		6bd050
	protocol	6c7b00
ARR b01b340 (sz=264, trace=25, nelems=126, elem type=char)
OBJ b01b360 (sz=24, trace=26, class=java.lang.String@6aeef0)
	value		b01b340
OBJ b01b890 (sz=48, trace=39, class=java.util.jar.JarFile@7450f0)
	jv		b01a1b0
	manEntry	b01ba30
	man		b01bdb0
	inflaters	b01b950
	name		b01b930
OBJ b01b8b0 (sz=32, trace=54, class=java.lang.ref.Finalizer@6b1920)
	prev		b01bd50
	next		b01cbe0
	queue		6ae070
	referent	b01b890
ARR b01b910 (sz=128, trace=37, nelems=55, elem type=char)
OBJ b01b930 (sz=24, trace=38, class=java.lang.String@6aeef0)
	value		b01b910
OBJ b01b950 (sz=24, trace=57, class=java.util.Vector@6ae8c0)
	elementData	b01b970
ARR b01b970 (sz=56, trace=58, nelems=10, elem type=java.lang.Object@6ae810)
	[0]		b01bd30
OBJ b01ba30 (sz=88, trace=73, class=java.util.jar.JarFile$JarFileEntry@74c460)
	this$0		b01b890
	name		745010
ARR b01bcb0 (sz=80, trace=74, nelems=68, elem type=byte)
OBJ b01bd30 (sz=32, trace=81, class=java.util.zip.Inflater@74f1e0)
	buf		b01bd90
OBJ b01bd50 (sz=32, trace=84, class=java.lang.ref.Finalizer@6b1920)
	prev		b01a720
	next		b01b8b0
	queue		6ae070
	referent	b01bd30
ARR b01bd90 (sz=528, trace=87, nelems=512, elem type=byte)
OBJ b01bdb0 (sz=16, trace=90, class=java.util.jar.Manifest@751410)
	entries		b01be50
	attr		b01bdf0
OBJ b01bdf0 (sz=16, trace=91, class=java.util.jar.Attributes@752320)
	map		b01be10
OBJ b01be10 (sz=40, trace=92, class=java.util.HashMap@6afaf0)
	table		b01be30
ARR b01be30 (sz=80, trace=93, nelems=16, elem type=java.util.HashMap$Entry@6afa20)
	[10]		b01a070
	[12]		b01a190
OBJ b01be50 (sz=40, trace=94, class=java.util.HashMap@6afaf0)
	table		b01bee0
ARR b01bee0 (sz=80, trace=95, nelems=16, elem type=java.util.HashMap$Entry@6afa20)
OBJ b01bfa0 (sz=24, trace=101, class=java.lang.String@6aeef0)
	value		b01bfc0
ARR b01bfc0 (sz=24, trace=102, nelems=3, elem type=char)
OBJ b01bfe0 (sz=16, trace=103, class=java.util.jar.Attributes$Name@7544e0)
	name		755a20
OBJ b01a070 (sz=24, trace=125, class=java.util.HashMap$Entry@6afa20)
	value		b01bfa0
	key		b01bfe0
OBJ b01a0d0 (sz=24, trace=101, class=java.lang.String@6aeef0)
	value		b01a0f0
ARR b01a0f0 (sz=72, trace=102, nelems=29, elem type=char)
OBJ b01a110 (sz=16, trace=103, class=java.util.jar.Attributes$Name@7544e0)
	name		7577e0
OBJ b01a190 (sz=24, trace=125, class=java.util.HashMap$Entry@6afa20)
	value		b01a0d0
	key		b01a110
OBJ b01a1b0 (sz=48, trace=127, class=java.util.jar.JarVerifier@7574e0)
	manifestRawBytes	b01bcb0
	baos		b01a2e0
	manifest	b01bdb0
	pendingBlocks	b01a2a0
	sigFileData	b01a260
	sigFileCerts	b0192f0
	verifiedCerts	b019330
OBJ b0192f0 (sz=40, trace=128, class=java.util.Hashtable@6b63a0)
	table		b019310
ARR b019310 (sz=56, trace=129, nelems=11, elem type=java.util.Hashtable$Entry@6af830)
OBJ b019330 (sz=40, trace=130, class=java.util.Hashtable@6b63a0)
	table		b01a1d0
ARR b01a1d0 (sz=56, trace=131, nelems=11, elem type=java.util.Hashtable$Entry@6af830)
OBJ b01a260 (sz=40, trace=132, class=java.util.Hashtable@6b63a0)
	table		b01a280
ARR b01a280 (sz=56, trace=133, nelems=11, elem type=java.util.Hashtable$Entry@6af830)
OBJ b01a2a0 (sz=24, trace=134, class=java.util.ArrayList@6b6800)
	elementData	b01a2c0
ARR b01a2c0 (sz=56, trace=135, nelems=10, elem type=java.lang.Object@6ae810)
OBJ b01a2e0 (sz=16, trace=136, class=java.io.ByteArrayOutputStream@758050)
	buf		b01a300
ARR b01a300 (sz=48, trace=137, nelems=32, elem type=byte)
OBJ b01a320 (sz=24, trace=138, class=java.util.HashMap$Entry@6afa20)
	next		b067740
	value		b01b220
	key		b073ea0
OBJ b01a400 (sz=32, trace=16, class=sun.misc.URLClassPath$JarLoader@741700)
	lmap		b072520
	handler		b072c80
	csu		b072080
	jar		b01a700
	base		b01a420
OBJ b01a420 (sz=56, trace=17, class=java.net.URL@6b9e60)
	handler		b072c80
	path		b01a540
	authority	6bd050
	file		b01a540
	host		6bd050
	protocol	6c7b00
ARR b01a520 (sz=248, trace=25, nelems=116, elem type=char)
OBJ b01a540 (sz=24, trace=26, class=java.lang.String@6aeef0)
	value		b01a520
OBJ b01a700 (sz=48, trace=39, class=java.util.jar.JarFile@7450f0)
	jv		b01af00
	manEntry	b01a8a0
	man		b01a9c0
	inflaters	b01a7c0
	name		b01a7a0
OBJ b01a720 (sz=32, trace=54, class=java.lang.ref.Finalizer@6b1920)
	prev		b01a960
	next		b01bd50
	queue		6ae070
	referent	b01a700
ARR b01a780 (sz=112, trace=37, nelems=50, elem type=char)
OBJ b01a7a0 (sz=24, trace=38, class=java.lang.String@6aeef0)
	value		b01a780
OBJ b01a7c0 (sz=24, trace=57, class=java.util.Vector@6ae8c0)
	elementData	b01a7e0
ARR b01a7e0 (sz=56, trace=58, nelems=10, elem type=java.lang.Object@6ae810)
	[0]		b01a940
OBJ b01a8a0 (sz=88, trace=73, class=java.util.jar.JarFile$JarFileEntry@74c460)
	this$0		b01a700
	name		745010
ARR b01a8c0 (sz=80, trace=74, nelems=68, elem type=byte)
OBJ b01a940 (sz=32, trace=81, class=java.util.zip.Inflater@74f1e0)
	buf		b01a9a0
OBJ b01a960 (sz=32, trace=84, class=java.lang.ref.Finalizer@6b1920)
	prev		b019510
	next		b01a720
	queue		6ae070
	referent	b01a940
ARR b01a9a0 (sz=528, trace=87, nelems=512, elem type=byte)
OBJ b01a9c0 (sz=16, trace=90, class=java.util.jar.Manifest@751410)
	entries		b01aa60
	attr		b01aa00
OBJ b01aa00 (sz=16, trace=91, class=java.util.jar.Attributes@752320)
	map		b01aa20
OBJ b01aa20 (sz=40, trace=92, class=java.util.HashMap@6afaf0)
	table		b01aa40
ARR b01aa40 (sz=80, trace=93, nelems=16, elem type=java.util.HashMap$Entry@6afa20)
	[10]		b01ac00
	[12]		b01aee0
OBJ b01aa60 (sz=40, trace=94, class=java.util.HashMap@6afaf0)
	table		b01aa80
ARR b01aa80 (sz=80, trace=95, nelems=16, elem type=java.util.HashMap$Entry@6afa20)
OBJ b01ab40 (sz=24, trace=101, class=java.lang.String@6aeef0)
	value		b01ab60
ARR b01ab60 (sz=24, trace=102, nelems=3, elem type=char)
OBJ b01ab80 (sz=16, trace=103, class=java.util.jar.Attributes$Name@7544e0)
	name		755a20
OBJ b01ac00 (sz=24, trace=125, class=java.util.HashMap$Entry@6afa20)
	value		b01ab40
	key		b01ab80
OBJ b01ac60 (sz=24, trace=101, class=java.lang.String@6aeef0)
	value		b01ac80
ARR b01ac80 (sz=72, trace=102, nelems=29, elem type=char)
OBJ b01aca0 (sz=16, trace=103, class=java.util.jar.Attributes$Name@7544e0)
	name		7577e0
OBJ b01aee0 (sz=24, trace=125, class=java.util.HashMap$Entry@6afa20)
	value		b01ac60
	key		b01aca0
OBJ b01af00 (sz=48, trace=127, class=java.util.jar.JarVerifier@7574e0)
	manifestRawBytes	b01a8c0
	baos		b0190d0
	manifest	b01a9c0
	pendingBlocks	b019090
	sigFileData	b019050
	sigFileCerts	b01af20
	verifiedCerts	b019010
OBJ b01af20 (sz=40, trace=128, class=java.util.Hashtable@6b63a0)
	table		b01afe0
ARR b01afe0 (sz=56, trace=129, nelems=11, elem type=java.util.Hashtable$Entry@6af830)
OBJ b019010 (sz=40, trace=130, class=java.util.Hashtable@6b63a0)
	table		b019030
ARR b019030 (sz=56, trace=131, nelems=11, elem type=java.util.Hashtable$Entry@6af830)
OBJ b019050 (sz=40, trace=132, class=java.util.Hashtable@6b63a0)
	table		b019070
ARR b019070 (sz=56, trace=133, nelems=11, elem type=java.util.Hashtable$Entry@6af830)
OBJ b019090 (sz=24, trace=134, class=java.util.ArrayList@6b6800)
	elementData	b0190b0
ARR b0190b0 (sz=56, trace=135, nelems=10, elem type=java.lang.Object@6ae810)
OBJ b0190d0 (sz=16, trace=136, class=java.io.ByteArrayOutputStream@758050)
	buf		b0190f0
ARR b0190f0 (sz=48, trace=137, nelems=32, elem type=byte)
OBJ b019110 (sz=24, trace=138, class=java.util.HashMap$Entry@6afa20)
	value		b01a400
	key		b072080
OBJ b0191f0 (sz=32, trace=16, class=sun.misc.URLClassPath$JarLoader@741700)
	lmap		b072520
	handler		b072c80
	csu		b072240
	jar		b0194f0
	base		b019210
OBJ b019210 (sz=56, trace=17, class=java.net.URL@6b9e60)
	handler		b072c80
	path		b0192d0
	authority	6bd050
	file		b0192d0
	host		6bd050
	protocol	6c7b00
ARR b0184a0 (sz=256, trace=25, nelems=120, elem type=char)
OBJ b0192d0 (sz=24, trace=26, class=java.lang.String@6aeef0)
	value		b0184a0
OBJ b0194f0 (sz=48, trace=39, class=java.util.jar.JarFile@7450f0)
	jv		b0185e0
	manEntry	b019690
	man		b0197b0
	inflaters	b0195b0
	name		b019590
OBJ b019510 (sz=32, trace=54, class=java.lang.ref.Finalizer@6b1920)
	prev		b019750
	next		b01a960
	queue		6ae070
	referent	b0194f0
ARR b019570 (sz=120, trace=37, nelems=52, elem type=char)
OBJ b019590 (sz=24, trace=38, class=java.lang.String@6aeef0)
	value		b019570
OBJ b0195b0 (sz=24, trace=57, class=java.util.Vector@6ae8c0)
	elementData	b0195d0
ARR b0195d0 (sz=56, trace=58, nelems=10, elem type=java.lang.Object@6ae810)
	[0]		b019730
OBJ b019690 (sz=88, trace=73, class=java.util.jar.JarFile$JarFileEntry@74c460)
	this$0		b0194f0
	name		745010
ARR b0196b0 (sz=384, trace=74, nelems=370, elem type=byte)
OBJ b019730 (sz=32, trace=81, class=java.util.zip.Inflater@74f1e0)
	buf		b019790
OBJ b019750 (sz=32, trace=84, class=java.lang.ref.Finalizer@6b1920)
	prev		b018b40
	next		b019510
	queue		6ae070
	referent	b019730
ARR b019790 (sz=528, trace=87, nelems=512, elem type=byte)
OBJ b0197b0 (sz=16, trace=90, class=java.util.jar.Manifest@751410)
	entries		b019850
	attr		b0197f0
OBJ b0197f0 (sz=16, trace=91, class=java.util.jar.Attributes@752320)
	map		b019810
OBJ b019810 (sz=40, trace=92, class=java.util.HashMap@6afaf0)
	table		b019830
ARR b019830 (sz=80, trace=93, nelems=16, elem type=java.util.HashMap$Entry@6afa20)
	[2]		b0185c0
	[3]		b018440
	[10]		b0199f0
	[12]		b018320
	[13]		b018200
	[14]		b019c30
OBJ b019850 (sz=40, trace=94, class=java.util.HashMap@6afaf0)
	table		b019870
ARR b019870 (sz=80, trace=95, nelems=16, elem type=java.util.HashMap$Entry@6afa20)
OBJ b019930 (sz=24, trace=101, class=java.lang.String@6aeef0)
	value		b019950
ARR b019950 (sz=24, trace=102, nelems=3, elem type=char)
OBJ b019970 (sz=16, trace=103, class=java.util.jar.Attributes$Name@7544e0)
	name		755a20
OBJ b0199f0 (sz=24, trace=125, class=java.util.HashMap$Entry@6afa20)
	value		b019930
	key		b019970
OBJ b019a50 (sz=24, trace=101, class=java.lang.String@6aeef0)
	value		b019a70
ARR b019a70 (sz=24, trace=102, nelems=5, elem type=char)
OBJ b019a90 (sz=16, trace=103, class=java.util.jar.Attributes$Name@7544e0)
	name		7561b0
OBJ b019b10 (sz=24, trace=125, class=java.util.HashMap$Entry@6afa20)
	value		b019a50
	key		b019a90
OBJ b019b70 (sz=24, trace=101, class=java.lang.String@6aeef0)
	value		b019b90
ARR b019b90 (sz=112, trace=102, nelems=48, elem type=char)
OBJ b019bb0 (sz=16, trace=103, class=java.util.jar.Attributes$Name@7544e0)
	name		756350
OBJ b019c30 (sz=24, trace=125, class=java.util.HashMap$Entry@6afa20)
	next		b019b10
	value		b019b70
	key		b019bb0
OBJ b019c90 (sz=24, trace=101, class=java.lang.String@6aeef0)
	value		b019e20
ARR b019e20 (sz=32, trace=102, nelems=10, elem type=char)
OBJ b019e40 (sz=16, trace=103, class=java.util.jar.Attributes$Name@7544e0)
	name		7569d0
OBJ b019ec0 (sz=24, trace=125, class=java.util.HashMap$Entry@6afa20)
	value		b019c90
	key		b019e40
OBJ b018140 (sz=24, trace=101, class=java.lang.String@6aeef0)
	value		b018160
ARR b018160 (sz=112, trace=102, nelems=48, elem type=char)
OBJ b018180 (sz=16, trace=103, class=java.util.jar.Attributes$Name@7544e0)
	name		756b70
OBJ b018200 (sz=24, trace=125, class=java.util.HashMap$Entry@6afa20)
	next		b019ec0
	value		b018140
	key		b018180
OBJ b018260 (sz=24, trace=101, class=java.lang.String@6aeef0)
	value		b018280
ARR b018280 (sz=72, trace=102, nelems=29, elem type=char)
OBJ b0182a0 (sz=16, trace=103, class=java.util.jar.Attributes$Name@7544e0)
	name		7577e0
OBJ b018320 (sz=24, trace=125, class=java.util.HashMap$Entry@6afa20)
	value		b018260
	key		b0182a0
OBJ b018380 (sz=24, trace=101, class=java.lang.String@6aeef0)
	value		b0183a0
ARR b0183a0 (sz=56, trace=102, nelems=22, elem type=char)
OBJ b0183c0 (sz=16, trace=103, class=java.util.jar.Attributes$Name@7544e0)
	name		756830
OBJ b018440 (sz=24, trace=125, class=java.util.HashMap$Entry@6afa20)
	value		b018380
	key		b0183c0
OBJ b018500 (sz=24, trace=101, class=java.lang.String@6aeef0)
	value		b018520
ARR b018520 (sz=56, trace=102, nelems=22, elem type=char)
OBJ b018540 (sz=16, trace=103, class=java.util.jar.Attributes$Name@7544e0)
	name		756010
OBJ b0185c0 (sz=24, trace=125, class=java.util.HashMap$Entry@6afa20)
	value		b018500
	key		b018540
OBJ b0185e0 (sz=48, trace=127, class=java.util.jar.JarVerifier@7574e0)
	manifestRawBytes	b0196b0
	baos		b018700
	manifest	b0197b0
	pendingBlocks	b0186c0
	sigFileData	b018680
	sigFileCerts	b018600
	verifiedCerts	b018640
OBJ b018600 (sz=40, trace=128, class=java.util.Hashtable@6b63a0)
	table		b018620
ARR b018620 (sz=56, trace=129, nelems=11, elem type=java.util.Hashtable$Entry@6af830)
OBJ b018640 (sz=40, trace=130, class=java.util.Hashtable@6b63a0)
	table		b018660
ARR b018660 (sz=56, trace=131, nelems=11, elem type=java.util.Hashtable$Entry@6af830)
OBJ b018680 (sz=40, trace=132, class=java.util.Hashtable@6b63a0)
	table		b0186a0
ARR b0186a0 (sz=56, trace=133, nelems=11, elem type=java.util.Hashtable$Entry@6af830)
OBJ b0186c0 (sz=24, trace=134, class=java.util.ArrayList@6b6800)
	elementData	b0186e0
ARR b0186e0 (sz=56, trace=135, nelems=10, elem type=java.lang.Object@6ae810)
OBJ b018700 (sz=16, trace=136, class=java.io.ByteArrayOutputStream@758050)
	buf		b018720
ARR b018720 (sz=48, trace=137, nelems=32, elem type=byte)
OBJ b018740 (sz=24, trace=138, class=java.util.HashMap$Entry@6afa20)
	next		b01c230
	value		b0191f0
	key		b072240
OBJ b018820 (sz=32, trace=16, class=sun.misc.URLClassPath$JarLoader@741700)
	lmap		b072520
	handler		b072c80
	csu		b072400
	jar		b018b20
	base		b018840
OBJ b018840 (sz=56, trace=17, class=java.net.URL@6b9e60)
	handler		b072c80
	path		b018960
	authority	6bd050
	file		b018960
	host		6bd050
	protocol	6c7b00
ARR b018940 (sz=288, trace=25, nelems=136, elem type=char)
OBJ b018960 (sz=24, trace=26, class=java.lang.String@6aeef0)
	value		b018940
OBJ b018b20 (sz=48, trace=39, class=java.util.jar.JarFile@7450f0)
	jv		b008fa0
	manEntry	b018cc0
	man		b018de0
	inflaters	b018be0
	name		b018bc0
OBJ b018b40 (sz=32, trace=54, class=java.lang.ref.Finalizer@6b1920)
	prev		b018d80
	next		b019750
	queue		6ae070
	referent	b018b20
ARR b018ba0 (sz=136, trace=37, nelems=60, elem type=char)
OBJ b018bc0 (sz=24, trace=38, class=java.lang.String@6aeef0)
	value		b018ba0
OBJ b018be0 (sz=24, trace=57, class=java.util.Vector@6ae8c0)
	elementData	b018c00
ARR b018c00 (sz=56, trace=58, nelems=10, elem type=java.lang.Object@6ae810)
	[0]		b018d60
OBJ b018cc0 (sz=88, trace=73, class=java.util.jar.JarFile$JarFileEntry@74c460)
	this$0		b018b20
	name		745010
ARR b018ce0 (sz=6024, trace=74, nelems=6005, elem type=byte)
OBJ b018d60 (sz=32, trace=81, class=java.util.zip.Inflater@74f1e0)
	buf		b018dc0
OBJ b018d80 (sz=32, trace=84, class=java.lang.ref.Finalizer@6b1920)
	prev		b006ea0
	next		b018b40
	queue		6ae070
	referent	b018d60
ARR b018dc0 (sz=528, trace=87, nelems=512, elem type=byte)
OBJ b018de0 (sz=16, trace=90, class=java.util.jar.Manifest@751410)
	entries		b018e80
	attr		b018e20
OBJ b018e20 (sz=16, trace=91, class=java.util.jar.Attributes@752320)
	map		b018e40
OBJ b018e40 (sz=40, trace=92, class=java.util.HashMap@6afaf0)
	table		b018e60
ARR b018e60 (sz=80, trace=93, nelems=16, elem type=java.util.HashMap$Entry@6afa20)
	[10]		b017460
	[12]		b017580
OBJ b018e80 (sz=40, trace=94, class=java.util.HashMap@6afaf0)
	table		b00a6f0
OBJ b0173a0 (sz=24, trace=101, class=java.lang.String@6aeef0)
	value		b0173c0
ARR b0173c0 (sz=24, trace=102, nelems=3, elem type=char)
OBJ b0173e0 (sz=16, trace=103, class=java.util.jar.Attributes$Name@7544e0)
	name		755a20
OBJ b017460 (sz=24, trace=125, class=java.util.HashMap$Entry@6afa20)
	value		b0173a0
	key		b0173e0
OBJ b0174c0 (sz=24, trace=101, class=java.lang.String@6aeef0)
	value		b0174e0
ARR b0174e0 (sz=80, trace=102, nelems=32, elem type=char)
OBJ b017500 (sz=16, trace=103, class=java.util.jar.Attributes$Name@7544e0)
	name		7577e0
OBJ b017580 (sz=24, trace=125, class=java.util.HashMap$Entry@6afa20)
	value		b0174c0
	key		b017500
OBJ b0175a0 (sz=24, trace=140, class=java.lang.String@6aeef0)
	value		b0175c0
ARR b0175c0 (sz=88, trace=141, nelems=38, elem type=char)
OBJ b0175e0 (sz=16, trace=142, class=java.util.jar.Attributes@752320)
	map		b015060
OBJ b015060 (sz=40, trace=143, class=java.util.HashMap@6afaf0)
	table		b015080
ARR b015080 (sz=24, trace=144, nelems=2, elem type=java.util.HashMap$Entry@6afa20)
	[0]		b017760
OBJ b0150a0 (sz=24, trace=145, class=java.util.HashMap$Entry@6afa20)
	next		b017820
	value		b0175e0
	key		b0175a0
OBJ b0176a0 (sz=24, trace=148, class=java.lang.String@6aeef0)
	value		b0176c0
ARR b0176c0 (sz=72, trace=149, nelems=28, elem type=char)
OBJ b0176e0 (sz=16, trace=150, class=java.util.jar.Attributes$Name@7544e0)
	name		75ed90
OBJ b017760 (sz=24, trace=125, class=java.util.HashMap$Entry@6afa20)
	value		b0176a0
	key		b0176e0
OBJ b017780 (sz=24, trace=140, class=java.lang.String@6aeef0)
	value		b0177a0
ARR b0177a0 (sz=112, trace=141, nelems=48, elem type=char)
OBJ b0177c0 (sz=16, trace=142, class=java.util.jar.Attributes@752320)
	map		b0177e0
OBJ b0177e0 (sz=40, trace=143, class=java.util.HashMap@6afaf0)
	table		b017800
ARR b017800 (sz=24, trace=144, nelems=2, elem type=java.util.HashMap$Entry@6afa20)
	[0]		b017940
OBJ b017820 (sz=24, trace=145, class=java.util.HashMap$Entry@6afa20)
	value		b0177c0
	key		b017780
OBJ b017880 (sz=24, trace=148, class=java.lang.String@6aeef0)
	value		b0178a0
ARR b0178a0 (sz=72, trace=149, nelems=28, elem type=char)
OBJ b0178c0 (sz=16, trace=150, class=java.util.jar.Attributes$Name@7544e0)
	name		75ed90
OBJ b017940 (sz=24, trace=125, class=java.util.HashMap$Entry@6afa20)
	value		b017880
	key		b0178c0
OBJ b017960 (sz=24, trace=140, class=java.lang.String@6aeef0)
	value		b017980
ARR b017980 (sz=88, trace=141, nelems=38, elem type=char)
OBJ b0179a0 (sz=16, trace=142, class=java.util.jar.Attributes@752320)
	map		b0179c0
OBJ b0179c0 (sz=40, trace=143, class=java.util.HashMap@6afaf0)
	table		b0179e0
ARR b0179e0 (sz=24, trace=144, nelems=2, elem type=java.util.HashMap$Entry@6afa20)
	[0]		b017b20
OBJ b017a00 (sz=24, trace=145, class=java.util.HashMap$Entry@6afa20)
	value		b0179a0
	key		b017960
OBJ b017a60 (sz=24, trace=148, class=java.lang.String@6aeef0)
	value		b017a80
ARR b017a80 (sz=72, trace=149, nelems=28, elem type=char)
OBJ b017aa0 (sz=16, trace=150, class=java.util.jar.Attributes$Name@7544e0)
	name		75ed90
OBJ b017b20 (sz=24, trace=125, class=java.util.HashMap$Entry@6afa20)
	value		b017a60
	key		b017aa0
OBJ b017b40 (sz=24, trace=140, class=java.lang.String@6aeef0)
	value		b017b60
ARR b017b60 (sz=96, trace=141, nelems=41, elem type=char)
OBJ b017b80 (sz=16, trace=142, class=java.util.jar.Attributes@752320)
	map		b017ba0
OBJ b017ba0 (sz=40, trace=143, class=java.util.HashMap@6afaf0)
	table		b017bc0
ARR b017bc0 (sz=24, trace=144, nelems=2, elem type=java.util.HashMap$Entry@6afa20)
	[0]		b015e20
OBJ b017be0 (sz=24, trace=145, class=java.util.HashMap$Entry@6afa20)
	next		b015ee0
	value		b017b80
	key		b017b40
OBJ b017c40 (sz=24, trace=148, class=java.lang.String@6aeef0)
	value		b017c60
ARR b017c60 (sz=72, trace=149, nelems=28, elem type=char)
OBJ b017c80 (sz=16, trace=150, class=java.util.jar.Attributes$Name@7544e0)
	name		75ed90
OBJ b015e20 (sz=24, trace=125, class=java.util.HashMap$Entry@6afa20)
	value		b017c40
	key		b017c80
OBJ b015e40 (sz=24, trace=140, class=java.lang.String@6aeef0)
	value		b015e60
ARR b015e60 (sz=88, trace=141, nelems=38, elem type=char)
OBJ b015e80 (sz=16, trace=142, class=java.util.jar.Attributes@752320)
	map		b015ea0
OBJ b015ea0 (sz=40, trace=143, class=java.util.HashMap@6afaf0)
	table		b015ec0
ARR b015ec0 (sz=24, trace=144, nelems=2, elem type=java.util.HashMap$Entry@6afa20)
	[0]		b016010
OBJ b015ee0 (sz=24, trace=145, class=java.util.HashMap$Entry@6afa20)
	value		b015e80
	key		b015e40
OBJ b015f40 (sz=24, trace=148, class=java.lang.String@6aeef0)
	value		b015f60
ARR b015f60 (sz=72, trace=149, nelems=28, elem type=char)
OBJ b015f80 (sz=16, trace=150, class=java.util.jar.Attributes$Name@7544e0)
	name		75ed90
OBJ b016010 (sz=24, trace=125, class=java.util.HashMap$Entry@6afa20)
	value		b015f40
	key		b015f80
OBJ b016030 (sz=24, trace=140, class=java.lang.String@6aeef0)
	value		b016050
ARR b016050 (sz=88, trace=141, nelems=38, elem type=char)
OBJ b016070 (sz=16, trace=142, class=java.util.jar.Attributes@752320)
	map		b016090
OBJ b016090 (sz=40, trace=143, class=java.util.HashMap@6afaf0)
	table		b0160b0
ARR b0160b0 (sz=24, trace=144, nelems=2, elem type=java.util.HashMap$Entry@6afa20)
	[0]		b0164f0
OBJ b0160d0 (sz=24, trace=145, class=java.util.HashMap$Entry@6afa20)
	value		b016070
	key		b016030
OBJ b016130 (sz=24, trace=148, class=java.lang.String@6aeef0)
	value		b016450
ARR b016450 (sz=72, trace=149, nelems=28, elem type=char)
OBJ b016470 (sz=16, trace=150, class=java.util.jar.Attributes$Name@7544e0)
	name		75ed90
OBJ b0164f0 (sz=24, trace=125, class=java.util.HashMap$Entry@6afa20)
	value		b016130
	key		b016470
OBJ b016510 (sz=24, trace=140, class=java.lang.String@6aeef0)
	value		b016530
ARR b016530 (sz=88, trace=141, nelems=38, elem type=char)
OBJ b015d40 (sz=16, trace=142, class=java.util.jar.Attributes@752320)
	map		b015d60
OBJ b015d60 (sz=40, trace=143, class=java.util.HashMap@6afaf0)
	table		b015d80
ARR b015d80 (sz=24, trace=144, nelems=2, elem type=java.util.HashMap$Entry@6afa20)
	[0]		b016de0
OBJ b015da0 (sz=24, trace=145, class=java.util.HashMap$Entry@6afa20)
	next		b016ea0
	value		b015d40
	key		b016510
OBJ b016d20 (sz=24, trace=148, class=java.lang.String@6aeef0)
	value		b016d40
ARR b016d40 (sz=72, trace=149, nelems=28, elem type=char)
OBJ b016d60 (sz=16, trace=150, class=java.util.jar.Attributes$Name@7544e0)
	name		75ed90
OBJ b016de0 (sz=24, trace=125, class=java.util.HashMap$Entry@6afa20)
	value		b016d20
	key		b016d60
OBJ b016e00 (sz=24, trace=140, class=java.lang.String@6aeef0)
	value		b016e20
ARR b016e20 (sz=96, trace=141, nelems=41, elem type=char)
OBJ b016e40 (sz=16, trace=142, class=java.util.jar.Attributes@752320)
	map		b016e60
OBJ b016e60 (sz=40, trace=143, class=java.util.HashMap@6afaf0)
	table		b016e80
ARR b016e80 (sz=24, trace=144, nelems=2, elem type=java.util.HashMap$Entry@6afa20)
	[0]		b016fc0
OBJ b016ea0 (sz=24, trace=145, class=java.util.HashMap$Entry@6afa20)
	value		b016e40
	key		b016e00
OBJ b016f00 (sz=24, trace=148, class=java.lang.String@6aeef0)
	value		b016f20
ARR b016f20 (sz=72, trace=149, nelems=28, elem type=char)
OBJ b016f40 (sz=16, trace=150, class=java.util.jar.Attributes$Name@7544e0)
	name		75ed90
OBJ b016fc0 (sz=24, trace=125, class=java.util.HashMap$Entry@6afa20)
	value		b016f00
	key		b016f40
OBJ b016fe0 (sz=24, trace=140, class=java.lang.String@6aeef0)
	value		b015020
ARR b015020 (sz=88, trace=141, nelems=38, elem type=char)
OBJ b015040 (sz=16, trace=142, class=java.util.jar.Attributes@752320)
	map		b0150c0
OBJ b0150c0 (sz=40, trace=143, class=java.util.HashMap@6afaf0)
	table		b0150e0
ARR b0150e0 (sz=24, trace=144, nelems=2, elem type=java.util.HashMap$Entry@6afa20)
	[0]		b015220
OBJ b015100 (sz=24, trace=145, class=java.util.HashMap$Entry@6afa20)
	value		b015040
	key		b016fe0
OBJ b015160 (sz=24, trace=148, class=java.lang.String@6aeef0)
	value		b015180
ARR b015180 (sz=72, trace=149, nelems=28, elem type=char)
OBJ b0151a0 (sz=16, trace=150, class=java.util.jar.Attributes$Name@7544e0)
	name		75ed90
OBJ b015220 (sz=24, trace=125, class=java.util.HashMap$Entry@6afa20)
	value		b015160
	key		b0151a0
OBJ b015240 (sz=24, trace=140, class=java.lang.String@6aeef0)
	value		b015260
ARR b015260 (sz=88, trace=141, nelems=38, elem type=char)
OBJ b015280 (sz=16, trace=142, class=java.util.jar.Attributes@752320)
	map		b0152a0
OBJ b0152a0 (sz=40, trace=143, class=java.util.HashMap@6afaf0)
	table		b0152c0
ARR b0152c0 (sz=24, trace=144, nelems=2, elem type=java.util.HashMap$Entry@6afa20)
	[0]		b015400
OBJ b0152e0 (sz=24, trace=145, class=java.util.HashMap$Entry@6afa20)
	next		b0154c0
	value		b015280
	key		b015240
OBJ b015340 (sz=24, trace=148, class=java.lang.String@6aeef0)
	value		b015360
ARR b015360 (sz=72, trace=149, nelems=28, elem type=char)
OBJ b015380 (sz=16, trace=150, class=java.util.jar.Attributes$Name@7544e0)
	name		75ed90
OBJ b015400 (sz=24, trace=125, class=java.util.HashMap$Entry@6afa20)
	value		b015340
	key		b015380
OBJ b015420 (sz=24, trace=140, class=java.lang.String@6aeef0)
	value		b015440
ARR b015440 (sz=80, trace=141, nelems=32, elem type=char)
OBJ b015460 (sz=16, trace=142, class=java.util.jar.Attributes@752320)
	map		b015480
OBJ b015480 (sz=40, trace=143, class=java.util.HashMap@6afaf0)
	table		b0154a0
ARR b0154a0 (sz=24, trace=144, nelems=2, elem type=java.util.HashMap$Entry@6afa20)
	[0]		b0155e0
OBJ b0154c0 (sz=24, trace=145, class=java.util.HashMap$Entry@6afa20)
	value		b015460
	key		b015420
OBJ b015520 (sz=24, trace=148, class=java.lang.String@6aeef0)
	value		b015540
ARR b015540 (sz=72, trace=149, nelems=28, elem type=char)
OBJ b015560 (sz=16, trace=150, class=java.util.jar.Attributes$Name@7544e0)
	name		75ed90
OBJ b0155e0 (sz=24, trace=125, class=java.util.HashMap$Entry@6afa20)
	value		b015520
	key		b015560
OBJ b015600 (sz=24, trace=140, class=java.lang.String@6aeef0)
	value		b015620
ARR b015620 (sz=88, trace=141, nelems=38, elem type=char)
OBJ b015640 (sz=16, trace=142, class=java.util.jar.Attributes@752320)
	map		b015660
OBJ b015660 (sz=40, trace=143, class=java.util.HashMap@6afaf0)
	table		b015680
ARR b015680 (sz=24, trace=144, nelems=2, elem type=java.util.HashMap$Entry@6afa20)
	[0]		b0157c0
OBJ b0156a0 (sz=24, trace=145, class=java.util.HashMap$Entry@6afa20)
	value		b015640
	key		b015600
OBJ b015700 (sz=24, trace=148, class=java.lang.String@6aeef0)
	value		b015720
ARR b015720 (sz=72, trace=149, nelems=28, elem type=char)
OBJ b015740 (sz=16, trace=150, class=java.util.jar.Attributes$Name@7544e0)
	name		75ed90
OBJ b0157c0 (sz=24, trace=125, class=java.util.HashMap$Entry@6afa20)
	value		b015700
	key		b015740
OBJ b0157e0 (sz=24, trace=140, class=java.lang.String@6aeef0)
	value		b015800
ARR b015800 (sz=88, trace=141, nelems=38, elem type=char)
OBJ b015820 (sz=16, trace=142, class=java.util.jar.Attributes@752320)
	map		b015840
OBJ b015840 (sz=40, trace=143, class=java.util.HashMap@6afaf0)
	table		b015860
ARR b015860 (sz=24, trace=144, nelems=2, elem type=java.util.HashMap$Entry@6afa20)
	[0]		b0159a0
OBJ b015880 (sz=24, trace=145, class=java.util.HashMap$Entry@6afa20)
	value		b015820
	key		b0157e0
OBJ b0158e0 (sz=24, trace=148, class=java.lang.String@6aeef0)
	value		b015900
ARR b015900 (sz=72, trace=149, nelems=28, elem type=char)
OBJ b015920 (sz=16, trace=150, class=java.util.jar.Attributes$Name@7544e0)
	name		75ed90
OBJ b0159a0 (sz=24, trace=125, class=java.util.HashMap$Entry@6afa20)
	value		b0158e0
	key		b015920
OBJ b0159c0 (sz=24, trace=140, class=java.lang.String@6aeef0)
	value		b0159e0
ARR b0159e0 (sz=96, trace=141, nelems=39, elem type=char)
OBJ b015a00 (sz=16, trace=142, class=java.util.jar.Attributes@752320)
	map		b015a20
OBJ b015a20 (sz=40, trace=143, class=java.util.HashMap@6afaf0)
	table		b015a40
ARR b015a40 (sz=24, trace=144, nelems=2, elem type=java.util.HashMap$Entry@6afa20)
	[0]		b015b80
OBJ b015a60 (sz=24, trace=145, class=java.util.HashMap$Entry@6afa20)
	value		b015a00
	key		b0159c0
OBJ b015ac0 (sz=24, trace=148, class=java.lang.String@6aeef0)
	value		b015ae0
ARR b015ae0 (sz=72, trace=149, nelems=28, elem type=char)
OBJ b015b00 (sz=16, trace=150, class=java.util.jar.Attributes$Name@7544e0)
	name		75ed90
OBJ b015b80 (sz=24, trace=125, class=java.util.HashMap$Entry@6afa20)
	value		b015ac0
	key		b015b00
OBJ b015ba0 (sz=24, trace=140, class=java.lang.String@6aeef0)
	value		b015bc0
ARR b015bc0 (sz=96, trace=141, nelems=42, elem type=char)
OBJ b011c10 (sz=16, trace=142, class=java.util.jar.Attributes@752320)
	map		b011c90
OBJ b011c90 (sz=40, trace=143, class=java.util.HashMap@6afaf0)
	table		b011cb0
ARR b011cb0 (sz=24, trace=144, nelems=2, elem type=java.util.HashMap$Entry@6afa20)
	[0]		b011e50
OBJ b011cd0 (sz=24, trace=145, class=java.util.HashMap$Entry@6afa20)
	value		b011c10
	key		b015ba0
OBJ b011d90 (sz=24, trace=148, class=java.lang.String@6aeef0)
	value		b011db0
ARR b011db0 (sz=72, trace=149, nelems=28, elem type=char)
OBJ b011dd0 (sz=16, trace=150, class=java.util.jar.Attributes$Name@7544e0)
	name		75ed90
OBJ b011e50 (sz=24, trace=125, class=java.util.HashMap$Entry@6afa20)
	value		b011d90
	key		b011dd0
OBJ b011e70 (sz=24, trace=140, class=java.lang.String@6aeef0)
	value		b010010
ARR b010010 (sz=96, trace=141, nelems=39, elem type=char)
OBJ b010030 (sz=16, trace=142, class=java.util.jar.Attributes@752320)
	map		b010050
OBJ b010050 (sz=40, trace=143, class=java.util.HashMap@6afaf0)
	table		b010070
ARR b010070 (sz=24, trace=144, nelems=2, elem type=java.util.HashMap$Entry@6afa20)
	[0]		b010250
OBJ b010090 (sz=24, trace=145, class=java.util.HashMap$Entry@6afa20)
	next		b010310
	value		b010030
	key		b011e70
OBJ b010190 (sz=24, trace=148, class=java.lang.String@6aeef0)
	value		b0101b0
ARR b0101b0 (sz=72, trace=149, nelems=28, elem type=char)
OBJ b0101d0 (sz=16, trace=150, class=java.util.jar.Attributes$Name@7544e0)
	name		75ed90
OBJ b010250 (sz=24, trace=125, class=java.util.HashMap$Entry@6afa20)
	value		b010190
	key		b0101d0
OBJ b010270 (sz=24, trace=140, class=java.lang.String@6aeef0)
	value		b010290
ARR b010290 (sz=112, trace=141, nelems=48, elem type=char)
OBJ b0102b0 (sz=16, trace=142, class=java.util.jar.Attributes@752320)
	map		b0102d0
OBJ b0102d0 (sz=40, trace=143, class=java.util.HashMap@6afaf0)
	table		b0102f0
ARR b0102f0 (sz=24, trace=144, nelems=2, elem type=java.util.HashMap$Entry@6afa20)
	[0]		b010450
OBJ b010310 (sz=24, trace=145, class=java.util.HashMap$Entry@6afa20)
	value		b0102b0
	key		b010270
OBJ b010390 (sz=24, trace=148, class=java.lang.String@6aeef0)
	value		b0103b0
ARR b0103b0 (sz=72, trace=149, nelems=28, elem type=char)
OBJ b0103d0 (sz=16, trace=150, class=java.util.jar.Attributes$Name@7544e0)
	name		75ed90
OBJ b010450 (sz=24, trace=125, class=java.util.HashMap$Entry@6afa20)
	value		b010390
	key		b0103d0
OBJ b010470 (sz=24, trace=140, class=java.lang.String@6aeef0)
	value		b010490
ARR b010490 (sz=104, trace=141, nelems=44, elem type=char)
OBJ b0104b0 (sz=16, trace=142, class=java.util.jar.Attributes@752320)
	map		b0104d0
OBJ b0104d0 (sz=40, trace=143, class=java.util.HashMap@6afaf0)
	table		b0104f0
ARR b0104f0 (sz=24, trace=144, nelems=2, elem type=java.util.HashMap$Entry@6afa20)
	[0]		b010630
OBJ b010510 (sz=24, trace=145, class=java.util.HashMap$Entry@6afa20)
	value		b0104b0
	key		b010470
OBJ b010570 (sz=24, trace=148, class=java.lang.String@6aeef0)
	value		b010590
ARR b010590 (sz=72, trace=149, nelems=28, elem type=char)
OBJ b0105b0 (sz=16, trace=150, class=java.util.jar.Attributes$Name@7544e0)
	name		75ed90
OBJ b010630 (sz=24, trace=125, class=java.util.HashMap$Entry@6afa20)
	value		b010570
	key		b0105b0
OBJ b010650 (sz=24, trace=140, class=java.lang.String@6aeef0)
	value		b010670
ARR b010670 (sz=112, trace=141, nelems=50, elem type=char)
OBJ b010690 (sz=16, trace=142, class=java.util.jar.Attributes@752320)
	map		b0106b0
OBJ b0106b0 (sz=40, trace=143, class=java.util.HashMap@6afaf0)
	table		b0106d0
ARR b0106d0 (sz=24, trace=144, nelems=2, elem type=java.util.HashMap$Entry@6afa20)
	[0]		b010810
OBJ b0106f0 (sz=24, trace=145, class=java.util.HashMap$Entry@6afa20)
	value		b010690
	key		b010650
OBJ b010750 (sz=24, trace=148, class=java.lang.String@6aeef0)
	value		b010770
ARR b010770 (sz=72, trace=149, nelems=28, elem type=char)
OBJ b010790 (sz=16, trace=150, class=java.util.jar.Attributes$Name@7544e0)
	name		75ed90
OBJ b010810 (sz=24, trace=125, class=java.util.HashMap$Entry@6afa20)
	value		b010750
	key		b010790
OBJ b010830 (sz=24, trace=140, class=java.lang.String@6aeef0)
	value		b010850
ARR b010850 (sz=88, trace=141, nelems=36, elem type=char)
OBJ b010870 (sz=16, trace=142, class=java.util.jar.Attributes@752320)
	map		b010890
OBJ b010890 (sz=40, trace=143, class=java.util.HashMap@6afaf0)
	table		b0108b0
ARR b0108b0 (sz=24, trace=144, nelems=2, elem type=java.util.HashMap$Entry@6afa20)
	[0]		b00f830
OBJ b0108d0 (sz=24, trace=145, class=java.util.HashMap$Entry@6afa20)
	value		b010870
	key		b010830
OBJ b010930 (sz=24, trace=148, class=java.lang.String@6aeef0)
	value		b010950
ARR b010950 (sz=72, trace=149, nelems=28, elem type=char)
OBJ b00f7b0 (sz=16, trace=150, class=java.util.jar.Attributes$Name@7544e0)
	name		75ed90
OBJ b00f830 (sz=24, trace=125, class=java.util.HashMap$Entry@6afa20)
	value		b010930
	key		b00f7b0
OBJ b00f850 (sz=24, trace=140, class=java.lang.String@6aeef0)
	value		b00f870
ARR b00f870 (sz=104, trace=141, nelems=43, elem type=char)
OBJ b00f890 (sz=16, trace=142, class=java.util.jar.Attributes@752320)
	map		b00f8b0
OBJ b00f8b0 (sz=40, trace=143, class=java.util.HashMap@6afaf0)
	table		b00f8d0
ARR b00f8d0 (sz=24, trace=144, nelems=2, elem type=java.util.HashMap$Entry@6afa20)
	[0]		b00fa10
OBJ b00f8f0 (sz=24, trace=145, class=java.util.HashMap$Entry@6afa20)
	value		b00f890
	key		b00f850
OBJ b00f950 (sz=24, trace=148, class=java.lang.String@6aeef0)
	value		b00f970
ARR b00f970 (sz=72, trace=149, nelems=28, elem type=char)
OBJ b00f990 (sz=16, trace=150, class=java.util.jar.Attributes$Name@7544e0)
	name		75ed90
OBJ b00fa10 (sz=24, trace=125, class=java.util.HashMap$Entry@6afa20)
	value		b00f950
	key		b00f990
OBJ b00fa30 (sz=24, trace=140, class=java.lang.String@6aeef0)
	value		b00fa50
ARR b00fa50 (sz=88, trace=141, nelems=38, elem type=char)
OBJ b00fa70 (sz=16, trace=142, class=java.util.jar.Attributes@752320)
	map		b00fa90
OBJ b00fa90 (sz=40, trace=143, class=java.util.HashMap@6afaf0)
	table		b00b240
ARR b00b240 (sz=24, trace=144, nelems=2, elem type=java.util.HashMap$Entry@6afa20)
	[0]		b00fc00
OBJ b00b260 (sz=24, trace=145, class=java.util.HashMap$Entry@6afa20)
	value		b00fa70
	key		b00fa30
OBJ b00fb40 (sz=24, trace=148, class=java.lang.String@6aeef0)
	value		b00fb60
ARR b00fb60 (sz=72, trace=149, nelems=28, elem type=char)
OBJ b00fb80 (sz=16, trace=150, class=java.util.jar.Attributes$Name@7544e0)
	name		75ed90
OBJ b00fc00 (sz=24, trace=125, class=java.util.HashMap$Entry@6afa20)
	value		b00fb40
	key		b00fb80
OBJ b00fc20 (sz=24, trace=140, class=java.lang.String@6aeef0)
	value		b00fc40
ARR b00fc40 (sz=104, trace=141, nelems=43, elem type=char)
OBJ b00fc60 (sz=16, trace=142, class=java.util.jar.Attributes@752320)
	map		b00fc80
OBJ b00fc80 (sz=40, trace=143, class=java.util.HashMap@6afaf0)
	table		b00fca0
ARR b00fca0 (sz=24, trace=144, nelems=2, elem type=java.util.HashMap$Entry@6afa20)
	[0]		b00fde0
OBJ b00fcc0 (sz=24, trace=145, class=java.util.HashMap$Entry@6afa20)
	next		b00b260
	value		b00fc60
	key		b00fc20
OBJ b00fd20 (sz=24, trace=148, class=java.lang.String@6aeef0)
	value		b00fd40
ARR b00fd40 (sz=72, trace=149, nelems=28, elem type=char)
OBJ b00fd60 (sz=16, trace=150, class=java.util.jar.Attributes$Name@7544e0)
	name		75ed90
OBJ b00fde0 (sz=24, trace=125, class=java.util.HashMap$Entry@6afa20)
	value		b00fd20
	key		b00fd60
OBJ b00fe00 (sz=24, trace=140, class=java.lang.String@6aeef0)
	value		b00fe20
ARR b00fe20 (sz=88, trace=141, nelems=38, elem type=char)
OBJ b00fe40 (sz=16, trace=142, class=java.util.jar.Attributes@752320)
	map		b00fe60
OBJ b00fe60 (sz=40, trace=143, class=java.util.HashMap@6afaf0)
	table		b00fe80
ARR b00fe80 (sz=24, trace=144, nelems=2, elem type=java.util.HashMap$Entry@6afa20)
	[0]		b00ffc0
OBJ b00fea0 (sz=24, trace=145, class=java.util.HashMap$Entry@6afa20)
	value		b00fe40
	key		b00fe00
OBJ b00ff00 (sz=24, trace=148, class=java.lang.String@6aeef0)
	value		b00ff20
ARR b00ff20 (sz=72, trace=149, nelems=28, elem type=char)
OBJ b00ff40 (sz=16, trace=150, class=java.util.jar.Attributes$Name@7544e0)
	name		75ed90
OBJ b00ffc0 (sz=24, trace=125, class=java.util.HashMap$Entry@6afa20)
	value		b00ff00
	key		b00ff40
OBJ b00ffe0 (sz=24, trace=140, class=java.lang.String@6aeef0)
	value		b00e020
ARR b00e020 (sz=88, trace=141, nelems=38, elem type=char)
OBJ b00e040 (sz=16, trace=142, class=java.util.jar.Attributes@752320)
	map		b00e060
OBJ b00e060 (sz=40, trace=143, class=java.util.HashMap@6afaf0)
	table		b00e080
ARR b00e080 (sz=24, trace=144, nelems=2, elem type=java.util.HashMap$Entry@6afa20)
	[0]		b00e1e0
OBJ b00e0a0 (sz=24, trace=145, class=java.util.HashMap$Entry@6afa20)
	value		b00e040
	key		b00ffe0
OBJ b00e120 (sz=24, trace=148, class=java.lang.String@6aeef0)
	value		b00e140
ARR b00e140 (sz=72, trace=149, nelems=28, elem type=char)
OBJ b00e160 (sz=16, trace=150, class=java.util.jar.Attributes$Name@7544e0)
	name		75ed90
OBJ b00e1e0 (sz=24, trace=125, class=java.util.HashMap$Entry@6afa20)
	value		b00e120
	key		b00e160
OBJ b00e200 (sz=24, trace=140, class=java.lang.String@6aeef0)
	value		b00e220
ARR b00e220 (sz=88, trace=141, nelems=38, elem type=char)
OBJ b00e240 (sz=16, trace=142, class=java.util.jar.Attributes@752320)
	map		b00e260
OBJ b00e260 (sz=40, trace=143, class=java.util.HashMap@6afaf0)
	table		b00e280
ARR b00e280 (sz=24, trace=144, nelems=2, elem type=java.util.HashMap$Entry@6afa20)
	[0]		b00e3c0
OBJ b00e2a0 (sz=24, trace=145, class=java.util.HashMap$Entry@6afa20)
	next		b00e480
	value		b00e240
	key		b00e200
OBJ b00e300 (sz=24, trace=148, class=java.lang.String@6aeef0)
	value		b00e320
ARR b00e320 (sz=72, trace=149, nelems=28, elem type=char)
OBJ b00e340 (sz=16, trace=150, class=java.util.jar.Attributes$Name@7544e0)
	name		75ed90
OBJ b00e3c0 (sz=24, trace=125, class=java.util.HashMap$Entry@6afa20)
	value		b00e300
	key		b00e340
OBJ b00e3e0 (sz=24, trace=140, class=java.lang.String@6aeef0)
	value		b00e400
ARR b00e400 (sz=88, trace=141, nelems=37, elem type=char)
OBJ b00e420 (sz=16, trace=142, class=java.util.jar.Attributes@752320)
	map		b00e440
OBJ b00e440 (sz=40, trace=143, class=java.util.HashMap@6afaf0)
	table		b00e460
ARR b00e460 (sz=24, trace=144, nelems=2, elem type=java.util.HashMap$Entry@6afa20)
	[0]		b00e5a0
OBJ b00e480 (sz=24, trace=145, class=java.util.HashMap$Entry@6afa20)
	value		b00e420
	key		b00e3e0
OBJ b00e4e0 (sz=24, trace=148, class=java.lang.String@6aeef0)
	value		b00e500
ARR b00e500 (sz=72, trace=149, nelems=28, elem type=char)
OBJ b00e520 (sz=16, trace=150, class=java.util.jar.Attributes$Name@7544e0)
	name		75ed90
OBJ b00e5a0 (sz=24, trace=125, class=java.util.HashMap$Entry@6afa20)
	value		b00e4e0
	key		b00e520
OBJ b00e5c0 (sz=24, trace=140, class=java.lang.String@6aeef0)
	value		b00e5e0
ARR b00e5e0 (sz=88, trace=141, nelems=38, elem type=char)
OBJ b00e600 (sz=16, trace=142, class=java.util.jar.Attributes@752320)
	map		b00e620
OBJ b00e620 (sz=40, trace=143, class=java.util.HashMap@6afaf0)
	table		b00e640
ARR b00e640 (sz=24, trace=144, nelems=2, elem type=java.util.HashMap$Entry@6afa20)
	[0]		b00e820
OBJ b00e660 (sz=24, trace=145, class=java.util.HashMap$Entry@6afa20)
	value		b00e600
	key		b00e5c0
OBJ b00e700 (sz=24, trace=148, class=java.lang.String@6aeef0)
	value		b00e780
ARR b00e780 (sz=72, trace=149, nelems=28, elem type=char)
OBJ b00e7a0 (sz=16, trace=150, class=java.util.jar.Attributes$Name@7544e0)
	name		75ed90
OBJ b00e820 (sz=24, trace=125, class=java.util.HashMap$Entry@6afa20)
	value		b00e700
	key		b00e7a0
OBJ b00e840 (sz=24, trace=140, class=java.lang.String@6aeef0)
	value		b00e860
ARR b00e860 (sz=88, trace=141, nelems=38, elem type=char)
OBJ b00e880 (sz=16, trace=142, class=java.util.jar.Attributes@752320)
	map		b00e8a0
OBJ b00e8a0 (sz=40, trace=143, class=java.util.HashMap@6afaf0)
	table		b00e8c0
ARR b00e8c0 (sz=24, trace=144, nelems=2, elem type=java.util.HashMap$Entry@6afa20)
	[0]		b00ea00
OBJ b00e8e0 (sz=24, trace=145, class=java.util.HashMap$Entry@6afa20)
	value		b00e880
	key		b00e840
OBJ b00e940 (sz=24, trace=148, class=java.lang.String@6aeef0)
	value		b00e960
ARR b00e960 (sz=72, trace=149, nelems=28, elem type=char)
OBJ b00e980 (sz=16, trace=150, class=java.util.jar.Attributes$Name@7544e0)
	name		75ed90
OBJ b00ea00 (sz=24, trace=125, class=java.util.HashMap$Entry@6afa20)
	value		b00e940
	key		b00e980
OBJ b00ea20 (sz=24, trace=140, class=java.lang.String@6aeef0)
	value		b00ea40
ARR b00ea40 (sz=88, trace=141, nelems=38, elem type=char)
OBJ b00ea60 (sz=16, trace=142, class=java.util.jar.Attributes@752320)
	map		b00ea80
OBJ b00ea80 (sz=40, trace=143, class=java.util.HashMap@6afaf0)
	table		b00eaa0
ARR b00eaa0 (sz=24, trace=144, nelems=2, elem type=java.util.HashMap$Entry@6afa20)
	[0]		b00ebe0
OBJ b00eac0 (sz=24, trace=145, class=java.util.HashMap$Entry@6afa20)
	value		b00ea60
	key		b00ea20
OBJ b00eb20 (sz=24, trace=148, class=java.lang.String@6aeef0)
	value		b00eb40
ARR b00eb40 (sz=72, trace=149, nelems=28, elem type=char)
OBJ b00eb60 (sz=16, trace=150, class=java.util.jar.Attributes$Name@7544e0)
	name		75ed90
OBJ b00ebe0 (sz=24, trace=125, class=java.util.HashMap$Entry@6afa20)
	value		b00eb20
	key		b00eb60
OBJ b00ec00 (sz=24, trace=140, class=java.lang.String@6aeef0)
	value		b00ec20
ARR b00ec20 (sz=128, trace=141, nelems=58, elem type=char)
OBJ b00ec40 (sz=16, trace=142, class=java.util.jar.Attributes@752320)
	map		b00ec60
OBJ b00ec60 (sz=40, trace=143, class=java.util.HashMap@6afaf0)
	table		b00ec80
ARR b00ec80 (sz=24, trace=144, nelems=2, elem type=java.util.HashMap$Entry@6afa20)
	[0]		b00edc0
OBJ b00eca0 (sz=24, trace=145, class=java.util.HashMap$Entry@6afa20)
	next		b00ee80
	value		b00ec40
	key		b00ec00
OBJ b00ed00 (sz=24, trace=148, class=java.lang.String@6aeef0)
	value		b00ed20
ARR b00ed20 (sz=72, trace=149, nelems=28, elem type=char)
OBJ b00ed40 (sz=16, trace=150, class=java.util.jar.Attributes$Name@7544e0)
	name		75ed90
OBJ b00edc0 (sz=24, trace=125, class=java.util.HashMap$Entry@6afa20)
	value		b00ed00
	key		b00ed40
OBJ b00ede0 (sz=24, trace=140, class=java.lang.String@6aeef0)
	value		b00ee00
ARR b00ee00 (sz=88, trace=141, nelems=38, elem type=char)
OBJ b00ee20 (sz=16, trace=142, class=java.util.jar.Attributes@752320)
	map		b00ee40
OBJ b00ee40 (sz=40, trace=143, class=java.util.HashMap@6afaf0)
	table		b00ee60
ARR b00ee60 (sz=24, trace=144, nelems=2, elem type=java.util.HashMap$Entry@6afa20)
	[0]		b00efa0
OBJ b00ee80 (sz=24, trace=145, class=java.util.HashMap$Entry@6afa20)
	value		b00ee20
	key		b00ede0
OBJ b00eee0 (sz=24, trace=148, class=java.lang.String@6aeef0)
	value		b00ef00
ARR b00ef00 (sz=72, trace=149, nelems=28, elem type=char)
OBJ b00ef20 (sz=16, trace=150, class=java.util.jar.Attributes$Name@7544e0)
	name		75ed90
OBJ b00efa0 (sz=24, trace=125, class=java.util.HashMap$Entry@6afa20)
	value		b00eee0
	key		b00ef20
OBJ b00efc0 (sz=24, trace=140, class=java.lang.String@6aeef0)
	value		b00efe0
ARR b00efe0 (sz=88, trace=141, nelems=38, elem type=char)
OBJ b00d3d0 (sz=16, trace=142, class=java.util.jar.Attributes@752320)
	map		b00d3f0
OBJ b00d3f0 (sz=40, trace=143, class=java.util.HashMap@6afaf0)
	table		b00d4c0
ARR b00d4c0 (sz=24, trace=144, nelems=2, elem type=java.util.HashMap$Entry@6afa20)
	[0]		b00c310
OBJ b00d5c0 (sz=24, trace=145, class=java.util.HashMap$Entry@6afa20)
	value		b00d3d0
	key		b00efc0
OBJ b00d810 (sz=24, trace=148, class=java.lang.String@6aeef0)
	value		b00da50
ARR b00da50 (sz=72, trace=149, nelems=28, elem type=char)
OBJ b00c230 (sz=16, trace=150, class=java.util.jar.Attributes$Name@7544e0)
	name		75ed90
OBJ b00c310 (sz=24, trace=125, class=java.util.HashMap$Entry@6afa20)
	value		b00d810
	key		b00c230
OBJ b00c330 (sz=24, trace=140, class=java.lang.String@6aeef0)
	value		b00c350
ARR b00c350 (sz=120, trace=141, nelems=52, elem type=char)
OBJ b00c370 (sz=16, trace=142, class=java.util.jar.Attributes@752320)
	map		b00c390
OBJ b00c390 (sz=40, trace=143, class=java.util.HashMap@6afaf0)
	table		b00c3b0
ARR b00c3b0 (sz=24, trace=144, nelems=2, elem type=java.util.HashMap$Entry@6afa20)
	[0]		b00c4f0
OBJ b00c3d0 (sz=24, trace=145, class=java.util.HashMap$Entry@6afa20)
	next		b00c5b0
	value		b00c370
	key		b00c330
OBJ b00c430 (sz=24, trace=148, class=java.lang.String@6aeef0)
	value		b00c450
ARR b00c450 (sz=72, trace=149, nelems=28, elem type=char)
OBJ b00c470 (sz=16, trace=150, class=java.util.jar.Attributes$Name@7544e0)
	name		75ed90
OBJ b00c4f0 (sz=24, trace=125, class=java.util.HashMap$Entry@6afa20)
	value		b00c430
	key		b00c470
OBJ b00c510 (sz=24, trace=140, class=java.lang.String@6aeef0)
	value		b00c530
ARR b00c530 (sz=88, trace=141, nelems=38, elem type=char)
OBJ b00c550 (sz=16, trace=142, class=java.util.jar.Attributes@752320)
	map		b00c570
OBJ b00c570 (sz=40, trace=143, class=java.util.HashMap@6afaf0)
	table		b00c590
ARR b00c590 (sz=24, trace=144, nelems=2, elem type=java.util.HashMap$Entry@6afa20)
	[0]		b00c6d0
OBJ b00c5b0 (sz=24, trace=145, class=java.util.HashMap$Entry@6afa20)
	value		b00c550
	key		b00c510
OBJ b00c610 (sz=24, trace=148, class=java.lang.String@6aeef0)
	value		b00c630
ARR b00c630 (sz=72, trace=149, nelems=28, elem type=char)
OBJ b00c650 (sz=16, trace=150, class=java.util.jar.Attributes$Name@7544e0)
	name		75ed90
OBJ b00c6d0 (sz=24, trace=125, class=java.util.HashMap$Entry@6afa20)
	value		b00c610
	key		b00c650
OBJ b00c6f0 (sz=24, trace=140, class=java.lang.String@6aeef0)
	value		b00c710
ARR b00c710 (sz=96, trace=141, nelems=39, elem type=char)
OBJ b00c730 (sz=16, trace=142, class=java.util.jar.Attributes@752320)
	map		b00c750
OBJ b00c750 (sz=40, trace=143, class=java.util.HashMap@6afaf0)
	table		b00c770
ARR b00c770 (sz=24, trace=144, nelems=2, elem type=java.util.HashMap$Entry@6afa20)
	[0]		b00c8b0
OBJ b00c790 (sz=24, trace=145, class=java.util.HashMap$Entry@6afa20)
	next		b00c970
	value		b00c730
	key		b00c6f0
OBJ b00c7f0 (sz=24, trace=148, class=java.lang.String@6aeef0)
	value		b00c810
ARR b00c810 (sz=72, trace=149, nelems=28, elem type=char)
OBJ b00c830 (sz=16, trace=150, class=java.util.jar.Attributes$Name@7544e0)
	name		75ed90
OBJ b00c8b0 (sz=24, trace=125, class=java.util.HashMap$Entry@6afa20)
	value		b00c7f0
	key		b00c830
OBJ b00c8d0 (sz=24, trace=140, class=java.lang.String@6aeef0)
	value		b00c8f0
ARR b00c8f0 (sz=88, trace=141, nelems=38, elem type=char)
OBJ b00c910 (sz=16, trace=142, class=java.util.jar.Attributes@752320)
	map		b00c930
OBJ b00c930 (sz=40, trace=143, class=java.util.HashMap@6afaf0)
	table		b00c950
ARR b00c950 (sz=24, trace=144, nelems=2, elem type=java.util.HashMap$Entry@6afa20)
	[0]		b00ca90
OBJ b00c970 (sz=24, trace=145, class=java.util.HashMap$Entry@6afa20)
	value		b00c910
	key		b00c8d0
OBJ b00c9d0 (sz=24, trace=148, class=java.lang.String@6aeef0)
	value		b00c9f0
ARR b00c9f0 (sz=72, trace=149, nelems=28, elem type=char)
OBJ b00ca10 (sz=16, trace=150, class=java.util.jar.Attributes$Name@7544e0)
	name		75ed90
OBJ b00ca90 (sz=24, trace=125, class=java.util.HashMap$Entry@6afa20)
	value		b00c9d0
	key		b00ca10
OBJ b00cab0 (sz=24, trace=140, class=java.lang.String@6aeef0)
	value		b00cad0
ARR b00cad0 (sz=88, trace=141, nelems=38, elem type=char)
OBJ b00caf0 (sz=16, trace=142, class=java.util.jar.Attributes@752320)
	map		b00cb10
OBJ b00cb10 (sz=40, trace=143, class=java.util.HashMap@6afaf0)
	table		b00cb30
ARR b00cb30 (sz=24, trace=144, nelems=2, elem type=java.util.HashMap$Entry@6afa20)
	[0]		b00cfc0
OBJ b00cb50 (sz=24, trace=145, class=java.util.HashMap$Entry@6afa20)
	value		b00caf0
	key		b00cab0
OBJ b00ce90 (sz=24, trace=148, class=java.lang.String@6aeef0)
	value		b00cf40
ARR b00cf40 (sz=72, trace=149, nelems=28, elem type=char)
OBJ b00cf60 (sz=16, trace=150, class=java.util.jar.Attributes$Name@7544e0)
	name		75ed90
OBJ b00cfc0 (sz=24, trace=125, class=java.util.HashMap$Entry@6afa20)
	value		b00ce90
	key		b00cf60
OBJ b00cfe0 (sz=24, trace=140, class=java.lang.String@6aeef0)
	value		b00b010
ARR b00b010 (sz=88, trace=141, nelems=38, elem type=char)
OBJ b00b030 (sz=16, trace=142, class=java.util.jar.Attributes@752320)
	map		b00b050
OBJ b00b050 (sz=40, trace=143, class=java.util.HashMap@6afaf0)
	table		b00b070
ARR b00b070 (sz=24, trace=144, nelems=2, elem type=java.util.HashMap$Entry@6afa20)
	[0]		b00b1b0
OBJ b00b090 (sz=24, trace=145, class=java.util.HashMap$Entry@6afa20)
	value		b00b030
	key		b00cfe0
OBJ b00b0f0 (sz=24, trace=148, class=java.lang.String@6aeef0)
	value		b00b110
ARR b00b110 (sz=72, trace=149, nelems=28, elem type=char)
OBJ b00b130 (sz=16, trace=150, class=java.util.jar.Attributes$Name@7544e0)
	name		75ed90
OBJ b00b1b0 (sz=24, trace=125, class=java.util.HashMap$Entry@6afa20)
	value		b00b0f0
	key		b00b130
OBJ b00b1d0 (sz=24, trace=140, class=java.lang.String@6aeef0)
	value		b00b1f0
ARR b00b1f0 (sz=104, trace=141, nelems=45, elem type=char)
OBJ b00a530 (sz=16, trace=142, class=java.util.jar.Attributes@752320)
	map		b00a550
OBJ b00a550 (sz=40, trace=143, class=java.util.HashMap@6afaf0)
	table		b00a570
ARR b00a570 (sz=24, trace=144, nelems=2, elem type=java.util.HashMap$Entry@6afa20)
	[0]		b00b380
OBJ b00b210 (sz=24, trace=145, class=java.util.HashMap$Entry@6afa20)
	value		b00a530
	key		b00b1d0
OBJ b00b2c0 (sz=24, trace=148, class=java.lang.String@6aeef0)
	value		b00b2e0
ARR b00b2e0 (sz=72, trace=149, nelems=28, elem type=char)
OBJ b00b300 (sz=16, trace=150, class=java.util.jar.Attributes$Name@7544e0)
	name		75ed90
OBJ b00b380 (sz=24, trace=125, class=java.util.HashMap$Entry@6afa20)
	value		b00b2c0
	key		b00b300
OBJ b00b3a0 (sz=24, trace=140, class=java.lang.String@6aeef0)
	value		b00b3c0
ARR b00b3c0 (sz=88, trace=141, nelems=38, elem type=char)
OBJ b00b3e0 (sz=16, trace=142, class=java.util.jar.Attributes@752320)
	map		b00b400
OBJ b00b400 (sz=40, trace=143, class=java.util.HashMap@6afaf0)
	table		b00b420
ARR b00b420 (sz=24, trace=144, nelems=2, elem type=java.util.HashMap$Entry@6afa20)
	[0]		b00b560
OBJ b00b440 (sz=24, trace=145, class=java.util.HashMap$Entry@6afa20)
	value		b00b3e0
	key		b00b3a0
OBJ b00b4a0 (sz=24, trace=148, class=java.lang.String@6aeef0)
	value		b00b4c0
ARR b00b4c0 (sz=72, trace=149, nelems=28, elem type=char)
OBJ b00b4e0 (sz=16, trace=150, class=java.util.jar.Attributes$Name@7544e0)
	name		75ed90
OBJ b00b560 (sz=24, trace=125, class=java.util.HashMap$Entry@6afa20)
	value		b00b4a0
	key		b00b4e0
OBJ b00b580 (sz=24, trace=140, class=java.lang.String@6aeef0)
	value		b00b5a0
ARR b00b5a0 (sz=96, trace=141, nelems=39, elem type=char)
OBJ b00b5c0 (sz=16, trace=142, class=java.util.jar.Attributes@752320)
	map		b00b5e0
OBJ b00b5e0 (sz=40, trace=143, class=java.util.HashMap@6afaf0)
	table		b00b600
ARR b00b600 (sz=24, trace=144, nelems=2, elem type=java.util.HashMap$Entry@6afa20)
	[0]		b00b740
OBJ b00b620 (sz=24, trace=145, class=java.util.HashMap$Entry@6afa20)
	value		b00b5c0
	key		b00b580
OBJ b00b680 (sz=24, trace=148, class=java.lang.String@6aeef0)
	value		b00b6a0
ARR b00b6a0 (sz=72, trace=149, nelems=28, elem type=char)
OBJ b00b6c0 (sz=16, trace=150, class=java.util.jar.Attributes$Name@7544e0)
	name		75ed90
OBJ b00b740 (sz=24, trace=125, class=java.util.HashMap$Entry@6afa20)
	value		b00b680
	key		b00b6c0
OBJ b00b760 (sz=24, trace=140, class=java.lang.String@6aeef0)
	value		b00b780
ARR b00b780 (sz=96, trace=141, nelems=39, elem type=char)
OBJ b00b7a0 (sz=16, trace=142, class=java.util.jar.Attributes@752320)
	map		b00b7c0
OBJ b00b7c0 (sz=40, trace=143, class=java.util.HashMap@6afaf0)
	table		b00b7e0
ARR b00b7e0 (sz=24, trace=144, nelems=2, elem type=java.util.HashMap$Entry@6afa20)
	[0]		b00b920
OBJ b00b800 (sz=24, trace=145, class=java.util.HashMap$Entry@6afa20)
	value		b00b7a0
	key		b00b760
OBJ b00b860 (sz=24, trace=148, class=java.lang.String@6aeef0)
	value		b00b880
ARR b00b880 (sz=72, trace=149, nelems=28, elem type=char)
OBJ b00b8a0 (sz=16, trace=150, class=java.util.jar.Attributes$Name@7544e0)
	name		75ed90
OBJ b00b920 (sz=24, trace=125, class=java.util.HashMap$Entry@6afa20)
	value		b00b860
	key		b00b8a0
OBJ b00b940 (sz=24, trace=140, class=java.lang.String@6aeef0)
	value		b00b960
ARR b00b960 (sz=96, trace=141, nelems=39, elem type=char)
OBJ b00b980 (sz=16, trace=142, class=java.util.jar.Attributes@752320)
	map		b00b9a0
OBJ b00b9a0 (sz=40, trace=143, class=java.util.HashMap@6afaf0)
	table		b00b9c0
ARR b00b9c0 (sz=24, trace=144, nelems=2, elem type=java.util.HashMap$Entry@6afa20)
	[0]		b00bb00
OBJ b00b9e0 (sz=24, trace=145, class=java.util.HashMap$Entry@6afa20)
	value		b00b980
	key		b00b940
OBJ b00ba40 (sz=24, trace=148, class=java.lang.String@6aeef0)
	value		b00ba60
ARR b00ba60 (sz=72, trace=149, nelems=28, elem type=char)
OBJ b00ba80 (sz=16, trace=150, class=java.util.jar.Attributes$Name@7544e0)
	name		75ed90
OBJ b00bb00 (sz=24, trace=125, class=java.util.HashMap$Entry@6afa20)
	value		b00ba40
	key		b00ba80
OBJ b00bb20 (sz=24, trace=140, class=java.lang.String@6aeef0)
	value		b00bb40
ARR b00bb40 (sz=104, trace=141, nelems=43, elem type=char)
OBJ b00bb60 (sz=16, trace=142, class=java.util.jar.Attributes@752320)
	map		b00bb80
OBJ b00bb80 (sz=40, trace=143, class=java.util.HashMap@6afaf0)
	table		b00bba0
ARR b00bba0 (sz=24, trace=144, nelems=2, elem type=java.util.HashMap$Entry@6afa20)
	[0]		b00bd50
OBJ b00bbc0 (sz=24, trace=145, class=java.util.HashMap$Entry@6afa20)
	value		b00bb60
	key		b00bb20
OBJ b00bc20 (sz=24, trace=148, class=java.lang.String@6aeef0)
	value		b00bc40
ARR b00bc40 (sz=72, trace=149, nelems=28, elem type=char)
OBJ b00bc60 (sz=16, trace=150, class=java.util.jar.Attributes$Name@7544e0)
	name		75ed90
OBJ b00bd50 (sz=24, trace=125, class=java.util.HashMap$Entry@6afa20)
	value		b00bc20
	key		b00bc60
OBJ b00bd70 (sz=24, trace=140, class=java.lang.String@6aeef0)
	value		b00bd90
ARR b00bd90 (sz=104, trace=141, nelems=43, elem type=char)
OBJ b00bdb0 (sz=16, trace=142, class=java.util.jar.Attributes@752320)
	map		b00bdd0
OBJ b00bdd0 (sz=40, trace=143, class=java.util.HashMap@6afaf0)
	table		b00bdf0
ARR b00bdf0 (sz=24, trace=144, nelems=2, elem type=java.util.HashMap$Entry@6afa20)
	[0]		b00a220
OBJ b00be50 (sz=24, trace=145, class=java.util.HashMap$Entry@6afa20)
	value		b00bdb0
	key		b00bd70
OBJ b00a0f0 (sz=24, trace=148, class=java.lang.String@6aeef0)
	value		b00a110
ARR b00a110 (sz=72, trace=149, nelems=28, elem type=char)
OBJ b00a130 (sz=16, trace=150, class=java.util.jar.Attributes$Name@7544e0)
	name		75ed90
OBJ b00a220 (sz=24, trace=125, class=java.util.HashMap$Entry@6afa20)
	value		b00a0f0
	key		b00a130
OBJ b00a270 (sz=24, trace=140, class=java.lang.String@6aeef0)
	value		b00a290
ARR b00a290 (sz=96, trace=141, nelems=42, elem type=char)
OBJ b00a2b0 (sz=16, trace=142, class=java.util.jar.Attributes@752320)
	map		b00a2d0
OBJ b00a2d0 (sz=40, trace=143, class=java.util.HashMap@6afaf0)
	table		b00a2f0
ARR b00a2f0 (sz=24, trace=144, nelems=2, elem type=java.util.HashMap$Entry@6afa20)
	[0]		b00a430
OBJ b00a310 (sz=24, trace=145, class=java.util.HashMap$Entry@6afa20)
	next		b00a4f0
	value		b00a2b0
	key		b00a270
OBJ b00a370 (sz=24, trace=148, class=java.lang.String@6aeef0)
	value		b00a390
ARR b00a390 (sz=72, trace=149, nelems=28, elem type=char)
OBJ b00a3b0 (sz=16, trace=150, class=java.util.jar.Attributes$Name@7544e0)
	name		75ed90
OBJ b00a430 (sz=24, trace=125, class=java.util.HashMap$Entry@6afa20)
	value		b00a370
	key		b00a3b0
OBJ b00a450 (sz=24, trace=140, class=java.lang.String@6aeef0)
	value		b00a470
ARR b00a470 (sz=104, trace=141, nelems=44, elem type=char)
OBJ b00a490 (sz=16, trace=142, class=java.util.jar.Attributes@752320)
	map		b00a4b0
OBJ b00a4b0 (sz=40, trace=143, class=java.util.HashMap@6afaf0)
	table		b00a4d0
ARR b00a4d0 (sz=24, trace=144, nelems=2, elem type=java.util.HashMap$Entry@6afa20)
	[0]		b00a610
OBJ b00a4f0 (sz=24, trace=145, class=java.util.HashMap$Entry@6afa20)
	value		b00a490
	key		b00a450
OBJ b009c60 (sz=24, trace=148, class=java.lang.String@6aeef0)
	value		b00a510
ARR b00a510 (sz=72, trace=149, nelems=28, elem type=char)
OBJ b00a590 (sz=16, trace=150, class=java.util.jar.Attributes$Name@7544e0)
	name		75ed90
OBJ b00a610 (sz=24, trace=125, class=java.util.HashMap$Entry@6afa20)
	value		b009c60
	key		b00a590
OBJ b00a630 (sz=24, trace=140, class=java.lang.String@6aeef0)
	value		b00a650
ARR b00a650 (sz=96, trace=141, nelems=42, elem type=char)
OBJ b00a670 (sz=16, trace=142, class=java.util.jar.Attributes@752320)
	map		b00a690
OBJ b00a690 (sz=40, trace=143, class=java.util.HashMap@6afaf0)
	table		b00a6b0
ARR b00a6b0 (sz=24, trace=144, nelems=2, elem type=java.util.HashMap$Entry@6afa20)
	[0]		b00a810
OBJ b00a6d0 (sz=24, trace=145, class=java.util.HashMap$Entry@6afa20)
	value		b00a670
	key		b00a630
ARR b00a6f0 (sz=528, trace=153, nelems=128, elem type=java.util.HashMap$Entry@6afa20)
	[1]		b008d80
	[3]		b008ba0
	[5]		b0086f0
	[6]		b008510
	[9]		b008330
	[10]		b009f60
	[11]		b009ba0
	[19]		b00ae70
	[20]		b00ac90
	[23]		b00aab0
	[24]		b00a8d0
	[25]		b00a6d0
	[26]		b00a310
	[37]		b00be50
	[38]		b00bbc0
	[40]		b00b9e0
	[42]		b00b800
	[44]		b00b620
	[46]		b00b440
	[47]		b00b210
	[48]		b00b090
	[50]		b00cb50
	[52]		b00c790
	[54]		b00c3d0
	[55]		b00d5c0
	[56]		b00eca0
	[58]		b00eac0
	[60]		b00e8e0
	[62]		b00e660
	[64]		b00e2a0
	[66]		b00e0a0
	[68]		b00fea0
	[70]		b00fcc0
	[71]		b00f8f0
	[75]		b0108d0
	[89]		b0106f0
	[96]		b010510
	[105]		b010090
	[106]		b011cd0
	[107]		b015a60
	[111]		b015880
	[113]		b0156a0
	[115]		b0152e0
	[117]		b015100
	[119]		b015da0
	[121]		b0160d0
	[123]		b017be0
	[125]		b017a00
	[127]		b0150a0
OBJ b00a750 (sz=24, trace=148, class=java.lang.String@6aeef0)
	value		b00a770
ARR b00a770 (sz=72, trace=149, nelems=28, elem type=char)
OBJ b00a790 (sz=16, trace=150, class=java.util.jar.Attributes$Name@7544e0)
	name		75ed90
OBJ b00a810 (sz=24, trace=125, class=java.util.HashMap$Entry@6afa20)
	value		b00a750
	key		b00a790
OBJ b00a830 (sz=24, trace=140, class=java.lang.String@6aeef0)
	value		b00a850
ARR b00a850 (sz=88, trace=141, nelems=36, elem type=char)
OBJ b00a870 (sz=16, trace=142, class=java.util.jar.Attributes@752320)
	map		b00a890
OBJ b00a890 (sz=40, trace=143, class=java.util.HashMap@6afaf0)
	table		b00a8b0
ARR b00a8b0 (sz=24, trace=144, nelems=2, elem type=java.util.HashMap$Entry@6afa20)
	[0]		b00a9f0
OBJ b00a8d0 (sz=24, trace=145, class=java.util.HashMap$Entry@6afa20)
	value		b00a870
	key		b00a830
OBJ b00a930 (sz=24, trace=148, class=java.lang.String@6aeef0)
	value		b00a950
ARR b00a950 (sz=72, trace=149, nelems=28, elem type=char)
OBJ b00a970 (sz=16, trace=150, class=java.util.jar.Attributes$Name@7544e0)
	name		75ed90
OBJ b00a9f0 (sz=24, trace=125, class=java.util.HashMap$Entry@6afa20)
	value		b00a930
	key		b00a970
OBJ b00aa10 (sz=24, trace=140, class=java.lang.String@6aeef0)
	value		b00aa30
ARR b00aa30 (sz=88, trace=141, nelems=36, elem type=char)
OBJ b00aa50 (sz=16, trace=142, class=java.util.jar.Attributes@752320)
	map		b00aa70
OBJ b00aa70 (sz=40, trace=143, class=java.util.HashMap@6afaf0)
	table		b00aa90
ARR b00aa90 (sz=24, trace=144, nelems=2, elem type=java.util.HashMap$Entry@6afa20)
	[0]		b00abd0
OBJ b00aab0 (sz=24, trace=145, class=java.util.HashMap$Entry@6afa20)
	value		b00aa50
	key		b00aa10
OBJ b00ab10 (sz=24, trace=148, class=java.lang.String@6aeef0)
	value		b00ab30
ARR b00ab30 (sz=72, trace=149, nelems=28, elem type=char)
OBJ b00ab50 (sz=16, trace=150, class=java.util.jar.Attributes$Name@7544e0)
	name		75ed90
OBJ b00abd0 (sz=24, trace=125, class=java.util.HashMap$Entry@6afa20)
	value		b00ab10
	key		b00ab50
OBJ b00abf0 (sz=24, trace=140, class=java.lang.String@6aeef0)
	value		b00ac10
ARR b00ac10 (sz=112, trace=141, nelems=49, elem type=char)
OBJ b00ac30 (sz=16, trace=142, class=java.util.jar.Attributes@752320)
	map		b00ac50
OBJ b00ac50 (sz=40, trace=143, class=java.util.HashMap@6afaf0)
	table		b00ac70
ARR b00ac70 (sz=24, trace=144, nelems=2, elem type=java.util.HashMap$Entry@6afa20)
	[0]		b00adb0
OBJ b00ac90 (sz=24, trace=145, class=java.util.HashMap$Entry@6afa20)
	value		b00ac30
	key		b00abf0
OBJ b00acf0 (sz=24, trace=148, class=java.lang.String@6aeef0)
	value		b00ad10
ARR b00ad10 (sz=72, trace=149, nelems=28, elem type=char)
OBJ b00ad30 (sz=16, trace=150, class=java.util.jar.Attributes$Name@7544e0)
	name		75ed90
OBJ b00adb0 (sz=24, trace=125, class=java.util.HashMap$Entry@6afa20)
	value		b00acf0
	key		b00ad30
OBJ b00add0 (sz=24, trace=140, class=java.lang.String@6aeef0)
	value		b00adf0
ARR b00adf0 (sz=112, trace=141, nelems=48, elem type=char)
OBJ b00ae10 (sz=16, trace=142, class=java.util.jar.Attributes@752320)
	map		b00ae30
OBJ b00ae30 (sz=40, trace=143, class=java.util.HashMap@6afaf0)
	table		b00ae50
ARR b00ae50 (sz=24, trace=144, nelems=2, elem type=java.util.HashMap$Entry@6afa20)
	[0]		b00af90
OBJ b00ae70 (sz=24, trace=145, class=java.util.HashMap$Entry@6afa20)
	value		b00ae10
	key		b00add0
OBJ b00aed0 (sz=24, trace=148, class=java.lang.String@6aeef0)
	value		b00aef0
ARR b00aef0 (sz=72, trace=149, nelems=28, elem type=char)
OBJ b00af10 (sz=16, trace=150, class=java.util.jar.Attributes$Name@7544e0)
	name		75ed90
OBJ b00af90 (sz=24, trace=125, class=java.util.HashMap$Entry@6afa20)
	value		b00aed0
	key		b00af10
OBJ b009920 (sz=24, trace=140, class=java.lang.String@6aeef0)
	value		b009940
ARR b009940 (sz=112, trace=141, nelems=50, elem type=char)
OBJ b009960 (sz=16, trace=142, class=java.util.jar.Attributes@752320)
	map		b009980
OBJ b009980 (sz=40, trace=143, class=java.util.HashMap@6afaf0)
	table		b0099a0
ARR b0099a0 (sz=24, trace=144, nelems=2, elem type=java.util.HashMap$Entry@6afa20)
	[0]		b009ae0
OBJ b0099c0 (sz=24, trace=145, class=java.util.HashMap$Entry@6afa20)
	value		b009960
	key		b009920
OBJ b009a20 (sz=24, trace=148, class=java.lang.String@6aeef0)
	value		b009a40
ARR b009a40 (sz=72, trace=149, nelems=28, elem type=char)
OBJ b009a60 (sz=16, trace=150, class=java.util.jar.Attributes$Name@7544e0)
	name		75ed90
OBJ b009ae0 (sz=24, trace=125, class=java.util.HashMap$Entry@6afa20)
	value		b009a20
	key		b009a60
OBJ b009b00 (sz=24, trace=140, class=java.lang.String@6aeef0)
	value		b009b20
ARR b009b20 (sz=96, trace=141, nelems=42, elem type=char)
OBJ b009b40 (sz=16, trace=142, class=java.util.jar.Attributes@752320)
	map		b009b60
OBJ b009b60 (sz=40, trace=143, class=java.util.HashMap@6afaf0)
	table		b009b80
ARR b009b80 (sz=24, trace=144, nelems=2, elem type=java.util.HashMap$Entry@6afa20)
	[0]		b009cc0
OBJ b009ba0 (sz=24, trace=145, class=java.util.HashMap$Entry@6afa20)
	next		b0099c0
	value		b009b40
	key		b009b00
OBJ b008ea0 (sz=24, trace=148, class=java.lang.String@6aeef0)
	value		b008ec0
ARR b008ec0 (sz=72, trace=149, nelems=28, elem type=char)
OBJ b008ee0 (sz=16, trace=150, class=java.util.jar.Attributes$Name@7544e0)
	name		75ed90
OBJ b009cc0 (sz=24, trace=125, class=java.util.HashMap$Entry@6afa20)
	value		b008ea0
	key		b008ee0
OBJ b009ce0 (sz=24, trace=140, class=java.lang.String@6aeef0)
	value		b009d00
ARR b009d00 (sz=104, trace=141, nelems=46, elem type=char)
OBJ b009d20 (sz=16, trace=142, class=java.util.jar.Attributes@752320)
	map		b009d40
OBJ b009d40 (sz=40, trace=143, class=java.util.HashMap@6afaf0)
	table		b009d60
ARR b009d60 (sz=24, trace=144, nelems=2, elem type=java.util.HashMap$Entry@6afa20)
	[0]		b009ea0
OBJ b009d80 (sz=24, trace=145, class=java.util.HashMap$Entry@6afa20)
	value		b009d20
	key		b009ce0
OBJ b009de0 (sz=24, trace=148, class=java.lang.String@6aeef0)
	value		b009e00
ARR b009e00 (sz=72, trace=149, nelems=28, elem type=char)
OBJ b009e20 (sz=16, trace=150, class=java.util.jar.Attributes$Name@7544e0)
	name		75ed90
OBJ b009ea0 (sz=24, trace=125, class=java.util.HashMap$Entry@6afa20)
	value		b009de0
	key		b009e20
OBJ b009ec0 (sz=24, trace=140, class=java.lang.String@6aeef0)
	value		b009ee0
ARR b009ee0 (sz=128, trace=141, nelems=57, elem type=char)
OBJ b009f00 (sz=16, trace=142, class=java.util.jar.Attributes@752320)
	map		b009f20
OBJ b009f20 (sz=40, trace=143, class=java.util.HashMap@6afaf0)
	table		b009f40
ARR b009f40 (sz=24, trace=144, nelems=2, elem type=java.util.HashMap$Entry@6afa20)
	[0]		b008090
OBJ b009f60 (sz=24, trace=145, class=java.util.HashMap$Entry@6afa20)
	next		b009d80
	value		b009f00
	key		b009ec0
OBJ b009fc0 (sz=24, trace=148, class=java.lang.String@6aeef0)
	value		b009fe0
ARR b009fe0 (sz=72, trace=149, nelems=28, elem type=char)
OBJ b008010 (sz=16, trace=150, class=java.util.jar.Attributes$Name@7544e0)
	name		75ed90
OBJ b008090 (sz=24, trace=125, class=java.util.HashMap$Entry@6afa20)
	value		b009fc0
	key		b008010
OBJ b0080b0 (sz=24, trace=140, class=java.lang.String@6aeef0)
	value		b0080d0
ARR b0080d0 (sz=112, trace=141, nelems=50, elem type=char)
OBJ b0080f0 (sz=16, trace=142, class=java.util.jar.Attributes@752320)
	map		b008110
OBJ b008110 (sz=40, trace=143, class=java.util.HashMap@6afaf0)
	table		b008130
ARR b008130 (sz=24, trace=144, nelems=2, elem type=java.util.HashMap$Entry@6afa20)
	[0]		b008270
OBJ b008150 (sz=24, trace=145, class=java.util.HashMap$Entry@6afa20)
	value		b0080f0
	key		b0080b0
OBJ b0081b0 (sz=24, trace=148, class=java.lang.String@6aeef0)
	value		b0081d0
ARR b0081d0 (sz=72, trace=149, nelems=28, elem type=char)
OBJ b0081f0 (sz=16, trace=150, class=java.util.jar.Attributes$Name@7544e0)
	name		75ed90
OBJ b008270 (sz=24, trace=125, class=java.util.HashMap$Entry@6afa20)
	value		b0081b0
	key		b0081f0
OBJ b008290 (sz=24, trace=140, class=java.lang.String@6aeef0)
	value		b0082b0
ARR b0082b0 (sz=104, trace=141, nelems=46, elem type=char)
OBJ b0082d0 (sz=16, trace=142, class=java.util.jar.Attributes@752320)
	map		b0082f0
OBJ b0082f0 (sz=40, trace=143, class=java.util.HashMap@6afaf0)
	table		b008310
ARR b008310 (sz=24, trace=144, nelems=2, elem type=java.util.HashMap$Entry@6afa20)
	[0]		b008450
OBJ b008330 (sz=24, trace=145, class=java.util.HashMap$Entry@6afa20)
	next		b008150
	value		b0082d0
	key		b008290
OBJ b008390 (sz=24, trace=148, class=java.lang.String@6aeef0)
	value		b0083b0
ARR b0083b0 (sz=72, trace=149, nelems=28, elem type=char)
OBJ b0083d0 (sz=16, trace=150, class=java.util.jar.Attributes$Name@7544e0)
	name		75ed90
OBJ b008450 (sz=24, trace=125, class=java.util.HashMap$Entry@6afa20)
	value		b008390
	key		b0083d0
OBJ b008470 (sz=24, trace=140, class=java.lang.String@6aeef0)
	value		b008490
ARR b008490 (sz=96, trace=141, nelems=39, elem type=char)
OBJ b0084b0 (sz=16, trace=142, class=java.util.jar.Attributes@752320)
	map		b0084d0
OBJ b0084d0 (sz=40, trace=143, class=java.util.HashMap@6afaf0)
	table		b0084f0
ARR b0084f0 (sz=24, trace=144, nelems=2, elem type=java.util.HashMap$Entry@6afa20)
	[0]		b008630
OBJ b008510 (sz=24, trace=145, class=java.util.HashMap$Entry@6afa20)
	value		b0084b0
	key		b008470
OBJ b008570 (sz=24, trace=148, class=java.lang.String@6aeef0)
	value		b008590
ARR b008590 (sz=72, trace=149, nelems=28, elem type=char)
OBJ b0085b0 (sz=16, trace=150, class=java.util.jar.Attributes$Name@7544e0)
	name		75ed90
OBJ b008630 (sz=24, trace=125, class=java.util.HashMap$Entry@6afa20)
	value		b008570
	key		b0085b0
OBJ b008650 (sz=24, trace=140, class=java.lang.String@6aeef0)
	value		b008670
ARR b008670 (sz=88, trace=141, nelems=38, elem type=char)
OBJ b008690 (sz=16, trace=142, class=java.util.jar.Attributes@752320)
	map		b0086b0
OBJ b0086b0 (sz=40, trace=143, class=java.util.HashMap@6afaf0)
	table		b0086d0
ARR b0086d0 (sz=24, trace=144, nelems=2, elem type=java.util.HashMap$Entry@6afa20)
	[0]		b008a80
OBJ b0086f0 (sz=24, trace=145, class=java.util.HashMap$Entry@6afa20)
	value		b008690
	key		b008650
OBJ b008750 (sz=24, trace=148, class=java.lang.String@6aeef0)
	value		b008770
ARR b008770 (sz=72, trace=149, nelems=28, elem type=char)
OBJ b008790 (sz=16, trace=150, class=java.util.jar.Attributes$Name@7544e0)
	name		75ed90
OBJ b008a80 (sz=24, trace=125, class=java.util.HashMap$Entry@6afa20)
	value		b008750
	key		b008790
OBJ b008aa0 (sz=24, trace=140, class=java.lang.String@6aeef0)
	value		b008ac0
ARR b008ac0 (sz=88, trace=141, nelems=38, elem type=char)
OBJ b008ae0 (sz=16, trace=142, class=java.util.jar.Attributes@752320)
	map		b008b60
OBJ b008b60 (sz=40, trace=143, class=java.util.HashMap@6afaf0)
	table		b008b80
ARR b008b80 (sz=24, trace=144, nelems=2, elem type=java.util.HashMap$Entry@6afa20)
	[0]		b008cc0
OBJ b008ba0 (sz=24, trace=145, class=java.util.HashMap$Entry@6afa20)
	value		b008ae0
	key		b008aa0
OBJ b008c00 (sz=24, trace=148, class=java.lang.String@6aeef0)
	value		b008c20
ARR b008c20 (sz=72, trace=149, nelems=28, elem type=char)
OBJ b008c40 (sz=16, trace=150, class=java.util.jar.Attributes$Name@7544e0)
	name		75ed90
OBJ b008cc0 (sz=24, trace=125, class=java.util.HashMap$Entry@6afa20)
	value		b008c00
	key		b008c40
OBJ b008ce0 (sz=24, trace=140, class=java.lang.String@6aeef0)
	value		b008d00
ARR b008d00 (sz=88, trace=141, nelems=38, elem type=char)
OBJ b008d20 (sz=16, trace=142, class=java.util.jar.Attributes@752320)
	map		b008d40
OBJ b008d40 (sz=40, trace=143, class=java.util.HashMap@6afaf0)
	table		b008d60
ARR b008d60 (sz=24, trace=144, nelems=2, elem type=java.util.HashMap$Entry@6afa20)
	[0]		b008f80
OBJ b008d80 (sz=24, trace=145, class=java.util.HashMap$Entry@6afa20)
	value		b008d20
	key		b008ce0
OBJ b008e60 (sz=24, trace=148, class=java.lang.String@6aeef0)
	value		b008e80
ARR b008e80 (sz=72, trace=149, nelems=28, elem type=char)
OBJ b008f00 (sz=16, trace=150, class=java.util.jar.Attributes$Name@7544e0)
	name		75ed90
OBJ b008f80 (sz=24, trace=125, class=java.util.HashMap$Entry@6afa20)
	value		b008e60
	key		b008f00
OBJ b008fa0 (sz=48, trace=127, class=java.util.jar.JarVerifier@7574e0)
	manifestRawBytes	b018ce0
	baos		affdc80
	manifest	b018de0
	pendingBlocks	b0074b0
	sigFileData	b007470
	sigFileCerts	b008fc0
	verifiedCerts	b007070
OBJ b008fc0 (sz=40, trace=128, class=java.util.Hashtable@6b63a0)
	table		b008fe0
ARR b008fe0 (sz=56, trace=129, nelems=11, elem type=java.util.Hashtable$Entry@6af830)
OBJ b007070 (sz=40, trace=130, class=java.util.Hashtable@6b63a0)
	table		b007090
ARR b007090 (sz=56, trace=131, nelems=11, elem type=java.util.Hashtable$Entry@6af830)
OBJ b007470 (sz=40, trace=132, class=java.util.Hashtable@6b63a0)
	table		b007490
ARR b007490 (sz=56, trace=133, nelems=11, elem type=java.util.Hashtable$Entry@6af830)
OBJ b0074b0 (sz=24, trace=134, class=java.util.ArrayList@6b6800)
	elementData	afe7d40
ARR afe7d40 (sz=56, trace=135, nelems=10, elem type=java.lang.Object@6ae810)
OBJ affdc80 (sz=16, trace=136, class=java.io.ByteArrayOutputStream@758050)
	buf		afe7d60
ARR afe7d60 (sz=48, trace=137, nelems=32, elem type=byte)
OBJ affdca0 (sz=24, trace=138, class=java.util.HashMap$Entry@6afa20)
	next		b01a320
	value		b018820
	key		b072400
ARR b006050 (sz=240, trace=176, nelems=111, elem type=char)
OBJ b006570 (sz=40, trace=2003, class=java.util.HashMap@6afaf0)
	table		b006590
ARR b006590 (sz=80, trace=2004, nelems=16, elem type=java.util.HashMap$Entry@6afa20)
	[3]		b005270
OBJ b0065b0 (sz=40, trace=2005, class=java.util.HashMap@6afaf0)
	table		b006630
ARR b006630 (sz=80, trace=2006, nelems=16, elem type=java.util.HashMap$Entry@6afa20)
	[9]		b005290
OBJ b006650 (sz=8, trace=2002, class=sun.net.www.protocol.jar.JarFileFactory@b006530)
OBJ b006690 (sz=56, trace=2007, class=java.net.URL@6b9e60)
	handler		6b9890
	path		b006880
	file		b006880
	host		6bd050
	protocol	b006770
OBJ b006770 (sz=24, trace=2009, class=java.lang.String@6aeef0)
	value		b006050
OBJ b006880 (sz=24, trace=2010, class=java.lang.String@6aeef0)
	value		b006050
OBJ b006e80 (sz=56, trace=2018, class=sun.net.www.protocol.jar.URLJarFile@b006e00)
	superEntries	b004100
	superAttr	b004060
	superMan	b004020
	manEntry	b005ea0
	man		b004020
	inflaters	b0051d0
	name		b0051b0
OBJ b006ea0 (sz=32, trace=2019, class=java.lang.ref.Finalizer@6b1920)
	prev		b005f60
	next		b018d80
	queue		6ae070
	referent	b006e80
ARR b006fe0 (sz=104, trace=2026, nelems=46, elem type=char)
OBJ b0051b0 (sz=24, trace=2027, class=java.lang.String@6aeef0)
	value		b006fe0
OBJ b0051d0 (sz=24, trace=2028, class=java.util.Vector@6ae8c0)
	elementData	b0051f0
ARR b0051f0 (sz=56, trace=58, nelems=10, elem type=java.lang.Object@6ae810)
	[0]		b005f40
OBJ b005270 (sz=24, trace=2029, class=java.util.HashMap$Entry@6afa20)
	value		b006e80
	key		b006690
OBJ b005290 (sz=24, trace=2030, class=java.util.HashMap$Entry@6afa20)
	value		b006690
	key		b006e80
OBJ b005e80 (sz=88, trace=2040, class=java.util.jar.JarFile$JarFileEntry@74c460)
	this$0		b006e80
	name		745010
OBJ b005ea0 (sz=88, trace=2041, class=sun.net.www.protocol.jar.URLJarFile$URLJarFileEntry@b005e00)
	this$0		b006e80
	je		b005e80
	name		745010
OBJ b005f40 (sz=32, trace=81, class=java.util.zip.Inflater@74f1e0)
	buf		b0ab120
OBJ b005f60 (sz=32, trace=84, class=java.lang.ref.Finalizer@6b1920)
	prev		afd49d0
	next		b006ea0
	queue		6ae070
	referent	b005f40
OBJ b004020 (sz=16, trace=2044, class=java.util.jar.Manifest@751410)
	entries		b004100
	attr		b004060
OBJ b004060 (sz=16, trace=2045, class=java.util.jar.Attributes@752320)
	map		b004080
OBJ b004080 (sz=40, trace=92, class=java.util.HashMap@6afaf0)
	entrySet	b004700
	table		b0040a0
ARR b0040a0 (sz=80, trace=93, nelems=16, elem type=java.util.HashMap$Entry@6afa20)
	[10]		b0042a0
	[12]		b0043c0
OBJ b004100 (sz=40, trace=2046, class=java.util.HashMap@6afaf0)
	table		b004120
	keySet		b004940
ARR b004120 (sz=80, trace=2047, nelems=16, elem type=java.util.HashMap$Entry@6afa20)
OBJ b0041e0 (sz=24, trace=101, class=java.lang.String@6aeef0)
	value		b004200
ARR b004200 (sz=24, trace=102, nelems=3, elem type=char)
OBJ b004220 (sz=16, trace=103, class=java.util.jar.Attributes$Name@7544e0)
	name		755a20
OBJ b0042a0 (sz=24, trace=125, class=java.util.HashMap$Entry@6afa20)
	value		b0041e0
	key		b004220
OBJ b004300 (sz=24, trace=101, class=java.lang.String@6aeef0)
	value		b004320
ARR b004320 (sz=40, trace=102, nelems=14, elem type=char)
OBJ b004340 (sz=16, trace=103, class=java.util.jar.Attributes$Name@7544e0)
	name		7577e0
OBJ b0043c0 (sz=24, trace=125, class=java.util.HashMap$Entry@6afa20)
	value		b004300
	key		b004340
OBJ b004700 (sz=16, trace=2064, class=java.util.HashMap$EntrySet@b0046c0)
	this$0		b004080
OBJ b004940 (sz=16, trace=2070, class=java.util.HashMap$KeySet@b004900)
	this$0		b004100
ARR b0024e0 (sz=16, trace=395, nelems=0, elem type=java.lang.Class@6ac030)
OBJ b002500 (sz=48, trace=395, class=java.lang.reflect.Constructor@6b5ab0)
	constructorAccessor	b002620
	exceptionTypes	6ac010
	parameterTypes	b0024e0
	clazz		b002460
OBJ b002520 (sz=32, trace=396, class=java.lang.ref.SoftReference@6b11f0)
	next		b002520
	queue		6ae250
OBJ b002540 (sz=48, trace=397, class=java.lang.reflect.Constructor@6b5ab0)
	root		b002500
	constructorAccessor	b002620
	exceptionTypes	6ac010
	parameterTypes	b0024e0
	clazz		b002460
OBJ b002600 (sz=24, trace=400, class=sun.reflect.NativeConstructorAccessorImpl@6b5850)
	parent		b002620
	c		b002540
OBJ b002620 (sz=16, trace=401, class=sun.reflect.DelegatingConstructorAccessorImpl@6b5780)
	delegate	b002600
OBJ b002680 (sz=32, trace=2100, class=java.util.TreeMap$Entry@6b2ef0)
	right		6b55c0
	left		6b8fa0
	value		b320110
	key		6c0440
ARR b002940 (sz=112, trace=2107, nelems=49, elem type=char)
OBJ b001ec0 (sz=24, trace=179, class=java.lang.String@6aeef0)
	value		b002940
OBJ b000070 (sz=40, trace=196, class=java.lang.Package@76be90)
	pkgName		b001ec0
OBJ b000090 (sz=24, trace=197, class=java.util.HashMap$Entry@6afa20)
	next		b09b220
	value		b000070
	key		b001ec0
OBJ b000ec0 (sz=24, trace=224, class=java.security.CodeSource@7704c0)
	location	6b9090
OBJ b000ee0 (sz=24, trace=225, class=java.security.Permissions@7715a0)
	perms		b000f00
OBJ b000f00 (sz=40, trace=226, class=java.util.Hashtable@6b63a0)
	table		b000f20
ARR b000f20 (sz=56, trace=227, nelems=11, elem type=java.util.Hashtable$Entry@6af830)
	[0]		afff220
	[3]		affe610
OBJ afff060 (sz=32, trace=251, class=java.io.FilePermission@778970)
	cpath		afff1a0
	name		afff0a0
ARR afff080 (sz=104, trace=258, nelems=46, elem type=char)
OBJ afff0a0 (sz=24, trace=259, class=java.lang.String@6aeef0)
	value		afff080
ARR afff180 (sz=104, trace=265, nelems=45, elem type=char)
OBJ afff1a0 (sz=24, trace=265, class=java.lang.String@6aeef0)
	value		afff180
OBJ afff1c0 (sz=16, trace=272, class=java.io.FilePermissionCollection@77b870)
	permissions	afff1e0
OBJ afff1e0 (sz=24, trace=273, class=java.util.Vector@6ae8c0)
	elementData	afff200
ARR afff200 (sz=56, trace=274, nelems=10, elem type=java.lang.Object@6ae810)
	[0]		afff060
OBJ afff220 (sz=24, trace=275, class=java.util.Hashtable$Entry@6af830)
	value		afff1c0
	key		778970
OBJ afff240 (sz=24, trace=276, class=java.lang.RuntimePermission@6ae650)
	path		77b160
	name		77b160
OBJ affe550 (sz=24, trace=277, class=java.security.BasicPermissionCollection@77cec0)
	permClass	6ae650
	permissions	affe570
OBJ affe570 (sz=40, trace=278, class=java.util.Hashtable@6b63a0)
	table		affe590
ARR affe590 (sz=56, trace=279, nelems=11, elem type=java.util.Hashtable$Entry@6af830)
	[8]		affe630
OBJ affe610 (sz=24, trace=280, class=java.util.Hashtable$Entry@6af830)
	value		affe550
	key		6ae650
OBJ affe630 (sz=24, trace=281, class=java.util.Hashtable$Entry@6af830)
	value		afff240
	key		77b160
OBJ affe650 (sz=32, trace=282, class=java.security.ProtectionDomain@6bbde0)
	permissions	b000ee0
	principals	affe670
	classloader	6bae30
	codesource	b000ec0
ARR affe670 (sz=16, trace=283, nelems=0, elem type=java.security.Principal@77c520)
OBJ affe690 (sz=24, trace=284, class=java.util.HashMap$Entry@6afa20)
	value		affe650
	key		b000ec0
OBJ affe6b0 (sz=24, trace=286, class=java.lang.String@6aeef0)
	value		b002940
OBJ affe6d0 (sz=24, trace=288, class=java.util.Hashtable$Entry@6af830)
	next		7877a0
	value		77d530
	key		affe6b0
OBJ affe710 (sz=24, trace=290, class=java.util.HashMap$Entry@6afa20)
	next		afcf5d0
	value		6b7e10
	key		affe650
ARR affbd90 (sz=16, trace=395, nelems=0, elem type=java.lang.Class@6ac030)
OBJ affbdb0 (sz=48, trace=395, class=java.lang.reflect.Constructor@6b5ab0)
	constructorAccessor	affbe50
	exceptionTypes	6ac010
	parameterTypes	affbd90
	clazz		affe7d0
OBJ affbdd0 (sz=32, trace=396, class=java.lang.ref.SoftReference@6b11f0)
	next		affbdd0
	queue		6ae250
OBJ affbdf0 (sz=48, trace=397, class=java.lang.reflect.Constructor@6b5ab0)
	root		affbdb0
	constructorAccessor	affbe50
	exceptionTypes	6ac010
	parameterTypes	affbd90
	clazz		affe7d0
OBJ affbe50 (sz=16, trace=401, class=sun.reflect.DelegatingConstructorAccessorImpl@6b5780)
	delegate	b02ab20
ARR affacc0 (sz=104, trace=2114, nelems=43, elem type=char)
OBJ aff8720 (sz=24, trace=179, class=java.lang.String@6aeef0)
	value		affacc0
OBJ aff89c0 (sz=40, trace=196, class=java.lang.Package@76be90)
	pkgName		aff8720
OBJ aff89e0 (sz=24, trace=197, class=java.util.HashMap$Entry@6afa20)
	next		aff2640
	value		aff89c0
	key		aff8720
OBJ aff8aa0 (sz=24, trace=286, class=java.lang.String@6aeef0)
	value		affacc0
OBJ aff8ac0 (sz=24, trace=288, class=java.util.Hashtable$Entry@6af830)
	value		77d530
	key		aff8aa0
ARR aff4fc0 (sz=96, trace=289, nelems=40, elem type=char)
OBJ aff2260 (sz=24, trace=179, class=java.lang.String@6aeef0)
	value		aff4fc0
OBJ aff2400 (sz=40, trace=196, class=java.lang.Package@76be90)
	pkgName		aff2260
OBJ aff2420 (sz=24, trace=197, class=java.util.HashMap$Entry@6afa20)
	value		aff2400
	key		aff2260
OBJ aff24e0 (sz=24, trace=286, class=java.lang.String@6aeef0)
	value		aff4fc0
OBJ aff2500 (sz=24, trace=288, class=java.util.Hashtable$Entry@6af830)
	value		77d530
	key		aff24e0
ARR afeb040 (sz=88, trace=2115, nelems=38, elem type=char)
OBJ afead10 (sz=24, trace=179, class=java.lang.String@6aeef0)
	value		afeb040
OBJ afeaeb0 (sz=40, trace=196, class=java.lang.Package@76be90)
	pkgName		afead10
OBJ afeaf10 (sz=24, trace=197, class=java.util.HashMap$Entry@6afa20)
	value		afeaeb0
	key		afead10
OBJ afe9020 (sz=24, trace=286, class=java.lang.String@6aeef0)
	value		afeb040
OBJ afe9040 (sz=24, trace=288, class=java.util.Hashtable$Entry@6af830)
	value		77d530
	key		afe9020
ARR afe0690 (sz=64, trace=289, nelems=25, elem type=char)
OBJ afdebe0 (sz=24, trace=179, class=java.lang.String@6aeef0)
	value		afe0690
OBJ afdd3a0 (sz=40, trace=196, class=java.lang.Package@76be90)
	pkgName		afdebe0
OBJ afdd3c0 (sz=24, trace=197, class=java.util.HashMap$Entry@6afa20)
	value		afdd3a0
	key		afdebe0
OBJ afdd4c0 (sz=24, trace=286, class=java.lang.String@6aeef0)
	value		afe0690
OBJ afdd4e0 (sz=24, trace=288, class=java.util.Hashtable$Entry@6af830)
	value		77d530
	key		afdd4c0
ARR afd60e0 (sz=80, trace=289, nelems=32, elem type=char)
OBJ afd41c0 (sz=32, trace=16, class=sun.misc.URLClassPath$JarLoader@741700)
	lmap		6bab90
	handler		6bab50
	csu		6baf60
	jar		afd49b0
	base		afd41e0
OBJ afd41e0 (sz=56, trace=17, class=java.net.URL@6b9e60)
	handler		6bab50
	path		afd4720
	authority	6bd050
	file		afd4720
	host		6bd050
	protocol	6c7b00
ARR afd4700 (sz=184, trace=25, nelems=84, elem type=char)
OBJ afd4720 (sz=24, trace=26, class=java.lang.String@6aeef0)
	value		afd4700
OBJ afd49b0 (sz=48, trace=39, class=java.util.jar.JarFile@7450f0)
	jv		796930
	manEntry	afd4d00
	man		afd4ef0
	inflaters	afd4b20
	name		afd4a50
OBJ afd49d0 (sz=32, trace=54, class=java.lang.ref.Finalizer@6b1920)
	prev		afd4e90
	next		b005f60
	queue		6ae070
	referent	afd49b0
ARR afd4a30 (sz=88, trace=37, nelems=36, elem type=char)
OBJ afd4a50 (sz=24, trace=38, class=java.lang.String@6aeef0)
	value		afd4a30
OBJ afd4b20 (sz=24, trace=57, class=java.util.Vector@6ae8c0)
	elementData	afd4c00
ARR afd4c00 (sz=56, trace=58, nelems=10, elem type=java.lang.Object@6ae810)
	[0]		afd4e70
OBJ afd4d00 (sz=88, trace=73, class=java.util.jar.JarFile$JarFileEntry@74c460)
	this$0		afd49b0
	name		745010
ARR afd4d20 (sz=2232, trace=74, nelems=2213, elem type=byte)
OBJ afd4e70 (sz=32, trace=81, class=java.util.zip.Inflater@74f1e0)
	buf		afd4ed0
OBJ afd4e90 (sz=32, trace=84, class=java.lang.ref.Finalizer@6b1920)
	prev		7942c0
	next		afd49d0
	queue		6ae070
	referent	afd4e70
ARR afd4ed0 (sz=528, trace=87, nelems=512, elem type=byte)
OBJ afd4ef0 (sz=16, trace=90, class=java.util.jar.Manifest@751410)
	entries		afd31e0
	attr		afd4f30
OBJ afd4f30 (sz=16, trace=91, class=java.util.jar.Attributes@752320)
	map		afd4f90
OBJ afd4f90 (sz=40, trace=92, class=java.util.HashMap@6afaf0)
	table		afd4fb0
ARR afd4fb0 (sz=80, trace=93, nelems=16, elem type=java.util.HashMap$Entry@6afa20)
	[10]		afd23d0
	[12]		afd2c00
OBJ afd31e0 (sz=40, trace=94, class=java.util.HashMap@6afaf0)
	table		afd3200
ARR afd3200 (sz=80, trace=95, nelems=16, elem type=java.util.HashMap$Entry@6afa20)
	[0]		afcc450
	[4]		afc9ba0
	[6]		afd1270
	[8]		afc33a0
	[12]		afcbc10
OBJ afd32c0 (sz=24, trace=101, class=java.lang.String@6aeef0)
	value		afd3370
ARR afd3370 (sz=24, trace=102, nelems=3, elem type=char)
OBJ afd33d0 (sz=16, trace=103, class=java.util.jar.Attributes$Name@7544e0)
	name		755a20
OBJ afd23d0 (sz=24, trace=125, class=java.util.HashMap$Entry@6afa20)
	value		afd32c0
	key		afd33d0
OBJ afd2430 (sz=24, trace=101, class=java.lang.String@6aeef0)
	value		afd2450
ARR afd2450 (sz=72, trace=102, nelems=29, elem type=char)
OBJ afd2470 (sz=16, trace=103, class=java.util.jar.Attributes$Name@7544e0)
	name		7577e0
OBJ afd2c00 (sz=24, trace=125, class=java.util.HashMap$Entry@6afa20)
	value		afd2430
	key		afd2470
OBJ afd2ce0 (sz=24, trace=140, class=java.lang.String@6aeef0)
	value		afd2d90
ARR afd2d90 (sz=72, trace=141, nelems=30, elem type=char)
OBJ afd2e70 (sz=16, trace=142, class=java.util.jar.Attributes@752320)
	map		afd1160
OBJ afd1160 (sz=40, trace=143, class=java.util.HashMap@6afaf0)
	table		afce790
OBJ afd1270 (sz=24, trace=145, class=java.util.HashMap$Entry@6afa20)
	value		afd2e70
	key		afd2ce0
OBJ afd16c0 (sz=24, trace=148, class=java.lang.String@6aeef0)
	value		afd1bd0
ARR afd1bd0 (sz=112, trace=149, nelems=48, elem type=char)
OBJ afcf1a0 (sz=16, trace=150, class=java.util.jar.Attributes$Name@7544e0)
	name		afcfcf0
OBJ afcfe70 (sz=24, trace=125, class=java.util.HashMap$Entry@6afa20)
	value		afd16c0
	key		afcf1a0
OBJ afcfed0 (sz=24, trace=148, class=java.lang.String@6aeef0)
	value		afcff40
ARR afcff40 (sz=72, trace=149, nelems=30, elem type=char)
OBJ afce030 (sz=16, trace=150, class=java.util.jar.Attributes$Name@7544e0)
	name		756b70
OBJ afce4f0 (sz=24, trace=125, class=java.util.HashMap$Entry@6afa20)
	next		afce650
	value		afcfed0
	key		afce030
OBJ afce590 (sz=24, trace=148, class=java.lang.String@6aeef0)
	value		afce5b0
ARR afce5b0 (sz=24, trace=149, nelems=5, elem type=char)
OBJ afce5d0 (sz=16, trace=150, class=java.util.jar.Attributes$Name@7544e0)
	name		7569d0
OBJ afce650 (sz=24, trace=125, class=java.util.HashMap$Entry@6afa20)
	value		afce590
	key		afce5d0
OBJ afce6b0 (sz=24, trace=148, class=java.lang.String@6aeef0)
	value		afce6d0
ARR afce6d0 (sz=64, trace=149, nelems=26, elem type=char)
OBJ afce6f0 (sz=16, trace=150, class=java.util.jar.Attributes$Name@7544e0)
	name		756830
OBJ afce770 (sz=24, trace=125, class=java.util.HashMap$Entry@6afa20)
	value		afce6b0
	key		afce6f0
ARR afce790 (sz=48, trace=1991, nelems=8, elem type=java.util.HashMap$Entry@6afa20)
	[3]		afce770
	[4]		afce930
	[5]		afce4f0
	[7]		afcfe70
OBJ afce7f0 (sz=24, trace=148, class=java.lang.String@6aeef0)
	value		afce810
ARR afce810 (sz=80, trace=149, nelems=32, elem type=char)
OBJ afce830 (sz=16, trace=150, class=java.util.jar.Attributes$Name@7544e0)
	name		7564f0
OBJ afce930 (sz=24, trace=125, class=java.util.HashMap$Entry@6afa20)
	value		afce7f0
	key		afce830
OBJ afcee00 (sz=24, trace=140, class=java.lang.String@6aeef0)
	value		afcee20
ARR afcee20 (sz=40, trace=141, nelems=12, elem type=char)
OBJ afcee40 (sz=16, trace=142, class=java.util.jar.Attributes@752320)
	map		afcee60
OBJ afcee60 (sz=40, trace=143, class=java.util.HashMap@6afaf0)
	table		afcdcf0
OBJ afcd4f0 (sz=24, trace=145, class=java.util.HashMap$Entry@6afa20)
	value		afcee40
	key		afcee00
OBJ afcd550 (sz=24, trace=148, class=java.lang.String@6aeef0)
	value		afcd570
ARR afcd570 (sz=104, trace=149, nelems=45, elem type=char)
OBJ afcd590 (sz=16, trace=150, class=java.util.jar.Attributes$Name@7544e0)
	name		afcfcf0
OBJ afcd610 (sz=24, trace=125, class=java.util.HashMap$Entry@6afa20)
	value		afcd550
	key		afcd590
OBJ afcd670 (sz=24, trace=148, class=java.lang.String@6aeef0)
	value		afcd690
ARR afcd690 (sz=48, trace=149, nelems=18, elem type=char)
OBJ afcd6b0 (sz=16, trace=150, class=java.util.jar.Attributes$Name@7544e0)
	name		756350
OBJ afcd730 (sz=24, trace=125, class=java.util.HashMap$Entry@6afa20)
	next		afcd970
	value		afcd670
	key		afcd6b0
OBJ afcd790 (sz=24, trace=148, class=java.lang.String@6aeef0)
	value		afcd7b0
ARR afcd7b0 (sz=48, trace=149, nelems=15, elem type=char)
OBJ afcd7d0 (sz=16, trace=150, class=java.util.jar.Attributes$Name@7544e0)
	name		756010
OBJ afcd850 (sz=24, trace=125, class=java.util.HashMap$Entry@6afa20)
	value		afcd790
	key		afcd7d0
OBJ afcd8b0 (sz=24, trace=148, class=java.lang.String@6aeef0)
	value		afcd8d0
ARR afcd8d0 (sz=24, trace=149, nelems=4, elem type=char)
OBJ afcd8f0 (sz=16, trace=150, class=java.util.jar.Attributes$Name@7544e0)
	name		7561b0
OBJ afcd970 (sz=24, trace=125, class=java.util.HashMap$Entry@6afa20)
	value		afcd8b0
	key		afcd8f0
OBJ afcd9d0 (sz=24, trace=148, class=java.lang.String@6aeef0)
	value		afcd9f0
ARR afcd9f0 (sz=40, trace=149, nelems=11, elem type=char)
OBJ afcda10 (sz=16, trace=150, class=java.util.jar.Attributes$Name@7544e0)
	name		756b70
OBJ afcda90 (sz=24, trace=125, class=java.util.HashMap$Entry@6afa20)
	next		afcdbb0
	value		afcd9d0
	key		afcda10
OBJ afcdaf0 (sz=24, trace=148, class=java.lang.String@6aeef0)
	value		afcdb10
ARR afcdb10 (sz=56, trace=149, nelems=20, elem type=char)
OBJ afcdb30 (sz=16, trace=150, class=java.util.jar.Attributes$Name@7544e0)
	name		7569d0
OBJ afcdbb0 (sz=24, trace=125, class=java.util.HashMap$Entry@6afa20)
	value		afcdaf0
	key		afcdb30
OBJ afcdc10 (sz=24, trace=148, class=java.lang.String@6aeef0)
	value		afcdc30
ARR afcdc30 (sz=48, trace=149, nelems=15, elem type=char)
OBJ afcdc50 (sz=16, trace=150, class=java.util.jar.Attributes$Name@7544e0)
	name		756830
OBJ afcdcd0 (sz=24, trace=125, class=java.util.HashMap$Entry@6afa20)
	value		afcdc10
	key		afcdc50
ARR afcdcf0 (sz=80, trace=1991, nelems=16, elem type=java.util.HashMap$Entry@6afa20)
	[2]		afcd850
	[3]		afcdcd0
	[4]		afcdf50
	[13]		afcda90
	[14]		afcd730
	[15]		afcd610
OBJ afcdd60 (sz=24, trace=148, class=java.lang.String@6aeef0)
	value		afcdd80
ARR afcdd80 (sz=64, trace=149, nelems=25, elem type=char)
OBJ afcdda0 (sz=16, trace=150, class=java.util.jar.Attributes$Name@7544e0)
	name		7564f0
OBJ afcdf50 (sz=24, trace=125, class=java.util.HashMap$Entry@6afa20)
	value		afcdd60
	key		afcdda0
OBJ afcdf70 (sz=24, trace=140, class=java.lang.String@6aeef0)
	value		afcc010
ARR afcc010 (sz=40, trace=141, nelems=12, elem type=char)
OBJ afcc030 (sz=16, trace=142, class=java.util.jar.Attributes@752320)
	map		afcc050
OBJ afcc050 (sz=40, trace=143, class=java.util.HashMap@6afaf0)
	table		afcba30
OBJ afcc450 (sz=24, trace=145, class=java.util.HashMap$Entry@6afa20)
	value		afcc030
	key		afcdf70
OBJ afca440 (sz=24, trace=148, class=java.lang.String@6aeef0)
	value		afcc710
ARR afcc710 (sz=104, trace=149, nelems=45, elem type=char)
OBJ afcc730 (sz=16, trace=150, class=java.util.jar.Attributes$Name@7544e0)
	name		afcfcf0
OBJ afcc7b0 (sz=24, trace=125, class=java.util.HashMap$Entry@6afa20)
	value		afca440
	key		afcc730
OBJ afcc810 (sz=24, trace=148, class=java.lang.String@6aeef0)
	value		afcc830
ARR afcc830 (sz=88, trace=149, nelems=35, elem type=char)
OBJ afcc850 (sz=16, trace=150, class=java.util.jar.Attributes$Name@7544e0)
	name		756350
OBJ afcc8d0 (sz=24, trace=125, class=java.util.HashMap$Entry@6afa20)
	next		afcb240
	value		afcc810
	key		afcc850
OBJ afcb060 (sz=24, trace=148, class=java.lang.String@6aeef0)
	value		afcb080
ARR afcb080 (sz=64, trace=149, nelems=25, elem type=char)
OBJ afcb0a0 (sz=16, trace=150, class=java.util.jar.Attributes$Name@7544e0)
	name		756010
OBJ afcb120 (sz=24, trace=125, class=java.util.HashMap$Entry@6afa20)
	value		afcb060
	key		afcb0a0
OBJ afc9900 (sz=24, trace=148, class=java.lang.String@6aeef0)
	value		afc9920
ARR afc9920 (sz=24, trace=149, nelems=3, elem type=char)
OBJ afcb160 (sz=16, trace=150, class=java.util.jar.Attributes$Name@7544e0)
	name		7561b0
OBJ afcb240 (sz=24, trace=125, class=java.util.HashMap$Entry@6afa20)
	value		afc9900
	key		afcb160
OBJ afcb310 (sz=24, trace=148, class=java.lang.String@6aeef0)
	value		afcb730
ARR afcb730 (sz=40, trace=149, nelems=11, elem type=char)
OBJ afcb750 (sz=16, trace=150, class=java.util.jar.Attributes$Name@7544e0)
	name		756b70
OBJ afcb7d0 (sz=24, trace=125, class=java.util.HashMap$Entry@6afa20)
	next		afcb8f0
	value		afcb310
	key		afcb750
OBJ afcb830 (sz=24, trace=148, class=java.lang.String@6aeef0)
	value		afcb850
ARR afcb850 (sz=24, trace=149, nelems=3, elem type=char)
OBJ afcb870 (sz=16, trace=150, class=java.util.jar.Attributes$Name@7544e0)
	name		7569d0
OBJ afcb8f0 (sz=24, trace=125, class=java.util.HashMap$Entry@6afa20)
	value		afcb830
	key		afcb870
OBJ afcb950 (sz=24, trace=148, class=java.lang.String@6aeef0)
	value		afcb970
ARR afcb970 (sz=64, trace=149, nelems=25, elem type=char)
OBJ afcb990 (sz=16, trace=150, class=java.util.jar.Attributes$Name@7544e0)
	name		756830
OBJ afcba10 (sz=24, trace=125, class=java.util.HashMap$Entry@6afa20)
	value		afcb950
	key		afcb990
ARR afcba30 (sz=80, trace=1991, nelems=16, elem type=java.util.HashMap$Entry@6afa20)
	[2]		afcb120
	[3]		afcba10
	[4]		afcbb50
	[13]		afcb7d0
	[14]		afcc8d0
	[15]		afcc7b0
OBJ afcba90 (sz=24, trace=148, class=java.lang.String@6aeef0)
	value		afcbab0
ARR afcbab0 (sz=64, trace=149, nelems=23, elem type=char)
OBJ afcbad0 (sz=16, trace=150, class=java.util.jar.Attributes$Name@7544e0)
	name		7564f0
OBJ afcbb50 (sz=24, trace=125, class=java.util.HashMap$Entry@6afa20)
	value		afcba90
	key		afcbad0
OBJ afcbb70 (sz=24, trace=140, class=java.lang.String@6aeef0)
	value		afcbb90
ARR afcbb90 (sz=48, trace=141, nelems=18, elem type=char)
OBJ afcbbb0 (sz=16, trace=142, class=java.util.jar.Attributes@752320)
	map		afcbbd0
OBJ afcbbd0 (sz=40, trace=143, class=java.util.HashMap@6afaf0)
	table		afc99c0
OBJ afcbc10 (sz=24, trace=145, class=java.util.HashMap$Entry@6afa20)
	value		afcbbb0
	key		afcbb70
OBJ afcbc70 (sz=24, trace=148, class=java.lang.String@6aeef0)
	value		afcbc90
ARR afcbc90 (sz=104, trace=149, nelems=45, elem type=char)
OBJ afcbcb0 (sz=16, trace=150, class=java.util.jar.Attributes$Name@7544e0)
	name		afcfcf0
OBJ afcbd30 (sz=24, trace=125, class=java.util.HashMap$Entry@6afa20)
	value		afcbc70
	key		afcbcb0
OBJ afcbd90 (sz=24, trace=148, class=java.lang.String@6aeef0)
	value		afcbdb0
ARR afcbdb0 (sz=72, trace=149, nelems=27, elem type=char)
OBJ afcbdd0 (sz=16, trace=150, class=java.util.jar.Attributes$Name@7544e0)
	name		756350
OBJ afcbe50 (sz=24, trace=125, class=java.util.HashMap$Entry@6afa20)
	next		afca170
	value		afcbd90
	key		afcbdd0
OBJ afcbeb0 (sz=24, trace=148, class=java.lang.String@6aeef0)
	value		afcbed0
ARR afcbed0 (sz=24, trace=149, nelems=3, elem type=char)
OBJ afca0f0 (sz=16, trace=150, class=java.util.jar.Attributes$Name@7544e0)
	name		7561b0
OBJ afca170 (sz=24, trace=125, class=java.util.HashMap$Entry@6afa20)
	value		afcbeb0
	key		afca0f0
OBJ afca1d0 (sz=24, trace=148, class=java.lang.String@6aeef0)
	value		afc9540
ARR afc9540 (sz=56, trace=149, nelems=21, elem type=char)
OBJ afc9560 (sz=16, trace=150, class=java.util.jar.Attributes$Name@7544e0)
	name		756010
OBJ afc95e0 (sz=24, trace=125, class=java.util.HashMap$Entry@6afa20)
	value		afca1d0
	key		afc9560
OBJ afc9640 (sz=24, trace=148, class=java.lang.String@6aeef0)
	value		afc9660
ARR afc9660 (sz=48, trace=149, nelems=17, elem type=char)
OBJ afc9680 (sz=16, trace=150, class=java.util.jar.Attributes$Name@7544e0)
	name		756b70
OBJ afc9700 (sz=24, trace=125, class=java.util.HashMap$Entry@6afa20)
	next		afc9820
	value		afc9640
	key		afc9680
OBJ afc9760 (sz=24, trace=148, class=java.lang.String@6aeef0)
	value		afc9780
ARR afc9780 (sz=24, trace=149, nelems=3, elem type=char)
OBJ afc97a0 (sz=16, trace=150, class=java.util.jar.Attributes$Name@7544e0)
	name		7569d0
OBJ afc9820 (sz=24, trace=125, class=java.util.HashMap$Entry@6afa20)
	value		afc9760
	key		afc97a0
OBJ afc9880 (sz=24, trace=148, class=java.lang.String@6aeef0)
	value		afc98a0
ARR afc98a0 (sz=56, trace=149, nelems=21, elem type=char)
OBJ afc98c0 (sz=16, trace=150, class=java.util.jar.Attributes$Name@7544e0)
	name		756830
OBJ afc99a0 (sz=24, trace=125, class=java.util.HashMap$Entry@6afa20)
	value		afc9880
	key		afc98c0
ARR afc99c0 (sz=80, trace=1991, nelems=16, elem type=java.util.HashMap$Entry@6afa20)
	[2]		afc95e0
	[3]		afc99a0
	[4]		afc9ae0
	[13]		afc9700
	[14]		afcbe50
	[15]		afcbd30
OBJ afc9a20 (sz=24, trace=148, class=java.lang.String@6aeef0)
	value		afc9a40
ARR afc9a40 (sz=80, trace=149, nelems=33, elem type=char)
OBJ afc9a60 (sz=16, trace=150, class=java.util.jar.Attributes$Name@7544e0)
	name		7564f0
OBJ afc9ae0 (sz=24, trace=125, class=java.util.HashMap$Entry@6afa20)
	value		afc9a20
	key		afc9a60
OBJ afc9b00 (sz=24, trace=140, class=java.lang.String@6aeef0)
	value		afc9b20
ARR afc9b20 (sz=56, trace=141, nelems=20, elem type=char)
OBJ afc9b40 (sz=16, trace=142, class=java.util.jar.Attributes@752320)
	map		afc9b60
OBJ afc9b60 (sz=40, trace=143, class=java.util.HashMap@6afaf0)
	table		afc6800
OBJ afc9ba0 (sz=24, trace=145, class=java.util.HashMap$Entry@6afa20)
	value		afc9b40
	key		afc9b00
OBJ afc9c00 (sz=24, trace=148, class=java.lang.String@6aeef0)
	value		afc9c20
ARR afc9c20 (sz=104, trace=149, nelems=45, elem type=char)
OBJ afc9c40 (sz=16, trace=150, class=java.util.jar.Attributes$Name@7544e0)
	name		afcfcf0
OBJ afc9cc0 (sz=24, trace=125, class=java.util.HashMap$Entry@6afa20)
	value		afc9c00
	key		afc9c40
OBJ afc9d20 (sz=24, trace=148, class=java.lang.String@6aeef0)
	value		afc9d40
ARR afc9d40 (sz=72, trace=149, nelems=27, elem type=char)
OBJ afc9d60 (sz=16, trace=150, class=java.util.jar.Attributes$Name@7544e0)
	name		756350
OBJ afc9de0 (sz=24, trace=125, class=java.util.HashMap$Entry@6afa20)
	next		afc9f00
	value		afc9d20
	key		afc9d60
OBJ afc9e40 (sz=24, trace=148, class=java.lang.String@6aeef0)
	value		afc9e60
ARR afc9e60 (sz=24, trace=149, nelems=3, elem type=char)
OBJ afc9e80 (sz=16, trace=150, class=java.util.jar.Attributes$Name@7544e0)
	name		7561b0
OBJ afc9f00 (sz=24, trace=125, class=java.util.HashMap$Entry@6afa20)
	value		afc9e40
	key		afc9e80
OBJ afc9f60 (sz=24, trace=148, class=java.lang.String@6aeef0)
	value		afc9f80
ARR afc9f80 (sz=56, trace=149, nelems=21, elem type=char)
OBJ afc9fa0 (sz=16, trace=150, class=java.util.jar.Attributes$Name@7544e0)
	name		756010
OBJ afc84a0 (sz=24, trace=125, class=java.util.HashMap$Entry@6afa20)
	value		afc9f60
	key		afc9fa0
OBJ afc8500 (sz=24, trace=148, class=java.lang.String@6aeef0)
	value		afc8520
ARR afc8520 (sz=56, trace=149, nelems=19, elem type=char)
OBJ afc8540 (sz=16, trace=150, class=java.util.jar.Attributes$Name@7544e0)
	name		756b70
OBJ afc85c0 (sz=24, trace=125, class=java.util.HashMap$Entry@6afa20)
	next		afc7fc0
	value		afc8500
	key		afc8540
OBJ afc8620 (sz=24, trace=148, class=java.lang.String@6aeef0)
	value		afc86f0
ARR afc86f0 (sz=24, trace=149, nelems=3, elem type=char)
OBJ afc8ef0 (sz=16, trace=150, class=java.util.jar.Attributes$Name@7544e0)
	name		7569d0
OBJ afc7fc0 (sz=24, trace=125, class=java.util.HashMap$Entry@6afa20)
	value		afc8620
	key		afc8ef0
OBJ afc6030 (sz=24, trace=148, class=java.lang.String@6aeef0)
	value		afc6050
ARR afc6050 (sz=56, trace=149, nelems=21, elem type=char)
OBJ afc6070 (sz=16, trace=150, class=java.util.jar.Attributes$Name@7544e0)
	name		756830
OBJ afc6340 (sz=24, trace=125, class=java.util.HashMap$Entry@6afa20)
	value		afc6030
	key		afc6070
ARR afc6800 (sz=80, trace=1991, nelems=16, elem type=java.util.HashMap$Entry@6afa20)
	[2]		afc84a0
	[3]		afc6340
	[4]		afc3220
	[13]		afc85c0
	[14]		afc9de0
	[15]		afc9cc0
OBJ afc6c40 (sz=24, trace=148, class=java.lang.String@6aeef0)
	value		afc50d0
ARR afc50d0 (sz=80, trace=149, nelems=33, elem type=char)
OBJ afc53b0 (sz=16, trace=150, class=java.util.jar.Attributes$Name@7544e0)
	name		7564f0
OBJ afc3220 (sz=24, trace=125, class=java.util.HashMap$Entry@6afa20)
	value		afc6c40
	key		afc53b0
OBJ afc3240 (sz=24, trace=140, class=java.lang.String@6aeef0)
	value		afc3260
ARR afc3260 (sz=56, trace=141, nelems=22, elem type=char)
OBJ afc3280 (sz=16, trace=142, class=java.util.jar.Attributes@752320)
	map		afc32a0
OBJ afc32a0 (sz=40, trace=143, class=java.util.HashMap@6afaf0)
	table		79a350
OBJ afc33a0 (sz=24, trace=145, class=java.util.HashMap$Entry@6afa20)
	next		afcd4f0
	value		afc3280
	key		afc3240
OBJ afc3680 (sz=24, trace=148, class=java.lang.String@6aeef0)
	value		afc37f0
ARR afc37f0 (sz=64, trace=149, nelems=23, elem type=char)
OBJ afc39a0 (sz=16, trace=150, class=java.util.jar.Attributes$Name@7544e0)
	name		afcfcf0
OBJ afc2210 (sz=24, trace=125, class=java.util.HashMap$Entry@6afa20)
	value		afc3680
	key		afc39a0
OBJ afc22b0 (sz=24, trace=148, class=java.lang.String@6aeef0)
	value		afc22d0
ARR afc22d0 (sz=64, trace=149, nelems=23, elem type=char)
OBJ afc22f0 (sz=16, trace=150, class=java.util.jar.Attributes$Name@7544e0)
	name		756350
OBJ afc2370 (sz=24, trace=125, class=java.util.HashMap$Entry@6afa20)
	next		79f8d0
	value		afc22b0
	key		afc22f0
OBJ afc23d0 (sz=24, trace=148, class=java.lang.String@6aeef0)
	value		afc23f0
ARR afc23f0 (sz=24, trace=149, nelems=3, elem type=char)
OBJ afc2410 (sz=16, trace=150, class=java.util.jar.Attributes$Name@7544e0)
	name		7561b0
OBJ 79f8d0 (sz=24, trace=125, class=java.util.HashMap$Entry@6afa20)
	value		afc23d0
	key		afc2410
OBJ 79ef30 (sz=24, trace=148, class=java.lang.String@6aeef0)
	value		79d020
ARR 79d020 (sz=64, trace=149, nelems=26, elem type=char)
OBJ 79d190 (sz=16, trace=150, class=java.util.jar.Attributes$Name@7544e0)
	name		756010
OBJ 79d440 (sz=24, trace=125, class=java.util.HashMap$Entry@6afa20)
	value		79ef30
	key		79d190
OBJ 79ccd0 (sz=24, trace=148, class=java.lang.String@6aeef0)
	value		79cd90
ARR 79cd90 (sz=56, trace=149, nelems=21, elem type=char)
OBJ 79cef0 (sz=16, trace=150, class=java.util.jar.Attributes$Name@7544e0)
	name		756b70
OBJ 79b440 (sz=24, trace=125, class=java.util.HashMap$Entry@6afa20)
	next		79a0e0
	value		79ccd0
	key		79cef0
OBJ 79be60 (sz=24, trace=148, class=java.lang.String@6aeef0)
	value		79bc60
ARR 79bc60 (sz=24, trace=149, nelems=3, elem type=char)
OBJ 79bd60 (sz=16, trace=150, class=java.util.jar.Attributes$Name@7544e0)
	name		7569d0
OBJ 79a0e0 (sz=24, trace=125, class=java.util.HashMap$Entry@6afa20)
	value		79be60
	key		79bd60
OBJ 79a140 (sz=24, trace=148, class=java.lang.String@6aeef0)
	value		79a160
ARR 79a160 (sz=64, trace=149, nelems=26, elem type=char)
OBJ 79a180 (sz=16, trace=150, class=java.util.jar.Attributes$Name@7544e0)
	name		756830
OBJ 79a200 (sz=24, trace=125, class=java.util.HashMap$Entry@6afa20)
	value		79a140
	key		79a180
ARR 79a350 (sz=80, trace=1991, nelems=16, elem type=java.util.HashMap$Entry@6afa20)
	[2]		79d440
	[3]		79a200
	[4]		796910
	[13]		79b440
	[14]		afc2370
	[15]		afc2210
OBJ 7988e0 (sz=24, trace=148, class=java.lang.String@6aeef0)
	value		78db40
ARR 78db40 (sz=80, trace=149, nelems=32, elem type=char)
OBJ 78f010 (sz=16, trace=150, class=java.util.jar.Attributes$Name@7544e0)
	name		7564f0
OBJ 796910 (sz=24, trace=125, class=java.util.HashMap$Entry@6afa20)
	value		7988e0
	key		78f010
OBJ 796930 (sz=48, trace=127, class=java.util.jar.JarVerifier@7574e0)
	manifestRawBytes	afd4d20
	baos		796ec0
	manifest	afd4ef0
	pendingBlocks	796d20
	sigFileData	796b90
	sigFileCerts	796950
	verifiedCerts	796ab0
OBJ 796950 (sz=40, trace=128, class=java.util.Hashtable@6b63a0)
	table		796970
ARR 796970 (sz=56, trace=129, nelems=11, elem type=java.util.Hashtable$Entry@6af830)
OBJ 796ab0 (sz=40, trace=130, class=java.util.Hashtable@6b63a0)
	table		796b70
ARR 796b70 (sz=56, trace=131, nelems=11, elem type=java.util.Hashtable$Entry@6af830)
OBJ 796b90 (sz=40, trace=132, class=java.util.Hashtable@6b63a0)
	table		796bb0
ARR 796bb0 (sz=56, trace=133, nelems=11, elem type=java.util.Hashtable$Entry@6af830)
OBJ 796d20 (sz=24, trace=134, class=java.util.ArrayList@6b6800)
	elementData	796dd0
ARR 796dd0 (sz=56, trace=135, nelems=10, elem type=java.lang.Object@6ae810)
OBJ 796ec0 (sz=16, trace=136, class=java.io.ByteArrayOutputStream@758050)
	buf		795090
ARR 795090 (sz=48, trace=137, nelems=32, elem type=byte)
OBJ 795130 (sz=24, trace=138, class=java.util.HashMap$Entry@6afa20)
	value		afd41c0
	key		6baf60
OBJ 795770 (sz=32, trace=16, class=sun.misc.URLClassPath$JarLoader@741700)
	lmap		6bab90
	handler		6bab50
	csu		6baf00
	jar		7942a0
	base		795890
OBJ 795890 (sz=56, trace=17, class=java.net.URL@6b9e60)
	handler		6bab50
	path		795cd0
	authority	6bd050
	file		795cd0
	host		6bd050
	protocol	6c7b00
ARR 795cb0 (sz=192, trace=25, nelems=90, elem type=char)
OBJ 795cd0 (sz=24, trace=26, class=java.lang.String@6aeef0)
	value		795cb0
OBJ 7942a0 (sz=48, trace=39, class=java.util.jar.JarFile@7450f0)
	manEntry	794e40
	man		7907f0
	inflaters	794d00
	name		794cc0
OBJ 7942c0 (sz=32, trace=54, class=java.lang.ref.Finalizer@6b1920)
	prev		790770
	next		afd4e90
	queue		6ae070
	referent	7942a0
ARR 794c80 (sz=96, trace=37, nelems=39, elem type=char)
OBJ 794cc0 (sz=24, trace=38, class=java.lang.String@6aeef0)
	value		794c80
OBJ 794d00 (sz=24, trace=57, class=java.util.Vector@6ae8c0)
	elementData	794d20
ARR 794d20 (sz=56, trace=58, nelems=10, elem type=java.lang.Object@6ae810)
	[0]		7903c0
OBJ 794e40 (sz=88, trace=73, class=java.util.jar.JarFile$JarFileEntry@74c460)
	this$0		7942a0
	name		745010
OBJ 7903c0 (sz=32, trace=81, class=java.util.zip.Inflater@74f1e0)
	buf		b023460
OBJ 790770 (sz=32, trace=84, class=java.lang.ref.Finalizer@6b1920)
	next		7942c0
	queue		6ae070
	referent	7903c0
OBJ 7907f0 (sz=16, trace=90, class=java.util.jar.Manifest@751410)
	entries		790890
	attr		790830
OBJ 790830 (sz=16, trace=91, class=java.util.jar.Attributes@752320)
	map		790850
OBJ 790850 (sz=40, trace=92, class=java.util.HashMap@6afaf0)
	table		790870
ARR 790870 (sz=80, trace=93, nelems=16, elem type=java.util.HashMap$Entry@6afa20)
	[10]		790a30
	[12]		790ce0
OBJ 790890 (sz=40, trace=94, class=java.util.HashMap@6afaf0)
	table		7908b0
ARR 7908b0 (sz=80, trace=95, nelems=16, elem type=java.util.HashMap$Entry@6afa20)
	[0]		78ecf0
	[4]		78a600
	[8]		78f360
	[12]		78b520
OBJ 790970 (sz=24, trace=101, class=java.lang.String@6aeef0)
	value		790990
ARR 790990 (sz=24, trace=102, nelems=3, elem type=char)
OBJ 7909b0 (sz=16, trace=103, class=java.util.jar.Attributes$Name@7544e0)
	name		755a20
OBJ 790a30 (sz=24, trace=125, class=java.util.HashMap$Entry@6afa20)
	value		790970
	key		7909b0
OBJ 790b90 (sz=24, trace=101, class=java.lang.String@6aeef0)
	value		790bb0
ARR 790bb0 (sz=72, trace=102, nelems=29, elem type=char)
OBJ 790bd0 (sz=16, trace=103, class=java.util.jar.Attributes$Name@7544e0)
	name		7577e0
OBJ 790ce0 (sz=24, trace=125, class=java.util.HashMap$Entry@6afa20)
	value		790b90
	key		790bd0
OBJ 790d00 (sz=24, trace=140, class=java.lang.String@6aeef0)
	value		790d20
ARR 790d20 (sz=72, trace=141, nelems=29, elem type=char)
OBJ 790d40 (sz=16, trace=142, class=java.util.jar.Attributes@752320)
	map		790d60
OBJ 790d60 (sz=40, trace=143, class=java.util.HashMap@6afaf0)
	table		78f0f0
OBJ 790da0 (sz=24, trace=145, class=java.util.HashMap$Entry@6afa20)
	value		790d40
	key		790d00
OBJ 790e00 (sz=24, trace=148, class=java.lang.String@6aeef0)
	value		790e20
ARR 790e20 (sz=120, trace=149, nelems=54, elem type=char)
OBJ 790e40 (sz=16, trace=150, class=java.util.jar.Attributes$Name@7544e0)
	name		afcfcf0
OBJ 790ec0 (sz=24, trace=125, class=java.util.HashMap$Entry@6afa20)
	value		790e00
	key		790e40
OBJ 790f20 (sz=24, trace=148, class=java.lang.String@6aeef0)
	value		790f40
ARR 790f40 (sz=72, trace=149, nelems=29, elem type=char)
OBJ 790f60 (sz=16, trace=150, class=java.util.jar.Attributes$Name@7544e0)
	name		756b70
OBJ 790fe0 (sz=24, trace=125, class=java.util.HashMap$Entry@6afa20)
	next		787a80
	value		790f20
	key		790f60
OBJ 786510 (sz=24, trace=148, class=java.lang.String@6aeef0)
	value		786530
ARR 786530 (sz=16, trace=149, nelems=0, elem type=char)
OBJ 786550 (sz=16, trace=150, class=java.util.jar.Attributes$Name@7544e0)
	name		7569d0
OBJ 787a80 (sz=24, trace=125, class=java.util.HashMap$Entry@6afa20)
	value		786510
	key		786550
OBJ 786be0 (sz=24, trace=148, class=java.lang.String@6aeef0)
	value		787010
ARR 787010 (sz=64, trace=149, nelems=26, elem type=char)
OBJ 77e730 (sz=16, trace=150, class=java.util.jar.Attributes$Name@7544e0)
	name		756830
OBJ 78f0d0 (sz=24, trace=125, class=java.util.HashMap$Entry@6afa20)
	value		786be0
	key		77e730
ARR 78f0f0 (sz=48, trace=1991, nelems=8, elem type=java.util.HashMap$Entry@6afa20)
	[3]		78f0d0
	[4]		78f260
	[5]		790fe0
	[7]		790ec0
OBJ 78f150 (sz=24, trace=148, class=java.lang.String@6aeef0)
	value		78f170
ARR 78f170 (sz=72, trace=149, nelems=30, elem type=char)
OBJ 78f190 (sz=16, trace=150, class=java.util.jar.Attributes$Name@7544e0)
	name		7564f0
OBJ 78f260 (sz=24, trace=125, class=java.util.HashMap$Entry@6afa20)
	value		78f150
	key		78f190
OBJ 78f280 (sz=24, trace=140, class=java.lang.String@6aeef0)
	value		78f2a0
ARR 78f2a0 (sz=40, trace=141, nelems=12, elem type=char)
OBJ 78f2c0 (sz=16, trace=142, class=java.util.jar.Attributes@752320)
	map		78f2e0
OBJ 78f2e0 (sz=40, trace=143, class=java.util.HashMap@6afaf0)
	table		78e9b0
OBJ 78f360 (sz=24, trace=145, class=java.util.HashMap$Entry@6afa20)
	value		78f2c0
	key		78f280
OBJ 78f3c0 (sz=24, trace=148, class=java.lang.String@6aeef0)
	value		78f3e0
ARR 78f3e0 (sz=128, trace=149, nelems=55, elem type=char)
OBJ 78f400 (sz=16, trace=150, class=java.util.jar.Attributes$Name@7544e0)
	name		afcfcf0
OBJ 78f4d0 (sz=24, trace=125, class=java.util.HashMap$Entry@6afa20)
	value		78f3c0
	key		78f400
OBJ 78f530 (sz=24, trace=148, class=java.lang.String@6aeef0)
	value		78f550
ARR 78f550 (sz=48, trace=149, nelems=18, elem type=char)
OBJ 78f570 (sz=16, trace=150, class=java.util.jar.Attributes$Name@7544e0)
	name		756350
OBJ 78f640 (sz=24, trace=125, class=java.util.HashMap$Entry@6afa20)
	next		78ff20
	value		78f530
	key		78f570
OBJ 78f6a0 (sz=24, trace=148, class=java.lang.String@6aeef0)
	value		78f6c0
ARR 78f6c0 (sz=48, trace=149, nelems=15, elem type=char)
OBJ 78f980 (sz=16, trace=150, class=java.util.jar.Attributes$Name@7544e0)
	name		756010
OBJ 78fa00 (sz=24, trace=125, class=java.util.HashMap$Entry@6afa20)
	value		78f6a0
	key		78f980
OBJ 78e160 (sz=24, trace=148, class=java.lang.String@6aeef0)
	value		78fe80
ARR 78fe80 (sz=24, trace=149, nelems=3, elem type=char)
OBJ 78fea0 (sz=16, trace=150, class=java.util.jar.Attributes$Name@7544e0)
	name		7561b0
OBJ 78ff20 (sz=24, trace=125, class=java.util.HashMap$Entry@6afa20)
	value		78e160
	key		78fea0
OBJ 78ffc0 (sz=24, trace=148, class=java.lang.String@6aeef0)
	value		78ffe0
ARR 78ffe0 (sz=40, trace=149, nelems=11, elem type=char)
OBJ 78e020 (sz=16, trace=150, class=java.util.jar.Attributes$Name@7544e0)
	name		756b70
OBJ 78e0a0 (sz=24, trace=125, class=java.util.HashMap$Entry@6afa20)
	next		78e520
	value		78ffc0
	key		78e020
OBJ 78e460 (sz=24, trace=148, class=java.lang.String@6aeef0)
	value		78e480
ARR 78e480 (sz=24, trace=149, nelems=3, elem type=char)
OBJ 78e4a0 (sz=16, trace=150, class=java.util.jar.Attributes$Name@7544e0)
	name		7569d0
OBJ 78e520 (sz=24, trace=125, class=java.util.HashMap$Entry@6afa20)
	value		78e460
	key		78e4a0
OBJ 78e850 (sz=24, trace=148, class=java.lang.String@6aeef0)
	value		78e870
ARR 78e870 (sz=48, trace=149, nelems=15, elem type=char)
OBJ 78e890 (sz=16, trace=150, class=java.util.jar.Attributes$Name@7544e0)
	name		756830
OBJ 78e990 (sz=24, trace=125, class=java.util.HashMap$Entry@6afa20)
	value		78e850
	key		78e890
ARR 78e9b0 (sz=80, trace=1991, nelems=16, elem type=java.util.HashMap$Entry@6afa20)
	[2]		78fa00
	[3]		78e990
	[4]		78ebe0
	[13]		78e0a0
	[14]		78f640
	[15]		78f4d0
OBJ 78ea10 (sz=24, trace=148, class=java.lang.String@6aeef0)
	value		78ea30
ARR 78ea30 (sz=96, trace=149, nelems=39, elem type=char)
OBJ 78ea50 (sz=16, trace=150, class=java.util.jar.Attributes$Name@7544e0)
	name		7564f0
OBJ 78ebe0 (sz=24, trace=125, class=java.util.HashMap$Entry@6afa20)
	value		78ea10
	key		78ea50
OBJ 78ec00 (sz=24, trace=140, class=java.lang.String@6aeef0)
	value		78ec20
ARR 78ec20 (sz=40, trace=141, nelems=12, elem type=char)
OBJ 78ec40 (sz=16, trace=142, class=java.util.jar.Attributes@752320)
	map		78ec60
OBJ 78ec60 (sz=40, trace=143, class=java.util.HashMap@6afaf0)
	table		78b340
OBJ 78ecf0 (sz=24, trace=145, class=java.util.HashMap$Entry@6afa20)
	next		790da0
	value		78ec40
	key		78ec00
OBJ 78ed50 (sz=24, trace=148, class=java.lang.String@6aeef0)
	value		78ed70
ARR 78ed70 (sz=128, trace=149, nelems=55, elem type=char)
OBJ 78ed90 (sz=16, trace=150, class=java.util.jar.Attributes$Name@7544e0)
	name		afcfcf0
OBJ 78d0e0 (sz=24, trace=125, class=java.util.HashMap$Entry@6afa20)
	value		78ed50
	key		78ed90
OBJ 78d140 (sz=24, trace=148, class=java.lang.String@6aeef0)
	value		78d160
ARR 78d160 (sz=88, trace=149, nelems=35, elem type=char)
OBJ 78d180 (sz=16, trace=150, class=java.util.jar.Attributes$Name@7544e0)
	name		756350
OBJ 78d4b0 (sz=24, trace=125, class=java.util.HashMap$Entry@6afa20)
	next		78dec0
	value		78d140
	key		78d180
OBJ 78d510 (sz=24, trace=148, class=java.lang.String@6aeef0)
	value		78d530
ARR 78d530 (sz=64, trace=149, nelems=25, elem type=char)
OBJ 78d550 (sz=16, trace=150, class=java.util.jar.Attributes$Name@7544e0)
	name		756010
OBJ 78da70 (sz=24, trace=125, class=java.util.HashMap$Entry@6afa20)
	value		78d510
	key		78d550
OBJ 78dad0 (sz=24, trace=148, class=java.lang.String@6aeef0)
	value		78daf0
ARR 78daf0 (sz=24, trace=149, nelems=3, elem type=char)
OBJ 78de40 (sz=16, trace=150, class=java.util.jar.Attributes$Name@7544e0)
	name		7561b0
OBJ 78dec0 (sz=24, trace=125, class=java.util.HashMap$Entry@6afa20)
	value		78dad0
	key		78de40
OBJ 78df20 (sz=24, trace=148, class=java.lang.String@6aeef0)
	value		78dfc0
ARR 78dfc0 (sz=40, trace=149, nelems=11, elem type=char)
OBJ 78dfe0 (sz=16, trace=150, class=java.util.jar.Attributes$Name@7544e0)
	name		756b70
OBJ 78c070 (sz=24, trace=125, class=java.util.HashMap$Entry@6afa20)
	next		78b200
	value		78df20
	key		78dfe0
OBJ 78b140 (sz=24, trace=148, class=java.lang.String@6aeef0)
	value		78b160
ARR 78b160 (sz=24, trace=149, nelems=3, elem type=char)
OBJ 78b180 (sz=16, trace=150, class=java.util.jar.Attributes$Name@7544e0)
	name		7569d0
OBJ 78b200 (sz=24, trace=125, class=java.util.HashMap$Entry@6afa20)
	value		78b140
	key		78b180
OBJ 78b260 (sz=24, trace=148, class=java.lang.String@6aeef0)
	value		78b280
ARR 78b280 (sz=64, trace=149, nelems=25, elem type=char)
OBJ 78b2a0 (sz=16, trace=150, class=java.util.jar.Attributes$Name@7544e0)
	name		756830
OBJ 78b320 (sz=24, trace=125, class=java.util.HashMap$Entry@6afa20)
	value		78b260
	key		78b2a0
ARR 78b340 (sz=80, trace=1991, nelems=16, elem type=java.util.HashMap$Entry@6afa20)
	[2]		78da70
	[3]		78b320
	[4]		78a7c0
	[13]		78c070
	[14]		78d4b0
	[15]		78d0e0
OBJ 78b3a0 (sz=24, trace=148, class=java.lang.String@6aeef0)
	value		78b3c0
ARR 78b3c0 (sz=64, trace=149, nelems=23, elem type=char)
OBJ 78b3e0 (sz=16, trace=150, class=java.util.jar.Attributes$Name@7544e0)
	name		7564f0
OBJ 78a7c0 (sz=24, trace=125, class=java.util.HashMap$Entry@6afa20)
	value		78b3a0
	key		78b3e0
OBJ 78a7e0 (sz=24, trace=140, class=java.lang.String@6aeef0)
	value		78a800
ARR 78a800 (sz=48, trace=141, nelems=18, elem type=char)
OBJ 78b460 (sz=16, trace=142, class=java.util.jar.Attributes@752320)
	map		78b4e0
OBJ 78b4e0 (sz=40, trace=143, class=java.util.HashMap@6afaf0)
	table		78bd20
OBJ 78b520 (sz=24, trace=145, class=java.util.HashMap$Entry@6afa20)
	value		78b460
	key		78a7e0
OBJ 78b580 (sz=24, trace=148, class=java.lang.String@6aeef0)
	value		78b5a0
ARR 78b5a0 (sz=128, trace=149, nelems=55, elem type=char)
OBJ 78b5c0 (sz=16, trace=150, class=java.util.jar.Attributes$Name@7544e0)
	name		afcfcf0
OBJ 78b640 (sz=24, trace=125, class=java.util.HashMap$Entry@6afa20)
	value		78b580
	key		78b5c0
OBJ 78b6a0 (sz=24, trace=148, class=java.lang.String@6aeef0)
	value		78b6c0
ARR 78b6c0 (sz=72, trace=149, nelems=27, elem type=char)
OBJ 78b6e0 (sz=16, trace=150, class=java.util.jar.Attributes$Name@7544e0)
	name		756350
OBJ 78b760 (sz=24, trace=125, class=java.util.HashMap$Entry@6afa20)
	next		78b880
	value		78b6a0
	key		78b6e0
OBJ 78b7c0 (sz=24, trace=148, class=java.lang.String@6aeef0)
	value		78b7e0
ARR 78b7e0 (sz=24, trace=149, nelems=3, elem type=char)
OBJ 78b800 (sz=16, trace=150, class=java.util.jar.Attributes$Name@7544e0)
	name		7561b0
OBJ 78b880 (sz=24, trace=125, class=java.util.HashMap$Entry@6afa20)
	value		78b7c0
	key		78b800
OBJ 78b8e0 (sz=24, trace=148, class=java.lang.String@6aeef0)
	value		78b900
ARR 78b900 (sz=56, trace=149, nelems=21, elem type=char)
OBJ 78b920 (sz=16, trace=150, class=java.util.jar.Attributes$Name@7544e0)
	name		756010
OBJ 78b9a0 (sz=24, trace=125, class=java.util.HashMap$Entry@6afa20)
	value		78b8e0
	key		78b920
OBJ 78ba00 (sz=24, trace=148, class=java.lang.String@6aeef0)
	value		78ba20
ARR 78ba20 (sz=56, trace=149, nelems=19, elem type=char)
OBJ 78ba40 (sz=16, trace=150, class=java.util.jar.Attributes$Name@7544e0)
	name		756b70
OBJ 78bac0 (sz=24, trace=125, class=java.util.HashMap$Entry@6afa20)
	next		78bbe0
	value		78ba00
	key		78ba40
OBJ 78bb20 (sz=24, trace=148, class=java.lang.String@6aeef0)
	value		78bb40
ARR 78bb40 (sz=24, trace=149, nelems=5, elem type=char)
OBJ 78bb60 (sz=16, trace=150, class=java.util.jar.Attributes$Name@7544e0)
	name		7569d0
OBJ 78bbe0 (sz=24, trace=125, class=java.util.HashMap$Entry@6afa20)
	value		78bb20
	key		78bb60
OBJ 78bc40 (sz=24, trace=148, class=java.lang.String@6aeef0)
	value		78bc60
ARR 78bc60 (sz=56, trace=149, nelems=21, elem type=char)
OBJ 78bc80 (sz=16, trace=150, class=java.util.jar.Attributes$Name@7544e0)
	name		756830
OBJ 78bd00 (sz=24, trace=125, class=java.util.HashMap$Entry@6afa20)
	value		78bc40
	key		78bc80
ARR 78bd20 (sz=80, trace=1991, nelems=16, elem type=java.util.HashMap$Entry@6afa20)
	[2]		78b9a0
	[3]		78bd00
	[4]		78a540
	[13]		78bac0
	[14]		78b760
	[15]		78b640
OBJ 78a480 (sz=24, trace=148, class=java.lang.String@6aeef0)
	value		78a4a0
ARR 78a4a0 (sz=80, trace=149, nelems=33, elem type=char)
OBJ 78a4c0 (sz=16, trace=150, class=java.util.jar.Attributes$Name@7544e0)
	name		7564f0
OBJ 78a540 (sz=24, trace=125, class=java.util.HashMap$Entry@6afa20)
	value		78a480
	key		78a4c0
OBJ 78a560 (sz=24, trace=140, class=java.lang.String@6aeef0)
	value		78a580
ARR 78a580 (sz=56, trace=141, nelems=20, elem type=char)
OBJ 78a5a0 (sz=16, trace=142, class=java.util.jar.Attributes@752320)
	map		78a5c0
OBJ 78a5c0 (sz=40, trace=143, class=java.util.HashMap@6afaf0)
	table		78ae00
OBJ 78a600 (sz=24, trace=145, class=java.util.HashMap$Entry@6afa20)
	value		78a5a0
	key		78a560
OBJ 78a660 (sz=24, trace=148, class=java.lang.String@6aeef0)
	value		78a680
ARR 78a680 (sz=128, trace=149, nelems=55, elem type=char)
OBJ 78a6a0 (sz=16, trace=150, class=java.util.jar.Attributes$Name@7544e0)
	name		afcfcf0
OBJ 78a720 (sz=24, trace=125, class=java.util.HashMap$Entry@6afa20)
	value		78a660
	key		78a6a0
OBJ 78a780 (sz=24, trace=148, class=java.lang.String@6aeef0)
	value		788960
ARR 788960 (sz=72, trace=149, nelems=27, elem type=char)
OBJ 788980 (sz=16, trace=150, class=java.util.jar.Attributes$Name@7544e0)
	name		756350
OBJ 78a840 (sz=24, trace=125, class=java.util.HashMap$Entry@6afa20)
	next		78a960
	value		78a780
	key		788980
OBJ 78a8a0 (sz=24, trace=148, class=java.lang.String@6aeef0)
	value		78a8c0
ARR 78a8c0 (sz=24, trace=149, nelems=3, elem type=char)
OBJ 78a8e0 (sz=16, trace=150, class=java.util.jar.Attributes$Name@7544e0)
	name		7561b0
OBJ 78a960 (sz=24, trace=125, class=java.util.HashMap$Entry@6afa20)
	value		78a8a0
	key		78a8e0
OBJ 78a9c0 (sz=24, trace=148, class=java.lang.String@6aeef0)
	value		78a9e0
ARR 78a9e0 (sz=56, trace=149, nelems=21, elem type=char)
OBJ 78aa00 (sz=16, trace=150, class=java.util.jar.Attributes$Name@7544e0)
	name		756010
OBJ 78aa80 (sz=24, trace=125, class=java.util.HashMap$Entry@6afa20)
	value		78a9c0
	key		78aa00
OBJ 78aae0 (sz=24, trace=148, class=java.lang.String@6aeef0)
	value		78ab00
ARR 78ab00 (sz=56, trace=149, nelems=19, elem type=char)
OBJ 78ab20 (sz=16, trace=150, class=java.util.jar.Attributes$Name@7544e0)
	name		756b70
OBJ 78aba0 (sz=24, trace=125, class=java.util.HashMap$Entry@6afa20)
	next		78acc0
	value		78aae0
	key		78ab20
OBJ 78ac00 (sz=24, trace=148, class=java.lang.String@6aeef0)
	value		78ac20
ARR 78ac20 (sz=24, trace=149, nelems=5, elem type=char)
OBJ 78ac40 (sz=16, trace=150, class=java.util.jar.Attributes$Name@7544e0)
	name		7569d0
OBJ 78acc0 (sz=24, trace=125, class=java.util.HashMap$Entry@6afa20)
	value		78ac00
	key		78ac40
OBJ 78ad20 (sz=24, trace=148, class=java.lang.String@6aeef0)
	value		78ad40
ARR 78ad40 (sz=56, trace=149, nelems=21, elem type=char)
OBJ 78ad60 (sz=16, trace=150, class=java.util.jar.Attributes$Name@7544e0)
	name		756830
OBJ 78ade0 (sz=24, trace=125, class=java.util.HashMap$Entry@6afa20)
	value		78ad20
	key		78ad60
ARR 78ae00 (sz=80, trace=1991, nelems=16, elem type=java.util.HashMap$Entry@6afa20)
	[2]		78aa80
	[3]		78ade0
	[4]		78af20
	[13]		78aba0
	[14]		78a840
	[15]		78a720
OBJ 78ae60 (sz=24, trace=148, class=java.lang.String@6aeef0)
	value		78ae80
ARR 78ae80 (sz=80, trace=149, nelems=33, elem type=char)
OBJ 78aea0 (sz=16, trace=150, class=java.util.jar.Attributes$Name@7544e0)
	name		7564f0
OBJ 78af20 (sz=24, trace=125, class=java.util.HashMap$Entry@6afa20)
	value		78ae60
	key		78aea0
OBJ 7890b0 (sz=24, trace=138, class=java.util.HashMap$Entry@6afa20)
	value		795770
	key		6baf00
OBJ 788800 (sz=24, trace=179, class=java.lang.String@6aeef0)
	value		afd60e0
OBJ 788a00 (sz=40, trace=196, class=java.lang.Package@76be90)
	pkgName		788800
OBJ 788a20 (sz=24, trace=197, class=java.util.HashMap$Entry@6afa20)
	next		afe3060
	value		788a00
	key		788800
OBJ 788dc0 (sz=24, trace=224, class=java.security.CodeSource@7704c0)
	location	6baf00
OBJ 788de0 (sz=24, trace=225, class=java.security.Permissions@7715a0)
	perms		788e00
OBJ 788e00 (sz=40, trace=226, class=java.util.Hashtable@6b63a0)
	table		788e20
ARR 788e20 (sz=56, trace=227, nelems=11, elem type=java.util.Hashtable$Entry@6af830)
	[0]		7872d0
	[3]		7873b0
OBJ 787090 (sz=32, trace=251, class=java.io.FilePermission@778970)
	cpath		7871d0
	name		7870d0
ARR 7870b0 (sz=96, trace=258, nelems=39, elem type=char)
OBJ 7870d0 (sz=24, trace=259, class=java.lang.String@6aeef0)
	value		7870b0
ARR 7871b0 (sz=88, trace=265, nelems=38, elem type=char)
OBJ 7871d0 (sz=24, trace=265, class=java.lang.String@6aeef0)
	value		7871b0
OBJ 7871f0 (sz=16, trace=272, class=java.io.FilePermissionCollection@77b870)
	permissions	787210
OBJ 787210 (sz=24, trace=273, class=java.util.Vector@6ae8c0)
	elementData	7872b0
ARR 7872b0 (sz=56, trace=274, nelems=10, elem type=java.lang.Object@6ae810)
	[0]		787090
OBJ 7872d0 (sz=24, trace=275, class=java.util.Hashtable$Entry@6af830)
	value		7871f0
	key		778970
OBJ 7872f0 (sz=24, trace=276, class=java.lang.RuntimePermission@6ae650)
	path		77b160
	name		77b160
OBJ 787310 (sz=24, trace=277, class=java.security.BasicPermissionCollection@77cec0)
	permClass	6ae650
	permissions	787330
OBJ 787330 (sz=40, trace=278, class=java.util.Hashtable@6b63a0)
	table		787390
ARR 787390 (sz=56, trace=279, nelems=11, elem type=java.util.Hashtable$Entry@6af830)
	[8]		7873d0
OBJ 7873b0 (sz=24, trace=280, class=java.util.Hashtable$Entry@6af830)
	value		787310
	key		6ae650
OBJ 7873d0 (sz=24, trace=281, class=java.util.Hashtable$Entry@6af830)
	value		7872f0
	key		77b160
OBJ 7873f0 (sz=32, trace=282, class=java.security.ProtectionDomain@6bbde0)
	permissions	788de0
	principals	787410
	classloader	6bae30
	codesource	788dc0
ARR 787410 (sz=16, trace=283, nelems=0, elem type=java.security.Principal@77c520)
OBJ 787430 (sz=24, trace=284, class=java.util.HashMap$Entry@6afa20)
	value		7873f0
	key		788dc0
OBJ 787780 (sz=24, trace=286, class=java.lang.String@6aeef0)
	value		afd60e0
OBJ 7877a0 (sz=24, trace=288, class=java.util.Hashtable$Entry@6af830)
	value		77d530
	key		787780
OBJ 7877e0 (sz=24, trace=290, class=java.util.HashMap$Entry@6afa20)
	value		6b7e10
	key		7873f0
ARR 77e850 (sz=120, trace=2115, nelems=54, elem type=char)
OBJ 770a40 (sz=24, trace=179, class=java.lang.String@6aeef0)
	value		77e850
OBJ 76e6f0 (sz=40, trace=196, class=java.lang.Package@76be90)
	pkgName		770a40
OBJ 76e7a0 (sz=24, trace=197, class=java.util.HashMap$Entry@6afa20)
	value		76e6f0
	key		770a40
OBJ 76d6a0 (sz=24, trace=286, class=java.lang.String@6aeef0)
	value		77e850
OBJ 76d750 (sz=24, trace=288, class=java.util.Hashtable$Entry@6af830)
	value		77d530
	key		76d6a0
ARR 75c550 (sz=24, trace=2117, nelems=2, elem type=java.lang.String@6aeef0)
	[0]		aff4f00
	[1]		aff4f40
ARR 75c5d0 (sz=40, trace=2118, nelems=6, elem type=java.lang.String@6aeef0)
	[0]		aff07d0
	[1]		aff0810
	[2]		aff0850
	[3]		aff0890
	[4]		aff08d0
	[5]		aff0910
ARR 75c5f0 (sz=24, trace=2118, nelems=2, elem type=java.lang.String@6aeef0)
	[0]		aff0950
	[1]		aff0990
ARR 75c630 (sz=24, trace=2119, nelems=2, elem type=java.lang.String@6aeef0)
	[0]		afefee0
	[1]		afeff20
ARR 75c810 (sz=88, trace=2120, nelems=36, elem type=char)
OBJ 759460 (sz=24, trace=179, class=java.lang.String@6aeef0)
	value		75c810
OBJ 759680 (sz=40, trace=196, class=java.lang.Package@76be90)
	pkgName		759460
OBJ 7596a0 (sz=24, trace=197, class=java.util.HashMap$Entry@6afa20)
	value		759680
	key		759460
OBJ 759900 (sz=24, trace=286, class=java.lang.String@6aeef0)
	value		75c810
ARR 759920 (sz=200, trace=692, nelems=47, elem type=java.util.Hashtable$Entry@6af830)
	[1]		b09e5f0
	[3]		afe3c20
	[5]		affe6d0
	[7]		b09d1d0
	[8]		b070230
	[12]		afce3d0
	[13]		b036a00
	[14]		aff24a0
	[19]		aff4980
	[21]		76d750
	[23]		aff2500
	[25]		afdd4e0
	[26]		afe4ac0
	[31]		aff7fc0
	[33]		afdd400
	[35]		7889e0
	[41]		77d4d0
	[44]		afcf960
	[45]		76c470
	[46]		757780
OBJ 757780 (sz=24, trace=288, class=java.util.Hashtable$Entry@6af830)
	value		77d530
	key		759900
OBJ b28edd0 (sz=8, trace=2122, class=org.apache.xerces.util.SecuritySupport12@b28d4b0)
ARR 786250 (sz=96, trace=395, nelems=42, elem type=char)
OBJ 788cc0 (sz=24, trace=179, class=java.lang.String@6aeef0)
	value		786250
OBJ 788b20 (sz=40, trace=196, class=java.lang.Package@76be90)
	pkgName		788cc0
OBJ 788b00 (sz=24, trace=197, class=java.util.HashMap$Entry@6afa20)
	value		788b20
	key		788cc0
OBJ 788a40 (sz=24, trace=286, class=java.lang.String@6aeef0)
	value		786250
OBJ 7889e0 (sz=24, trace=288, class=java.util.Hashtable$Entry@6af830)
	value		77d530
	key		788a40
ARR 790790 (sz=1296, trace=491, nelems=320, elem type=java.lang.Object@6ae810)
	[0]		7811d0
	[1]		782d10
	[2]		786ee0
	[3]		788540
	[4]		78a340
	[5]		78a420
	[6]		78b040
	[7]		7906d0
	[8]		afc9480
	[9]		afcc5c0
	[10]		afcf570
	[11]		afd7450
	[12]		afd8d80
	[13]		afd9260
	[14]		afdfda0
	[15]		afe2ec0
	[16]		afe3a70
	[17]		afe4f60
	[18]		afedfa0
	[19]		aff48c0
	[20]		aff8600
	[21]		aff86c0
	[22]		aff9660
	[23]		aff96e0
	[24]		affa460
	[25]		affb610
	[26]		affc1e0
	[27]		affe490
	[28]		afff5d0
	[29]		b000920
	[30]		b001bc0
	[31]		b002de0
	[32]		b002060
	[33]		b003320
	[34]		b009740
	[35]		b0098c0
	[36]		b00a040
	[37]		b00cde0
	[38]		b00c190
	[39]		b00f6d0
	[40]		b011c30
	[41]		b0123e0
	[42]		b016c60
	[43]		b0172a0
	[44]		b018080
	[45]		b01ae60
	[46]		b01bc30
	[47]		b01c7d0
	[48]		b01d890
	[49]		b01e030
	[50]		b017fc0
	[51]		b020c80
	[52]		b024990
	[53]		b0240f0
	[54]		b026820
	[55]		b0278a0
	[56]		b029f20
	[57]		b02b7d0
	[58]		b02cfc0
	[59]		b038c20
	[60]		b03ace0
	[61]		b03a310
	[62]		b03f8e0
	[63]		b040240
	[64]		b042700
	[65]		b044fa0
	[66]		b044480
	[67]		b045600
	[68]		b046820
	[69]		b047a60
	[70]		b048c80
	[71]		b049ec0
	[72]		b049100
	[73]		b04a2d0
	[74]		b04b520
	[75]		b04c640
	[76]		b04d640
	[77]		b050380
	[78]		b0513e0
	[79]		b052f40
	[80]		b053de0
	[81]		b054c80
	[82]		b055de0
	[83]		b056f60
	[84]		b056030
	[85]		b057260
	[86]		b058ac0
	[87]		b059ce0
	[88]		b05ae20
	[89]		b0653d0
	[90]		b066470
	[91]		b068f80
	[92]		b069870
	[93]		b06cbf0
	[94]		b06c300
	[95]		b06e120
	[96]		b071ec0
	[97]		b072b00
	[98]		b073b00
	[99]		b074bc0
	[100]		b08cb60
	[101]		b08d1e0
	[102]		b08e190
	[103]		b093d60
	[104]		b096740
	[105]		b097680
	[106]		b09f580
	[107]		b086070
	[108]		affe7d0
	[109]		affbbf0
	[110]		affbd50
	[111]		aff4ec0
	[112]		aff2580
	[113]		aff1500
	[114]		aff0670
	[115]		aff06d0
	[116]		aff0790
	[117]		afefea0
	[118]		afecfc0
	[119]		afe1fc0
	[120]		afe0030
	[121]		afe0090
	[122]		afdc290
	[123]		afdc490
	[124]		787860
	[125]		787900
	[126]		785930
	[127]		7859d0
	[128]		781bd0
	[129]		77e1b0
	[130]		767700
	[131]		767df0
	[132]		764800
	[133]		7611d0
	[134]		75df80
	[135]		754a30
	[136]		73f3d0
	[137]		b28cf80
	[138]		b28d4b0
	[139]		b28e180
	[140]		b2761a0
	[141]		b290820
	[142]		b292560
	[143]		b28ca20
	[144]		b28ca80
	[145]		b28b8f0
	[146]		b28b990
	[147]		748990
	[148]		74b260
	[149]		7502b0
	[150]		7597a0
	[151]		761770
	[152]		7645a0
	[153]		764460
	[154]		772d40
	[155]		772ae0
	[156]		780d40
	[157]		7843f0
	[158]		7862b0
	[159]		78b440
	[160]		7907b0
	[161]		794d80
	[162]		afc97c0
	[163]		afd6680
	[164]		afd9c20
	[165]		afd9b60
	[166]		afde0c0
	[167]		afde040
	[168]		afe23d0
	[169]		afe6630
	[170]		afea9b0
	[171]		afedc00
	[172]		aff0c30
	[173]		aff1660
	[174]		aff23e0
	[175]		aff4dc0
	[176]		aff7c40
	[177]		aff88c0
	[178]		affbf10
	[179]		affd830
	[180]		aff73a0
	[181]		b0017f0
	[182]		b003b40
	[183]		b005660
	[184]		b009c80
	[185]		b00fbc0
	[186]		b018b80
	[187]		b01aaa0
	[188]		b01c370
	[189]		b01afb0
	[190]		b0251e0
	[191]		b02a6b0
	[192]		b0329f0
	[193]		b0433a0
	[194]		b0432c0
	[195]		b0431c0
	[196]		b047170
	[197]		b04bd00
	[198]		b04ea00
	[199]		b052550
	[200]		b056a50
	[201]		b058190
	[202]		b066b60
	[203]		b06cd00
	[204]		b0712d0
	[205]		b073030
	[206]		b08aac0
	[207]		b08de90
	[208]		b08f4d0
	[209]		b093700
	[210]		b096ee0
	[211]		b096e40
	[212]		b0972b0
	[213]		b09cdb0
	[214]		b09fba0
	[215]		b09fb40
	[216]		b0a1f80
	[217]		b0a2540
	[218]		b0a4290
	[219]		b0a6be0
	[220]		b0a7c60
	[221]		b0a7520
	[222]		b0a6880
	[223]		b0a43b0
	[224]		b0a2c60
	[225]		b0a0630
	[226]		b09e670
	[227]		b09d9f0
	[228]		b09a940
	[229]		b097e80
	[230]		b094ac0
	[231]		b092620
	[232]		b090620
	[233]		b08edf0
	[234]		b08b400
	[235]		b074e60
	[236]		b070370
	[237]		b0564b0
	[238]		b052730
	[239]		b04a890
	[240]		b046190
	[241]		b0429e0
	[242]		b03e1e0
	[243]		b036920
	[244]		b029280
	[245]		b023680
	[246]		b01c590
	[247]		b019150
	[248]		b005e40
	[249]		b005fe0
	[250]		b0041c0
	[251]		b004360
	[252]		b000190
	[253]		b000250
	[254]		affee80
	[255]		affc740
	[256]		aff99e0
	[257]		aff7210
	[258]		aff6720
	[259]		aff2f40
	[260]		aff1020
	[261]		afefc60
	[262]		afeff80
	[263]		afeb0a0
	[264]		afe3bc0
	[265]		afe3d80
	[266]		afdc5e0
	[267]		afdc690
	[268]		afd9900
	[269]		afd63a0
	[270]		afd1190
	[271]		afc95c0
	[272]		78f200
	[273]		78af00
	[274]		786270
	[275]		77e950
	[276]		77e9b0
	[277]		766d80
	[278]		766ec0
	[279]		7620c0
	[280]		75fa30
	[281]		75b920
	[282]		6b8fe0
	[283]		b28dc00
	[284]		b28e6b0
	[285]		b28f070
	[286]		b0b27b0
	[287]		b0b4340
	[288]		b0bc440
	[289]		b0be740
	[290]		b230a90
	[291]		b233fa0
	[292]		b232880
	[293]		aff62e0
	[294]		b000270
	[295]		b036dc0
	[296]		b392480
	[297]		b34b3e0
	[298]		b071fa0
	[299]		b024dc0
	[300]		78b300
	[301]		b002f20
	[302]		b0b01f0
	[303]		b291670
	[304]		b231e00
	[305]		b09e7b0
ARR afc96e0 (sz=120, trace=395, nelems=53, elem type=char)
OBJ afcd5b0 (sz=24, trace=179, class=java.lang.String@6aeef0)
	value		afc96e0
OBJ afce670 (sz=40, trace=196, class=java.lang.Package@76be90)
	pkgName		afcd5b0
OBJ afce630 (sz=24, trace=197, class=java.util.HashMap$Entry@6afa20)
	value		afce670
	key		afcd5b0
OBJ afce490 (sz=24, trace=286, class=java.lang.String@6aeef0)
	value		afc96e0
OBJ afce3d0 (sz=24, trace=288, class=java.util.Hashtable$Entry@6af830)
	next		b008810
	value		77d530
	key		afce490
ARR afe2310 (sz=104, trace=395, nelems=45, elem type=char)
OBJ afe3280 (sz=24, trace=179, class=java.lang.String@6aeef0)
	value		afe2310
OBJ afe30e0 (sz=40, trace=196, class=java.lang.Package@76be90)
	pkgName		afe3280
OBJ afe3060 (sz=24, trace=197, class=java.util.HashMap$Entry@6afa20)
	value		afe30e0
	key		afe3280
OBJ afe4ae0 (sz=24, trace=286, class=java.lang.String@6aeef0)
	value		afe2310
OBJ afe4ac0 (sz=24, trace=288, class=java.util.Hashtable$Entry@6af830)
	next		aff8ac0
	value		77d530
	key		afe4ae0
ARR afe6560 (sz=16, trace=395, nelems=0, elem type=java.lang.Class@6ac030)
OBJ afe6540 (sz=48, trace=395, class=java.lang.reflect.Constructor@6b5ab0)
	constructorAccessor	afe6420
	exceptionTypes	6ac010
	parameterTypes	afe6560
	clazz		7597a0
OBJ afe6520 (sz=32, trace=396, class=java.lang.ref.SoftReference@6b11f0)
	next		afe6520
	queue		6ae250
OBJ afe6480 (sz=48, trace=397, class=java.lang.reflect.Constructor@6b5ab0)
	root		afe6540
	constructorAccessor	afe6420
	exceptionTypes	6ac010
	parameterTypes	afe6560
	clazz		7597a0
OBJ afe6420 (sz=16, trace=401, class=sun.reflect.DelegatingConstructorAccessorImpl@6b5780)
	delegate	b01bf40
ARR aff15e0 (sz=88, trace=2193, nelems=36, elem type=char)
OBJ aff2800 (sz=24, trace=179, class=java.lang.String@6aeef0)
	value		aff15e0
OBJ aff2660 (sz=40, trace=196, class=java.lang.Package@76be90)
	pkgName		aff2800
OBJ aff2640 (sz=24, trace=197, class=java.util.HashMap$Entry@6afa20)
	value		aff2660
	key		aff2800
OBJ aff24c0 (sz=24, trace=286, class=java.lang.String@6aeef0)
	value		aff15e0
OBJ aff24a0 (sz=24, trace=288, class=java.util.Hashtable$Entry@6af830)
	next		afe9040
	value		77d530
	key		aff24c0
ARR b0052f0 (sz=32, trace=2194, nelems=5, elem type=java.lang.String@6aeef0)
	[0]		b28b160
	[1]		b28b1a0
	[2]		b28ba40
	[3]		74b160
	[4]		74b1e0
ARR b006fc0 (sz=32, trace=2194, nelems=5, elem type=java.lang.Boolean@6b86a0)
	[1]		6b85f0
	[2]		6b85f0
	[3]		6b85d0
	[4]		6b85d0
ARR b006fa0 (sz=32, trace=2194, nelems=5, elem type=java.lang.String@6aeef0)
	[0]		afefee0
	[1]		74ce70
	[2]		aff4f00
	[3]		750310
	[4]		afedac0
ARR b006f80 (sz=32, trace=2194, nelems=5, elem type=java.lang.Object@6ae810)
	[4]		b006f60
OBJ b006f60 (sz=16, trace=2194, class=java.lang.Integer@6b7990)
ARR b006d40 (sz=144, trace=2194, nelems=128, elem type=boolean)
ARR b006d20 (sz=272, trace=2194, nelems=128, elem type=char)
ARR b006d00 (sz=272, trace=2194, nelems=128, elem type=char)
ARR b00fba0 (sz=16, trace=2209, nelems=1, elem type=java.lang.String@6aeef0)
	[0]		74b120
ARR b00fb20 (sz=16, trace=2209, nelems=1, elem type=java.lang.Boolean@6b86a0)
ARR b00fab0 (sz=16, trace=2209, nelems=1, elem type=java.lang.String@6aeef0)
	[0]		aff4f40
ARR b00f9f0 (sz=16, trace=2209, nelems=1, elem type=java.lang.Object@6ae810)
ARR b026990 (sz=32, trace=2216, nelems=4, elem type=java.lang.String@6aeef0)
	[0]		aff07d0
	[1]		b28b160
	[2]		74b060
	[3]		74cf30
ARR b0264e0 (sz=32, trace=2216, nelems=4, elem type=java.lang.Boolean@6b86a0)
	[2]		6b85d0
	[3]		6b85d0
ARR b0264c0 (sz=24, trace=2216, nelems=3, elem type=java.lang.String@6aeef0)
	[0]		afefee0
	[1]		74ce70
	[2]		74ccd0
ARR b0264a0 (sz=24, trace=2216, nelems=3, elem type=java.lang.Object@6ae810)
ARR b026420 (sz=16, trace=2217, nelems=1, elem type=java.lang.String@6aeef0)
	[0]		74b0e0
ARR b026400 (sz=16, trace=2217, nelems=1, elem type=java.lang.Boolean@6b86a0)
	[0]		6b85f0
ARR b026300 (sz=24, trace=2217, nelems=2, elem type=java.lang.String@6aeef0)
	[0]		74e530
	[1]		750310
ARR b0262e0 (sz=24, trace=2217, nelems=2, elem type=java.lang.Object@6ae810)
ARR b08f490 (sz=24, trace=2245, nelems=2, elem type=java.lang.String@6aeef0)
	[0]		b28b160
	[1]		74cf30
ARR b08f470 (sz=24, trace=2245, nelems=2, elem type=java.lang.Boolean@6b86a0)
	[1]		6b85d0
ARR b08f450 (sz=24, trace=2245, nelems=3, elem type=java.lang.String@6aeef0)
	[0]		afefee0
	[1]		74ce70
	[2]		74ccd0
ARR b08f430 (sz=24, trace=2245, nelems=3, elem type=java.lang.Object@6ae810)
ARR b096e20 (sz=24, trace=2262, nelems=3, elem type=java.lang.String@6aeef0)
	[0]		b28b160
	[1]		74b220
	[2]		74cf30
ARR b096e00 (sz=24, trace=2262, nelems=3, elem type=java.lang.Boolean@6b86a0)
	[1]		6b85d0
ARR b096de0 (sz=32, trace=2262, nelems=4, elem type=java.lang.String@6aeef0)
	[0]		afefee0
	[1]		74ce70
	[2]		afeff20
	[3]		74e1f0
ARR b096dc0 (sz=32, trace=2262, nelems=4, elem type=java.lang.Object@6ae810)
ARR b0987d0 (sz=104, trace=2270, nelems=45, elem type=char)
OBJ b09b7b0 (sz=24, trace=179, class=java.lang.String@6aeef0)
	value		b0987d0
OBJ b09b280 (sz=40, trace=196, class=java.lang.Package@76be90)
	pkgName		b09b7b0
OBJ b09b220 (sz=24, trace=197, class=java.util.HashMap$Entry@6afa20)
	value		b09b280
	key		b09b7b0
OBJ b09cea0 (sz=24, trace=286, class=java.lang.String@6aeef0)
	value		b0987d0
OBJ b09ce30 (sz=24, trace=288, class=java.util.Hashtable$Entry@6af830)
	value		77d530
	key		b09cea0
ARR b09cd50 (sz=128, trace=2270, nelems=55, elem type=char)
OBJ b09d470 (sz=24, trace=179, class=java.lang.String@6aeef0)
	value		b09cd50
OBJ b09d2d0 (sz=40, trace=196, class=java.lang.Package@76be90)
	pkgName		b09d470
OBJ b09d2b0 (sz=24, trace=197, class=java.util.HashMap$Entry@6afa20)
	value		b09d2d0
	key		b09d470
OBJ b09d1f0 (sz=24, trace=286, class=java.lang.String@6aeef0)
	value		b09cd50
OBJ b09d1d0 (sz=24, trace=288, class=java.util.Hashtable$Entry@6af830)
	next		b09ce30
	value		77d530
	key		b09d1f0
ARR b0a3d50 (sz=24, trace=2271, nelems=3, elem type=java.lang.String@6aeef0)
	[0]		aff07d0
	[1]		b28b160
	[2]		794c60
ARR b0a3ce0 (sz=24, trace=2271, nelems=3, elem type=java.lang.Boolean@6b86a0)
	[2]		6b85d0
ARR b0a3cc0 (sz=32, trace=2271, nelems=5, elem type=java.lang.String@6aeef0)
	[0]		afefee0
	[1]		74ce70
	[2]		afeff20
	[3]		750350
	[4]		750310
ARR b0a3ca0 (sz=32, trace=2271, nelems=5, elem type=java.lang.Object@6ae810)
OBJ b0a4270 (sz=8, trace=2273, class=java.lang.Object@6ae810)
ARR b0a43d0 (sz=16, trace=2285, nelems=1, elem type=java.lang.String@6aeef0)
	[0]		aff07d0
ARR b0a43f0 (sz=16, trace=2285, nelems=1, elem type=java.lang.Boolean@6b86a0)
ARR b0a4410 (sz=24, trace=2285, nelems=2, elem type=java.lang.String@6aeef0)
	[0]		afefee0
	[1]		74ce70
ARR b0a4430 (sz=24, trace=2285, nelems=2, elem type=java.lang.Object@6ae810)
OBJ b09ff20 (sz=24, trace=179, class=java.lang.String@6aeef0)
	value		b0a2cd0
OBJ b09e180 (sz=40, trace=196, class=java.lang.Package@76be90)
	pkgName		b09ff20
OBJ b09e280 (sz=24, trace=197, class=java.util.HashMap$Entry@6afa20)
	value		b09e180
	key		b09ff20
ARR b09e2e0 (sz=272, trace=2116, nelems=64, elem type=java.util.HashMap$Entry@6afa20)
	[2]		aff60c0
	[4]		afdd3c0
	[6]		76c0a0
	[14]		7596a0
	[18]		788b00
	[19]		788a20
	[20]		b0403a0
	[28]		76da70
	[31]		aff4a60
	[39]		aff2420
	[40]		aff89e0
	[44]		afcecb0
	[45]		b007150
	[49]		b036740
	[54]		afeaf10
	[58]		b01f060
	[59]		b000090
	[61]		afdd2a0
	[62]		781e00
	[63]		b0700b0
OBJ b09e5d0 (sz=24, trace=286, class=java.lang.String@6aeef0)
	value		b0a2cd0
OBJ b09e5f0 (sz=24, trace=288, class=java.util.Hashtable$Entry@6af830)
	next		b020e60
	value		77d530
	key		b09e5d0
ARR b09da30 (sz=16, trace=395, nelems=0, elem type=java.lang.Class@6ac030)
OBJ b09da50 (sz=48, trace=395, class=java.lang.reflect.Constructor@6b5ab0)
	constructorAccessor	b09daf0
	exceptionTypes	6ac010
	parameterTypes	b09da30
	clazz		b09e670
OBJ b09da70 (sz=32, trace=396, class=java.lang.ref.SoftReference@6b11f0)
	next		b09da70
	queue		6ae250
OBJ b09da90 (sz=48, trace=397, class=java.lang.reflect.Constructor@6b5ab0)
	root		b09da50
	constructorAccessor	b09daf0
	exceptionTypes	6ac010
	parameterTypes	b09da30
	clazz		b09e670
OBJ b09daf0 (sz=16, trace=401, class=sun.reflect.DelegatingConstructorAccessorImpl@6b5780)
	delegate	b007370
OBJ b09db10 (sz=40, trace=2295, class=java.util.Hashtable@6b63a0)
	table		b08b500
OBJ b09a9b0 (sz=8, trace=2297, class=org.apache.xerces.impl.dv.dtd.StringDatatypeValidator@b09a940)
OBJ b09aa90 (sz=24, trace=2298, class=java.util.Hashtable$Entry@6af830)
	value		b09a9b0
	key		b09db70
OBJ b097ea0 (sz=8, trace=2297, class=org.apache.xerces.impl.dv.dtd.IDDatatypeValidator@b097e80)
OBJ b097ec0 (sz=24, trace=2298, class=java.util.Hashtable$Entry@6af830)
	value		b097ea0
	key		b05b950
OBJ b094ae0 (sz=8, trace=2297, class=org.apache.xerces.impl.dv.dtd.IDREFDatatypeValidator@b094ac0)
OBJ b094b40 (sz=24, trace=2298, class=java.util.Hashtable$Entry@6af830)
	next		b090740
	value		b094ae0
	key		b094b20
OBJ b092640 (sz=16, trace=2297, class=org.apache.xerces.impl.dv.dtd.ListDatatypeValidator@b092620)
	fItemValidator	b094ae0
OBJ b092660 (sz=24, trace=2298, class=java.util.Hashtable$Entry@6af830)
	value		b092640
	key		b094b80
OBJ b090640 (sz=8, trace=2297, class=org.apache.xerces.impl.dv.dtd.ENTITYDatatypeValidator@b090620)
OBJ b0906a0 (sz=8, trace=2297, class=org.apache.xerces.impl.dv.dtd.ENTITYDatatypeValidator@b090620)
OBJ b0906c0 (sz=24, trace=2298, class=java.util.Hashtable$Entry@6af830)
	value		b0906a0
	key		b090680
OBJ b090720 (sz=16, trace=2297, class=org.apache.xerces.impl.dv.dtd.ListDatatypeValidator@b092620)
	fItemValidator	b090640
OBJ b090740 (sz=24, trace=2298, class=java.util.Hashtable$Entry@6af830)
	value		b090720
	key		b090700
OBJ b08ee10 (sz=8, trace=2297, class=org.apache.xerces.impl.dv.dtd.NOTATIONDatatypeValidator@b08edf0)
OBJ b08ee30 (sz=24, trace=2298, class=java.util.Hashtable$Entry@6af830)
	value		b08ee10
	key		b090780
OBJ b08b420 (sz=8, trace=2297, class=org.apache.xerces.impl.dv.dtd.NMTOKENDatatypeValidator@b08b400)
OBJ b08b480 (sz=24, trace=2298, class=java.util.Hashtable$Entry@6af830)
	value		b08b420
	key		b08b460
OBJ b08b4e0 (sz=16, trace=2297, class=org.apache.xerces.impl.dv.dtd.ListDatatypeValidator@b092620)
	fItemValidator	b08b420
ARR b08b500 (sz=104, trace=2299, nelems=23, elem type=java.util.Hashtable$Entry@6af830)
	[1]		b08b480
	[7]		b094b40
	[8]		b097ec0
	[11]		b09aa90
	[14]		b08b520
	[18]		b092660
	[20]		b08ee30
	[21]		b0906c0
OBJ b08b520 (sz=24, trace=2298, class=java.util.Hashtable$Entry@6af830)
	value		b08b4e0
	key		b08b4c0
ARR b073270 (sz=104, trace=2186, nelems=46, elem type=char)
OBJ b071130 (sz=24, trace=179, class=java.lang.String@6aeef0)
	value		b073270
OBJ b070090 (sz=40, trace=196, class=java.lang.Package@76be90)
	pkgName		b071130
OBJ b0700b0 (sz=24, trace=197, class=java.util.HashMap$Entry@6afa20)
	value		b070090
	key		b071130
OBJ b0701f0 (sz=24, trace=286, class=java.lang.String@6aeef0)
	value		b073270
OBJ b070230 (sz=24, trace=288, class=java.util.Hashtable$Entry@6af830)
	next		b0402c0
	value		77d530
	key		b0701f0
ARR b050ee0 (sz=112, trace=2359, nelems=48, elem type=char)
OBJ b050f60 (sz=24, trace=2360, class=java.lang.String@6aeef0)
	value		b050ee0
ARR b023460 (sz=528, trace=87, nelems=512, elem type=byte)
ARR afe3da0 (sz=64, trace=2398, nelems=13, elem type=int)
ARR afe1690 (sz=88, trace=289, nelems=38, elem type=char)
OBJ afdeae0 (sz=24, trace=179, class=java.lang.String@6aeef0)
	value		afe1690
OBJ afdd280 (sz=40, trace=196, class=java.lang.Package@76be90)
	pkgName		afdeae0
OBJ afdd2a0 (sz=24, trace=197, class=java.util.HashMap$Entry@6afa20)
	next		afe3d00
	value		afdd280
	key		afdeae0
OBJ afdd3e0 (sz=24, trace=286, class=java.lang.String@6aeef0)
	value		afe1690
OBJ afdd400 (sz=24, trace=288, class=java.util.Hashtable$Entry@6af830)
	next		787270
	value		77d530
	key		afdd3e0
ARR 78af40 (sz=65552, trace=2427, nelems=65536, elem type=byte)
ARR 77ea30 (sz=96, trace=2440, nelems=39, elem type=char)
OBJ 76de40 (sz=24, trace=179, class=java.lang.String@6aeef0)
	value		77ea30
OBJ 76dfe0 (sz=40, trace=196, class=java.lang.Package@76be90)
	pkgName		76de40
OBJ 76c0a0 (sz=24, trace=197, class=java.util.HashMap$Entry@6afa20)
	next		76e7a0
	value		76dfe0
	key		76de40
OBJ 76c3c0 (sz=24, trace=286, class=java.lang.String@6aeef0)
	value		77ea30
OBJ 76c470 (sz=24, trace=288, class=java.util.Hashtable$Entry@6af830)
	next		781430
	value		77d530
	key		76c3c0
OBJ b233f60 (sz=8, trace=2563, class=org.apache.xerces.dom.CharacterDataImpl$1@b233fa0)
OBJ b232c20 (sz=16, trace=2597, class=java.util.regex.Pattern$Node@b232be0)
OBJ b232ce0 (sz=16, trace=2598, class=java.util.regex.Pattern$LastNode@b232ca0)
	next		b232c20
ARR b232d40 (sz=360, trace=2599, nelems=87, elem type=java.lang.String@6aeef0)
	[0]		b232d80
	[1]		b232e00
	[2]		b232e40
	[3]		b232e80
	[4]		b232ec0
	[5]		b232f40
	[6]		b231180
	[7]		b231220
	[8]		b231260
	[9]		b231300
	[10]		b231500
	[11]		b2316e0
	[12]		b231720
	[13]		b231800
	[14]		b2318a0
	[15]		b2318e0
	[16]		b231980
	[17]		b2319e0
	[18]		b231b40
	[19]		b231b80
	[20]		b231c20
	[21]		b231c60
	[22]		b231d60
	[23]		b231e20
	[24]		b231ea0
	[25]		b231f20
	[26]		b230010
	[27]		b230250
	[28]		b230490
	[29]		b2306f0
	[30]		b230770
	[31]		b2307b0
	[32]		b2307f0
	[33]		b230830
	[34]		b2309f0
	[35]		b230a70
	[36]		b230c80
	[37]		b230d40
	[38]		b230d80
	[39]		b230dc0
	[40]		b230e40
	[41]		b230e80
	[42]		b230f00
	[43]		b0bf070
	[44]		b0bf0f0
	[45]		b0bf130
	[46]		b0bf1f0
	[47]		b0bf290
	[48]		b0bf2d0
	[49]		b0bf310
	[50]		b0bf350
	[51]		b0bf390
	[52]		b0bf3d0
	[53]		b0bf450
	[54]		b0bf490
	[55]		b0bf4d0
	[56]		b0bf510
	[57]		b0bf550
	[58]		b0bf820
	[59]		b0bf860
	[60]		b0bf8a0
	[61]		b0bf9a0
	[62]		b0bfa40
	[63]		b0bfac0
	[64]		b0bfb00
	[65]		b0bfbc0
	[66]		b0bfc60
	[67]		b0bfca0
	[68]		b0bfce0
	[69]		b0bfd20
	[70]		b0bfd60
	[71]		b0bfda0
	[72]		b0bfe20
	[73]		b0bfe60
	[74]		b0bfea0
	[75]		b0bfee0
	[76]		b0bff20
	[77]		b0be060
	[78]		b0be0a0
	[79]		b0be0e0
	[80]		b0be1e0
	[81]		b0be2c0
	[82]		b0be300
	[83]		b0be380
	[84]		b0be3c0
	[85]		b0be400
	[86]		b0be440
ARR b0be500 (sz=216, trace=2600, nelems=51, elem type=java.lang.String@6aeef0)
	[0]		b0be5e0
	[1]		b0be620
	[2]		b0be6a0
	[3]		b0be6e0
	[4]		b0be900
	[5]		b0be940
	[6]		b0be980
	[7]		b0be9c0
	[8]		b0bea00
	[9]		b0bea40
	[10]		b0bea80
	[11]		b0beb00
	[12]		b0beb40
	[13]		b0beb80
	[14]		b0bebc0
	[15]		b0bec00
	[16]		b0bec40
	[17]		b0bed60
	[18]		b0beda0
	[19]		b0bede0
	[20]		b0beec0
	[21]		b0bd060
	[22]		b0bd0a0
	[23]		b0bd0e0
	[24]		b0bd120
	[25]		b0bd1a0
	[26]		b0bd1e0
	[27]		b0bd220
	[28]		b0bd260
	[29]		b0bd2a0
	[30]		b0bd440
	[31]		b0bd4e0
	[32]		b0bd520
	[33]		b0bd5c0
	[34]		b0bd660
	[35]		b0bd840
	[36]		b0bd880
	[37]		b032800
	[38]		6c0780
	[39]		b0bd920
	[40]		b0bd9c0
	[41]		b0bda00
	[42]		b0bda40
	[43]		b0bdb00
	[44]		b0bdb40
	[45]		b0bdb80
	[46]		b0bdc80
	[47]		b0bdcc0
	[48]		b0bdd00
	[49]		b0bdde0
	[50]		b0bc020
ARR b0bc060 (sz=360, trace=2601, nelems=87, elem type=java.util.regex.Pattern$Node@b232be0)
	[0]		b0bc1c0
	[1]		b0bc1e0
	[2]		b0bc280
	[3]		b0bc300
	[4]		b0bc320
	[5]		b0bc380
	[6]		b0bc3a0
	[7]		b0bc3c0
	[8]		b0bc3e0
	[9]		b0bc400
	[10]		b0bc420
	[11]		b0bc5a0
	[12]		b0bc5c0
	[13]		b0bc5e0
	[14]		b0bc600
	[15]		b0bc620
	[16]		b0bc640
	[17]		b0bc6a0
	[18]		b0bc6e0
	[19]		b0bc740
	[20]		b0bc760
	[21]		b0bc780
	[22]		b0bc7a0
	[23]		b0bc800
	[24]		b0bc820
	[25]		b0bc840
	[26]		b0bc860
	[27]		b0bc880
	[28]		b0bc8a0
	[29]		b0bc8c0
	[30]		b0bc8e0
	[31]		b0bc900
	[32]		b0bc920
	[33]		b0bc9a0
	[34]		b0bcb00
	[35]		b0bce20
	[36]		b0bce40
	[37]		b0bce60
	[38]		b0bce80
	[39]		b0bcf00
	[40]		b0bcf80
	[41]		b0bcfa0
	[42]		b0bcfc0
	[43]		b0bcfe0
	[44]		b0bb020
	[45]		b0bb040
	[46]		b0bb0c0
	[47]		b0bb100
	[48]		b0bb120
	[49]		b0bb140
	[50]		b0bb160
	[51]		b0bb180
	[52]		b0bb1e0
	[53]		b0bb280
	[54]		b0bb2a0
	[55]		b0bb2c0
	[56]		b0bb2e0
	[57]		b0bb300
	[58]		b0bb320
	[59]		b0bb3c0
	[60]		b0bb400
	[61]		b0bb420
	[62]		b0bb440
	[63]		b0bb4c0
	[64]		b0bb4e0
	[65]		b0bb500
	[66]		b0bb520
	[67]		b0bb540
	[68]		b0bb560
	[69]		b0bb580
	[70]		b0bb5a0
	[71]		b0bb5c0
	[72]		b0bb5e0
	[73]		b0bb600
	[74]		b0bb620
	[75]		b0bb680
	[76]		b0bb6a0
	[77]		b0bb6c0
	[78]		b0bb6e0
	[79]		b0bb700
	[80]		b0bb720
	[81]		b0bb740
	[82]		b0bb760
	[83]		b0bb780
	[84]		b0bb7a0
	[85]		b0bb940
	[86]		b0bb960
OBJ b0bc1c0 (sz=24, trace=2601, class=java.util.regex.Pattern$Range@b0bc180)
	next		b232c20
OBJ b0bc1e0 (sz=24, trace=2601, class=java.util.regex.Pattern$Range@b0bc180)
	next		b232c20
OBJ b0bc280 (sz=24, trace=2601, class=java.util.regex.Pattern$Range@b0bc180)
	next		b232c20
OBJ b0bc300 (sz=24, trace=2601, class=java.util.regex.Pattern$Range@b0bc180)
	next		b232c20
OBJ b0bc320 (sz=24, trace=2601, class=java.util.regex.Pattern$Range@b0bc180)
	next		b232c20
OBJ b0bc380 (sz=24, trace=2601, class=java.util.regex.Pattern$Range@b0bc180)
	next		b232c20
OBJ b0bc3a0 (sz=24, trace=2601, class=java.util.regex.Pattern$Range@b0bc180)
	next		b232c20
OBJ b0bc3c0 (sz=24, trace=2601, class=java.util.regex.Pattern$Range@b0bc180)
	next		b232c20
OBJ b0bc3e0 (sz=24, trace=2601, class=java.util.regex.Pattern$Range@b0bc180)
	next		b232c20
OBJ b0bc400 (sz=24, trace=2601, class=java.util.regex.Pattern$Range@b0bc180)
	next		b232c20
OBJ b0bc420 (sz=24, trace=2601, class=java.util.regex.Pattern$Range@b0bc180)
	next		b232c20
OBJ b0bc5a0 (sz=24, trace=2601, class=java.util.regex.Pattern$Range@b0bc180)
	next		b232c20
OBJ b0bc5c0 (sz=24, trace=2601, class=java.util.regex.Pattern$Range@b0bc180)
	next		b232c20
OBJ b0bc5e0 (sz=24, trace=2601, class=java.util.regex.Pattern$Range@b0bc180)
	next		b232c20
OBJ b0bc600 (sz=24, trace=2601, class=java.util.regex.Pattern$Range@b0bc180)
	next		b232c20
OBJ b0bc620 (sz=24, trace=2601, class=java.util.regex.Pattern$Range@b0bc180)
	next		b232c20
OBJ b0bc640 (sz=24, trace=2601, class=java.util.regex.Pattern$Range@b0bc180)
	next		b232c20
OBJ b0bc6a0 (sz=24, trace=2601, class=java.util.regex.Pattern$Range@b0bc180)
	next		b232c20
OBJ b0bc6e0 (sz=24, trace=2601, class=java.util.regex.Pattern$Range@b0bc180)
	next		b232c20
OBJ b0bc740 (sz=24, trace=2601, class=java.util.regex.Pattern$Range@b0bc180)
	next		b232c20
OBJ b0bc760 (sz=24, trace=2601, class=java.util.regex.Pattern$Range@b0bc180)
	next		b232c20
OBJ b0bc780 (sz=24, trace=2601, class=java.util.regex.Pattern$Range@b0bc180)
	next		b232c20
OBJ b0bc7a0 (sz=24, trace=2601, class=java.util.regex.Pattern$Range@b0bc180)
	next		b232c20
OBJ b0bc800 (sz=24, trace=2601, class=java.util.regex.Pattern$Range@b0bc180)
	next		b232c20
OBJ b0bc820 (sz=24, trace=2601, class=java.util.regex.Pattern$Range@b0bc180)
	next		b232c20
OBJ b0bc840 (sz=24, trace=2601, class=java.util.regex.Pattern$Range@b0bc180)
	next		b232c20
OBJ b0bc860 (sz=24, trace=2601, class=java.util.regex.Pattern$Range@b0bc180)
	next		b232c20
OBJ b0bc880 (sz=24, trace=2601, class=java.util.regex.Pattern$Range@b0bc180)
	next		b232c20
OBJ b0bc8a0 (sz=24, trace=2601, class=java.util.regex.Pattern$Range@b0bc180)
	next		b232c20
OBJ b0bc8c0 (sz=24, trace=2601, class=java.util.regex.Pattern$Range@b0bc180)
	next		b232c20
OBJ b0bc8e0 (sz=24, trace=2601, class=java.util.regex.Pattern$Range@b0bc180)
	next		b232c20
OBJ b0bc900 (sz=24, trace=2601, class=java.util.regex.Pattern$Range@b0bc180)
	next		b232c20
OBJ b0bc920 (sz=24, trace=2601, class=java.util.regex.Pattern$Range@b0bc180)
	next		b232c20
OBJ b0bc9a0 (sz=24, trace=2601, class=java.util.regex.Pattern$Range@b0bc180)
	next		b232c20
OBJ b0bcb00 (sz=24, trace=2601, class=java.util.regex.Pattern$Range@b0bc180)
	next		b232c20
OBJ b0bce20 (sz=24, trace=2601, class=java.util.regex.Pattern$Range@b0bc180)
	next		b232c20
OBJ b0bce40 (sz=24, trace=2601, class=java.util.regex.Pattern$Range@b0bc180)
	next		b232c20
OBJ b0bce60 (sz=24, trace=2601, class=java.util.regex.Pattern$Range@b0bc180)
	next		b232c20
OBJ b0bce80 (sz=24, trace=2601, class=java.util.regex.Pattern$Range@b0bc180)
	next		b232c20
OBJ b0bcf00 (sz=24, trace=2601, class=java.util.regex.Pattern$Range@b0bc180)
	next		b232c20
OBJ b0bcf80 (sz=24, trace=2601, class=java.util.regex.Pattern$Range@b0bc180)
	next		b232c20
OBJ b0bcfa0 (sz=24, trace=2601, class=java.util.regex.Pattern$Range@b0bc180)
	next		b232c20
OBJ b0bcfc0 (sz=24, trace=2601, class=java.util.regex.Pattern$Range@b0bc180)
	next		b232c20
OBJ b0bcfe0 (sz=24, trace=2601, class=java.util.regex.Pattern$Range@b0bc180)
	next		b232c20
OBJ b0bb020 (sz=24, trace=2601, class=java.util.regex.Pattern$Range@b0bc180)
	next		b232c20
OBJ b0bb040 (sz=24, trace=2601, class=java.util.regex.Pattern$Range@b0bc180)
	next		b232c20
OBJ b0bb0c0 (sz=24, trace=2601, class=java.util.regex.Pattern$Range@b0bc180)
	next		b232c20
OBJ b0bb100 (sz=24, trace=2601, class=java.util.regex.Pattern$Range@b0bc180)
	next		b232c20
OBJ b0bb120 (sz=24, trace=2601, class=java.util.regex.Pattern$Range@b0bc180)
	next		b232c20
OBJ b0bb140 (sz=24, trace=2601, class=java.util.regex.Pattern$Range@b0bc180)
	next		b232c20
OBJ b0bb160 (sz=24, trace=2601, class=java.util.regex.Pattern$Range@b0bc180)
	next		b232c20
OBJ b0bb180 (sz=24, trace=2601, class=java.util.regex.Pattern$Range@b0bc180)
	next		b232c20
OBJ b0bb1e0 (sz=24, trace=2601, class=java.util.regex.Pattern$Range@b0bc180)
	next		b232c20
OBJ b0bb280 (sz=24, trace=2601, class=java.util.regex.Pattern$Range@b0bc180)
	next		b232c20
OBJ b0bb2a0 (sz=24, trace=2601, class=java.util.regex.Pattern$Range@b0bc180)
	next		b232c20
OBJ b0bb2c0 (sz=24, trace=2601, class=java.util.regex.Pattern$Range@b0bc180)
	next		b232c20
OBJ b0bb2e0 (sz=24, trace=2601, class=java.util.regex.Pattern$Range@b0bc180)
	next		b232c20
OBJ b0bb300 (sz=24, trace=2601, class=java.util.regex.Pattern$Range@b0bc180)
	next		b232c20
OBJ b0bb320 (sz=24, trace=2601, class=java.util.regex.Pattern$Range@b0bc180)
	next		b232c20
OBJ b0bb3c0 (sz=24, trace=2601, class=java.util.regex.Pattern$Range@b0bc180)
	next		b232c20
OBJ b0bb400 (sz=24, trace=2601, class=java.util.regex.Pattern$Range@b0bc180)
	next		b232c20
OBJ b0bb420 (sz=24, trace=2601, class=java.util.regex.Pattern$Range@b0bc180)
	next		b232c20
OBJ b0bb440 (sz=24, trace=2601, class=java.util.regex.Pattern$Range@b0bc180)
	next		b232c20
OBJ b0bb4c0 (sz=24, trace=2601, class=java.util.regex.Pattern$Range@b0bc180)
	next		b232c20
OBJ b0bb4e0 (sz=24, trace=2601, class=java.util.regex.Pattern$Range@b0bc180)
	next		b232c20
OBJ b0bb500 (sz=24, trace=2601, class=java.util.regex.Pattern$Range@b0bc180)
	next		b232c20
OBJ b0bb520 (sz=24, trace=2601, class=java.util.regex.Pattern$Range@b0bc180)
	next		b232c20
OBJ b0bb540 (sz=24, trace=2601, class=java.util.regex.Pattern$Range@b0bc180)
	next		b232c20
OBJ b0bb560 (sz=24, trace=2601, class=java.util.regex.Pattern$Range@b0bc180)
	next		b232c20
OBJ b0bb580 (sz=24, trace=2601, class=java.util.regex.Pattern$Range@b0bc180)
	next		b232c20
OBJ b0bb5a0 (sz=24, trace=2601, class=java.util.regex.Pattern$Range@b0bc180)
	next		b232c20
OBJ b0bb5c0 (sz=24, trace=2601, class=java.util.regex.Pattern$Range@b0bc180)
	next		b232c20
OBJ b0bb5e0 (sz=24, trace=2601, class=java.util.regex.Pattern$Range@b0bc180)
	next		b232c20
OBJ b0bb600 (sz=24, trace=2601, class=java.util.regex.Pattern$Range@b0bc180)
	next		b232c20
OBJ b0bb620 (sz=24, trace=2601, class=java.util.regex.Pattern$Range@b0bc180)
	next		b232c20
OBJ b0bb680 (sz=24, trace=2601, class=java.util.regex.Pattern$Range@b0bc180)
	next		b232c20
OBJ b0bb6a0 (sz=24, trace=2601, class=java.util.regex.Pattern$Range@b0bc180)
	next		b232c20
OBJ b0bb6c0 (sz=24, trace=2601, class=java.util.regex.Pattern$Range@b0bc180)
	next		b232c20
OBJ b0bb6e0 (sz=24, trace=2601, class=java.util.regex.Pattern$Range@b0bc180)
	next		b232c20
OBJ b0bb700 (sz=24, trace=2601, class=java.util.regex.Pattern$Range@b0bc180)
	next		b232c20
OBJ b0bb720 (sz=24, trace=2601, class=java.util.regex.Pattern$Range@b0bc180)
	next		b232c20
OBJ b0bb740 (sz=24, trace=2601, class=java.util.regex.Pattern$Range@b0bc180)
	next		b232c20
OBJ b0bb760 (sz=24, trace=2601, class=java.util.regex.Pattern$Range@b0bc180)
	next		b232c20
OBJ b0bb780 (sz=24, trace=2601, class=java.util.regex.Pattern$Range@b0bc180)
	next		b232c20
OBJ b0bb7a0 (sz=24, trace=2601, class=java.util.regex.Pattern$Range@b0bc180)
	next		b232c20
OBJ b0bb940 (sz=16, trace=2601, class=java.util.regex.Pattern$Specials@b0bb900)
	next		b232c20
OBJ b0bb960 (sz=24, trace=2601, class=java.util.regex.Pattern$Range@b0bc180)
	next		b232c20
ARR b0bba00 (sz=216, trace=2602, nelems=51, elem type=java.util.regex.Pattern$Node@b232be0)
	[0]		b0bbc40
	[1]		b0bbc60
	[2]		b0bbc80
	[3]		b0bbce0
	[4]		b0bbd00
	[5]		b0bbd20
	[6]		b0bbd40
	[7]		b0bbd60
	[8]		b0bbd80
	[9]		b0bbde0
	[10]		b0bbe00
	[11]		b0bbe80
	[12]		b0bbf20
	[13]		b0bbf40
	[14]		b0bbf60
	[15]		b0bbf80
	[16]		b0bbfa0
	[17]		b0bbfc0
	[18]		b0ba030
	[19]		b0ba110
	[20]		b0ba480
	[21]		b0ba4a0
	[22]		b0ba4c0
	[23]		b0ba4e0
	[24]		b0ba500
	[25]		b0ba700
	[26]		b0ba840
	[27]		b0ba8c0
	[28]		b0ba900
	[29]		b0ba920
	[30]		b0ba9c0
	[31]		b0baa40
	[32]		b0baac0
	[33]		b0babe0
	[34]		b0bac80
	[35]		b0bad00
	[36]		b0bad80
	[37]		b0bafc0
	[38]		b0b9060
	[39]		b0b81a0
	[40]		b0b8880
	[41]		b0b8a00
	[42]		b0b8a80
	[43]		b0b8b00
	[44]		b0b8b20
	[45]		b0b8b40
	[46]		b0b8b60
	[47]		b0b8ba0
	[48]		b0b8bc0
	[49]		b0b8be0
	[50]		b0b8c20
OBJ b0bbc40 (sz=16, trace=2602, class=java.util.regex.Pattern$Category@b0bbc00)
	next		b232c20
OBJ b0bbc60 (sz=16, trace=2602, class=java.util.regex.Pattern$Category@b0bbc00)
	next		b232c20
OBJ b0bbc80 (sz=16, trace=2602, class=java.util.regex.Pattern$Category@b0bbc00)
	next		b232c20
OBJ b0bbce0 (sz=16, trace=2602, class=java.util.regex.Pattern$Category@b0bbc00)
	next		b232c20
OBJ b0bbd00 (sz=16, trace=2602, class=java.util.regex.Pattern$Category@b0bbc00)
	next		b232c20
OBJ b0bbd20 (sz=16, trace=2602, class=java.util.regex.Pattern$Category@b0bbc00)
	next		b232c20
OBJ b0bbd40 (sz=16, trace=2602, class=java.util.regex.Pattern$Category@b0bbc00)
	next		b232c20
OBJ b0bbd60 (sz=16, trace=2602, class=java.util.regex.Pattern$Category@b0bbc00)
	next		b232c20
OBJ b0bbd80 (sz=16, trace=2602, class=java.util.regex.Pattern$Category@b0bbc00)
	next		b232c20
OBJ b0bbde0 (sz=16, trace=2602, class=java.util.regex.Pattern$Category@b0bbc00)
	next		b232c20
OBJ b0bbe00 (sz=16, trace=2602, class=java.util.regex.Pattern$Category@b0bbc00)
	next		b232c20
OBJ b0bbe80 (sz=16, trace=2602, class=java.util.regex.Pattern$Category@b0bbc00)
	next		b232c20
OBJ b0bbf20 (sz=16, trace=2602, class=java.util.regex.Pattern$Category@b0bbc00)
	next		b232c20
OBJ b0bbf40 (sz=16, trace=2602, class=java.util.regex.Pattern$Category@b0bbc00)
	next		b232c20
OBJ b0bbf60 (sz=16, trace=2602, class=java.util.regex.Pattern$Category@b0bbc00)
	next		b232c20
OBJ b0bbf80 (sz=16, trace=2602, class=java.util.regex.Pattern$Category@b0bbc00)
	next		b232c20
OBJ b0bbfa0 (sz=16, trace=2602, class=java.util.regex.Pattern$Category@b0bbc00)
	next		b232c20
OBJ b0bbfc0 (sz=16, trace=2602, class=java.util.regex.Pattern$Category@b0bbc00)
	next		b232c20
OBJ b0ba030 (sz=16, trace=2602, class=java.util.regex.Pattern$Category@b0bbc00)
	next		b232c20
OBJ b0ba110 (sz=16, trace=2602, class=java.util.regex.Pattern$Category@b0bbc00)
	next		b232c20
OBJ b0ba480 (sz=16, trace=2602, class=java.util.regex.Pattern$Category@b0bbc00)
	next		b232c20
OBJ b0ba4a0 (sz=16, trace=2602, class=java.util.regex.Pattern$Category@b0bbc00)
	next		b232c20
OBJ b0ba4c0 (sz=16, trace=2602, class=java.util.regex.Pattern$Category@b0bbc00)
	next		b232c20
OBJ b0ba4e0 (sz=16, trace=2602, class=java.util.regex.Pattern$Category@b0bbc00)
	next		b232c20
OBJ b0ba500 (sz=16, trace=2602, class=java.util.regex.Pattern$Category@b0bbc00)
	next		b232c20
OBJ b0ba700 (sz=16, trace=2602, class=java.util.regex.Pattern$Category@b0bbc00)
	next		b232c20
OBJ b0ba840 (sz=16, trace=2602, class=java.util.regex.Pattern$Category@b0bbc00)
	next		b232c20
OBJ b0ba8c0 (sz=16, trace=2602, class=java.util.regex.Pattern$Category@b0bbc00)
	next		b232c20
OBJ b0ba900 (sz=16, trace=2602, class=java.util.regex.Pattern$Category@b0bbc00)
	next		b232c20
OBJ b0ba920 (sz=16, trace=2602, class=java.util.regex.Pattern$Category@b0bbc00)
	next		b232c20
OBJ b0ba9c0 (sz=16, trace=2602, class=java.util.regex.Pattern$Category@b0bbc00)
	next		b232c20
OBJ b0baa40 (sz=16, trace=2602, class=java.util.regex.Pattern$Category@b0bbc00)
	next		b232c20
OBJ b0baac0 (sz=16, trace=2602, class=java.util.regex.Pattern$Category@b0bbc00)
	next		b232c20
OBJ b0babe0 (sz=16, trace=2602, class=java.util.regex.Pattern$Category@b0bbc00)
	next		b232c20
OBJ b0bac80 (sz=16, trace=2602, class=java.util.regex.Pattern$Category@b0bbc00)
	next		b232c20
OBJ b0bad00 (sz=16, trace=2602, class=java.util.regex.Pattern$Category@b0bbc00)
	next		b232c20
OBJ b0bad80 (sz=24, trace=2602, class=java.util.regex.Pattern$Range@b0bc180)
	next		b232c20
OBJ b0bafc0 (sz=16, trace=2602, class=java.util.regex.Pattern$All@b0baf80)
	next		b232c20
OBJ b0b9060 (sz=24, trace=2602, class=java.util.regex.Pattern$Range@b0bc180)
	next		b232c20
OBJ b0b81a0 (sz=16, trace=2602, class=java.util.regex.Pattern$Ctype@b0b91a0)
	next		b232c20
OBJ b0b8880 (sz=16, trace=2602, class=java.util.regex.Pattern$Ctype@b0b91a0)
	next		b232c20
OBJ b0b8a00 (sz=16, trace=2602, class=java.util.regex.Pattern$Ctype@b0b91a0)
	next		b232c20
OBJ b0b8a80 (sz=16, trace=2602, class=java.util.regex.Pattern$Ctype@b0b91a0)
	next		b232c20
OBJ b0b8b00 (sz=24, trace=2602, class=java.util.regex.Pattern$Range@b0bc180)
	next		b232c20
OBJ b0b8b20 (sz=16, trace=2602, class=java.util.regex.Pattern$Ctype@b0b91a0)
	next		b232c20
OBJ b0b8b40 (sz=24, trace=2602, class=java.util.regex.Pattern$Range@b0bc180)
	next		b232c20
OBJ b0b8b60 (sz=24, trace=2602, class=java.util.regex.Pattern$Range@b0bc180)
	next		b232c20
OBJ b0b8ba0 (sz=16, trace=2602, class=java.util.regex.Pattern$Ctype@b0b91a0)
	next		b232c20
OBJ b0b8bc0 (sz=16, trace=2602, class=java.util.regex.Pattern$Ctype@b0b91a0)
	next		b232c20
OBJ b0b8be0 (sz=24, trace=2602, class=java.util.regex.Pattern$Range@b0bc180)
	next		b232c20
OBJ b0b8c20 (sz=16, trace=2602, class=java.util.regex.Pattern$Ctype@b0b91a0)
	next		b232c20
ARR b0abc00 (sz=528, trace=0, nelems=129, elem type=int)
OBJ b042e20 (sz=56, trace=1194, class=sun.reflect.DelegatingClassLoader@6bc840)
	nativeLibraries	b041d20
	packages	b041ce0
	domains		b042f40
	classes		b042f00
	package2certs	b042e60
OBJ b042e60 (sz=40, trace=1195, class=java.util.Hashtable@6b63a0)
	table		b042e80
ARR b042e80 (sz=56, trace=1196, nelems=11, elem type=java.util.Hashtable$Entry@6af830)
OBJ b042f00 (sz=24, trace=1197, class=java.util.Vector@6ae8c0)
	elementData	b042f20
ARR b042f20 (sz=56, trace=1198, nelems=10, elem type=java.lang.Object@6ae810)
	[0]		b041f40
OBJ b042f40 (sz=16, trace=1199, class=java.util.HashSet@6b7df0)
	map		b042f80
OBJ b042f80 (sz=40, trace=1200, class=java.util.HashMap@6afaf0)
	table		b042fa0
ARR b042fa0 (sz=80, trace=1201, nelems=16, elem type=java.util.HashMap$Entry@6afa20)
OBJ b041ce0 (sz=40, trace=1202, class=java.util.HashMap@6afaf0)
	table		b041d00
ARR b041d00 (sz=80, trace=1203, nelems=16, elem type=java.util.HashMap$Entry@6afa20)
OBJ b041d20 (sz=24, trace=1204, class=java.util.Vector@6ae8c0)
	elementData	b041e20
ARR b041e20 (sz=56, trace=1205, nelems=10, elem type=java.lang.Object@6ae810)
ARR b041020 (sz=16, trace=395, nelems=0, elem type=java.lang.Class@6ac030)
OBJ b041040 (sz=48, trace=395, class=java.lang.reflect.Constructor@6b5ab0)
	constructorAccessor	b041140
	exceptionTypes	6ac010
	parameterTypes	b041020
	clazz		b041f40
OBJ b041080 (sz=32, trace=396, class=java.lang.ref.SoftReference@6b11f0)
	next		b041080
	queue		6ae250
OBJ b0410a0 (sz=48, trace=397, class=java.lang.reflect.Constructor@6b5ab0)
	root		b041040
	constructorAccessor	b041140
	exceptionTypes	6ac010
	parameterTypes	b041020
	clazz		b041f40
OBJ b041140 (sz=16, trace=1209, class=sun.reflect.BootstrapConstructorAccessorImpl@b088bc0)
	constructor	b0410a0
OBJ b041160 (sz=8, trace=1211, class=sun.reflect.GeneratedConstructorAccessor3@b041f40)
OBJ b02a390 (sz=56, trace=1194, class=sun.reflect.DelegatingClassLoader@6bc840)
	nativeLibraries	b02a610
	packages	b02a570
	domains		b02a4f0
	classes		b02a410
	package2certs	b02a3b0
	parent		6bae30
OBJ b02a3b0 (sz=40, trace=1195, class=java.util.Hashtable@6b63a0)
	table		b02a3d0
ARR b02a3d0 (sz=56, trace=1196, nelems=11, elem type=java.util.Hashtable$Entry@6af830)
OBJ b02a410 (sz=24, trace=1197, class=java.util.Vector@6ae8c0)
	elementData	b02a430
ARR b02a430 (sz=56, trace=1198, nelems=10, elem type=java.lang.Object@6ae810)
	[0]		b02a8d0
OBJ b02a4f0 (sz=16, trace=1199, class=java.util.HashSet@6b7df0)
	map		b02a510
OBJ b02a510 (sz=40, trace=1200, class=java.util.HashMap@6afaf0)
	table		b02a530
ARR b02a530 (sz=80, trace=1201, nelems=16, elem type=java.util.HashMap$Entry@6afa20)
OBJ b02a570 (sz=40, trace=1202, class=java.util.HashMap@6afaf0)
	table		b02a590
ARR b02a590 (sz=80, trace=1203, nelems=16, elem type=java.util.HashMap$Entry@6afa20)
OBJ b02a610 (sz=24, trace=1204, class=java.util.Vector@6ae8c0)
	elementData	b02a630
ARR b02a630 (sz=56, trace=1205, nelems=10, elem type=java.lang.Object@6ae810)
ARR b02a9b0 (sz=16, trace=395, nelems=0, elem type=java.lang.Class@6ac030)
OBJ b02a9d0 (sz=48, trace=395, class=java.lang.reflect.Constructor@6b5ab0)
	constructorAccessor	b02ab00
	exceptionTypes	6ac010
	parameterTypes	b02a9b0
	clazz		b02a8d0
OBJ b02a9f0 (sz=32, trace=396, class=java.lang.ref.SoftReference@6b11f0)
	next		b02a9f0
	queue		6ae250
OBJ b02aa30 (sz=48, trace=397, class=java.lang.reflect.Constructor@6b5ab0)
	root		b02a9d0
	constructorAccessor	b02ab00
	exceptionTypes	6ac010
	parameterTypes	b02a9b0
	clazz		b02a8d0
OBJ b02ab00 (sz=16, trace=1209, class=sun.reflect.BootstrapConstructorAccessorImpl@b088bc0)
	constructor	b02aa30
OBJ b02ab20 (sz=8, trace=1211, class=sun.reflect.GeneratedConstructorAccessor4@b02a8d0)
OBJ b01b3c0 (sz=56, trace=1194, class=sun.reflect.DelegatingClassLoader@6bc840)
	nativeLibraries	b01b870
	packages	b01b830
	domains		b01b7d0
	classes		b01b420
	package2certs	b01b3e0
	parent		6bae30
OBJ b01b3e0 (sz=40, trace=1195, class=java.util.Hashtable@6b63a0)
	table		b01b400
ARR b01b400 (sz=56, trace=1196, nelems=11, elem type=java.util.Hashtable$Entry@6af830)
OBJ b01b420 (sz=24, trace=1197, class=java.util.Vector@6ae8c0)
	elementData	b01b440
ARR b01b440 (sz=56, trace=1198, nelems=10, elem type=java.lang.Object@6ae810)
	[0]		b01b9f0
OBJ b01b7d0 (sz=16, trace=1199, class=java.util.HashSet@6b7df0)
	map		b01b7f0
OBJ b01b7f0 (sz=40, trace=1200, class=java.util.HashMap@6afaf0)
	table		b01b810
ARR b01b810 (sz=80, trace=1201, nelems=16, elem type=java.util.HashMap$Entry@6afa20)
OBJ b01b830 (sz=40, trace=1202, class=java.util.HashMap@6afaf0)
	table		b01b850
ARR b01b850 (sz=80, trace=1203, nelems=16, elem type=java.util.HashMap$Entry@6afa20)
OBJ b01b870 (sz=24, trace=1204, class=java.util.Vector@6ae8c0)
	elementData	b01b8d0
ARR b01b8d0 (sz=56, trace=1205, nelems=10, elem type=java.lang.Object@6ae810)
ARR b01bcf0 (sz=16, trace=395, nelems=0, elem type=java.lang.Class@6ac030)
OBJ b01bd10 (sz=48, trace=395, class=java.lang.reflect.Constructor@6b5ab0)
	constructorAccessor	b01bf20
	exceptionTypes	6ac010
	parameterTypes	b01bcf0
	clazz		b01b9f0
OBJ b01bd70 (sz=32, trace=396, class=java.lang.ref.SoftReference@6b11f0)
	next		b01bd70
	queue		6ae250
OBJ b01bdd0 (sz=48, trace=397, class=java.lang.reflect.Constructor@6b5ab0)
	root		b01bd10
	constructorAccessor	b01bf20
	exceptionTypes	6ac010
	parameterTypes	b01bcf0
	clazz		b01b9f0
OBJ b01bf20 (sz=16, trace=1209, class=sun.reflect.BootstrapConstructorAccessorImpl@b088bc0)
	constructor	b01bdd0
OBJ b01bf40 (sz=8, trace=1211, class=sun.reflect.GeneratedConstructorAccessor5@b01b9f0)
OBJ b008be0 (sz=56, trace=1194, class=sun.reflect.DelegatingClassLoader@6bc840)
	nativeLibraries	afff010
	packages	b008f60
	domains		b008e40
	classes		b008ca0
	package2certs	b008c60
	parent		6bae30
OBJ b008c60 (sz=40, trace=1195, class=java.util.Hashtable@6b63a0)
	table		b008c80
ARR b008c80 (sz=56, trace=1196, nelems=11, elem type=java.util.Hashtable$Entry@6af830)
OBJ b008ca0 (sz=24, trace=1197, class=java.util.Vector@6ae8c0)
	elementData	b008e20
ARR b008e20 (sz=56, trace=1198, nelems=10, elem type=java.lang.Object@6ae810)
	[0]		b007230
OBJ b008e40 (sz=16, trace=1199, class=java.util.HashSet@6b7df0)
	map		b008f20
OBJ b008f20 (sz=40, trace=1200, class=java.util.HashMap@6afaf0)
	table		b008f40
ARR b008f40 (sz=80, trace=1201, nelems=16, elem type=java.util.HashMap$Entry@6afa20)
OBJ b008f60 (sz=40, trace=1202, class=java.util.HashMap@6afaf0)
	table		affdd10
ARR affdd10 (sz=80, trace=1203, nelems=16, elem type=java.util.HashMap$Entry@6afa20)
OBJ afff010 (sz=24, trace=1204, class=java.util.Vector@6ae8c0)
	elementData	afe7010
ARR afe7010 (sz=56, trace=1205, nelems=10, elem type=java.lang.Object@6ae810)
ARR b0072b0 (sz=16, trace=395, nelems=0, elem type=java.lang.Class@6ac030)
OBJ b0072d0 (sz=48, trace=395, class=java.lang.reflect.Constructor@6b5ab0)
	constructorAccessor	b007350
	exceptionTypes	6ac010
	parameterTypes	b0072b0
	clazz		b007230
OBJ b0072f0 (sz=32, trace=396, class=java.lang.ref.SoftReference@6b11f0)
	next		b0072f0
	queue		6ae250
OBJ b007310 (sz=48, trace=397, class=java.lang.reflect.Constructor@6b5ab0)
	root		b0072d0
	constructorAccessor	b007350
	exceptionTypes	6ac010
	parameterTypes	b0072b0
	clazz		b007230
OBJ b007350 (sz=16, trace=1209, class=sun.reflect.BootstrapConstructorAccessorImpl@b088bc0)
	constructor	b007310
OBJ b007370 (sz=8, trace=1211, class=sun.reflect.GeneratedConstructorAccessor6@b007230)
ARR b038de0 (sz=72, trace=3365, nelems=30, elem type=char)
OBJ b036440 (sz=24, trace=179, class=java.lang.String@6aeef0)
	value		b038de0
OBJ b036720 (sz=40, trace=474, class=java.lang.Package@76be90)
	pkgName		b036440
OBJ b036740 (sz=24, trace=475, class=java.util.HashMap$Entry@6afa20)
	value		b036720
	key		b036440
OBJ b036980 (sz=24, trace=286, class=java.lang.String@6aeef0)
	value		b038de0
OBJ b036a00 (sz=24, trace=288, class=java.util.Hashtable$Entry@6af830)
	value		77d530
	key		b036980
ARR b320130 (sz=24, trace=402, nelems=3, elem type=int)
OBJ b320110 (sz=32, trace=2099, class=java.lang.ref.SoftReference@6b11f0)
	next		b320110
	queue		6ae250
ARR b0abd60 (sz=1488, trace=0, nelems=369, elem type=int)
OBJ b242ee0 (sz=32, trace=496, class=java.lang.ref.SoftReference@6b11f0)
	next		b242ee0
	queue		6ae250
ARR b0aa360 (sz=560, trace=0, nelems=137, elem type=int)
OBJ 7422a0 (sz=32, trace=506, class=java.lang.ref.SoftReference@6b11f0)
	next		7422a0
	queue		6ae250
ARR b0aa400 (sz=168, trace=0, nelems=39, elem type=int)
OBJ afd8110 (sz=32, trace=650, class=java.lang.ref.SoftReference@6b11f0)
	next		afd8110
	queue		6ae250
ARR b0aa420 (sz=24, trace=0, nelems=3, elem type=int)
OBJ b09fe40 (sz=32, trace=655, class=java.lang.ref.SoftReference@6b11f0)
	next		b09fe40
	queue		6ae250
ARR b0aa500 (sz=2840, trace=0, nelems=707, elem type=int)
OBJ b34c920 (sz=32, trace=661, class=java.lang.ref.SoftReference@6b11f0)
	next		b34c920
	queue		6ae250
ARR b0aa980 (sz=752, trace=0, nelems=185, elem type=int)
OBJ b349210 (sz=32, trace=661, class=java.lang.ref.SoftReference@6b11f0)
	next		b349210
	queue		6ae250
ARR b0aabe0 (sz=48, trace=0, nelems=9, elem type=int)
OBJ b31a840 (sz=32, trace=3243, class=java.lang.ref.SoftReference@6b11f0)
	next		b31a840
	queue		6ae250
ARR b0aade0 (sz=184, trace=0, nelems=43, elem type=int)
OBJ b2468e0 (sz=32, trace=670, class=java.lang.ref.SoftReference@6b11f0)
	next		b2468e0
	queue		6ae250
ARR b0aaf80 (sz=208, trace=0, nelems=49, elem type=int)
OBJ afec930 (sz=32, trace=513, class=java.lang.ref.SoftReference@6b11f0)
	next		afec930
	queue		6ae250
ARR b0a8420 (sz=232, trace=0, nelems=55, elem type=int)
OBJ b0b1020 (sz=32, trace=674, class=java.lang.ref.SoftReference@6b11f0)
	next		b0b1020
	queue		6ae250
ARR b0a8680 (sz=848, trace=0, nelems=209, elem type=int)
OBJ b33d680 (sz=32, trace=496, class=java.lang.ref.SoftReference@6b11f0)
	next		b33d680
	queue		6ae250
ARR b0a8760 (sz=248, trace=0, nelems=59, elem type=int)
OBJ b090900 (sz=32, trace=674, class=java.lang.ref.SoftReference@6b11f0)
	next		b090900
	queue		6ae250
ARR b0ab120 (sz=528, trace=0, nelems=512, elem type=byte)
ARR b0acf80 (sz=528, trace=0, nelems=512, elem type=byte)
OBJ b0a8780 (sz=40, trace=0, class=java.util.Hashtable@6b63a0)
	table		b0a8820
OBJ b0a8960 (sz=40, trace=0, class=java.util.Hashtable@6b63a0)
	table		b0a8c00
OBJ b0a8ca0 (sz=24, trace=0, class=java.util.Hashtable$Entry@6af830)
	value		b392660
	key		b392620
OBJ b0a8cc0 (sz=24, trace=0, class=java.util.Hashtable$Entry@6af830)
	value		b392660
	key		b3926e0
OBJ b0a8ea0 (sz=24, trace=0, class=java.util.Hashtable$Entry@6af830)
	value		b392760
	key		b392760
OBJ afeda40 (sz=24, trace=0, class=java.util.Hashtable$Entry@6af830)
	value		b392760
	key		b392900
OBJ afeda20 (sz=24, trace=0, class=java.util.Hashtable$Entry@6af830)
	value		b392760
	key		b3929c0
OBJ afee680 (sz=24, trace=0, class=java.util.Hashtable$Entry@6af830)
	next		afee5c0
	value		b392760
	key		b392ac0
OBJ afee460 (sz=24, trace=0, class=java.util.Hashtable$Entry@6af830)
	value		b392760
	key		b392b60
OBJ afee3c0 (sz=24, trace=0, class=java.util.Hashtable$Entry@6af830)
	value		b392760
	key		b392bc0
OBJ afee360 (sz=24, trace=0, class=java.util.Hashtable$Entry@6af830)
	value		b392760
	key		b392c20
OBJ afee100 (sz=24, trace=0, class=java.util.Hashtable$Entry@6af830)
	next		b0b8a40
	value		b392ce0
	key		b392ca0
OBJ b0b8a20 (sz=24, trace=0, class=java.util.Hashtable$Entry@6af830)
	value		b392ce0
	key		b392ce0
OBJ afdec40 (sz=24, trace=0, class=java.util.Hashtable$Entry@6af830)
	value		b392ce0
	key		b392d60
OBJ afdeda0 (sz=24, trace=0, class=java.util.Hashtable$Entry@6af830)
	next		afdee60
	value		b392e00
	key		b392dc0
OBJ b293130 (sz=24, trace=0, class=java.util.Hashtable$Entry@6af830)
	value		b392e00
	key		b392e00
OBJ b2920a0 (sz=24, trace=0, class=java.util.Hashtable$Entry@6af830)
	value		b392e00
	key		b392e80
OBJ b292670 (sz=24, trace=0, class=java.util.Hashtable$Entry@6af830)
	value		b392e00
	key		b392ee0
OBJ b292690 (sz=24, trace=0, class=java.util.Hashtable$Entry@6af830)
	value		b392e00
	key		b392f40
OBJ b292770 (sz=24, trace=0, class=java.util.Hashtable$Entry@6af830)
	next		b292790
	value		b391100
	key		b3910c0
OBJ b292870 (sz=24, trace=0, class=java.util.Hashtable$Entry@6af830)
	value		b391100
	key		b391100
OBJ b292950 (sz=24, trace=0, class=java.util.Hashtable$Entry@6af830)
	value		b391100
	key		b3911a0
OBJ b292ab0 (sz=24, trace=0, class=java.util.Hashtable$Entry@6af830)
	value		b391100
	key		b391200
OBJ b292b90 (sz=24, trace=0, class=java.util.Hashtable$Entry@6af830)
	value		b391100
	key		b391260
OBJ b290f40 (sz=24, trace=0, class=java.util.Hashtable$Entry@6af830)
	value		b391300
	key		b3912c0
OBJ b292ce0 (sz=24, trace=0, class=java.util.Hashtable$Entry@6af830)
	value		b391300
	key		b391300
OBJ b292d00 (sz=24, trace=0, class=java.util.Hashtable$Entry@6af830)
	next		b292d80
	value		b391300
	key		b391380
OBJ b292f40 (sz=24, trace=0, class=java.util.Hashtable$Entry@6af830)
	value		b391300
	key		b3913e0
OBJ b292fa0 (sz=24, trace=0, class=java.util.Hashtable$Entry@6af830)
	value		b391540
	key		b391440
OBJ b291090 (sz=24, trace=0, class=java.util.Hashtable$Entry@6af830)
	value		b391540
	key		b391540
OBJ b2910f0 (sz=24, trace=0, class=java.util.Hashtable$Entry@6af830)
	value		b391540
	key		b3915c0
OBJ b291110 (sz=24, trace=0, class=java.util.Hashtable$Entry@6af830)
	value		b391540
	key		b391620
OBJ b291270 (sz=24, trace=0, class=java.util.Hashtable$Entry@6af830)
	next		b291290
	value		b3919a0
	key		b391700
OBJ b290ed0 (sz=24, trace=0, class=java.util.Hashtable$Entry@6af830)
	value		b3919a0
	key		b391ac0
OBJ b287a80 (sz=24, trace=0, class=java.util.Hashtable$Entry@6af830)
	value		b3919a0
	key		b3919a0
OBJ b287aa0 (sz=24, trace=0, class=java.util.Hashtable$Entry@6af830)
	value		b3919a0
	key		b391b40
OBJ b287c80 (sz=24, trace=0, class=java.util.Hashtable$Entry@6af830)
	next		b287ca0
	value		b391be0
	key		b391ba0
OBJ b287800 (sz=24, trace=0, class=java.util.Hashtable$Entry@6af830)
	value		b391be0
	key		b391c40
OBJ b287820 (sz=24, trace=0, class=java.util.Hashtable$Entry@6af830)
	value		b391be0
	key		b391be0
OBJ b287900 (sz=24, trace=0, class=java.util.Hashtable$Entry@6af830)
	value		b391be0
	key		b391ce0
OBJ b2777e0 (sz=24, trace=0, class=java.util.Hashtable$Entry@6af830)
	value		b391e80
	key		b391d40
OBJ b277800 (sz=24, trace=0, class=java.util.Hashtable$Entry@6af830)
	next		b26b1e0
	value		b391e80
	key		b391ee0
OBJ b26b200 (sz=24, trace=0, class=java.util.Hashtable$Entry@6af830)
	value		b391e80
	key		b391e80
OBJ b2778a0 (sz=24, trace=0, class=java.util.Hashtable$Entry@6af830)
	value		b391e80
	key		b391f60
OBJ b2778c0 (sz=24, trace=0, class=java.util.Hashtable$Entry@6af830)
	value		b390020
	key		b391fc0
OBJ b2778e0 (sz=24, trace=0, class=java.util.Hashtable$Entry@6af830)
	value		b390020
	key		b390080
OBJ b277e20 (sz=24, trace=0, class=java.util.Hashtable$Entry@6af830)
	next		b277ee0
	value		b390020
	key		b390020
OBJ b277f40 (sz=24, trace=0, class=java.util.Hashtable$Entry@6af830)
	value		b390020
	key		b390120
OBJ b277fb0 (sz=24, trace=0, class=java.util.Hashtable$Entry@6af830)
	value		b3901e0
	key		b390180
OBJ b277fe0 (sz=24, trace=0, class=java.util.Hashtable$Entry@6af830)
	value		b3901e0
	key		b3903e0
OBJ b26d950 (sz=24, trace=0, class=java.util.Hashtable$Entry@6af830)
	value		b3901e0
	key		b3901e0
OBJ b28f1b0 (sz=24, trace=0, class=java.util.Hashtable$Entry@6af830)
	value		b3901e0
	key		b390560
OBJ b28e5d0 (sz=24, trace=0, class=java.util.Hashtable$Entry@6af830)
	value		b390840
	key		b3905c0
OBJ b28f1f0 (sz=24, trace=0, class=java.util.Hashtable$Entry@6af830)
	value		b390840
	key		b3909c0
OBJ b28f2a0 (sz=24, trace=0, class=java.util.Hashtable$Entry@6af830)
	value		b390840
	key		b390840
OBJ b28f340 (sz=24, trace=0, class=java.util.Hashtable$Entry@6af830)
	value		b390840
	key		b390a40
OBJ b28f400 (sz=24, trace=0, class=java.util.Hashtable$Entry@6af830)
	value		b390ae0
	key		b390aa0
OBJ b28f460 (sz=24, trace=0, class=java.util.Hashtable$Entry@6af830)
	value		b390ae0
	key		b390b40
OBJ b28f480 (sz=24, trace=0, class=java.util.Hashtable$Entry@6af830)
	value		b390ae0
	key		b390ae0
OBJ b28f4a0 (sz=24, trace=0, class=java.util.Hashtable$Entry@6af830)
	value		b390ae0
	key		b390bc0
OBJ b28f4c0 (sz=24, trace=0, class=java.util.Hashtable$Entry@6af830)
	value		b390ae0
	key		b390e60
OBJ b28f4e0 (sz=24, trace=0, class=java.util.Hashtable$Entry@6af830)
	value		b390f00
	key		b390ec0
OBJ b28f540 (sz=24, trace=0, class=java.util.Hashtable$Entry@6af830)
	value		b390f00
	key		b390f00
OBJ afcbdf0 (sz=24, trace=0, class=java.util.Hashtable$Entry@6af830)
	next		b28f4e0
	value		b390f00
	key		b390f80
OBJ afca150 (sz=24, trace=0, class=java.util.Hashtable$Entry@6af830)
	value		b387040
	key		b390fe0
OBJ afee5c0 (sz=24, trace=0, class=java.util.Hashtable$Entry@6af830)
	value		b387040
	key		b38f2e0
OBJ b28f5c0 (sz=24, trace=0, class=java.util.Hashtable$Entry@6af830)
	value		b387040
	key		b387040
OBJ b28f5a0 (sz=24, trace=0, class=java.util.Hashtable$Entry@6af830)
	value		b387040
	key		b38f360
OBJ b28f320 (sz=24, trace=0, class=java.util.Hashtable$Entry@6af830)
	value		b38f940
	key		b38f560
OBJ b28f300 (sz=24, trace=0, class=java.util.Hashtable$Entry@6af830)
	value		b38f940
	key		b38fb00
OBJ b28f2e0 (sz=24, trace=0, class=java.util.Hashtable$Entry@6af830)
	value		b38f940
	key		b38f940
OBJ b0b0760 (sz=24, trace=0, class=java.util.Hashtable$Entry@6af830)
	value		b38f940
	key		b38fc40
OBJ b0b04e0 (sz=24, trace=0, class=java.util.Hashtable$Entry@6af830)
	value		b38fe60
	key		b38fe20
OBJ b292d80 (sz=24, trace=0, class=java.util.Hashtable$Entry@6af830)
	value		b38fe60
	key		b38fee0
OBJ b33b380 (sz=24, trace=0, class=java.util.Hashtable$Entry@6af830)
	next		b33b360
	value		b38fe60
	key		b38fe60
OBJ b33b240 (sz=24, trace=0, class=java.util.Hashtable$Entry@6af830)
	value		b38fe60
	key		b38ffa0
OBJ b33de60 (sz=24, trace=0, class=java.util.Hashtable$Entry@6af830)
	value		b38e060
	key		b38e020
OBJ b33de40 (sz=24, trace=0, class=java.util.Hashtable$Entry@6af830)
	value		b38e060
	key		b38e0c0
OBJ b33ddc0 (sz=24, trace=0, class=java.util.Hashtable$Entry@6af830)
	value		b38e060
	key		b38e060
OBJ b291290 (sz=24, trace=0, class=java.util.Hashtable$Entry@6af830)
	value		b38e060
	key		b38e140
OBJ b31bc00 (sz=24, trace=0, class=java.util.Hashtable$Entry@6af830)
	value		b38e1e0
	key		b38e1a0
OBJ b323b40 (sz=24, trace=0, class=java.util.Hashtable$Entry@6af830)
	value		b38e1e0
	key		b38e240
OBJ b33b360 (sz=24, trace=0, class=java.util.Hashtable$Entry@6af830)
	value		b38e1e0
	key		b38e2a0
OBJ b3437c0 (sz=24, trace=0, class=java.util.Hashtable$Entry@6af830)
	value		b38e340
	key		b38e300
OBJ b3427a0 (sz=24, trace=0, class=java.util.Hashtable$Entry@6af830)
	value		b38e340
	key		b38e3a0
OBJ b33cf00 (sz=24, trace=0, class=java.util.Hashtable$Entry@6af830)
	value		b38e340
	key		b38e340
OBJ b246920 (sz=24, trace=0, class=java.util.Hashtable$Entry@6af830)
	value		b38e340
	key		b38e420
OBJ b33bb00 (sz=24, trace=0, class=java.util.Hashtable$Entry@6af830)
	value		b38e4c0
	key		b38e480
OBJ b33ba00 (sz=24, trace=0, class=java.util.Hashtable$Entry@6af830)
	value		b38e4c0
	key		b38e520
OBJ b0a9420 (sz=24, trace=0, class=java.util.Hashtable$Entry@6af830)
	value		b38e4c0
	key		b38e4c0
OBJ b0a9440 (sz=24, trace=0, class=java.util.Hashtable$Entry@6af830)
	next		b292950
	value		b38e4c0
	key		b38e5a0
OBJ b0a8a20 (sz=24, trace=0, class=java.util.Hashtable$Entry@6af830)
	value		b38e4c0
	key		b38e600
OBJ afee840 (sz=24, trace=0, class=java.util.Hashtable$Entry@6af830)
	value		b38e6a0
	key		b38e660
OBJ b293e20 (sz=24, trace=0, class=java.util.Hashtable$Entry@6af830)
	value		b38e6a0
	key		b38e700
OBJ 780060 (sz=24, trace=0, class=java.util.Hashtable$Entry@6af830)
	value		b38e6a0
	key		b38e6a0
OBJ 781f60 (sz=24, trace=0, class=java.util.Hashtable$Entry@6af830)
	value		b38e6a0
	key		b38e7c0
OBJ b0450c0 (sz=24, trace=0, class=java.util.Hashtable$Entry@6af830)
	value		b38e860
	key		b38e820
OBJ b0450a0 (sz=24, trace=0, class=java.util.Hashtable$Entry@6af830)
	value		b38e860
	key		b38e8c0
OBJ b045040 (sz=24, trace=0, class=java.util.Hashtable$Entry@6af830)
	next		b0a52f0
	value		b38e860
	key		b38e860
OBJ 749ca0 (sz=24, trace=0, class=java.util.Hashtable$Entry@6af830)
	value		b38e860
	key		b38e9a0
OBJ 791540 (sz=24, trace=0, class=java.util.Hashtable$Entry@6af830)
	value		b38ea40
	key		b38ea00
OBJ b236920 (sz=24, trace=0, class=java.util.Hashtable$Entry@6af830)
	next		b237f30
	value		b38ea40
	key		b38ea40
OBJ b237d30 (sz=24, trace=0, class=java.util.Hashtable$Entry@6af830)
	value		b38ea40
	key		b38eac0
OBJ b237b70 (sz=24, trace=0, class=java.util.Hashtable$Entry@6af830)
	value		b38eb60
	key		b38eb20
OBJ b237850 (sz=24, trace=0, class=java.util.Hashtable$Entry@6af830)
	next		b287900
	value		b38eb60
	key		b38ebc0
OBJ b0b8a40 (sz=24, trace=0, class=java.util.Hashtable$Entry@6af830)
	next		b237830
	value		b38eb60
	key		b38eb60
OBJ b237810 (sz=24, trace=0, class=java.util.Hashtable$Entry@6af830)
	value		b38eb60
	key		b38ed40
OBJ b2377f0 (sz=24, trace=0, class=java.util.Hashtable$Entry@6af830)
	value		b38d600
	key		b38d5c0
OBJ b237770 (sz=24, trace=0, class=java.util.Hashtable$Entry@6af830)
	value		b38d600
	key		b38d760
OBJ b237750 (sz=24, trace=0, class=java.util.Hashtable$Entry@6af830)
	next		b238be0
	value		b38d600
	key		b38d600
OBJ b238b60 (sz=24, trace=0, class=java.util.Hashtable$Entry@6af830)
	value		b38d600
	key		b38dc20
OBJ b238ae0 (sz=24, trace=0, class=java.util.Hashtable$Entry@6af830)
	value		b38b040
	key		b38cc80
OBJ b238a60 (sz=24, trace=0, class=java.util.Hashtable$Entry@6af830)
	next		b2386c0
	value		b38b040
	key		b38b040
OBJ b2386a0 (sz=24, trace=0, class=java.util.Hashtable$Entry@6af830)
	value		b38b040
	key		b38b2c0
OBJ b238660 (sz=24, trace=0, class=java.util.Hashtable$Entry@6af830)
	value		b38b040
	key		b38b320
OBJ b238640 (sz=24, trace=0, class=java.util.Hashtable$Entry@6af830)
	value		b38b520
	key		b38b4e0
OBJ afdee60 (sz=24, trace=0, class=java.util.Hashtable$Entry@6af830)
	next		b239490
	value		b38b520
	key		b38b520
OBJ b239470 (sz=24, trace=0, class=java.util.Hashtable$Entry@6af830)
	value		b38b520
	key		b38b620
OBJ b239430 (sz=24, trace=0, class=java.util.Hashtable$Entry@6af830)
	value		b38b520
	key		b38b6c0
OBJ b239370 (sz=24, trace=0, class=java.util.Hashtable$Entry@6af830)
	value		b38b760
	key		b38b720
OBJ b239290 (sz=24, trace=0, class=java.util.Hashtable$Entry@6af830)
	value		b38b760
	key		b38b760
OBJ b2391e0 (sz=24, trace=0, class=java.util.Hashtable$Entry@6af830)
	value		b38b760
	key		b38b7e0
OBJ b2391c0 (sz=24, trace=0, class=java.util.Hashtable$Entry@6af830)
	value		b38b760
	key		b38b840
OBJ b23af20 (sz=24, trace=0, class=java.util.Hashtable$Entry@6af830)
	value		b38b760
	key		b38b960
OBJ b23ae60 (sz=24, trace=0, class=java.util.Hashtable$Entry@6af830)
	value		b38ba40
	key		b38b9c0
OBJ b23ad80 (sz=24, trace=0, class=java.util.Hashtable$Entry@6af830)
	next		b23ad10
	value		b38ba40
	key		b38ba40
OBJ b23acf0 (sz=24, trace=0, class=java.util.Hashtable$Entry@6af830)
	value		b38ba40
	key		b38bee0
OBJ b23acd0 (sz=24, trace=0, class=java.util.Hashtable$Entry@6af830)
	next		b287a80
	value		b38ba40
	key		b38bf80
OBJ b23acb0 (sz=24, trace=0, class=java.util.Hashtable$Entry@6af830)
	next		b23aa20
	value		b3885c0
	key		b388100
OBJ b23a9a0 (sz=24, trace=0, class=java.util.Hashtable$Entry@6af830)
	next		b292d00
	value		b3885c0
	key		b3885c0
OBJ b23a900 (sz=24, trace=0, class=java.util.Hashtable$Entry@6af830)
	value		b3885c0
	key		b3888e0
OBJ b23a790 (sz=24, trace=0, class=java.util.Hashtable$Entry@6af830)
	value		b3885c0
	key		b388d00
OBJ b23a770 (sz=24, trace=0, class=java.util.Hashtable$Entry@6af830)
	next		b23a750
	value		b387480
	key		b388fc0
OBJ b23a710 (sz=24, trace=0, class=java.util.Hashtable$Entry@6af830)
	value		b387480
	key		b387720
OBJ b26b1e0 (sz=24, trace=0, class=java.util.Hashtable$Entry@6af830)
	value		b387480
	key		b387be0
OBJ b23a630 (sz=24, trace=0, class=java.util.Hashtable$Entry@6af830)
	value		b387480
	key		b386120
OBJ b23a510 (sz=24, trace=0, class=java.util.Hashtable$Entry@6af830)
	next		b0b0760
	value		b386660
	key		b386360
OBJ b23a4f0 (sz=24, trace=0, class=java.util.Hashtable$Entry@6af830)
	value		b386660
	key		b386660
OBJ b23a4d0 (sz=24, trace=0, class=java.util.Hashtable$Entry@6af830)
	value		b386660
	key		b386a20
OBJ b23a4b0 (sz=24, trace=0, class=java.util.Hashtable$Entry@6af830)
	value		b386e60
	key		b386be0
OBJ b23a490 (sz=24, trace=0, class=java.util.Hashtable$Entry@6af830)
	value		b386e60
	key		b3852a0
OBJ b23a470 (sz=24, trace=0, class=java.util.Hashtable$Entry@6af830)
	value		b386e60
	key		b3845c0
OBJ b23a450 (sz=24, trace=0, class=java.util.Hashtable$Entry@6af830)
	value		b383080
	key		b384d20
OBJ b23a430 (sz=24, trace=0, class=java.util.Hashtable$Entry@6af830)
	value		b383080
	key		b383260
OBJ b23bea0 (sz=24, trace=0, class=java.util.Hashtable$Entry@6af830)
	value		b383080
	key		b383720
OBJ b23be80 (sz=24, trace=0, class=java.util.Hashtable$Entry@6af830)
	value		b3827d0
	key		b383a60
OBJ b23be60 (sz=24, trace=0, class=java.util.Hashtable$Entry@6af830)
	value		b3827d0
	key		b30c0c0
OBJ b23be40 (sz=24, trace=0, class=java.util.Hashtable$Entry@6af830)
	value		b3827d0
	key		b30dde0
OBJ b23bde0 (sz=24, trace=0, class=java.util.Hashtable$Entry@6af830)
	value		b30d520
	key		b30d6e0
OBJ b23bdc0 (sz=24, trace=0, class=java.util.Hashtable$Entry@6af830)
	next		b23bd80
	value		b30d520
	key		b30eb80
OBJ b287ca0 (sz=24, trace=0, class=java.util.Hashtable$Entry@6af830)
	value		b30d520
	key		b30e500
OBJ b23bd60 (sz=24, trace=0, class=java.util.Hashtable$Entry@6af830)
	next		b23bd40
	value		b30f220
	key		b30f320
OBJ b23bb40 (sz=24, trace=0, class=java.util.Hashtable$Entry@6af830)
	value		b30f220
	key		b306e00
OBJ b23bac0 (sz=24, trace=0, class=java.util.Hashtable$Entry@6af830)
	value		b30f220
	key		b310ee0
OBJ b23baa0 (sz=24, trace=0, class=java.util.Hashtable$Entry@6af830)
	value		b310ca0
	key		b310da0
OBJ b23ba80 (sz=24, trace=0, class=java.util.Hashtable$Entry@6af830)
	value		b310ca0
	key		b310ac0
OBJ b23ba20 (sz=24, trace=0, class=java.util.Hashtable$Entry@6af830)
	value		b310ca0
	key		b310620
OBJ b23ba00 (sz=24, trace=0, class=java.util.Hashtable$Entry@6af830)
	value		b3118c0
	key		b311bc0
OBJ b23b960 (sz=24, trace=0, class=java.util.Hashtable$Entry@6af830)
	value		b3118c0
	key		b312240
OBJ b23b8e0 (sz=24, trace=0, class=java.util.Hashtable$Entry@6af830)
	value		b3118c0
	key		b3138e0
OBJ b23b8c0 (sz=24, trace=0, class=java.util.Hashtable$Entry@6af830)
	value		b315540
	key		b3159c0
OBJ b23b880 (sz=24, trace=0, class=java.util.Hashtable$Entry@6af830)
	value		b315540
	key		b3150c0
OBJ b23b860 (sz=24, trace=0, class=java.util.Hashtable$Entry@6af830)
	value		b315540
	key		b316760
OBJ b23b840 (sz=24, trace=0, class=java.util.Hashtable$Entry@6af830)
	value		b317f40
	key		b316200
OBJ b23b7a0 (sz=24, trace=0, class=java.util.Hashtable$Entry@6af830)
	value		b317f40
	key		b318ac0
OBJ b23b720 (sz=24, trace=0, class=java.util.Hashtable$Entry@6af830)
	value		b317f40
	key		b3186c0
OBJ b23b420 (sz=24, trace=0, class=java.util.Hashtable$Entry@6af830)
	value		b318220
	key		b3184e0
OBJ b23b400 (sz=24, trace=0, class=java.util.Hashtable$Entry@6af830)
	next		b23b3e0
	value		b318220
	key		b319f00
OBJ b23b380 (sz=24, trace=0, class=java.util.Hashtable$Entry@6af830)
	value		b318220
	key		b319a70
OBJ b23b360 (sz=24, trace=0, class=java.util.Hashtable$Entry@6af830)
	value		b319370
	key		b319870
OBJ b23b2e0 (sz=24, trace=0, class=java.util.Hashtable$Entry@6af830)
	next		b323b40
	value		b319370
	key		b31ad80
OBJ b23bd80 (sz=24, trace=0, class=java.util.Hashtable$Entry@6af830)
	value		b319370
	key		b31ace0
OBJ b23b2c0 (sz=24, trace=0, class=java.util.Hashtable$Entry@6af830)
	value		b31a620
	key		b31a720
OBJ b23d6f0 (sz=24, trace=0, class=java.util.Hashtable$Entry@6af830)
	value		b31a420
	key		b31a420
OBJ b23d690 (sz=24, trace=0, class=java.util.Hashtable$Entry@6af830)
	value		b31a420
	key		b31a1c0
OBJ b23d670 (sz=24, trace=0, class=java.util.Hashtable$Entry@6af830)
	value		b31b4c0
	key		b31a0a0
OBJ b23d650 (sz=24, trace=0, class=java.util.Hashtable$Entry@6af830)
	value		b31b4c0
	key		b31b420
OBJ b23d630 (sz=24, trace=0, class=java.util.Hashtable$Entry@6af830)
	next		b23a4f0
	value		b31eac0
	key		b31d590
OBJ b23d610 (sz=24, trace=0, class=java.util.Hashtable$Entry@6af830)
	value		b31eac0
	key		b31e720
OBJ b23b3e0 (sz=24, trace=0, class=java.util.Hashtable$Entry@6af830)
	value		b31fec0
	key		b31ffc0
OBJ b23bd40 (sz=24, trace=0, class=java.util.Hashtable$Entry@6af830)
	value		b320790
	key		b31fd60
OBJ b23d5d0 (sz=24, trace=0, class=java.util.Hashtable$Entry@6af830)
	value		b320790
	key		b017920
OBJ b23d590 (sz=24, trace=0, class=java.util.Hashtable$Entry@6af830)
	value		b00e7c0
	key		b017ac0
OBJ b23d4f0 (sz=24, trace=0, class=java.util.Hashtable$Entry@6af830)
	value		b00e7c0
	key		b00e9a0
OBJ b23d410 (sz=24, trace=0, class=java.util.Hashtable$Entry@6af830)
	value		b00e7c0
	key		b001410
OBJ b23d3a0 (sz=24, trace=0, class=java.util.Hashtable$Entry@6af830)
	value		b00e7c0
	key		b001770
OBJ b23d360 (sz=24, trace=0, class=java.util.Hashtable$Entry@6af830)
	value		affefe0
	key		affef60
OBJ b23d0d0 (sz=24, trace=0, class=java.util.Hashtable$Entry@6af830)
	value		affefe0
	key		affd090
OBJ b23d050 (sz=24, trace=0, class=java.util.Hashtable$Entry@6af830)
	value		affefe0
	key		affd310
OBJ b23d030 (sz=24, trace=0, class=java.util.Hashtable$Entry@6af830)
	value		aff7800
	key		aff7800
OBJ b23d010 (sz=24, trace=0, class=java.util.Hashtable$Entry@6af830)
	value		aff2060
	key		aff3f40
OBJ b23eec0 (sz=24, trace=0, class=java.util.Hashtable$Entry@6af830)
	value		aff2060
	key		aff20c0
OBJ b23eea0 (sz=24, trace=0, class=java.util.Hashtable$Entry@6af830)
	value		aff2060
	key		aff2140
OBJ b23ee80 (sz=24, trace=0, class=java.util.Hashtable$Entry@6af830)
	next		b28f480
	value		aff21e0
	key		aff21a0
OBJ b23ad10 (sz=24, trace=0, class=java.util.Hashtable$Entry@6af830)
	value		aff21e0
	key		aff2b40
OBJ b0a52f0 (sz=24, trace=0, class=java.util.Hashtable$Entry@6af830)
	value		aff2be0
	key		aff2ba0
OBJ b237f30 (sz=24, trace=0, class=java.util.Hashtable$Entry@6af830)
	value		aff2d40
	key		aff2d00
OBJ b237830 (sz=24, trace=0, class=java.util.Hashtable$Entry@6af830)
	value		aff2e00
	key		aff2dc0
OBJ b238be0 (sz=24, trace=0, class=java.util.Hashtable$Entry@6af830)
	value		aff13c0
	key		aff1340
OBJ b23ede0 (sz=24, trace=0, class=java.util.Hashtable$Entry@6af830)
	value		aff16e0
	key		aff1460
OBJ b2386c0 (sz=24, trace=0, class=java.util.Hashtable$Entry@6af830)
	value		aff1c00
	key		aff1bc0
OBJ b239490 (sz=24, trace=0, class=java.util.Hashtable$Entry@6af830)
	value		aff1cc0
	key		aff1c80
OBJ b292790 (sz=24, trace=0, class=java.util.Hashtable$Entry@6af830)
	value		aff1de0
	key		aff1d60
OBJ b23ed80 (sz=24, trace=0, class=java.util.Hashtable$Entry@6af830)
	value		aff00a0
	key		aff0060
OBJ b23ed60 (sz=24, trace=0, class=java.util.Hashtable$Entry@6af830)
	value		aff05b0
	key		aff04b0
OBJ b23ed40 (sz=24, trace=0, class=java.util.Hashtable$Entry@6af830)
	value		6c1e60
	key		6c0140
OBJ b23ed00 (sz=24, trace=0, class=java.util.Hashtable$Entry@6af830)
	value		6c1e60
	key		aff0ad0
OBJ b23ec20 (sz=24, trace=0, class=java.util.Hashtable$Entry@6af830)
	next		b2391e0
	value		6c1e60
	key		6c0080
OBJ b23eba0 (sz=24, trace=0, class=java.util.Hashtable$Entry@6af830)
	next		b23b860
	value		6c1e60
	key		aff0b70
OBJ b23eb20 (sz=24, trace=0, class=java.util.Hashtable$Entry@6af830)
	next		b0a8ca0
	value		6c1e60
	key		aff0c10
OBJ b23eaa0 (sz=24, trace=0, class=java.util.Hashtable$Entry@6af830)
	value		6c1e60
	key		b0bd880
OBJ b23ea80 (sz=24, trace=0, class=java.util.Hashtable$Entry@6af830)
	value		6c1e60
	key		6c1fa0
OBJ b23ea60 (sz=24, trace=0, class=java.util.Hashtable$Entry@6af830)
	value		6c1e60
	key		afef240
OBJ b23e820 (sz=24, trace=0, class=java.util.Hashtable$Entry@6af830)
	value		afef320
	key		afef2e0
OBJ b23e6a0 (sz=24, trace=0, class=java.util.Hashtable$Entry@6af830)
	value		afef320
	key		afef3c0
OBJ b23e560 (sz=24, trace=0, class=java.util.Hashtable$Entry@6af830)
	next		b23acf0
	value		afef320
	key		afef460
OBJ b23e4e0 (sz=24, trace=0, class=java.util.Hashtable$Entry@6af830)
	next		b23b720
	value		afef320
	key		afef7f0
OBJ b23e060 (sz=24, trace=0, class=java.util.Hashtable$Entry@6af830)
	value		afef320
	key		afef970
OBJ b23fee0 (sz=24, trace=0, class=java.util.Hashtable$Entry@6af830)
	value		afef320
	key		afeffc0
OBJ b23fec0 (sz=24, trace=0, class=java.util.Hashtable$Entry@6af830)
	value		afed0c0
	key		afeec80
OBJ b23fe40 (sz=24, trace=0, class=java.util.Hashtable$Entry@6af830)
	value		afed0c0
	key		afed290
OBJ b23fce0 (sz=24, trace=0, class=java.util.Hashtable$Entry@6af830)
	value		afed0c0
	key		afed720
OBJ b23fcc0 (sz=24, trace=0, class=java.util.Hashtable$Entry@6af830)
	next		b23b380
	value		afed0c0
	key		afec3f0
OBJ b23f950 (sz=24, trace=0, class=java.util.Hashtable$Entry@6af830)
	value		afed0c0
	key		afec450
OBJ b23f4d0 (sz=24, trace=0, class=java.util.Hashtable$Entry@6af830)
	next		b23d360
	value		afed0c0
	key		afeca30
OBJ b23f2b0 (sz=24, trace=0, class=java.util.Hashtable$Entry@6af830)
	value		afecd20
	key		afeccc0
OBJ b237340 (sz=24, trace=0, class=java.util.Hashtable$Entry@6af830)
	value		afecd20
	key		afece00
OBJ b237320 (sz=24, trace=0, class=java.util.Hashtable$Entry@6af830)
	value		afecd20
	key		afece80
OBJ b2372e0 (sz=24, trace=0, class=java.util.Hashtable$Entry@6af830)
	next		b23ee80
	value		afecd20
	key		afecee0
OBJ b2372c0 (sz=24, trace=0, class=java.util.Hashtable$Entry@6af830)
	value		afecd20
	key		afeb3b0
OBJ b2372a0 (sz=24, trace=0, class=java.util.Hashtable$Entry@6af830)
	value		afecd20
	key		afeb820
OBJ b237280 (sz=24, trace=0, class=java.util.Hashtable$Entry@6af830)
	value		afebd90
	key		afebae0
OBJ b237220 (sz=24, trace=0, class=java.util.Hashtable$Entry@6af830)
	value		afebd90
	key		afeaab0
OBJ b237200 (sz=24, trace=0, class=java.util.Hashtable$Entry@6af830)
	value		afebd90
	key		afeab10
OBJ b237180 (sz=24, trace=0, class=java.util.Hashtable$Entry@6af830)
	value		afebd90
	key		b37b320
OBJ b237100 (sz=24, trace=0, class=java.util.Hashtable$Entry@6af830)
	next		b2370a0
	value		afebd90
	key		b37b140
OBJ b240f60 (sz=24, trace=0, class=java.util.Hashtable$Entry@6af830)
	value		b3808e0
	key		b3808a0
OBJ b2370a0 (sz=24, trace=0, class=java.util.Hashtable$Entry@6af830)
	next		b23a470
	value		b3808e0
	key		b380940
OBJ b240f40 (sz=24, trace=0, class=java.util.Hashtable$Entry@6af830)
	value		b3808e0
	key		b380a00
OBJ b240f00 (sz=24, trace=0, class=java.util.Hashtable$Entry@6af830)
	next		afdec40
	value		b3808e0
	key		b380aa0
OBJ b240ee0 (sz=24, trace=0, class=java.util.Hashtable$Entry@6af830)
	next		b23ba20
	value		b3808e0
	key		b380b60
OBJ b240ec0 (sz=24, trace=0, class=java.util.Hashtable$Entry@6af830)
	value		b3808e0
	key		b380ca0
OBJ b23aa20 (sz=24, trace=0, class=java.util.Hashtable$Entry@6af830)
	next		b23fce0
	value		b3808e0
	key		b380d00
OBJ b240ea0 (sz=24, trace=0, class=java.util.Hashtable$Entry@6af830)
	value		b380dc0
	key		b380d80
OBJ b240dc0 (sz=24, trace=0, class=java.util.Hashtable$Entry@6af830)
	value		b380dc0
	key		b380e20
OBJ b240d00 (sz=24, trace=0, class=java.util.Hashtable$Entry@6af830)
	value		b380dc0
	key		b37f3c0
OBJ b240c70 (sz=24, trace=0, class=java.util.Hashtable$Entry@6af830)
	value		b380dc0
	key		b37f540
OBJ b240c50 (sz=24, trace=0, class=java.util.Hashtable$Entry@6af830)
	next		b2920a0
	value		b380dc0
	key		b37e080
OBJ b240c10 (sz=24, trace=0, class=java.util.Hashtable$Entry@6af830)
	value		b380dc0
	key		b37e140
OBJ b240bf0 (sz=24, trace=0, class=java.util.Hashtable$Entry@6af830)
	next		b23ad80
	value		b380dc0
	key		b37eb40
OBJ b240bd0 (sz=24, trace=0, class=java.util.Hashtable$Entry@6af830)
	value		b380dc0
	key		b37eca0
OBJ b240bb0 (sz=24, trace=0, class=java.util.Hashtable$Entry@6af830)
	value		b37d040
	key		b37efc0
OBJ b240b10 (sz=24, trace=0, class=java.util.Hashtable$Entry@6af830)
	next		b23e820
	value		b37d040
	key		b37d1c0
OBJ b2409f0 (sz=24, trace=0, class=java.util.Hashtable$Entry@6af830)
	value		b37d040
	key		b37d2a0
OBJ b2409d0 (sz=24, trace=0, class=java.util.Hashtable$Entry@6af830)
	value		b37d040
	key		b37d360
OBJ b240670 (sz=24, trace=0, class=java.util.Hashtable$Entry@6af830)
	value		b37d040
	key		b37d3c0
OBJ b241c20 (sz=24, trace=0, class=java.util.Hashtable$Entry@6af830)
	value		b37d040
	key		b37d440
OBJ b241be0 (sz=24, trace=0, class=java.util.Hashtable$Entry@6af830)
	value		b37d8e0
	key		b37d8a0
OBJ b241b00 (sz=24, trace=0, class=java.util.Hashtable$Entry@6af830)
	next		b287aa0
	value		b37d8e0
	key		b37dc60
OBJ b2419e0 (sz=24, trace=0, class=java.util.Hashtable$Entry@6af830)
	value		b37d8e0
	key		b37dcc0
OBJ b241820 (sz=24, trace=0, class=java.util.Hashtable$Entry@6af830)
	next		b33cf00
	value		b37d8e0
	key		b37dd20
OBJ b242c60 (sz=24, trace=0, class=java.util.Hashtable$Entry@6af830)
	value		b37d8e0
	key		b37ddc0
OBJ b277ee0 (sz=24, trace=0, class=java.util.Hashtable$Entry@6af830)
	value		b37d8e0
	key		b37de60
OBJ b242c20 (sz=24, trace=0, class=java.util.Hashtable$Entry@6af830)
	value		b37df40
	key		b37dec0
OBJ b242b20 (sz=24, trace=0, class=java.util.Hashtable$Entry@6af830)
	value		b37df40
	key		b37dfa0
OBJ b242b00 (sz=24, trace=0, class=java.util.Hashtable$Entry@6af830)
	value		6c0780
	key		6c08c0
OBJ b23a750 (sz=24, trace=0, class=java.util.Hashtable$Entry@6af830)
	value		6c0780
	key		b37c040
OBJ b242940 (sz=24, trace=0, class=java.util.Hashtable$Entry@6af830)
	value		6c0780
	key		6c0800
OBJ b2428e0 (sz=24, trace=0, class=java.util.Hashtable$Entry@6af830)
	value		6c0780
	key		b37c460
OBJ b2428c0 (sz=24, trace=0, class=java.util.Hashtable$Entry@6af830)
	value		6c0780
	key		6c0780
OBJ b242840 (sz=24, trace=0, class=java.util.Hashtable$Entry@6af830)
	value		6c0780
	key		b37c960
OBJ b2420f0 (sz=24, trace=0, class=java.util.Hashtable$Entry@6af830)
	value		6c0780
	key		6c0740
OBJ b242050 (sz=24, trace=0, class=java.util.Hashtable$Entry@6af830)
	next		b23d3a0
	value		6c0780
	key		6c6020
OBJ b242030 (sz=24, trace=0, class=java.util.Hashtable$Entry@6af830)
	value		6c0780
	key		6c06c0
OBJ b242010 (sz=24, trace=0, class=java.util.Hashtable$Entry@6af830)
	value		6c0780
	key		b37cdc0
OBJ b243fe0 (sz=24, trace=0, class=java.util.Hashtable$Entry@6af830)
	value		6c03c0
	key		6c0440
OBJ b243fc0 (sz=24, trace=0, class=java.util.Hashtable$Entry@6af830)
	value		b37ce40
	key		6c0380
OBJ b243fa0 (sz=24, trace=0, class=java.util.Hashtable$Entry@6af830)
	value		b37cea0
	key		6c0300
OBJ b243f80 (sz=24, trace=0, class=java.util.Hashtable$Entry@6af830)
	next		afcbdf0
	value		b37cf40
	key		6c0200
OBJ b243f60 (sz=24, trace=0, class=java.util.Hashtable$Entry@6af830)
	value		b37b040
	key		b37cfa0
OBJ b243f40 (sz=24, trace=0, class=java.util.Hashtable$Entry@6af830)
	value		b37b040
	key		b37b240
OBJ b243ea0 (sz=24, trace=0, class=java.util.Hashtable$Entry@6af830)
	value		b37b040
	key		b37b360
OBJ b243e80 (sz=24, trace=0, class=java.util.Hashtable$Entry@6af830)
	value		b392760
	key		b37b3c0
OBJ b2439a0 (sz=24, trace=0, class=java.util.Hashtable$Entry@6af830)
	value		b392ce0
	key		b37b420
OBJ b243980 (sz=24, trace=0, class=java.util.Hashtable$Entry@6af830)
	value		b392e00
	key		b37b480
OBJ b243900 (sz=24, trace=0, class=java.util.Hashtable$Entry@6af830)
	value		b391100
	key		b37b6a0
OBJ b2438c0 (sz=24, trace=0, class=java.util.Hashtable$Entry@6af830)
	value		b391300
	key		b37b720
OBJ b243840 (sz=24, trace=0, class=java.util.Hashtable$Entry@6af830)
	value		b391540
	key		b37ba60
OBJ b243820 (sz=24, trace=0, class=java.util.Hashtable$Entry@6af830)
	value		b3919a0
	key		b37bb00
ARR b0a8820 (sz=3080, trace=0, nelems=767, elem type=java.util.Hashtable$Entry@6af830)
	[1]		b243800
	[5]		b2437e0
	[16]		b238660
	[30]		b2420f0
	[39]		b2437c0
	[45]		b242010
	[55]		b31bc00
	[59]		afee3c0
	[60]		b242b00
	[62]		b292690
	[70]		b23a4b0
	[71]		b23a450
	[72]		b23be80
	[73]		b23bde0
	[74]		b23bd60
	[75]		b23baa0
	[76]		b23ba00
	[77]		b23b8c0
	[78]		b23b840
	[79]		b23b420
	[81]		b23d590
	[83]		b28f540
	[84]		b243fe0
	[85]		b237180
	[95]		b23ea60
	[98]		b23b2e0
	[100]		b23eec0
	[103]		b243760
	[104]		b23eaa0
	[105]		b243740
	[106]		b23f4d0
	[107]		b2372a0
	[108]		b243560
	[110]		b243340
	[111]		b243260
	[112]		b26d950
	[113]		b23a490
	[114]		b23a430
	[115]		b23be60
	[116]		b23bdc0
	[117]		b23bb40
	[118]		b23ba80
	[119]		b23b960
	[120]		b23b880
	[121]		b23b7a0
	[122]		b23b400
	[124]		b0a8cc0
	[127]		b2428e0
	[128]		b23ed60
	[133]		b243120
	[134]		b2430e0
	[135]		b244f40
	[136]		b244c90
	[137]		b244b70
	[138]		b244b50
	[139]		b244b30
	[140]		b244b10
	[141]		b243fa0
	[142]		b244af0
	[143]		b244a70
	[146]		b28f2a0
	[152]		b23a770
	[155]		b240c10
	[161]		b23ed00
	[162]		b23e6a0
	[165]		b244a50
	[166]		b244330
	[170]		b23fe40
	[172]		b23d050
	[181]		b244310
	[192]		b237340
	[195]		b23a710
	[202]		b239430
	[207]		b292b90
	[208]		b2442f0
	[210]		b28f5c0
	[212]		b28f2e0
	[215]		b33b380
	[216]		b2428c0
	[217]		b33ddc0
	[219]		b28f1f0
	[225]		b242c20
	[227]		b240ec0
	[229]		b240dc0
	[230]		b237100
	[231]		b23bea0
	[232]		b23be40
	[233]		b287c80
	[234]		b23bac0
	[235]		b240ee0
	[236]		b23b8e0
	[237]		b23eba0
	[238]		b23e4e0
	[239]		b23fcc0
	[240]		b2372e0
	[241]		b241820
	[242]		b0a9420
	[243]		780060
	[244]		b045040
	[245]		b236920
	[246]		afee100
	[247]		b237750
	[248]		b23ede0
	[249]		b238a60
	[250]		afdeda0
	[251]		b292770
	[252]		b23ed80
	[259]		b240bd0
	[260]		b240f00
	[262]		b2409f0
	[264]		b240c50
	[265]		b0a9440
	[272]		b239290
	[273]		b240bf0
	[274]		b290f40
	[275]		b23d690
	[277]		b23a510
	[278]		b292fa0
	[279]		b290ed0
	[283]		afee680
	[285]		b28f300
	[288]		b23a9a0
	[289]		b237220
	[290]		b33de40
	[292]		b2910f0
	[293]		b241b00
	[295]		b23a630
	[305]		b287800
	[312]		b277800
	[314]		b3427a0
	[315]		b33ba00
	[316]		b293e20
	[317]		b0450a0
	[319]		b237850
	[320]		b237770
	[325]		b23d0d0
	[326]		b2778a0
	[340]		b243f40
	[341]		b23d670
	[346]		afee360
	[374]		b23d630
	[377]		b240c70
	[380]		b2778c0
	[381]		b23a790
	[383]		b23b360
	[387]		b23d650
	[409]		b23af20
	[413]		b242030
	[416]		b23b2c0
	[417]		b242050
	[420]		b23d610
	[421]		b23d4f0
	[424]		b23eea0
	[428]		b244290
	[437]		b243ea0
	[441]		b23a4d0
	[447]		b28f4c0
	[451]		b243f80
	[453]		b242940
	[463]		b23ea80
	[474]		afee460
	[476]		b2778e0
	[480]		b277fe0
	[481]		b28f400
	[490]		b277f40
	[491]		b243f60
	[493]		b23d6f0
	[494]		b28f1b0
	[505]		afeda40
	[511]		b23d410
	[514]		b28e5d0
	[515]		b292670
	[519]		afeda20
	[538]		b2439a0
	[540]		b241c20
	[542]		b243980
	[543]		b243900
	[554]		b291110
	[559]		b2391c0
	[566]		b2438c0
	[570]		b243840
	[571]		b243820
	[575]		b292ab0
	[578]		afca150
	[580]		b28f320
	[583]		b0b04e0
	[584]		b2777e0
	[585]		b33de60
	[594]		b242840
	[597]		b244060
	[599]		b291270
	[604]		b244020
	[608]		b28f460
	[609]		b3437c0
	[610]		b33bb00
	[611]		afee840
	[612]		b0450c0
	[613]		791540
	[614]		b237b70
	[615]		b2377f0
	[617]		b238ae0
	[618]		b238640
	[622]		b28f4a0
	[623]		b246920
	[624]		b0a8a20
	[626]		749ca0
	[627]		b237d30
	[628]		b237810
	[629]		b238b60
	[631]		b2386a0
	[632]		b239470
	[633]		b277fb0
	[640]		b239370
	[641]		b23ae60
	[642]		b23d030
	[644]		b28f340
	[645]		b0b8a20
	[649]		b293130
	[650]		b292870
	[654]		b23ec20
	[655]		b23e560
	[656]		b23acb0
	[657]		b237320
	[658]		b237200
	[659]		b240f40
	[660]		b240d00
	[661]		b2409d0
	[662]		b2419e0
	[670]		b23a900
	[673]		b292ce0
	[675]		b243fc0
	[677]		b291090
	[678]		b245fe0
	[679]		b245fc0
	[680]		b245e40
	[681]		b245e00
	[682]		b248e40
	[683]		b248e20
	[684]		b248e00
	[685]		b248da0
	[686]		b248d00
	[687]		b248ca0
	[690]		b243e80
	[694]		b23eb20
	[695]		b23e060
	[696]		b23f950
	[697]		b2372c0
	[698]		b242c60
	[704]		b287820
	[705]		b248c60
	[711]		b26b200
	[714]		b23ed40
	[715]		b240b10
	[716]		b23fec0
	[717]		b23f2b0
	[718]		b237280
	[719]		b240f60
	[720]		b240ea0
	[721]		b240bb0
	[722]		b241be0
	[724]		b242b20
	[737]		781f60
	[743]		b248980
	[748]		b28f5a0
	[755]		b248720
OBJ b244060 (sz=24, trace=0, class=java.util.Hashtable$Entry@6af830)
	next		b33b240
	value		b391be0
	key		b37bb60
OBJ b244020 (sz=24, trace=0, class=java.util.Hashtable$Entry@6af830)
	next		b23d5d0
	value		b391e80
	key		b37be60
OBJ b243800 (sz=24, trace=0, class=java.util.Hashtable$Entry@6af830)
	value		b390020
	key		b37bec0
OBJ b2437e0 (sz=24, trace=0, class=java.util.Hashtable$Entry@6af830)
	value		b3901e0
	key		b37bf60
OBJ b2437c0 (sz=24, trace=0, class=java.util.Hashtable$Entry@6af830)
	value		b390840
	key		b37bfc0
OBJ b243120 (sz=24, trace=0, class=java.util.Hashtable$Entry@6af830)
	value		b390ae0
	key		b37a040
OBJ b248980 (sz=24, trace=0, class=java.util.Hashtable$Entry@6af830)
	value		b390f00
	key		b37a0a0
OBJ b243760 (sz=24, trace=0, class=java.util.Hashtable$Entry@6af830)
	value		b387040
	key		b37a100
OBJ b243740 (sz=24, trace=0, class=java.util.Hashtable$Entry@6af830)
	next		b23fee0
	value		b38f940
	key		b37a400
OBJ b243560 (sz=24, trace=0, class=java.util.Hashtable$Entry@6af830)
	next		b277e20
	value		b38fe60
	key		b37a460
OBJ b243340 (sz=24, trace=0, class=java.util.Hashtable$Entry@6af830)
	value		b38e060
	key		b37a7c0
OBJ b243260 (sz=24, trace=0, class=java.util.Hashtable$Entry@6af830)
	next		b240670
	value		b38e1e0
	key		b37a820
OBJ b2430e0 (sz=24, trace=0, class=java.util.Hashtable$Entry@6af830)
	value		b38e340
	key		b37a880
OBJ b244f40 (sz=24, trace=0, class=java.util.Hashtable$Entry@6af830)
	value		b38e4c0
	key		b37a960
OBJ b244c90 (sz=24, trace=0, class=java.util.Hashtable$Entry@6af830)
	value		b38e6a0
	key		b37aa00
OBJ b244b70 (sz=24, trace=0, class=java.util.Hashtable$Entry@6af830)
	next		b0a8ea0
	value		b38e860
	key		b37aa60
OBJ b244b50 (sz=24, trace=0, class=java.util.Hashtable$Entry@6af830)
	value		b38ea40
	key		b37ab40
OBJ b244b30 (sz=24, trace=0, class=java.util.Hashtable$Entry@6af830)
	value		b38eb60
	key		b37aba0
OBJ b244b10 (sz=24, trace=0, class=java.util.Hashtable$Entry@6af830)
	value		b38d600
	key		b37ac40
OBJ b244af0 (sz=24, trace=0, class=java.util.Hashtable$Entry@6af830)
	value		b38b040
	key		b37ad00
OBJ b244a70 (sz=24, trace=0, class=java.util.Hashtable$Entry@6af830)
	value		b38b520
	key		b37ae00
OBJ b244a50 (sz=24, trace=0, class=java.util.Hashtable$Entry@6af830)
	value		b38b760
	key		b37afe0
OBJ b244330 (sz=24, trace=0, class=java.util.Hashtable$Entry@6af830)
	value		b38ba40
	key		b379060
OBJ b244310 (sz=24, trace=0, class=java.util.Hashtable$Entry@6af830)
	value		b3885c0
	key		b3794c0
OBJ b2442f0 (sz=24, trace=0, class=java.util.Hashtable$Entry@6af830)
	value		b387480
	key		b379520
OBJ b244290 (sz=24, trace=0, class=java.util.Hashtable$Entry@6af830)
	value		b386660
	key		b3795c0
OBJ b245fe0 (sz=24, trace=0, class=java.util.Hashtable$Entry@6af830)
	next		b23acd0
	value		b386e60
	key		b379660
OBJ b245fc0 (sz=24, trace=0, class=java.util.Hashtable$Entry@6af830)
	next		b292f40
	value		b383080
	key		b379700
OBJ b245e40 (sz=24, trace=0, class=java.util.Hashtable$Entry@6af830)
	value		b3827d0
	key		b379800
OBJ b245e00 (sz=24, trace=0, class=java.util.Hashtable$Entry@6af830)
	value		b30d520
	key		b379880
OBJ b248e40 (sz=24, trace=0, class=java.util.Hashtable$Entry@6af830)
	value		b30f220
	key		b379a20
OBJ b248e20 (sz=24, trace=0, class=java.util.Hashtable$Entry@6af830)
	value		b310ca0
	key		b379ac0
OBJ b248e00 (sz=24, trace=0, class=java.util.Hashtable$Entry@6af830)
	value		b3118c0
	key		b379b20
OBJ b248da0 (sz=24, trace=0, class=java.util.Hashtable$Entry@6af830)
	next		b23d010
	value		b315540
	key		b379bc0
OBJ b248d00 (sz=24, trace=0, class=java.util.Hashtable$Entry@6af830)
	value		b317f40
	key		b379e20
OBJ b248ca0 (sz=24, trace=0, class=java.util.Hashtable$Entry@6af830)
	value		b318220
	key		b379ee0
OBJ b248720 (sz=24, trace=0, class=java.util.Hashtable$Entry@6af830)
	value		6c1e60
	key		6c1ea0
OBJ b248c60 (sz=24, trace=0, class=java.util.Hashtable$Entry@6af830)
	value		6c0780
	key		b378460
OBJ b249d40 (sz=24, trace=0, class=java.util.Hashtable$Entry@6af830)
	value		6c0140
	key		6c1e60
OBJ b249720 (sz=24, trace=0, class=java.util.Hashtable$Entry@6af830)
	value		afef2e0
	key		afef320
OBJ b2494c0 (sz=24, trace=0, class=java.util.Hashtable$Entry@6af830)
	value		afeec80
	key		afed0c0
OBJ b248080 (sz=24, trace=0, class=java.util.Hashtable$Entry@6af830)
	value		afeccc0
	key		afecd20
OBJ b2480e0 (sz=24, trace=0, class=java.util.Hashtable$Entry@6af830)
	value		afebae0
	key		afebd90
OBJ b247920 (sz=24, trace=0, class=java.util.Hashtable$Entry@6af830)
	value		b3808a0
	key		b3808e0
OBJ b247940 (sz=24, trace=0, class=java.util.Hashtable$Entry@6af830)
	value		b380d80
	key		b380dc0
OBJ b2479a0 (sz=24, trace=0, class=java.util.Hashtable$Entry@6af830)
	value		b37efc0
	key		b37d040
OBJ b2479c0 (sz=24, trace=0, class=java.util.Hashtable$Entry@6af830)
	value		b37d8a0
	key		b37d8e0
OBJ b247b60 (sz=24, trace=0, class=java.util.Hashtable$Entry@6af830)
	value		b392620
	key		b392660
OBJ b247b80 (sz=24, trace=0, class=java.util.Hashtable$Entry@6af830)
	value		b392ac0
	key		b392760
OBJ b247be0 (sz=24, trace=0, class=java.util.Hashtable$Entry@6af830)
	value		b392ca0
	key		b392ce0
OBJ b247c00 (sz=24, trace=0, class=java.util.Hashtable$Entry@6af830)
	value		b392ee0
	key		b392e00
OBJ b247c60 (sz=24, trace=0, class=java.util.Hashtable$Entry@6af830)
	value		b391200
	key		b391100
OBJ b247c80 (sz=24, trace=0, class=java.util.Hashtable$Entry@6af830)
	next		b2479a0
	value		b3913e0
	key		b391300
OBJ b247cc0 (sz=24, trace=0, class=java.util.Hashtable$Entry@6af830)
	next		b247d00
	value		b391620
	key		b391540
OBJ b247d80 (sz=24, trace=0, class=java.util.Hashtable$Entry@6af830)
	next		b246760
	value		b391700
	key		b3919a0
OBJ b246780 (sz=24, trace=0, class=java.util.Hashtable$Entry@6af830)
	value		b391ba0
	key		b391be0
OBJ b2467c0 (sz=24, trace=0, class=java.util.Hashtable$Entry@6af830)
	value		b391d40
	key		b391e80
OBJ b2468c0 (sz=24, trace=0, class=java.util.Hashtable$Entry@6af830)
	value		b391fc0
	key		b390020
OBJ b245860 (sz=24, trace=0, class=java.util.Hashtable$Entry@6af830)
	value		b390180
	key		b3901e0
OBJ b245880 (sz=24, trace=0, class=java.util.Hashtable$Entry@6af830)
	value		b3905c0
	key		b390840
OBJ b2458a0 (sz=24, trace=0, class=java.util.Hashtable$Entry@6af830)
	next		b2458c0
	value		b390aa0
	key		b390ae0
OBJ b2458e0 (sz=24, trace=0, class=java.util.Hashtable$Entry@6af830)
	value		b390ec0
	key		b390f00
OBJ b245960 (sz=24, trace=0, class=java.util.Hashtable$Entry@6af830)
	value		b390fe0
	key		b387040
OBJ b2458c0 (sz=24, trace=0, class=java.util.Hashtable$Entry@6af830)
	value		b38f560
	key		b38f940
OBJ b245a80 (sz=24, trace=0, class=java.util.Hashtable$Entry@6af830)
	value		b38fe20
	key		b38fe60
OBJ b245aa0 (sz=24, trace=0, class=java.util.Hashtable$Entry@6af830)
	value		b38e020
	key		b38e060
OBJ b245ee0 (sz=24, trace=0, class=java.util.Hashtable$Entry@6af830)
	value		b38e1a0
	key		b38e1e0
OBJ b247d00 (sz=24, trace=0, class=java.util.Hashtable$Entry@6af830)
	value		b38e300
	key		b38e340
OBJ b246760 (sz=24, trace=0, class=java.util.Hashtable$Entry@6af830)
	value		b38e480
	key		b38e4c0
OBJ b243a00 (sz=24, trace=0, class=java.util.Hashtable$Entry@6af830)
	value		b38e660
	key		b38e6a0
OBJ b243a20 (sz=24, trace=0, class=java.util.Hashtable$Entry@6af830)
	value		b38e820
	key		b38e860
OBJ b243a40 (sz=24, trace=0, class=java.util.Hashtable$Entry@6af830)
	value		b38ea00
	key		b38ea40
OBJ b23ea00 (sz=24, trace=0, class=java.util.Hashtable$Entry@6af830)
	value		b38eb20
	key		b38eb60
ARR b0a8c00 (sz=392, trace=0, nelems=95, elem type=java.util.Hashtable$Entry@6af830)
	[0]		b249720
	[1]		b23eac0
	[2]		b248080
	[3]		b2480e0
	[4]		b247920
	[5]		b247940
	[6]		b247c80
	[7]		b2479c0
	[10]		b247cc0
	[11]		b247d80
	[12]		b23ebc0
	[13]		b23ec80
	[14]		b243a40
	[15]		b23ea00
	[16]		b290f00
	[18]		b0ac7c0
	[19]		b0ac700
	[20]		b0ad3e0
	[21]		b0ad3c0
	[22]		b0ae140
	[23]		b0ae060
	[24]		b0afe40
	[25]		b0afd80
	[26]		b0afd60
	[27]		b0afc80
	[31]		b0b68a0
	[32]		b0b6880
	[35]		b2458e0
	[36]		b245860
	[37]		b246780
	[41]		afec7f0
	[42]		b23ed20
	[44]		b23ece0
	[46]		b23ecc0
	[59]		b23ec00
	[63]		b23eb40
	[64]		b248fe0
	[70]		b245880
	[73]		b248ce0
	[74]		b245960
	[76]		b2458a0
	[77]		b247c00
	[78]		b247c60
	[79]		b245a80
	[81]		b245aa0
	[82]		b245ee0
	[84]		b248920
	[91]		b2488a0
	[93]		6be200
	[94]		b249d40
OBJ b290f00 (sz=24, trace=0, class=java.util.Hashtable$Entry@6af830)
	value		b38d5c0
	key		b38d600
OBJ b24a8c0 (sz=24, trace=0, class=java.util.Hashtable$Entry@6af830)
	value		b38cc80
	key		b38b040
OBJ b24a9e0 (sz=24, trace=0, class=java.util.Hashtable$Entry@6af830)
	value		b38b4e0
	key		b38b520
OBJ b24ac80 (sz=24, trace=0, class=java.util.Hashtable$Entry@6af830)
	value		b38b840
	key		b38b760
OBJ b23ed20 (sz=24, trace=0, class=java.util.Hashtable$Entry@6af830)
	value		b38bf80
	key		b38ba40
OBJ b248fe0 (sz=24, trace=0, class=java.util.Hashtable$Entry@6af830)
	value		b388d00
	key		b3885c0
OBJ b2488a0 (sz=24, trace=0, class=java.util.Hashtable$Entry@6af830)
	value		b388fc0
	key		b387480
OBJ b2490a0 (sz=24, trace=0, class=java.util.Hashtable$Entry@6af830)
	value		b386360
	key		b386660
OBJ b2490c0 (sz=24, trace=0, class=java.util.Hashtable$Entry@6af830)
	next		b24a8c0
	value		b386be0
	key		b235150
OBJ b249920 (sz=24, trace=0, class=java.util.Hashtable$Entry@6af830)
	next		b24a9e0
	value		b384d20
	key		b235250
OBJ b0ad3e0 (sz=24, trace=0, class=java.util.Hashtable$Entry@6af830)
	value		b383a60
	key		b2354a0
OBJ b0ad3c0 (sz=24, trace=0, class=java.util.Hashtable$Entry@6af830)
	value		b30d6e0
	key		b235720
OBJ b0ae140 (sz=24, trace=0, class=java.util.Hashtable$Entry@6af830)
	next		b247b60
	value		b30f320
	key		b2357a0
OBJ b0ae060 (sz=24, trace=0, class=java.util.Hashtable$Entry@6af830)
	value		b310da0
	key		b235820
OBJ b0afe40 (sz=24, trace=0, class=java.util.Hashtable$Entry@6af830)
	value		b311bc0
	key		b234d60
OBJ b2499e0 (sz=24, trace=0, class=java.util.Hashtable$Entry@6af830)
	value		b3159c0
	key		b233020
OBJ b0afd60 (sz=24, trace=0, class=java.util.Hashtable$Entry@6af830)
	next		b247b80
	value		b316200
	key		b2321a0
OBJ b249b60 (sz=24, trace=0, class=java.util.Hashtable$Entry@6af830)
	value		b3184e0
	key		b232240
OBJ afec7f0 (sz=24, trace=0, class=java.util.Hashtable$Entry@6af830)
	next		b24ac80
	value		b319870
	key		b319370
OBJ b0b6880 (sz=24, trace=0, class=java.util.Hashtable$Entry@6af830)
	next		b2468c0
	value		b31a420
	key		b31a420
OBJ b23ec80 (sz=24, trace=0, class=java.util.Hashtable$Entry@6af830)
	next		b243a20
	value		b31d590
	key		b31eac0
OBJ b23ecc0 (sz=24, trace=0, class=java.util.Hashtable$Entry@6af830)
	value		b31ffc0
	key		b31fec0
OBJ b249e80 (sz=24, trace=0, class=java.util.Hashtable$Entry@6af830)
	next		b2499e0
	value		b31a0a0
	key		b31b4c0
OBJ b0afc80 (sz=24, trace=0, class=java.util.Hashtable$Entry@6af830)
	next		b249b60
	value		b37dec0
	key		b37df40
OBJ 6be200 (sz=24, trace=0, class=java.util.Hashtable$Entry@6af830)
	value		b31a720
	key		b31a620
OBJ b248920 (sz=24, trace=0, class=java.util.Hashtable$Entry@6af830)
	value		aff7800
	key		aff7800
OBJ b0ac7c0 (sz=24, trace=0, class=java.util.Hashtable$Entry@6af830)
	next		b2490c0
	value		aff3f40
	key		aff2060
OBJ b248ce0 (sz=24, trace=0, class=java.util.Hashtable$Entry@6af830)
	next		b247be0
	value		aff21a0
	key		aff21e0
OBJ b0afd80 (sz=24, trace=0, class=java.util.Hashtable$Entry@6af830)
	next		b249e80
	value		6c0440
	key		6c03c0
OBJ b23eb40 (sz=24, trace=0, class=java.util.Hashtable$Entry@6af830)
	next		b2490a0
	value		6c0380
	key		b37ce40
OBJ b23ec00 (sz=24, trace=0, class=java.util.Hashtable$Entry@6af830)
	value		6c0300
	key		b37cea0
OBJ b23eac0 (sz=24, trace=0, class=java.util.Hashtable$Entry@6af830)
	next		b2494c0
	value		6c0200
	key		b37cf40
OBJ b23ebc0 (sz=24, trace=0, class=java.util.Hashtable$Entry@6af830)
	next		b243a00
	value		b31fd60
	key		b320790
OBJ b0ac700 (sz=24, trace=0, class=java.util.Hashtable$Entry@6af830)
	next		b249920
	value		b017ac0
	key		b00e7c0
OBJ b23ece0 (sz=24, trace=0, class=java.util.Hashtable$Entry@6af830)
	next		b2467c0
	value		affd090
	key		affefe0
OBJ b0b68a0 (sz=24, trace=0, class=java.util.Hashtable$Entry@6af830)
	value		b37b240
	key		b37b360
OBJ b0acd20 (sz=32, trace=0, class=java.lang.ref.SoftReference@6b11f0)
	next		b0acd20
	queue		6ae250
OBJ b2482e0 (sz=24, trace=0, class=java.io.FileOutputStream@6b1740)
	fd		b248320
OBJ b248340 (sz=32, trace=0, class=java.lang.ref.Finalizer@6b1920)
	prev		b248340
	next		b248340
	next		b248340
	queue		6ae250
OBJ b248320 (sz=16, trace=0, class=java.io.FileDescriptor@6b1850)
ARR b248360 (sz=24, trace=0, nelems=2, elem type=java.lang.Object@6ae810)
	[0]		6b0cc0
	[1]		6b5600
OBJ b2483c0 (sz=32, trace=0, class=compiler.Logging@b00c190)
	liste_erreur	b2483e0
	liste		b248540
OBJ b248540 (sz=24, trace=0, class=java.util.Vector@6ae8c0)
	elementData	b2485e0
ARR b2485e0 (sz=56, trace=0, nelems=10, elem type=java.lang.Object@6ae810)
	[0]		b248a00
	[1]		b248a20
	[2]		b248a40
	[3]		b248a60
	[4]		b248a80
	[5]		b248b40
	[6]		b248ec0
	[7]		b248ee0
OBJ b2483e0 (sz=24, trace=0, class=java.util.Vector@6ae8c0)
	elementData	b248f00
ARR b248f00 (sz=56, trace=0, nelems=10, elem type=java.lang.Object@6ae810)
	[0]		b246260
ARR b246360 (sz=64, trace=0, nelems=23, elem type=char)
OBJ b246400 (sz=24, trace=0, class=java.lang.String@6aeef0)
	value		b246360
OBJ b2464e0 (sz=24, trace=0, class=java.lang.String@6aeef0)
	value		b246560
ARR b246560 (sz=24, trace=0, nelems=5, elem type=char)
OBJ b2465e0 (sz=24, trace=0, class=java.lang.String@6aeef0)
	value		b246800
ARR b246800 (sz=24, trace=0, nelems=5, elem type=char)
OBJ b246940 (sz=24, trace=0, class=java.lang.String@6aeef0)
	value		b2469a0
ARR b2469a0 (sz=32, trace=0, nelems=7, elem type=char)
OBJ b2469c0 (sz=56, trace=0, class=ast.Type@affb610)
	tnom		b246a20
	generique	b246a40
	nom		b2465e0
ARR b246a40 (sz=16, trace=0, nelems=0, elem type=ast.Type@affb610)
OBJ b246a20 (sz=24, trace=0, class=ast.Token@b06e120)
	file		b246400
	text		b2465e0
OBJ b246c20 (sz=24, trace=0, class=java.lang.String@6aeef0)
	value		b246cc0
ARR b246cc0 (sz=24, trace=0, nelems=3, elem type=char)
OBJ b246d00 (sz=24, trace=0, class=java.lang.String@6aeef0)
	value		b246d40
ARR b246d40 (sz=64, trace=0, nelems=25, elem type=char)
OBJ b246d60 (sz=24, trace=0, class=ast.Token@b06e120)
	file		6bd050
	text		b246da0
OBJ b246da0 (sz=24, trace=0, class=java.lang.String@6aeef0)
	value		b246e20
ARR b246e20 (sz=64, trace=0, nelems=25, elem type=char)
OBJ b246e40 (sz=16, trace=0, class=ast.Commentaire@b08d1e0)
	debut		b246d60
	str		b246d00
OBJ b246e60 (sz=24, trace=0, class=java.lang.String@6aeef0)
	value		b246e80
ARR b246e80 (sz=48, trace=0, nelems=17, elem type=char)
OBJ b246ea0 (sz=24, trace=0, class=ast.Token@b06e120)
	file		6bd050
	text		b246ec0
OBJ b246ec0 (sz=24, trace=0, class=java.lang.String@6aeef0)
	value		b246f60
ARR b246f60 (sz=48, trace=0, nelems=17, elem type=char)
OBJ b246f80 (sz=16, trace=0, class=ast.Commentaire@b08d1e0)
	debut		b246ea0
	str		b246e60
OBJ b246fa0 (sz=24, trace=0, class=java.lang.String@6aeef0)
	value		b2450c0
ARR b2450c0 (sz=24, trace=0, nelems=3, elem type=char)
OBJ b245400 (sz=56, trace=0, class=ast.Type@affb610)
	tnom		b2456a0
	generique	b245720
	nom		b246c20
ARR b245720 (sz=16, trace=0, nelems=0, elem type=ast.Type@affb610)
OBJ b2456a0 (sz=24, trace=0, class=ast.Token@b06e120)
	file		b246400
	text		b246c20
OBJ b245740 (sz=72, trace=0, class=ast.Heritage@b071ec0)
	tend		b2457e0
	therit		b245800
	select		b245820
	redefine	b245980
	undefine	b245a20
	export		b245cc0
	rename		b245fa0
	type		b245400
ARR b245fa0 (sz=16, trace=0, nelems=0, elem type=ast.Rename@b072b00)
ARR b245cc0 (sz=16, trace=0, nelems=0, elem type=ast.Export@b073b00)
ARR b245a20 (sz=16, trace=0, nelems=0, elem type=ast.NomFeature@b074bc0)
ARR b245980 (sz=16, trace=0, nelems=0, elem type=ast.NomFeature@b074bc0)
ARR b245820 (sz=16, trace=0, nelems=0, elem type=ast.NomFeature@b074bc0)
OBJ b245800 (sz=24, trace=0, class=ast.Token@b06e120)
	file		b246400
	text		b246940
OBJ b2457e0 (sz=24, trace=0, class=ast.Token@b06e120)
	file		b246400
	text		b246fa0
OBJ b244a90 (sz=24, trace=0, class=java.lang.String@6aeef0)
	value		b237380
ARR b237380 (sz=24, trace=0, nelems=4, elem type=char)
OBJ b23f880 (sz=40, trace=0, class=ast.NomFeature@b074bc0)
	tnom		b23f8a0
	debut		b23f8c0
	nom		b244a90
OBJ b23f8a0 (sz=24, trace=0, class=ast.Token@b06e120)
	file		b246400
	text		b244a90
OBJ b23f8c0 (sz=24, trace=0, class=ast.Position@b08e190)
OBJ b09c1e0 (sz=24, trace=0, class=java.lang.String@6aeef0)
	value		b09c200
ARR b09c200 (sz=16, trace=0, nelems=2, elem type=char)
OBJ 77ee10 (sz=104, trace=0, class=ast.FeatureRoutine@afff5d0)
	local		b0b5d30
	liste_instr	b0b5be0
	tdo		b0b5b40
	classe		b32f500
	commentaire	b32f4e0
	export		b32f480
	rescue		b32f440
	ensure		b32f400
	require		b32f3e0
	liste_nom	b32f3c0
ARR b0b5be0 (sz=16, trace=0, nelems=0, elem type=ast.Instr@aff86c0)
ARR b0b5d30 (sz=16, trace=0, nelems=0, elem type=ast.DeclareVar@b096740)
OBJ b0b5b40 (sz=24, trace=0, class=ast.Token@b06e120)
	file		b246400
	text		b09c1e0
ARR b32f3e0 (sz=16, trace=0, nelems=0, elem type=ast.Assert@b097680)
ARR b32f400 (sz=16, trace=0, nelems=0, elem type=ast.Assert@b097680)
ARR b32f440 (sz=16, trace=0, nelems=0, elem type=ast.Instr@aff86c0)
ARR b32f4e0 (sz=16, trace=0, nelems=0, elem type=ast.Commentaire@b08d1e0)
OBJ b32f3a0 (sz=24, trace=0, class=java.lang.String@6aeef0)
	value		b32f260
ARR b32f260 (sz=24, trace=0, nelems=4, elem type=char)
ARR b32f3c0 (sz=16, trace=0, nelems=1, elem type=ast.NomFeature@b074bc0)
	[0]		b23f880
ARR b32f480 (sz=16, trace=0, nelems=0, elem type=ast.Type@affb610)
OBJ b32f200 (sz=40, trace=0, class=ast.NomFeature@b074bc0)
	tnom		b32f1a0
	debut		b330e20
	nom		b32f3a0
OBJ b32f1a0 (sz=24, trace=0, class=ast.Token@b06e120)
	file		b246400
	text		b32f3a0
OBJ b330e20 (sz=24, trace=0, class=ast.Position@b08e190)
OBJ b330200 (sz=24, trace=0, class=java.lang.String@6aeef0)
	value		b3301e0
ARR b3301e0 (sz=40, trace=0, nelems=14, elem type=char)
OBJ b3301c0 (sz=24, trace=0, class=ast.Token@b06e120)
	file		6bd050
	text		b331de0
OBJ b331de0 (sz=24, trace=0, class=java.lang.String@6aeef0)
	value		b331d60
ARR b331d60 (sz=40, trace=0, nelems=14, elem type=char)
OBJ b331d40 (sz=16, trace=0, class=ast.Commentaire@b08d1e0)
	debut		b3301c0
	str		b330200
OBJ b331ce0 (sz=24, trace=0, class=java.lang.String@6aeef0)
	value		b331cc0
ARR b331cc0 (sz=24, trace=0, nelems=4, elem type=char)
OBJ b331ca0 (sz=56, trace=0, class=ast.Type@affb610)
	tnom		b331c80
	generique	b331c00
	nom		b331ce0
ARR b331c00 (sz=16, trace=0, nelems=0, elem type=ast.Type@affb610)
OBJ b331c80 (sz=24, trace=0, class=ast.Token@b06e120)
	file		b246400
	text		b331ce0
OBJ b331ba0 (sz=24, trace=0, class=java.lang.String@6aeef0)
	value		b331b80
ARR b331b80 (sz=24, trace=0, nelems=3, elem type=char)
OBJ b331b60 (sz=88, trace=0, class=ast.FeatureAttr@b002060)
	classe		b32f500
	export		b331b40
	type_retour	b331ca0
	liste_nom	b331b00
ARR b331b00 (sz=16, trace=0, nelems=1, elem type=ast.NomFeature@b074bc0)
	[0]		b32f200
ARR b331b40 (sz=16, trace=0, nelems=0, elem type=ast.Type@affb610)
OBJ b32f500 (sz=80, trace=0, class=ast.Classe@b08cb60)
	commentaire	b331ae0
	tend		b331ac0
	tclass		b331aa0
	fin		b331a80
	debut		b331a60
	liste_classe	b331a00
	heritage	b3319a0
	type		b2469c0
	feature		b331920
	nom		b2465e0
ARR b331920 (sz=24, trace=0, nelems=2, elem type=ast.Feature@affe490)
	[0]		77ee10
	[1]		b331b60
ARR b3319a0 (sz=16, trace=0, nelems=1, elem type=ast.Heritage@b071ec0)
	[0]		b245740
ARR b331ae0 (sz=24, trace=0, nelems=3, elem type=ast.Commentaire@b08d1e0)
	[0]		b246e40
	[1]		b246f80
	[2]		b331d40
OBJ b331aa0 (sz=24, trace=0, class=ast.Token@b06e120)
	file		b246400
	text		b2464e0
OBJ b331ac0 (sz=24, trace=0, class=ast.Token@b06e120)
	file		b246400
	text		b331ba0
OBJ b331a60 (sz=24, trace=0, class=ast.Position@b08e190)
OBJ b331a80 (sz=24, trace=0, class=ast.Position@b08e190)
ARR b331a00 (sz=24, trace=0, nelems=3, elem type=ast.Type@affb610)
	[0]		b245400
	[1]		b331ca0
	[2]		b2469c0
ARR b331900 (sz=72, trace=0, nelems=29, elem type=char)
OBJ b331800 (sz=24, trace=0, class=java.lang.String@6aeef0)
	value		b331900
OBJ b331660 (sz=24, trace=0, class=java.lang.String@6aeef0)
	value		b331640
ARR b331640 (sz=24, trace=0, nelems=5, elem type=char)
OBJ b3315e0 (sz=24, trace=0, class=java.lang.String@6aeef0)
	value		b331580
ARR b331580 (sz=32, trace=0, nelems=7, elem type=char)
OBJ b331540 (sz=56, trace=0, class=ast.Type@affb610)
	tnom		b331520
	generique	b331500
	nom		b3315e0
ARR b331500 (sz=16, trace=0, nelems=0, elem type=ast.Type@affb610)
OBJ b331520 (sz=24, trace=0, class=ast.Token@b06e120)
	file		b331800
	text		b3315e0
OBJ b3314e0 (sz=24, trace=0, class=java.lang.String@6aeef0)
	value		b3314c0
ARR b3314c0 (sz=16, trace=0, nelems=2, elem type=char)
OBJ b3314a0 (sz=40, trace=0, class=ast.NomFeature@b074bc0)
	tnom		b331480
	debut		b331460
	nom		b3314e0
OBJ b331480 (sz=24, trace=0, class=ast.Token@b06e120)
	file		b331800
	text		b3314e0
OBJ b331460 (sz=24, trace=0, class=ast.Position@b08e190)
OBJ b331440 (sz=24, trace=0, class=java.lang.String@6aeef0)
	value		b3311a0
ARR b3311a0 (sz=32, trace=0, nelems=8, elem type=char)
OBJ b331160 (sz=56, trace=0, class=ast.Type@affb610)
	tnom		b331140
	generique	b331100
	nom		b331440
ARR b331100 (sz=16, trace=0, nelems=0, elem type=ast.Type@affb610)
OBJ b331140 (sz=24, trace=0, class=ast.Token@b06e120)
	file		b331800
	text		b331440
OBJ b3310e0 (sz=24, trace=0, class=java.lang.String@6aeef0)
	value		b3310c0
ARR b3310c0 (sz=24, trace=0, nelems=4, elem type=char)
OBJ b331060 (sz=24, trace=0, class=java.lang.String@6aeef0)
	value		b331040
ARR b331040 (sz=16, trace=0, nelems=1, elem type=char)
OBJ b332fa0 (sz=24, trace=0, class=java.lang.String@6aeef0)
	value		b332ec0
ARR b332ec0 (sz=16, trace=0, nelems=1, elem type=char)
OBJ b332ea0 (sz=24, trace=0, class=java.lang.String@6aeef0)
	value		b332e60
ARR b332e60 (sz=24, trace=0, nelems=6, elem type=char)
OBJ b332e00 (sz=24, trace=0, class=java.lang.String@6aeef0)
	value		b332da0
ARR b332da0 (sz=16, trace=0, nelems=1, elem type=char)
OBJ b332d80 (sz=24, trace=0, class=java.lang.String@6aeef0)
	value		b332d20
ARR b332d20 (sz=24, trace=0, nelems=4, elem type=char)
OBJ b332d00 (sz=48, trace=0, class=ast.Instr_Creation@b056f60)
	tpoint		b332ce0
	tid2		b332c60
	tid		b332c20
	texcl2		b332bc0
	texcl1		b332ba0
	nom2		b332d80
	nom		b332ea0
	parametre	b332b80
ARR b332b80 (sz=16, trace=0, nelems=0, elem type=ast.Expr@b044fa0)
OBJ b332ba0 (sz=24, trace=0, class=ast.Token@b06e120)
	file		b331800
	text		b331060
OBJ b332bc0 (sz=24, trace=0, class=ast.Token@b06e120)
	file		b331800
	text		b332fa0
OBJ b332c20 (sz=24, trace=0, class=ast.Token@b06e120)
	file		b331800
	text		b332ea0
OBJ b332c60 (sz=24, trace=0, class=ast.Token@b06e120)
	file		b331800
	text		b332d80
OBJ b332ce0 (sz=24, trace=0, class=ast.Token@b06e120)
	file		b331800
	text		b332e00
OBJ b332b60 (sz=104, trace=0, class=ast.FeatureRoutine@afff5d0)
	local		b332b20
	liste_instr	b332b00
	tdo		b332a40
	classe		b332a20
	commentaire	b332a00
	export		b3329c0
	rescue		b3328a0
	type_retour	b331160
	ensure		b332840
	require		b332820
	liste_nom	b332800
ARR b332b00 (sz=16, trace=0, nelems=1, elem type=ast.Instr@aff86c0)
	[0]		b332d00
ARR b332b20 (sz=16, trace=0, nelems=0, elem type=ast.DeclareVar@b096740)
OBJ b332a40 (sz=24, trace=0, class=ast.Token@b06e120)
	file		b331800
	text		b3310e0
ARR b332820 (sz=16, trace=0, nelems=0, elem type=ast.Assert@b097680)
ARR b332840 (sz=16, trace=0, nelems=0, elem type=ast.Assert@b097680)
ARR b3328a0 (sz=16, trace=0, nelems=0, elem type=ast.Instr@aff86c0)
ARR b332a00 (sz=16, trace=0, nelems=0, elem type=ast.Commentaire@b08d1e0)
OBJ b3327e0 (sz=24, trace=0, class=java.lang.String@6aeef0)
	value		b332760
ARR b332760 (sz=24, trace=0, nelems=3, elem type=char)
ARR b332800 (sz=16, trace=0, nelems=1, elem type=ast.NomFeature@b074bc0)
	[0]		b3314a0
ARR b3329c0 (sz=16, trace=0, nelems=0, elem type=ast.Type@affb610)
OBJ b332740 (sz=40, trace=0, class=ast.NomFeature@b074bc0)
	tnom		b3326a0
	debut		b332680
	nom		b3327e0
OBJ b3326a0 (sz=24, trace=0, class=ast.Token@b06e120)
	file		b331800
	text		b3327e0
OBJ b332680 (sz=24, trace=0, class=ast.Position@b08e190)
OBJ b332660 (sz=24, trace=0, class=java.lang.String@6aeef0)
	value		b332640
ARR b332640 (sz=24, trace=0, nelems=6, elem type=char)
OBJ b3325e0 (sz=56, trace=0, class=ast.Type@affb610)
	tnom		b3325c0
	generique	b3325a0
	nom		b332660
ARR b3325a0 (sz=16, trace=0, nelems=0, elem type=ast.Type@affb610)
OBJ b3325c0 (sz=24, trace=0, class=ast.Token@b06e120)
	file		b331800
	text		b332660
OBJ b332580 (sz=24, trace=0, class=java.lang.String@6aeef0)
	value		b332560
ARR b332560 (sz=24, trace=0, nelems=4, elem type=char)
OBJ b332540 (sz=88, trace=0, class=ast.FeatureAttr@b002060)
	classe		b332a20
	export		b3324e0
	type_retour	b3325e0
	liste_nom	b3324c0
ARR b3324c0 (sz=16, trace=0, nelems=1, elem type=ast.NomFeature@b074bc0)
	[0]		b332740
ARR b3324e0 (sz=16, trace=0, nelems=0, elem type=ast.Type@affb610)
OBJ b3324a0 (sz=40, trace=0, class=ast.NomFeature@b074bc0)
	tnom		b332480
	debut		b332460
	nom		b332580
OBJ b332480 (sz=24, trace=0, class=ast.Token@b06e120)
	file		b331800
	text		b332580
OBJ b332460 (sz=24, trace=0, class=ast.Position@b08e190)
OBJ b3323e0 (sz=24, trace=0, class=java.lang.String@6aeef0)
	value		b3323c0
ARR b3323c0 (sz=24, trace=0, nelems=4, elem type=char)
OBJ b3323a0 (sz=56, trace=0, class=ast.Type@affb610)
	tnom		b332300
	generique	b3322e0
	nom		b3323e0
ARR b3322e0 (sz=16, trace=0, nelems=0, elem type=ast.Type@affb610)
OBJ b332300 (sz=24, trace=0, class=ast.Token@b06e120)
	file		b331800
	text		b3323e0
OBJ b3322c0 (sz=24, trace=0, class=java.lang.String@6aeef0)
	value		b332260
ARR b332260 (sz=24, trace=0, nelems=3, elem type=char)
OBJ b332240 (sz=88, trace=0, class=ast.FeatureAttr@b002060)
	classe		b332a20
	export		b332180
	type_retour	b3323a0
	liste_nom	b332120
ARR b332120 (sz=16, trace=0, nelems=1, elem type=ast.NomFeature@b074bc0)
	[0]		b3324a0
ARR b332180 (sz=16, trace=0, nelems=0, elem type=ast.Type@affb610)
OBJ b332a20 (sz=80, trace=0, class=ast.Classe@b08cb60)
	commentaire	b3320e0
	tend		b3320c0
	tclass		b332080
	fin		b332040
	debut		b332020
	liste_classe	b333fe0
	type		b331540
	feature		b333fc0
	nom		b3315e0
ARR b333fc0 (sz=24, trace=0, nelems=3, elem type=ast.Feature@affe490)
	[0]		b332b60
	[1]		b332540
	[2]		b332240
ARR b3320e0 (sz=16, trace=0, nelems=0, elem type=ast.Commentaire@b08d1e0)
OBJ b332080 (sz=24, trace=0, class=ast.Token@b06e120)
	file		b331800
	text		b331660
OBJ b3320c0 (sz=24, trace=0, class=ast.Token@b06e120)
	file		b331800
	text		b3322c0
OBJ b332020 (sz=24, trace=0, class=ast.Position@b08e190)
OBJ b332040 (sz=24, trace=0, class=ast.Position@b08e190)
ARR b333fe0 (sz=32, trace=0, nelems=4, elem type=ast.Type@affb610)
	[0]		b331160
	[1]		b3325e0
	[2]		b3323a0
	[3]		b331540
OBJ b333f60 (sz=32, trace=0, class=ast.Attribut@78b300)
	feature		b332240
	classe		b332a20
	nom		b3324a0
OBJ b333f40 (sz=32, trace=0, class=ast.Attribut@78b300)
	feature		b331b60
	classe		b32f500
	nom		b32f200
OBJ b246260 (sz=24, trace=0, class=erreur.ErreurVFFD3@b291670)
	classe		b32f500
	attribut2	b333f60
	attribut1	b333f40
ARR b333f20 (sz=336, trace=0, nelems=160, elem type=char)
OBJ b333f00 (sz=24, trace=0, class=java.lang.String@6aeef0)
	value		b333f20
OBJ b248a00 (sz=16, trace=0, class=compiler.Log@b09e7b0)
	text		b333f00
ARR b333ec0 (sz=336, trace=0, nelems=160, elem type=char)
OBJ b333ea0 (sz=24, trace=0, class=java.lang.String@6aeef0)
	value		b333ec0
OBJ b248a20 (sz=16, trace=0, class=compiler.Log@b09e7b0)
	text		b333ea0
ARR b333e80 (sz=320, trace=0, nelems=154, elem type=char)
OBJ b333e60 (sz=24, trace=0, class=java.lang.String@6aeef0)
	value		b333e80
OBJ b248a40 (sz=16, trace=0, class=compiler.Log@b09e7b0)
	text		b333e60
ARR b333e40 (sz=336, trace=0, nelems=160, elem type=char)
OBJ b333e20 (sz=24, trace=0, class=java.lang.String@6aeef0)
	value		b333e40
OBJ b248a60 (sz=16, trace=0, class=compiler.Log@b09e7b0)
	text		b333e20
ARR b333dc0 (sz=192, trace=0, nelems=88, elem type=char)
OBJ b333d20 (sz=24, trace=0, class=java.lang.String@6aeef0)
	value		b333dc0
OBJ b248a80 (sz=16, trace=0, class=compiler.Log@b09e7b0)
	text		b333d20
ARR b333cc0 (sz=192, trace=0, nelems=88, elem type=char)
OBJ b333ca0 (sz=24, trace=0, class=java.lang.String@6aeef0)
	value		b333cc0
OBJ b248b40 (sz=16, trace=0, class=compiler.Log@b09e7b0)
	text		b333ca0
ARR b333c40 (sz=192, trace=0, nelems=88, elem type=char)
OBJ b333c20 (sz=24, trace=0, class=java.lang.String@6aeef0)
	value		b333c40
OBJ b248ec0 (sz=16, trace=0, class=compiler.Log@b09e7b0)
	text		b333c20
ARR b333bc0 (sz=192, trace=0, nelems=88, elem type=char)
OBJ b333ba0 (sz=24, trace=0, class=java.lang.String@6aeef0)
	value		b333bc0
OBJ b248ee0 (sz=16, trace=0, class=compiler.Log@b09e7b0)
	text		b333ba0
OBJ b0acba0 (sz=16, trace=0, class=java.util.HashMap$KeySet@b004900)
	this$0		6b7d20
OBJ b0acb40 (sz=48, trace=0, class=java.util.Properties@6afd10)
	table		b333b20
ARR b333b20 (sz=56, trace=0, nelems=11, elem type=java.util.Hashtable$Entry@6af830)
ARR 6bab10 (sz=16, trace=1, nelems=0, elem type=short)
ARR 6baaf0 (sz=16, trace=1, nelems=0, elem type=int)
ARR 6baa90 (sz=88, trace=1, nelems=76, elem type=byte)
ARR 6baa70 (sz=16, trace=1, nelems=0, elem type=short)
ARR 6baa30 (sz=336, trace=1, nelems=317, elem type=byte)
ARR 6ba9f0 (sz=24, trace=1, nelems=7, elem type=byte)
ARR 6ba9d0 (sz=16, trace=1, nelems=0, elem type=short)
ARR 6ba9b0 (sz=24, trace=1, nelems=9, elem type=byte)
ARR 6ba990 (sz=16, trace=1, nelems=0, elem type=short)
ARR 6ba950 (sz=32, trace=1, nelems=15, elem type=byte)
ARR 6ba930 (sz=16, trace=1, nelems=0, elem type=short)
ARR 6ba8f0 (sz=96, trace=1, nelems=42, elem type=short)
ARR 6ba8b0 (sz=48, trace=1, nelems=8, elem type=int)
ARR 6ba890 (sz=32, trace=1, nelems=8, elem type=short)
ARR 6ba870 (sz=592, trace=1, nelems=580, elem type=byte)
ARR 6ba830 (sz=232, trace=1, nelems=108, elem type=short)
ARR 6ba7f0 (sz=48, trace=1, nelems=8, elem type=int)
ARR 6ba7d0 (sz=48, trace=1, nelems=8, elem type=int)
ARR 6ba7b0 (sz=32, trace=1, nelems=4, elem type=int)
ARR 6ba790 (sz=48, trace=1, nelems=16, elem type=short)
CLS 6ae810 (name=java.lang.Object, trace=1)
CLS 6ba4d0 (name=java.io.Serializable, trace=1)
	super		6ae810
CLS 6ba4b0 (name=java.lang.Comparable, trace=1)
	super		6ae810
CLS 6ba490 (name=java.lang.CharSequence, trace=1)
	super		6ae810
CLS 6aeef0 (name=java.lang.String, trace=1)
	super		6ae810
	static CASE_INSENSITIVE_ORDER	6aed00
	static serialPersistentFields	6aedb0
CLS 6ac030 (name=java.lang.Class, trace=1)
	super		6ae810
	static class$java$lang$Class	6ac030
	static reflectionFactory	6ae500
	static serialPersistentFields	6afc40
ARR 6ba470 (sz=24, trace=1, nelems=7, elem type=byte)
ARR 6ba450 (sz=16, trace=1, nelems=0, elem type=short)
CLS 6ba430 (name=java.lang.Cloneable, trace=1)
	super		6ae810
ARR 6ba410 (sz=680, trace=1, nelems=668, elem type=byte)
ARR 6ba3f0 (sz=264, trace=1, nelems=126, elem type=short)
ARR 6ba3b0 (sz=32, trace=1, nelems=4, elem type=int)
ARR 6ba390 (sz=48, trace=1, nelems=8, elem type=int)
ARR 6ba370 (sz=32, trace=1, nelems=4, elem type=int)
ARR 6ba350 (sz=32, trace=1, nelems=4, elem type=int)
ARR 6ba330 (sz=32, trace=1, nelems=4, elem type=int)
ARR 6ba310 (sz=48, trace=1, nelems=8, elem type=int)
ARR 6ba2f0 (sz=48, trace=1, nelems=8, elem type=int)
ARR 6ba2d0 (sz=48, trace=1, nelems=8, elem type=int)
ARR 6ba2b0 (sz=208, trace=1, nelems=48, elem type=int)
ARR 6ba290 (sz=64, trace=1, nelems=12, elem type=int)
CLS 6ba270 (name=java.lang.ClassLoader, trace=1)
	super		6ae810
	static sys_paths	6b86c0
	static usr_paths	6b89a0
	static nativeLibraryContext	6ae690
	static systemNativeLibraries	6ae760
	static loadedLibraryNames	6ae830
	static scl	6bae30
	static bootstrapClassPath	b072440
ARR 6ba250 (sz=48, trace=1, nelems=16, elem type=short)
ARR 6ba230 (sz=304, trace=1, nelems=289, elem type=byte)
ARR 6ba210 (sz=72, trace=1, nelems=30, elem type=short)
ARR 6ba1d0 (sz=32, trace=1, nelems=4, elem type=int)
ARR 6ba1b0 (sz=32, trace=1, nelems=4, elem type=int)
CLS 6ba190 (name=java.lang.System, trace=1)
	super		6ae810
	static props	6afc60
	static err	6b6a70
	static out	6b1430
	static in	6b1560
ARR 6ba170 (sz=24, trace=1, nelems=4, elem type=short)
ARR 6ba150 (sz=192, trace=1, nelems=173, elem type=byte)
ARR 6ba110 (sz=72, trace=1, nelems=30, elem type=short)
ARR 6ba0d0 (sz=48, trace=1, nelems=8, elem type=int)
ARR 6ba0b0 (sz=48, trace=1, nelems=8, elem type=int)
CLS 6ba090 (name=java.lang.Throwable, trace=1)
	super		6ae810
ARR 6ba070 (sz=40, trace=1, nelems=27, elem type=byte)
ARR 6ba050 (sz=24, trace=1, nelems=6, elem type=short)
CLS 6ba010 (name=java.lang.Error, trace=1)
	super		6ba090
ARR 6bbfe0 (sz=32, trace=1, nelems=13, elem type=byte)
ARR 6bbfc0 (sz=16, trace=1, nelems=0, elem type=short)
CLS 6bbf80 (name=java.lang.ThreadDeath, trace=1)
	super		6ba010
ARR 6bbf60 (sz=40, trace=1, nelems=27, elem type=byte)
ARR 6bbf40 (sz=24, trace=1, nelems=6, elem type=short)
CLS 6bbf00 (name=java.lang.Exception, trace=1)
	super		6ba090
ARR 6bbee0 (sz=40, trace=1, nelems=27, elem type=byte)
ARR 6bbec0 (sz=24, trace=1, nelems=6, elem type=short)
CLS 6bbe80 (name=java.lang.RuntimeException, trace=1)
	super		6bbf00
ARR 6bbe60 (sz=232, trace=1, nelems=213, elem type=byte)
ARR 6bbe40 (sz=72, trace=1, nelems=30, elem type=short)
ARR 6bbe00 (sz=32, trace=1, nelems=4, elem type=int)
CLS 6bbde0 (name=java.security.ProtectionDomain, trace=1)
	super		6ae810
ARR 6bbdc0 (sz=24, trace=1, nelems=4, elem type=short)
ARR 6bbda0 (sz=240, trace=1, nelems=227, elem type=byte)
ARR 6bbd80 (sz=88, trace=1, nelems=36, elem type=short)
CLS 6aea70 (name=java.security.AccessControlContext, trace=1)
	super		6ae810
ARR 6bbd40 (sz=24, trace=1, nelems=4, elem type=short)
ARR 6bbd20 (sz=48, trace=1, nelems=32, elem type=byte)
ARR 6bbd00 (sz=40, trace=1, nelems=12, elem type=short)
CLS 6bbcc0 (name=java.lang.ClassNotFoundException, trace=1)
	super		6bbf00
ARR 6bbca0 (sz=32, trace=1, nelems=16, elem type=byte)
ARR 6bbc80 (sz=32, trace=1, nelems=16, elem type=byte)
ARR 6bbc60 (sz=16, trace=1, nelems=0, elem type=short)
CLS 6bbc20 (name=java.lang.LinkageError, trace=1)
	super		6ba010
ARR 6bbc00 (sz=16, trace=1, nelems=0, elem type=short)
CLS 6bbbc0 (name=java.lang.NoClassDefFoundError, trace=1)
	super		6bbc20
ARR 6bbba0 (sz=32, trace=1, nelems=16, elem type=byte)
ARR 6bbb80 (sz=16, trace=1, nelems=0, elem type=short)
CLS 6bbb40 (name=java.lang.ClassCastException, trace=1)
	super		6bbe80
ARR 6bbb20 (sz=32, trace=1, nelems=16, elem type=byte)
ARR 6bbb00 (sz=16, trace=1, nelems=0, elem type=short)
CLS 6bbac0 (name=java.lang.ArrayStoreException, trace=1)
	super		6bbe80
ARR 6bbaa0 (sz=32, trace=1, nelems=16, elem type=byte)
ARR 6bba80 (sz=32, trace=1, nelems=16, elem type=byte)
ARR 6bba60 (sz=16, trace=1, nelems=0, elem type=short)
CLS 6bba20 (name=java.lang.VirtualMachineError, trace=1)
	super		6ba010
ARR 6bba00 (sz=16, trace=1, nelems=0, elem type=short)
CLS 6bb9c0 (name=java.lang.OutOfMemoryError, trace=1)
	super		6bba20
ARR 6bb9a0 (sz=32, trace=1, nelems=16, elem type=byte)
ARR 6bb980 (sz=16, trace=1, nelems=0, elem type=short)
CLS 6bb940 (name=java.lang.StackOverflowError, trace=1)
	super		6bba20
ARR 6bb920 (sz=120, trace=1, nelems=103, elem type=byte)
ARR 6bb900 (sz=88, trace=1, nelems=36, elem type=short)
ARR 6bb8c0 (sz=48, trace=1, nelems=8, elem type=int)
CLS 6bb8a0 (name=java.lang.ref.Reference, trace=1)
	super		6ae810
	static lock	6ae430
ARR 6bb880 (sz=40, trace=1, nelems=12, elem type=short)
ARR 6bb860 (sz=40, trace=1, nelems=27, elem type=byte)
ARR 6bb840 (sz=40, trace=1, nelems=12, elem type=short)
CLS 6b11f0 (name=java.lang.ref.SoftReference, trace=1)
	super		6bb8a0
ARR 6bb800 (sz=32, trace=1, nelems=16, elem type=byte)
ARR 6bb7e0 (sz=16, trace=1, nelems=0, elem type=short)
CLS 6b5270 (name=java.lang.ref.WeakReference, trace=1)
	super		6bb8a0
ARR 6bb7a0 (sz=32, trace=1, nelems=13, elem type=byte)
ARR 6bb780 (sz=16, trace=1, nelems=0, elem type=short)
CLS 6bb740 (name=java.lang.ref.FinalReference, trace=1)
	super		6bb8a0
ARR 6bb720 (sz=32, trace=1, nelems=15, elem type=byte)
ARR 6bb700 (sz=16, trace=1, nelems=0, elem type=short)
CLS 6bb6c0 (name=java.lang.ref.PhantomReference, trace=1)
	super		6bb8a0
ARR 6bb6a0 (sz=152, trace=1, nelems=137, elem type=byte)
ARR 6bb680 (sz=72, trace=1, nelems=30, elem type=short)
ARR 6bb640 (sz=48, trace=1, nelems=8, elem type=int)
ARR 6bb620 (sz=48, trace=1, nelems=8, elem type=int)
ARR 6bb600 (sz=80, trace=1, nelems=16, elem type=int)
CLS 6b1920 (name=java.lang.ref.Finalizer, trace=1)
	super		6bb740
	static lock	6affe0
	static unfinalized	790770
	static queue	6ae070
ARR 6bb5e0 (sz=48, trace=1, nelems=16, elem type=short)
ARR 6bb5c0 (sz=344, trace=1, nelems=329, elem type=byte)
ARR 6bb580 (sz=24, trace=1, nelems=9, elem type=byte)
ARR 6bb560 (sz=16, trace=1, nelems=0, elem type=short)
CLS 6bb520 (name=java.lang.Runnable, trace=1)
	super		6ae810
ARR 6bb500 (sz=256, trace=1, nelems=120, elem type=short)
ARR 6bb4c0 (sz=64, trace=1, nelems=12, elem type=int)
CLS 6aeb80 (name=java.lang.Thread, trace=1)
	super		6ae810
ARR 6bb4a0 (sz=24, trace=1, nelems=4, elem type=short)
ARR 6bb480 (sz=240, trace=1, nelems=225, elem type=byte)
ARR 6bb460 (sz=136, trace=1, nelems=60, elem type=short)
ARR 6bb420 (sz=48, trace=1, nelems=8, elem type=int)
ARR 6bb400 (sz=64, trace=1, nelems=12, elem type=int)
ARR 6bb3e0 (sz=64, trace=1, nelems=12, elem type=int)
ARR 6bb3c0 (sz=64, trace=1, nelems=12, elem type=int)
ARR 6bb3a0 (sz=64, trace=1, nelems=12, elem type=int)
ARR 6bb380 (sz=48, trace=1, nelems=8, elem type=int)
ARR 6bb360 (sz=48, trace=1, nelems=8, elem type=int)
ARR 6bb340 (sz=48, trace=1, nelems=8, elem type=int)
ARR 6bb320 (sz=48, trace=1, nelems=8, elem type=int)
ARR 6bb300 (sz=48, trace=1, nelems=8, elem type=int)
ARR 6bb2e0 (sz=64, trace=1, nelems=12, elem type=int)
ARR 6bb2c0 (sz=48, trace=1, nelems=8, elem type=int)
ARR 6bb2a0 (sz=64, trace=1, nelems=12, elem type=int)
ARR 6bb280 (sz=48, trace=1, nelems=8, elem type=int)
CLS 6aece0 (name=java.lang.ThreadGroup, trace=1)
	super		6ae810
ARR 6bb260 (sz=232, trace=1, nelems=213, elem type=byte)
ARR 6bb240 (sz=336, trace=1, nelems=319, elem type=byte)
ARR 6bb220 (sz=40, trace=1, nelems=25, elem type=byte)
ARR 6bb200 (sz=16, trace=1, nelems=0, elem type=short)
CLS 6bb1c0 (name=java.util.Dictionary, trace=1)
	super		6ae810
ARR 6bb180 (sz=48, trace=1, nelems=34, elem type=byte)
ARR 6bb160 (sz=16, trace=1, nelems=0, elem type=short)
CLS 6bb120 (name=java.util.Map, trace=1)
	super		6ae810
ARR 6bb100 (sz=24, trace=1, nelems=4, elem type=short)
ARR 6bb0e0 (sz=184, trace=1, nelems=84, elem type=short)
ARR 6bb0a0 (sz=32, trace=1, nelems=4, elem type=int)
ARR 6bb080 (sz=48, trace=1, nelems=8, elem type=int)
CLS 6b63a0 (name=java.util.Hashtable, trace=1)
	super		6bb1c0
	static emptyIterator	6afd50
	static emptyEnumerator	6afe20
ARR 6bb060 (sz=88, trace=1, nelems=36, elem type=short)
ARR 6bb040 (sz=96, trace=1, nelems=42, elem type=short)
ARR 6bcfe0 (sz=32, trace=1, nelems=4, elem type=int)
CLS 6afd10 (name=java.util.Properties, trace=1)
	super		6b63a0
	static hexDigit	6afd30
	static whiteSpaceChars	6bcee0
	static specialSaveChars	6bcf20
	static strictKeyValueSeparators	6bcf60
	static keyValueSeparators	6bcfa0
ARR 6bcfc0 (sz=32, trace=1, nelems=7, elem type=char)
OBJ 6bcfa0 (sz=24, trace=1, class=java.lang.String@6aeef0)
	value		6bcfc0
ARR 6bcf80 (sz=16, trace=1, nelems=2, elem type=char)
OBJ 6bcf60 (sz=24, trace=1, class=java.lang.String@6aeef0)
	value		6bcf80
ARR 6bcf40 (sz=32, trace=1, nelems=9, elem type=char)
OBJ 6bcf20 (sz=24, trace=1, class=java.lang.String@6aeef0)
	value		6bcf40
ARR 6bcf00 (sz=24, trace=1, nelems=5, elem type=char)
OBJ 6bcee0 (sz=24, trace=1, class=java.lang.String@6aeef0)
	value		6bcf00
ARR 6bcec0 (sz=120, trace=1, nelems=105, elem type=byte)
ARR 6bcea0 (sz=72, trace=1, nelems=30, elem type=short)
ARR 6bce60 (sz=32, trace=1, nelems=4, elem type=int)
CLS 6bce40 (name=java.lang.reflect.AccessibleObject, trace=1)
	super		6ae810
	static class$java$lang$Class	6ac030
	static reflectionFactory	6ae500
	static ACCESS_PERMISSION	6ae8e0
ARR 6bce20 (sz=24, trace=1, nelems=4, elem type=short)
ARR 6bce00 (sz=264, trace=1, nelems=249, elem type=byte)
ARR 6bcdc0 (sz=32, trace=1, nelems=19, elem type=byte)
ARR 6bcda0 (sz=40, trace=1, nelems=12, elem type=short)
CLS 6bcd60 (name=java.lang.reflect.Member, trace=1)
	super		6ae810
ARR 6bcd40 (sz=112, trace=1, nelems=48, elem type=short)
ARR 6bcd00 (sz=32, trace=1, nelems=4, elem type=int)
CLS 6bcce0 (name=java.lang.reflect.Field, trace=1)
	super		6bce40
ARR 6bccc0 (sz=208, trace=1, nelems=196, elem type=byte)
ARR 6bcc80 (sz=136, trace=1, nelems=60, elem type=short)
ARR 6bcc40 (sz=32, trace=1, nelems=4, elem type=int)
CLS 6bcc20 (name=java.lang.reflect.Method, trace=1)
	super		6bce40
ARR 6bcc00 (sz=192, trace=1, nelems=174, elem type=byte)
ARR 6bcbc0 (sz=96, trace=1, nelems=42, elem type=short)
ARR 6bcb80 (sz=32, trace=1, nelems=4, elem type=int)
CLS 6b5ab0 (name=java.lang.reflect.Constructor, trace=1)
	super		6bce40
ARR 6bcb60 (sz=32, trace=1, nelems=13, elem type=byte)
ARR 6bcb40 (sz=16, trace=1, nelems=0, elem type=short)
CLS 6bcb00 (name=sun.reflect.MagicAccessorImpl, trace=1)
	super		6ae810
ARR 6bcae0 (sz=40, trace=1, nelems=22, elem type=byte)
ARR 6bcaa0 (sz=32, trace=1, nelems=14, elem type=byte)
ARR 6bca80 (sz=16, trace=1, nelems=0, elem type=short)
CLS 6bca40 (name=sun.reflect.MethodAccessor, trace=1)
	super		6ae810
ARR 6bca20 (sz=16, trace=1, nelems=0, elem type=short)
CLS 6bc9e0 (name=sun.reflect.MethodAccessorImpl, trace=1)
	super		6bcb00
ARR 6bc9c0 (sz=40, trace=1, nelems=24, elem type=byte)
ARR 6bc980 (sz=32, trace=1, nelems=16, elem type=byte)
ARR 6bc960 (sz=16, trace=1, nelems=0, elem type=short)
CLS 6bc920 (name=sun.reflect.ConstructorAccessor, trace=1)
	super		6ae810
ARR 6bc900 (sz=16, trace=1, nelems=0, elem type=short)
CLS 6bc8c0 (name=sun.reflect.ConstructorAccessorImpl, trace=1)
	super		6bcb00
ARR 6bc8a0 (sz=32, trace=1, nelems=13, elem type=byte)
ARR 6bc880 (sz=16, trace=1, nelems=0, elem type=short)
CLS 6bc840 (name=sun.reflect.DelegatingClassLoader, trace=1)
	super		6ba270
ARR 6bc820 (sz=264, trace=1, nelems=252, elem type=byte)
ARR 6bc800 (sz=168, trace=1, nelems=149, elem type=byte)
ARR 6bc7e0 (sz=120, trace=1, nelems=103, elem type=byte)
ARR 6bc7a0 (sz=48, trace=1, nelems=29, elem type=byte)
ARR 6bc780 (sz=16, trace=1, nelems=0, elem type=short)
CLS 6bc740 (name=java.util.Collection, trace=1)
	super		6ae810
ARR 6bc720 (sz=16, trace=1, nelems=0, elem type=short)
CLS 6bc6e0 (name=java.util.AbstractCollection, trace=1)
	super		6ae810
ARR 6bc6a0 (sz=64, trace=1, nelems=45, elem type=byte)
ARR 6bc660 (sz=16, trace=1, nelems=0, elem type=short)
CLS 6bc620 (name=java.util.List, trace=1)
	super		6ae810
ARR 6bc5c0 (sz=24, trace=1, nelems=6, elem type=short)
CLS 6bc580 (name=java.util.AbstractList, trace=1)
	super		6bc6e0
ARR 6bc560 (sz=40, trace=1, nelems=12, elem type=short)
ARR 6bc520 (sz=24, trace=1, nelems=7, elem type=byte)
ARR 6bc500 (sz=16, trace=1, nelems=0, elem type=short)
CLS 6bc4e0 (name=java.util.RandomAccess, trace=1)
	super		6ae810
ARR 6bc480 (sz=64, trace=1, nelems=24, elem type=short)
ARR 6bc440 (sz=32, trace=1, nelems=4, elem type=int)
ARR 6bc420 (sz=32, trace=1, nelems=4, elem type=int)
CLS 6ae8c0 (name=java.util.Vector, trace=1)
	super		6bc580
ARR 6bc400 (sz=24, trace=1, nelems=4, elem type=short)
ARR 6bc3e0 (sz=200, trace=1, nelems=188, elem type=byte)
ARR 6bc3a0 (sz=72, trace=1, nelems=30, elem type=short)
CLS 6b5ba0 (name=java.lang.StringBuffer, trace=1)
	super		6ae810
	static NULL	6b5af0
ARR 6bc360 (sz=80, trace=1, nelems=67, elem type=byte)
ARR 6bc340 (sz=72, trace=1, nelems=30, elem type=short)
CLS 6bc300 (name=java.nio.Buffer, trace=1)
	super		6ae810
ARR 6bc2e0 (sz=104, trace=1, nelems=86, elem type=byte)
ARR 6bc2a0 (sz=72, trace=1, nelems=30, elem type=short)
ARR 6bc260 (sz=48, trace=1, nelems=8, elem type=int)
CLS 6b86a0 (name=java.lang.Boolean, trace=1)
	super		6ae810
	static TYPE	6bda60
	static FALSE	6b85d0
	static TRUE	6b85f0
ARR 6bc240 (sz=280, trace=1, nelems=266, elem type=byte)
ARR 6bc200 (sz=792, trace=1, nelems=390, elem type=short)
CLS 6bc1c0 (name=java.lang.Character, trace=1)
	super		6ae810
	static A_DATA	6bc0e0
	static A	6b4590
	static Y_DATA	6bc120
	static Y	6b45b0
	static X_DATA	6bc160
	static X	6b4600
	static charMap	6b2d50
	static TYPE	6bda40
ARR 6bc1a0 (sz=32, trace=1, nelems=8, elem type=short)
ARR 6bc180 (sz=2064, trace=1, nelems=1024, elem type=char)
OBJ 6bc160 (sz=24, trace=1, class=java.lang.String@6aeef0)
	value		6bc180
ARR 6bc140 (sz=7728, trace=1, nelems=3856, elem type=char)
OBJ 6bc120 (sz=24, trace=1, class=java.lang.String@6aeef0)
	value		6bc140
ARR 6bc100 (sz=2728, trace=1, nelems=1356, elem type=char)
OBJ 6bc0e0 (sz=24, trace=1, class=java.lang.String@6aeef0)
	value		6bc100
ARR 6bc0c0 (sz=136, trace=1, nelems=120, elem type=byte)
ARR 6bc0a0 (sz=48, trace=1, nelems=34, elem type=byte)
ARR 6bc060 (sz=24, trace=1, nelems=6, elem type=short)
CLS 6bc020 (name=java.lang.Number, trace=1)
	super		6ae810
ARR 6bdfa0 (sz=112, trace=1, nelems=48, elem type=short)
CLS 6bdf60 (name=java.lang.Float, trace=1)
	super		6bc020
	static TYPE	6bdac0
ARR 6bdf40 (sz=136, trace=1, nelems=124, elem type=byte)
ARR 6bdee0 (sz=112, trace=1, nelems=48, elem type=short)
CLS 6bdea0 (name=java.lang.Double, trace=1)
	super		6bc020
	static TYPE	6bdaa0
ARR 6bde80 (sz=152, trace=1, nelems=136, elem type=byte)
ARR 6bde20 (sz=72, trace=1, nelems=30, elem type=short)
ARR 6bdde0 (sz=32, trace=1, nelems=4, elem type=int)
CLS 6bddc0 (name=java.lang.Byte, trace=1)
	super		6bc020
	static TYPE	6bda80
ARR 6bdda0 (sz=152, trace=1, nelems=136, elem type=byte)
ARR 6bdd40 (sz=72, trace=1, nelems=30, elem type=short)
ARR 6bdd00 (sz=32, trace=1, nelems=4, elem type=int)
CLS 6bdce0 (name=java.lang.Short, trace=1)
	super		6bc020
	static TYPE	6bda00
ARR 6bdcc0 (sz=208, trace=1, nelems=192, elem type=byte)
ARR 6bdc60 (sz=112, trace=1, nelems=48, elem type=short)
ARR 6bdc20 (sz=64, trace=1, nelems=12, elem type=int)
ARR 6bdc00 (sz=32, trace=1, nelems=4, elem type=int)
CLS 6b7990 (name=java.lang.Integer, trace=1)
	super		6bc020
	static DigitOnes	6b7f10
	static DigitTens	6b7f30
	static digits	6b7f50
	static TYPE	6bdae0
ARR 6bdbe0 (sz=200, trace=1, nelems=185, elem type=byte)
ARR 6bdb80 (sz=72, trace=1, nelems=30, elem type=short)
ARR 6bdb40 (sz=32, trace=1, nelems=4, elem type=int)
ARR 6bdb20 (sz=64, trace=1, nelems=12, elem type=int)
CLS 6bdb00 (name=java.lang.Long, trace=1)
	super		6bc020
	static TYPE	6bda20
OBJ 6bdae0 (sz=56, trace=1, class=java.lang.Class@6ac030)
OBJ 6bdac0 (sz=56, trace=1, class=java.lang.Class@6ac030)
OBJ 6bdaa0 (sz=56, trace=1, class=java.lang.Class@6ac030)
OBJ 6bda80 (sz=56, trace=1, class=java.lang.Class@6ac030)
OBJ 6bda60 (sz=56, trace=1, class=java.lang.Class@6ac030)
OBJ 6bda40 (sz=56, trace=1, class=java.lang.Class@6ac030)
OBJ 6bda20 (sz=56, trace=1, class=java.lang.Class@6ac030)
OBJ 6bda00 (sz=56, trace=1, class=java.lang.Class@6ac030)
OBJ 6bd9e0 (sz=56, trace=1, class=java.lang.Class@6ac030)
OBJ 6bd9c0 (sz=8, trace=1, class=java.lang.Object@6ae810)
OBJ 6bd9a0 (sz=8, trace=1, class=java.lang.Object@6ae810)
OBJ 6bd8f0 (sz=24, trace=1, class=java.lang.OutOfMemoryError@6bb9c0)
ARR 6bd8d0 (sz=32, trace=1, nelems=16, elem type=byte)
ARR 6bd8b0 (sz=16, trace=1, nelems=0, elem type=short)
CLS 6bd870 (name=java.lang.NullPointerException, trace=1)
	super		6bbe80
OBJ 6bd7c0 (sz=24, trace=1, class=java.lang.NullPointerException@6bd870)
ARR 6bd7a0 (sz=32, trace=1, nelems=16, elem type=byte)
ARR 6bd780 (sz=16, trace=1, nelems=0, elem type=short)
CLS 6bd740 (name=java.lang.ArithmeticException, trace=1)
	super		6bbe80
OBJ 6bd690 (sz=24, trace=1, class=java.lang.ArithmeticException@6bd740)
	detailMessage	6aee60
ARR 6bd670 (sz=112, trace=1, nelems=95, elem type=byte)
ARR 6bd650 (sz=72, trace=1, nelems=30, elem type=short)
CLS 6bd610 (name=java.lang.StrictMath, trace=1)
	super		6ae810
ARR 6bd5f0 (sz=176, trace=1, nelems=162, elem type=byte)
ARR 6bd5b0 (sz=96, trace=1, nelems=42, elem type=short)
ARR 6bd570 (sz=32, trace=1, nelems=4, elem type=int)
CLS 6aee40 (name=java.io.ObjectStreamField, trace=1)
	super		6ae810
ARR 6bd530 (sz=64, trace=1, nelems=51, elem type=byte)
ARR 6bd4f0 (sz=24, trace=1, nelems=11, elem type=byte)
ARR 6bd4d0 (sz=16, trace=1, nelems=0, elem type=short)
CLS 6bd490 (name=java.util.Comparator, trace=1)
	super		6ae810
ARR 6bd470 (sz=24, trace=1, nelems=6, elem type=short)
CLS 6aed90 (name=java.lang.String$CaseInsensitiveComparator, trace=1)
	super		6ae810
ARR 6bd430 (sz=32, trace=1, nelems=8, elem type=short)
ARR 6bd410 (sz=24, trace=1, nelems=6, elem type=char)
OBJ 6bd3f0 (sz=24, trace=1, class=java.lang.String@6aeef0)
	value		6bd410
ARR 6bd3b0 (sz=104, trace=1, nelems=86, elem type=byte)
ARR 6bd390 (sz=16, trace=1, nelems=0, elem type=short)
CLS 6bd350 (name=java.security.AccessController, trace=1)
	super		6ae810
ARR 6bd310 (sz=32, trace=1, nelems=16, elem type=byte)
ARR 6bd2f0 (sz=120, trace=1, nelems=102, elem type=byte)
ARR 6bd2d0 (sz=96, trace=1, nelems=81, elem type=byte)
ARR 6bd290 (sz=24, trace=1, nelems=12, elem type=byte)
ARR 6bd270 (sz=16, trace=1, nelems=0, elem type=short)
CLS 6bd230 (name=java.security.Guard, trace=1)
	super		6ae810
ARR 6bd210 (sz=24, trace=1, nelems=6, elem type=short)
CLS 6bd1d0 (name=java.security.Permission, trace=1)
	super		6ae810
ARR 6bd150 (sz=40, trace=1, nelems=12, elem type=short)
CLS 6bd110 (name=java.security.BasicPermission, trace=1)
	super		6bd1d0
ARR 6bd0f0 (sz=16, trace=1, nelems=0, elem type=short)
CLS 6ae970 (name=java.lang.reflect.ReflectPermission, trace=1)
	super		6bd110
ARR 6bd0b0 (sz=56, trace=1, nelems=20, elem type=char)
OBJ 6bd090 (sz=24, trace=1, class=java.lang.String@6aeef0)
	value		6bd0b0
ARR 6bd070 (sz=16, trace=1, nelems=0, elem type=char)
OBJ 6bd050 (sz=24, trace=1, class=java.lang.String@6aeef0)
	value		6bd070
ARR 6bd030 (sz=16, trace=1, nelems=2, elem type=char)
OBJ 6bd010 (sz=24, trace=1, class=java.lang.String@6aeef0)
	value		6bd030
ARR 6befe0 (sz=16, trace=1, nelems=1, elem type=char)
OBJ 6befc0 (sz=24, trace=1, class=java.lang.String@6aeef0)
	value		6befe0
ARR 6befa0 (sz=40, trace=1, nelems=25, elem type=byte)
ARR 6bef60 (sz=24, trace=1, nelems=9, elem type=byte)
ARR 6bef40 (sz=16, trace=1, nelems=0, elem type=short)
CLS 6bef00 (name=java.security.PrivilegedAction, trace=1)
	super		6ae810
ARR 6beee0 (sz=16, trace=1, nelems=0, elem type=short)
CLS 6beea0 (name=sun.reflect.ReflectionFactory$GetReflectionFactoryAction, trace=1)
	super		6ae810
ARR 6bee80 (sz=24, trace=1, nelems=4, elem type=short)
ARR 6bee40 (sz=72, trace=1, nelems=54, elem type=byte)
ARR 6bee20 (sz=24, trace=1, nelems=6, elem type=short)
CLS 6ae720 (name=java.util.Stack, trace=1)
	super		6ae8c0
ARR 6bede0 (sz=304, trace=1, nelems=291, elem type=byte)
ARR 6bedc0 (sz=120, trace=1, nelems=54, elem type=short)
ARR 6bed80 (sz=32, trace=1, nelems=4, elem type=int)
CLS 6ae5a0 (name=sun.reflect.ReflectionFactory, trace=1)
	super		6ae810
	static class$sun$reflect$ConstructorAccessorImpl	6bc8c0
	static class$java$lang$Class	6ac030
	static langReflectAccess	6b5890
	static soleInstance	6ae500
	static reflectionFactoryAccessPerm	6ae5c0
ARR 6bed60 (sz=32, trace=1, nelems=8, elem type=short)
ARR 6bed40 (sz=32, trace=1, nelems=16, elem type=byte)
ARR 6bed20 (sz=16, trace=1, nelems=0, elem type=short)
CLS 6ae650 (name=java.lang.RuntimePermission, trace=1)
	super		6bd110
ARR 6bece0 (sz=64, trace=1, nelems=23, elem type=char)
OBJ 6becc0 (sz=24, trace=1, class=java.lang.String@6aeef0)
	value		6bece0
ARR 6beca0 (sz=40, trace=1, nelems=23, elem type=byte)
ARR 6bec80 (sz=16, trace=1, nelems=0, elem type=short)
CLS 6ae4e0 (name=java.lang.ref.Reference$Lock, trace=1)
	super		6ae810
ARR 6bec40 (sz=32, trace=1, nelems=8, elem type=short)
ARR 6bec20 (sz=72, trace=1, nelems=58, elem type=byte)
ARR 6bec00 (sz=16, trace=1, nelems=0, elem type=short)
ARR 6bebc0 (sz=80, trace=1, nelems=16, elem type=int)
CLS 6ae410 (name=java.lang.ref.Reference$ReferenceHandler, trace=1)
	super		6aeb80
ARR 6beba0 (sz=32, trace=1, nelems=8, elem type=short)
ARR 6beb80 (sz=48, trace=1, nelems=17, elem type=char)
OBJ 6beb60 (sz=24, trace=1, class=java.lang.String@6aeef0)
	value		6beb80
ARR 6beb40 (sz=96, trace=1, nelems=83, elem type=byte)
ARR 6beb20 (sz=72, trace=1, nelems=30, elem type=short)
ARR 6beae0 (sz=96, trace=1, nelems=20, elem type=int)
ARR 6beac0 (sz=48, trace=1, nelems=8, elem type=int)
ARR 6beaa0 (sz=80, trace=1, nelems=16, elem type=int)
CLS 6ae120 (name=java.lang.ref.ReferenceQueue, trace=1)
	super		6ae810
	static ENQUEUED	6ae160
	static NULL	6ae250
ARR 6bea80 (sz=40, trace=1, nelems=12, elem type=short)
ARR 6bea60 (sz=40, trace=1, nelems=23, elem type=byte)
ARR 6bea40 (sz=16, trace=1, nelems=0, elem type=short)
CLS 6ae300 (name=java.lang.ref.ReferenceQueue$Null, trace=1)
	super		6ae120
ARR 6bea00 (sz=32, trace=1, nelems=8, elem type=short)
ARR 6be9e0 (sz=40, trace=1, nelems=23, elem type=byte)
ARR 6be9c0 (sz=16, trace=1, nelems=0, elem type=short)
CLS 6ae230 (name=java.lang.ref.ReferenceQueue$Lock, trace=1)
	super		6ae810
ARR 6be980 (sz=32, trace=1, nelems=8, elem type=short)
ARR 6be960 (sz=56, trace=1, nelems=38, elem type=byte)
ARR 6be940 (sz=16, trace=1, nelems=0, elem type=short)
ARR 6be900 (sz=32, trace=1, nelems=4, elem type=int)
CLS 6affc0 (name=java.lang.ref.Finalizer$FinalizerThread, trace=1)
	super		6aeb80
ARR 6be8e0 (sz=24, trace=1, nelems=4, elem type=short)
ARR 6be8c0 (sz=32, trace=1, nelems=9, elem type=char)
OBJ 6be8a0 (sz=24, trace=1, class=java.lang.String@6aeef0)
	value		6be8c0
ARR 6be880 (sz=48, trace=1, nelems=30, elem type=byte)
ARR 6be840 (sz=24, trace=1, nelems=11, elem type=byte)
ARR 6be820 (sz=16, trace=1, nelems=0, elem type=short)
CLS 6be7e0 (name=java.util.Enumeration, trace=1)
	super		6ae810
ARR 6be7c0 (sz=16, trace=1, nelems=0, elem type=short)
CLS 6afed0 (name=java.util.Hashtable$EmptyEnumerator, trace=1)
	super		6ae810
ARR 6be780 (sz=24, trace=1, nelems=4, elem type=short)
ARR 6be760 (sz=48, trace=1, nelems=34, elem type=byte)
ARR 6be720 (sz=32, trace=1, nelems=13, elem type=byte)
ARR 6be700 (sz=16, trace=1, nelems=0, elem type=short)
CLS 6be6c0 (name=java.util.Iterator, trace=1)
	super		6ae810
ARR 6be6a0 (sz=16, trace=1, nelems=0, elem type=short)
CLS 6afe00 (name=java.util.Hashtable$EmptyIterator, trace=1)
	super		6ae810
ARR 6be660 (sz=24, trace=1, nelems=4, elem type=short)
ARR 6be640 (sz=24, trace=1, nelems=5, elem type=char)
OBJ 6be620 (sz=24, trace=1, class=java.lang.String@6aeef0)
	value		6be640
ARR 6be600 (sz=872, trace=1, nelems=856, elem type=byte)
ARR 6be5c0 (sz=432, trace=1, nelems=210, elem type=short)
ARR 6be580 (sz=96, trace=1, nelems=20, elem type=int)
ARR 6be560 (sz=32, trace=1, nelems=4, elem type=int)
ARR 6be540 (sz=32, trace=1, nelems=4, elem type=int)
ARR 6be520 (sz=48, trace=1, nelems=8, elem type=int)
ARR 6be500 (sz=48, trace=1, nelems=8, elem type=int)
ARR 6be4e0 (sz=48, trace=1, nelems=8, elem type=int)
ARR 6be4c0 (sz=48, trace=1, nelems=8, elem type=int)
ARR 6be4a0 (sz=48, trace=1, nelems=8, elem type=int)
ARR 6be480 (sz=32, trace=1, nelems=4, elem type=int)
ARR 6be460 (sz=32, trace=1, nelems=4, elem type=int)
ARR 6be440 (sz=32, trace=1, nelems=4, elem type=int)
ARR 6be420 (sz=32, trace=1, nelems=4, elem type=int)
ARR 6be400 (sz=48, trace=1, nelems=8, elem type=int)
ARR 6be3e0 (sz=32, trace=1, nelems=4, elem type=int)
ARR 6be3c0 (sz=48, trace=1, nelems=8, elem type=int)
ARR 6be3a0 (sz=96, trace=1, nelems=20, elem type=int)
ARR 6be380 (sz=32, trace=1, nelems=4, elem type=int)
CLS 6be360 (name=java.io.ObjectStreamClass, trace=1)
	super		6ae810
	static reflectors	6af950
	static localDescs	6afb70
	static reflFactory	6ae500
	static serialPersistentFields	6afc40
	static NO_FIELDS	6afc40
ARR 6be340 (sz=104, trace=1, nelems=44, elem type=short)
ARR 6be320 (sz=144, trace=1, nelems=130, elem type=byte)
ARR 6be300 (sz=152, trace=1, nelems=138, elem type=byte)
ARR 6be2c0 (sz=40, trace=1, nelems=12, elem type=short)
ARR 6be280 (sz=48, trace=1, nelems=8, elem type=int)
CLS 6be260 (name=java.util.AbstractMap, trace=1)
	super		6ae810
ARR 6be240 (sz=48, trace=1, nelems=16, elem type=short)
ARR 6be1c0 (sz=48, trace=1, nelems=18, elem type=short)
CLS 6afc20 (name=sun.misc.SoftCache, trace=1)
	super		6be260
ARR 6be180 (sz=48, trace=1, nelems=16, elem type=short)
ARR 6be160 (sz=328, trace=1, nelems=309, elem type=byte)
ARR 6be0e0 (sz=144, trace=1, nelems=66, elem type=short)
ARR 6be0a0 (sz=32, trace=1, nelems=4, elem type=int)
CLS 6afaf0 (name=java.util.HashMap, trace=1)
	super		6be260
	static NULL_KEY	6afb10
ARR 6be080 (sz=96, trace=1, nelems=40, elem type=short)
ARR 6be060 (sz=96, trace=1, nelems=81, elem type=byte)
ARR 6be020 (sz=32, trace=1, nelems=20, elem type=byte)
ARR 6bffe0 (sz=16, trace=1, nelems=0, elem type=short)
CLS 6bffa0 (name=java.util.Map$Entry, trace=1)
	super		6ae810
ARR 6bff80 (sz=24, trace=1, nelems=4, elem type=short)
ARR 6bff60 (sz=64, trace=1, nelems=24, elem type=short)
CLS 6afa20 (name=java.util.HashMap$Entry, trace=1)
	super		6ae810
ARR 6bff20 (sz=32, trace=1, nelems=8, elem type=short)
ARR 6bfee0 (sz=32, trace=1, nelems=16, elem type=byte)
ARR 6bfec0 (sz=32, trace=1, nelems=16, elem type=byte)
ARR 6bfea0 (sz=16, trace=1, nelems=0, elem type=short)
CLS 6bfe60 (name=java.lang.IncompatibleClassChangeError, trace=1)
	super		6bbc20
ARR 6bfe40 (sz=16, trace=1, nelems=0, elem type=short)
CLS 6bfe00 (name=java.lang.NoSuchMethodError, trace=1)
	super		6bfe60
ARR 6bfde0 (sz=88, trace=1, nelems=76, elem type=byte)
ARR 6bfda0 (sz=64, trace=1, nelems=24, elem type=short)
CLS 6af830 (name=java.util.Hashtable$Entry, trace=1)
	super		6ae810
ARR 6bfd60 (sz=32, trace=1, nelems=8, elem type=short)
ARR 6bfd20 (sz=104, trace=1, nelems=85, elem type=byte)
ARR 6bfd00 (sz=48, trace=1, nelems=18, elem type=short)
CLS 6bfcc0 (name=sun.misc.Version, trace=1)
	super		6ae810
	static java_runtime_version	6bfc00
	static java_runtime_name	6bfc40
	static java_version	6bfc80
ARR 6bfca0 (sz=24, trace=1, nelems=5, elem type=char)
OBJ 6bfc80 (sz=24, trace=1, class=java.lang.String@6aeef0)
	value		6bfca0
ARR 6bfc60 (sz=112, trace=1, nelems=48, elem type=char)
OBJ 6bfc40 (sz=24, trace=1, class=java.lang.String@6aeef0)
	value		6bfc60
ARR 6bfc20 (sz=32, trace=1, nelems=9, elem type=char)
OBJ 6bfc00 (sz=24, trace=1, class=java.lang.String@6aeef0)
	value		6bfc20
ARR 6bfbe0 (sz=40, trace=1, nelems=12, elem type=char)
OBJ 6bfbc0 (sz=24, trace=1, class=java.lang.String@6aeef0)
	value		6bfbe0
ARR 6bfba0 (sz=56, trace=1, nelems=20, elem type=char)
OBJ 6bfb80 (sz=24, trace=1, class=java.lang.String@6aeef0)
	value		6bfba0
ARR 6bfb60 (sz=48, trace=1, nelems=17, elem type=char)
OBJ 6bfb40 (sz=24, trace=1, class=java.lang.String@6aeef0)
	value		6bfb60
ARR 6bfb20 (sz=112, trace=1, nelems=98, elem type=byte)
ARR 6bfb00 (sz=72, trace=1, nelems=60, elem type=byte)
ARR 6bfae0 (sz=40, trace=1, nelems=12, elem type=short)
ARR 6bfaa0 (sz=32, trace=1, nelems=4, elem type=int)
CLS 6bfa80 (name=java.io.InputStream, trace=1)
	super		6ae810
ARR 6bfa60 (sz=40, trace=1, nelems=12, elem type=short)
ARR 6bfa20 (sz=48, trace=1, nelems=8, elem type=int)
CLS 6b19e0 (name=java.io.FileInputStream, trace=1)
	super		6bfa80
ARR 6bfa00 (sz=56, trace=1, nelems=40, elem type=byte)
ARR 6bf9e0 (sz=64, trace=1, nelems=24, elem type=short)
CLS 6b1850 (name=java.io.FileDescriptor, trace=1)
	super		6ae810
	static err	6b1760
	static out	6b1780
	static in	6b17a0
ARR 6bf9a0 (sz=128, trace=1, nelems=110, elem type=byte)
ARR 6bf980 (sz=48, trace=1, nelems=32, elem type=byte)
ARR 6bf960 (sz=16, trace=1, nelems=0, elem type=short)
CLS 6bf920 (name=java.io.OutputStream, trace=1)
	super		6ae810
ARR 6bf900 (sz=48, trace=1, nelems=18, elem type=short)
ARR 6bf8c0 (sz=48, trace=1, nelems=8, elem type=int)
CLS 6b1740 (name=java.io.FileOutputStream, trace=1)
	super		6bf920
ARR 6bf8a0 (sz=120, trace=1, nelems=106, elem type=byte)
ARR 6bf880 (sz=64, trace=1, nelems=51, elem type=byte)
ARR 6bf860 (sz=24, trace=1, nelems=6, elem type=short)
CLS 6bf820 (name=java.io.FilterInputStream, trace=1)
	super		6bfa80
ARR 6bf800 (sz=88, trace=1, nelems=36, elem type=short)
CLS 6b1610 (name=java.io.BufferedInputStream, trace=1)
	super		6bf820
ARR 6bf7c0 (sz=208, trace=1, nelems=190, elem type=byte)
ARR 6bf7a0 (sz=56, trace=1, nelems=40, elem type=byte)
ARR 6bf780 (sz=24, trace=1, nelems=6, elem type=short)
ARR 6bf740 (sz=32, trace=1, nelems=4, elem type=int)
CLS 6bf720 (name=java.io.FilterOutputStream, trace=1)
	super		6bf920
ARR 6bf700 (sz=72, trace=1, nelems=30, elem type=short)
ARR 6bf6c0 (sz=64, trace=1, nelems=12, elem type=int)
ARR 6bf6a0 (sz=64, trace=1, nelems=12, elem type=int)
ARR 6bf680 (sz=80, trace=1, nelems=16, elem type=int)
ARR 6bf660 (sz=80, trace=1, nelems=16, elem type=int)
ARR 6bf640 (sz=80, trace=1, nelems=16, elem type=int)
ARR 6bf620 (sz=80, trace=1, nelems=16, elem type=int)
ARR 6bf600 (sz=80, trace=1, nelems=16, elem type=int)
ARR 6bf5e0 (sz=48, trace=1, nelems=8, elem type=int)
ARR 6bf5c0 (sz=48, trace=1, nelems=8, elem type=int)
ARR 6bf5a0 (sz=48, trace=1, nelems=8, elem type=int)
ARR 6bf580 (sz=48, trace=1, nelems=8, elem type=int)
ARR 6bf560 (sz=48, trace=1, nelems=8, elem type=int)
ARR 6bf540 (sz=48, trace=1, nelems=8, elem type=int)
ARR 6bf520 (sz=48, trace=1, nelems=8, elem type=int)
ARR 6bf500 (sz=48, trace=1, nelems=8, elem type=int)
ARR 6bf4e0 (sz=48, trace=1, nelems=8, elem type=int)
CLS 6b14e0 (name=java.io.PrintStream, trace=1)
	super		6bf720
ARR 6bf4c0 (sz=72, trace=1, nelems=60, elem type=byte)
ARR 6bf4a0 (sz=40, trace=1, nelems=12, elem type=short)
CLS 6b1410 (name=java.io.BufferedOutputStream, trace=1)
	super		6bf720
ARR 6bf460 (sz=96, trace=1, nelems=80, elem type=byte)
ARR 6bf440 (sz=72, trace=1, nelems=56, elem type=byte)
ARR 6bf420 (sz=48, trace=1, nelems=18, elem type=short)
ARR 6bf3e0 (sz=48, trace=1, nelems=8, elem type=int)
ARR 6bf3c0 (sz=48, trace=1, nelems=8, elem type=int)
CLS 6bf3a0 (name=java.io.Writer, trace=1)
	super		6ae810
ARR 6bf380 (sz=24, trace=1, nelems=6, elem type=short)
ARR 6bf340 (sz=32, trace=1, nelems=4, elem type=int)
CLS 6b1320 (name=java.io.OutputStreamWriter, trace=1)
	super		6bf3a0
ARR 6bf320 (sz=160, trace=1, nelems=148, elem type=byte)
ARR 6bf300 (sz=48, trace=1, nelems=18, elem type=short)
ARR 6bf2c0 (sz=32, trace=1, nelems=4, elem type=int)
ARR 6bf2a0 (sz=48, trace=1, nelems=8, elem type=int)
ARR 6bf280 (sz=64, trace=1, nelems=12, elem type=int)
ARR 6bf260 (sz=48, trace=1, nelems=8, elem type=int)
ARR 6bf240 (sz=64, trace=1, nelems=12, elem type=int)
ARR 6bf220 (sz=32, trace=1, nelems=4, elem type=int)
CLS 6bf200 (name=sun.nio.cs.StreamEncoder, trace=1)
	super		6bf3a0
	static class$sun$nio$cs$StreamEncoder	6bf200
ARR 6bf1e0 (sz=40, trace=1, nelems=12, elem type=short)
ARR 6bf1c0 (sz=192, trace=1, nelems=174, elem type=byte)
ARR 6bf1a0 (sz=112, trace=1, nelems=48, elem type=short)
ARR 6bf160 (sz=32, trace=1, nelems=4, elem type=int)
ARR 6bf140 (sz=48, trace=1, nelems=8, elem type=int)
ARR 6bf120 (sz=48, trace=1, nelems=8, elem type=int)
ARR 6bf100 (sz=48, trace=1, nelems=8, elem type=int)
ARR 6bf0e0 (sz=64, trace=1, nelems=12, elem type=int)
ARR 6bf0c0 (sz=32, trace=1, nelems=4, elem type=int)
CLS 6bf0a0 (name=sun.io.Converters, trace=1)
	super		6ae810
	static class$sun$io$Converters	6bf0a0
	static classCache	6b1140
	static converterPrefix	6b1210
	static lock	6bf0a0
ARR 6bf080 (sz=48, trace=1, nelems=17, elem type=char)
OBJ 6bf060 (sz=24, trace=1, class=java.lang.String@6aeef0)
	value		6bf080
ARR 6c0fe0 (sz=128, trace=1, nelems=113, elem type=byte)
ARR 6c0fc0 (sz=16, trace=1, nelems=0, elem type=short)
CLS 6c0f80 (name=sun.reflect.Reflection, trace=1)
	super		6ae810
ARR 6c0f40 (sz=32, trace=1, nelems=10, elem type=char)
OBJ 6c0f20 (sz=24, trace=1, class=java.lang.String@6aeef0)
	value		6c0f40
ARR 6c0f00 (sz=32, trace=1, nelems=10, elem type=char)
OBJ 6c0ee0 (sz=24, trace=1, class=java.lang.String@6aeef0)
	value		6c0f00
ARR 6c0ea0 (sz=48, trace=1, nelems=32, elem type=byte)
ARR 6c0e60 (sz=40, trace=1, nelems=12, elem type=short)
CLS 6c0e20 (name=sun.security.action.GetPropertyAction, trace=1)
	super		6ae810
ARR 6c0e00 (sz=40, trace=1, nelems=13, elem type=char)
OBJ 6c0de0 (sz=24, trace=1, class=java.lang.String@6aeef0)
	value		6c0e00
ARR 6c0dc0 (sz=288, trace=1, nelems=276, elem type=byte)
ARR 6c0d80 (sz=96, trace=1, nelems=42, elem type=short)
ARR 6c0d40 (sz=48, trace=1, nelems=8, elem type=int)
ARR 6c0d20 (sz=32, trace=1, nelems=4, elem type=int)
ARR 6c0d00 (sz=32, trace=1, nelems=4, elem type=int)
ARR 6c0ce0 (sz=32, trace=1, nelems=4, elem type=int)
CLS 6c0cc0 (name=java.nio.charset.Charset, trace=1)
	super		6ae810
	static gate	6b5bc0
	static cache	b248360
	static standardProvider	6b1070
ARR 6c0ca0 (sz=40, trace=1, nelems=12, elem type=short)
ARR 6c0c80 (sz=176, trace=1, nelems=164, elem type=byte)
ARR 6c0c60 (sz=136, trace=1, nelems=121, elem type=byte)
ARR 6c0c40 (sz=48, trace=1, nelems=36, elem type=byte)
ARR 6c0c20 (sz=16, trace=1, nelems=0, elem type=short)
CLS 6c0be0 (name=java.nio.charset.spi.CharsetProvider, trace=1)
	super		6ae810
ARR 6c0bc0 (sz=64, trace=1, nelems=24, elem type=short)
ARR 6c0b80 (sz=64, trace=1, nelems=12, elem type=int)
CLS 6c0b60 (name=sun.nio.cs.AbstractCharsetProvider, trace=1)
	super		6c0be0
ARR 6c0b40 (sz=24, trace=1, nelems=4, elem type=short)
ARR 6c0b20 (sz=24, trace=1, nelems=6, elem type=short)
CLS 6b1120 (name=sun.nio.cs.StandardCharsets, trace=1)
	super		6c0b60
	static instance	6b5c90
ARR 6c0ae0 (sz=376, trace=1, nelems=358, elem type=byte)
ARR 6c0aa0 (sz=32, trace=1, nelems=19, elem type=byte)
ARR 6c0a60 (sz=16, trace=1, nelems=0, elem type=short)
CLS 6c0a20 (name=java.util.SortedMap, trace=1)
	super		6ae810
ARR 6c09c0 (sz=112, trace=1, nelems=48, elem type=short)
ARR 6c0980 (sz=48, trace=1, nelems=8, elem type=int)
ARR 6c0960 (sz=48, trace=1, nelems=8, elem type=int)
ARR 6c0940 (sz=64, trace=1, nelems=12, elem type=int)
ARR 6c0920 (sz=48, trace=1, nelems=8, elem type=int)
CLS 6b1050 (name=java.util.TreeMap, trace=1)
	super		6be260
ARR 6c0900 (sz=96, trace=1, nelems=40, elem type=short)
ARR 6c08e0 (sz=32, trace=1, nelems=8, elem type=char)
OBJ 6c08c0 (sz=24, trace=1, class=java.lang.String@6aeef0)
	value		6c08e0
ARR 6c08a0 (sz=32, trace=1, nelems=8, elem type=char)
OBJ 6c0880 (sz=24, trace=1, class=java.lang.String@6aeef0)
	value		6c08a0
ARR 6c0860 (sz=32, trace=1, nelems=8, elem type=char)
OBJ 6c0840 (sz=24, trace=1, class=java.lang.String@6aeef0)
	value		6c0860
ARR 6c0820 (sz=40, trace=1, nelems=14, elem type=char)
OBJ 6c0800 (sz=24, trace=1, class=java.lang.String@6aeef0)
	value		6c0820
ARR 6c07e0 (sz=48, trace=1, nelems=16, elem type=char)
OBJ 6c07c0 (sz=24, trace=1, class=java.lang.String@6aeef0)
	value		6c07e0
ARR 6c07a0 (sz=24, trace=1, nelems=5, elem type=char)
OBJ 6c0780 (sz=24, trace=1, class=java.lang.String@6aeef0)
	value		6c07a0
ARR 6c0760 (sz=32, trace=1, nelems=9, elem type=char)
OBJ 6c0740 (sz=24, trace=1, class=java.lang.String@6aeef0)
	value		6c0760
ARR 6c0720 (sz=16, trace=1, nelems=2, elem type=char)
OBJ 6c0700 (sz=24, trace=1, class=java.lang.String@6aeef0)
	value		6c0720
ARR 6c06e0 (sz=24, trace=1, nelems=6, elem type=char)
OBJ 6c06c0 (sz=24, trace=1, class=java.lang.String@6aeef0)
	value		6c06e0
ARR 6c06a0 (sz=24, trace=1, nelems=5, elem type=char)
OBJ 6c0680 (sz=24, trace=1, class=java.lang.String@6aeef0)
	value		6c06a0
ARR 6c0660 (sz=32, trace=1, nelems=7, elem type=char)
OBJ 6c0640 (sz=24, trace=1, class=java.lang.String@6aeef0)
	value		6c0660
ARR 6c0620 (sz=24, trace=1, nelems=3, elem type=char)
OBJ 6c0600 (sz=24, trace=1, class=java.lang.String@6aeef0)
	value		6c0620
ARR 6c05e0 (sz=48, trace=1, nelems=16, elem type=char)
OBJ 6c05c0 (sz=24, trace=1, class=java.lang.String@6aeef0)
	value		6c05e0
ARR 6c05a0 (sz=40, trace=1, nelems=14, elem type=char)
OBJ 6c0580 (sz=24, trace=1, class=java.lang.String@6aeef0)
	value		6c05a0
ARR 6c0560 (sz=96, trace=1, nelems=78, elem type=byte)
ARR 6c0520 (sz=88, trace=1, nelems=36, elem type=short)
CLS 6b2ef0 (name=java.util.TreeMap$Entry, trace=1)
	super		6ae810
ARR 6c04e0 (sz=32, trace=1, nelems=8, elem type=short)
ARR 6c04c0 (sz=24, trace=1, nelems=4, elem type=char)
OBJ 6c04a0 (sz=24, trace=1, class=java.lang.String@6aeef0)
	value		6c04c0
ARR 6c0460 (sz=24, trace=1, nelems=5, elem type=char)
OBJ 6c0440 (sz=24, trace=1, class=java.lang.String@6aeef0)
	value		6c0460
ARR 6c0420 (sz=24, trace=1, nelems=5, elem type=char)
OBJ 6c0400 (sz=24, trace=1, class=java.lang.String@6aeef0)
	value		6c0420
ARR 6c03e0 (sz=24, trace=1, nelems=4, elem type=char)
OBJ 6c03c0 (sz=24, trace=1, class=java.lang.String@6aeef0)
	value		6c03e0
ARR 6c03a0 (sz=24, trace=1, nelems=6, elem type=char)
OBJ 6c0380 (sz=24, trace=1, class=java.lang.String@6aeef0)
	value		6c03a0
ARR 6c0360 (sz=24, trace=1, nelems=6, elem type=char)
OBJ 6c0340 (sz=24, trace=1, class=java.lang.String@6aeef0)
	value		6c0360
ARR 6c0320 (sz=32, trace=1, nelems=8, elem type=char)
OBJ 6c0300 (sz=24, trace=1, class=java.lang.String@6aeef0)
	value		6c0320
ARR 6c02e0 (sz=32, trace=1, nelems=8, elem type=char)
OBJ 6c02c0 (sz=24, trace=1, class=java.lang.String@6aeef0)
	value		6c02e0
ARR 6c02a0 (sz=48, trace=1, nelems=15, elem type=char)
OBJ 6c0280 (sz=24, trace=1, class=java.lang.String@6aeef0)
	value		6c02a0
ARR 6c0260 (sz=32, trace=1, nelems=10, elem type=char)
OBJ 6c0240 (sz=24, trace=1, class=java.lang.String@6aeef0)
	value		6c0260
ARR 6c0220 (sz=32, trace=1, nelems=8, elem type=char)
OBJ 6c0200 (sz=24, trace=1, class=java.lang.String@6aeef0)
	value		6c0220
ARR 6c01e0 (sz=32, trace=1, nelems=8, elem type=char)
OBJ 6c01c0 (sz=24, trace=1, class=java.lang.String@6aeef0)
	value		6c01e0
ARR 6c01a0 (sz=32, trace=1, nelems=10, elem type=char)
OBJ 6c0180 (sz=24, trace=1, class=java.lang.String@6aeef0)
	value		6c01a0
ARR 6c0160 (sz=32, trace=1, nelems=10, elem type=char)
OBJ 6c0140 (sz=24, trace=1, class=java.lang.String@6aeef0)
	value		6c0160
ARR 6c0120 (sz=32, trace=1, nelems=10, elem type=char)
OBJ 6c0100 (sz=24, trace=1, class=java.lang.String@6aeef0)
	value		6c0120
ARR 6c00e0 (sz=32, trace=1, nelems=10, elem type=char)
OBJ 6c00c0 (sz=24, trace=1, class=java.lang.String@6aeef0)
	value		6c00e0
ARR 6c00a0 (sz=32, trace=1, nelems=10, elem type=char)
OBJ 6c0080 (sz=24, trace=1, class=java.lang.String@6aeef0)
	value		6c00a0
ARR 6c0060 (sz=24, trace=1, nelems=6, elem type=char)
OBJ 6c0040 (sz=24, trace=1, class=java.lang.String@6aeef0)
	value		6c0060
ARR 6c0020 (sz=16, trace=1, nelems=2, elem type=char)
OBJ 6c1fe0 (sz=24, trace=1, class=java.lang.String@6aeef0)
	value		6c0020
ARR 6c1fc0 (sz=24, trace=1, nelems=6, elem type=char)
OBJ 6c1fa0 (sz=24, trace=1, class=java.lang.String@6aeef0)
	value		6c1fc0
ARR 6c1f80 (sz=24, trace=1, nelems=5, elem type=char)
OBJ 6c1f60 (sz=24, trace=1, class=java.lang.String@6aeef0)
	value		6c1f80
ARR 6c1f40 (sz=40, trace=1, nelems=11, elem type=char)
OBJ 6c1f20 (sz=24, trace=1, class=java.lang.String@6aeef0)
	value		6c1f40
ARR 6c1f00 (sz=24, trace=1, nelems=3, elem type=char)
OBJ 6c1ee0 (sz=24, trace=1, class=java.lang.String@6aeef0)
	value		6c1f00
ARR 6c1ec0 (sz=32, trace=1, nelems=7, elem type=char)
OBJ 6c1ea0 (sz=24, trace=1, class=java.lang.String@6aeef0)
	value		6c1ec0
ARR 6c1e80 (sz=32, trace=1, nelems=9, elem type=char)
OBJ 6c1e60 (sz=24, trace=1, class=java.lang.String@6aeef0)
	value		6c1e80
ARR 6c1e40 (sz=48, trace=1, nelems=15, elem type=char)
OBJ 6c1e20 (sz=24, trace=1, class=java.lang.String@6aeef0)
	value		6c1e40
ARR 6c1e00 (sz=24, trace=1, nelems=6, elem type=char)
OBJ 6c1de0 (sz=24, trace=1, class=java.lang.String@6aeef0)
	value		6c1e00
ARR 6c1dc0 (sz=32, trace=1, nelems=9, elem type=char)
OBJ 6c1da0 (sz=24, trace=1, class=java.lang.String@6aeef0)
	value		6c1dc0
ARR 6c1d80 (sz=40, trace=1, nelems=11, elem type=char)
OBJ 6c1d60 (sz=24, trace=1, class=java.lang.String@6aeef0)
	value		6c1d80
ARR 6c1d40 (sz=40, trace=1, nelems=11, elem type=char)
OBJ 6c1d20 (sz=24, trace=1, class=java.lang.String@6aeef0)
	value		6c1d40
ARR 6c1d00 (sz=40, trace=1, nelems=11, elem type=char)
OBJ 6c1ce0 (sz=24, trace=1, class=java.lang.String@6aeef0)
	value		6c1d00
ARR 6c1cc0 (sz=32, trace=1, nelems=7, elem type=char)
OBJ 6c1ca0 (sz=24, trace=1, class=java.lang.String@6aeef0)
	value		6c1cc0
ARR 6c1c80 (sz=32, trace=1, nelems=10, elem type=char)
OBJ 6c1c60 (sz=24, trace=1, class=java.lang.String@6aeef0)
	value		6c1c80
ARR 6c1c40 (sz=24, trace=1, nelems=6, elem type=char)
OBJ 6c1c20 (sz=24, trace=1, class=java.lang.String@6aeef0)
	value		6c1c40
ARR 6c1c00 (sz=32, trace=1, nelems=7, elem type=char)
OBJ 6c1be0 (sz=24, trace=1, class=java.lang.String@6aeef0)
	value		6c1c00
ARR 6c1bc0 (sz=24, trace=1, nelems=5, elem type=char)
OBJ 6c1ba0 (sz=24, trace=1, class=java.lang.String@6aeef0)
	value		6c1bc0
ARR 6c1b80 (sz=24, trace=1, nelems=3, elem type=char)
OBJ 6c1b60 (sz=24, trace=1, class=java.lang.String@6aeef0)
	value		6c1b80
ARR 6c1b40 (sz=24, trace=1, nelems=6, elem type=char)
OBJ 6c1b20 (sz=24, trace=1, class=java.lang.String@6aeef0)
	value		6c1b40
ARR 6c1b00 (sz=24, trace=1, nelems=6, elem type=char)
OBJ 6c1ae0 (sz=24, trace=1, class=java.lang.String@6aeef0)
	value		6c1b00
ARR 6c1ac0 (sz=16, trace=1, nelems=2, elem type=char)
OBJ 6c1aa0 (sz=24, trace=1, class=java.lang.String@6aeef0)
	value		6c1ac0
ARR 6c1a80 (sz=40, trace=1, nelems=11, elem type=char)
OBJ 6c1a60 (sz=24, trace=1, class=java.lang.String@6aeef0)
	value		6c1a80
ARR 6c1a40 (sz=40, trace=1, nelems=11, elem type=char)
OBJ 6c1a20 (sz=24, trace=1, class=java.lang.String@6aeef0)
	value		6c1a40
ARR 6c1a00 (sz=48, trace=1, nelems=15, elem type=char)
OBJ 6c19e0 (sz=24, trace=1, class=java.lang.String@6aeef0)
	value		6c1a00
ARR 6c19c0 (sz=40, trace=1, nelems=12, elem type=char)
OBJ 6c19a0 (sz=24, trace=1, class=java.lang.String@6aeef0)
	value		6c19c0
ARR 6c1980 (sz=24, trace=1, nelems=6, elem type=char)
OBJ 6c1960 (sz=24, trace=1, class=java.lang.String@6aeef0)
	value		6c1980
ARR 6c1940 (sz=24, trace=1, nelems=6, elem type=char)
OBJ 6c1920 (sz=24, trace=1, class=java.lang.String@6aeef0)
	value		6c1940
ARR 6c1900 (sz=96, trace=1, nelems=83, elem type=byte)
ARR 6c18e0 (sz=48, trace=1, nelems=18, elem type=short)
CLS 6b5c70 (name=java.lang.ThreadLocal, trace=1)
	super		6ae810
ARR 6c18a0 (sz=32, trace=1, nelems=8, elem type=short)
ARR 6c1880 (sz=24, trace=1, nelems=4, elem type=char)
OBJ 6c1860 (sz=24, trace=1, class=java.lang.String@6aeef0)
	value		6c1880
ARR 6c1840 (sz=40, trace=1, nelems=11, elem type=char)
OBJ 6c1820 (sz=24, trace=1, class=java.lang.String@6aeef0)
	value		6c1840
ARR 6c1800 (sz=64, trace=1, nelems=47, elem type=byte)
ARR 6c17c0 (sz=24, trace=1, nelems=9, elem type=byte)
ARR 6c17a0 (sz=16, trace=1, nelems=0, elem type=short)
CLS 6c1760 (name=sun.nio.cs.HistoricallyNamedCharset, trace=1)
	super		6ae810
ARR 6c1720 (sz=16, trace=1, nelems=0, elem type=short)
CLS 6b56b0 (name=sun.nio.cs.MS1252, trace=1)
	super		6c0cc0
ARR 6c16e0 (sz=32, trace=1, nelems=8, elem type=short)
ARR 6c16c0 (sz=48, trace=1, nelems=15, elem type=char)
OBJ 6c16a0 (sz=24, trace=1, class=java.lang.String@6aeef0)
	value		6c16c0
ARR 6c1680 (sz=64, trace=1, nelems=48, elem type=byte)
ARR 6c1640 (sz=16, trace=1, nelems=0, elem type=short)
CLS 6c1600 (name=java.lang.Class$3, trace=1)
	super		6ae810
ARR 6c15e0 (sz=24, trace=1, nelems=4, elem type=short)
ARR 6c15a0 (sz=136, trace=1, nelems=121, elem type=byte)
ARR 6c1580 (sz=160, trace=1, nelems=72, elem type=short)
CLS 6c1540 (name=java.lang.reflect.Modifier, trace=1)
	super		6ae810
ARR 6c1520 (sz=24, trace=1, nelems=4, elem type=short)
ARR 6c1500 (sz=96, trace=1, nelems=78, elem type=byte)
ARR 6c14c0 (sz=48, trace=1, nelems=29, elem type=byte)
ARR 6c14a0 (sz=16, trace=1, nelems=0, elem type=short)
CLS 6c1460 (name=sun.reflect.LangReflectAccess, trace=1)
	super		6ae810
ARR 6c1440 (sz=16, trace=1, nelems=0, elem type=short)
CLS 6b5940 (name=java.lang.reflect.ReflectAccess, trace=1)
	super		6ae810
ARR 6c1400 (sz=48, trace=1, nelems=35, elem type=byte)
ARR 6c13c0 (sz=40, trace=1, nelems=12, elem type=short)
CLS 6c1380 (name=java.lang.Class$1, trace=1)
	super		6ae810
ARR 6c1360 (sz=24, trace=1, nelems=4, elem type=short)
ARR 6c1320 (sz=96, trace=1, nelems=78, elem type=byte)
ARR 6c12e0 (sz=16, trace=1, nelems=0, elem type=short)
ARR 6c12a0 (sz=32, trace=1, nelems=4, elem type=int)
CLS 6c1280 (name=sun.reflect.ReflectionFactory$1, trace=1)
	super		6ae810
ARR 6c1260 (sz=24, trace=1, nelems=4, elem type=short)
ARR 6c1240 (sz=88, trace=1, nelems=35, elem type=char)
OBJ 6c1220 (sz=24, trace=1, class=java.lang.String@6aeef0)
	value		6c1240
ARR 6c1200 (sz=88, trace=1, nelems=76, elem type=byte)
ARR 6c11e0 (sz=48, trace=1, nelems=18, elem type=short)
CLS 6b5850 (name=sun.reflect.NativeConstructorAccessorImpl, trace=1)
	super		6bc8c0
ARR 6c11a0 (sz=48, trace=1, nelems=32, elem type=byte)
ARR 6c1180 (sz=24, trace=1, nelems=6, elem type=short)
CLS 6b5780 (name=sun.reflect.DelegatingConstructorAccessorImpl, trace=1)
	super		6bc8c0
ARR 6c1140 (sz=272, trace=1, nelems=260, elem type=byte)
ARR 6c1120 (sz=120, trace=1, nelems=54, elem type=short)
CLS 6b55a0 (name=sun.nio.cs.StreamEncoder$CharsetSE, trace=1)
	super		6bf200
ARR 6c10e0 (sz=32, trace=1, nelems=8, elem type=short)
ARR 6c10c0 (sz=64, trace=1, nelems=24, elem type=char)
OBJ 6c10a0 (sz=24, trace=1, class=java.lang.String@6aeef0)
	value		6c10c0
ARR 6c1080 (sz=48, trace=1, nelems=32, elem type=byte)
ARR 6c1060 (sz=192, trace=1, nelems=178, elem type=byte)
ARR 6c1040 (sz=344, trace=1, nelems=330, elem type=byte)
ARR 6c1020 (sz=168, trace=1, nelems=78, elem type=short)
ARR 6c2fc0 (sz=48, trace=1, nelems=8, elem type=int)
ARR 6c2fa0 (sz=80, trace=1, nelems=16, elem type=int)
CLS 6c2f80 (name=java.nio.charset.CharsetEncoder, trace=1)
	super		6ae810
	static stateNames	6b54d0
ARR 6c2f60 (sz=112, trace=1, nelems=48, elem type=short)
ARR 6c2f20 (sz=128, trace=1, nelems=28, elem type=int)
ARR 6c2f00 (sz=128, trace=1, nelems=28, elem type=int)
ARR 6c2ee0 (sz=32, trace=1, nelems=4, elem type=int)
CLS 6c2ec0 (name=sun.nio.cs.SingleByteEncoder, trace=1)
	super		6c2f80
	static class$sun$nio$cs$SingleByteEncoder	6c2ec0
ARR 6c2ea0 (sz=24, trace=1, nelems=4, elem type=short)
ARR 6c2e80 (sz=40, trace=1, nelems=12, elem type=short)
CLS 6b5490 (name=sun.nio.cs.MS1252$Encoder, trace=1)
	super		6c2ec0
	static index1	6b54b0
	static index2	6c2e00
ARR 6c2e40 (sz=24, trace=1, nelems=4, elem type=short)
ARR 6c2e20 (sz=2368, trace=1, nelems=1176, elem type=char)
OBJ 6c2e00 (sz=24, trace=1, class=java.lang.String@6aeef0)
	value		6c2e20
ARR 6c2de0 (sz=24, trace=1, nelems=5, elem type=char)
OBJ 6c2dc0 (sz=24, trace=1, class=java.lang.String@6aeef0)
	value		6c2de0
ARR 6c2da0 (sz=24, trace=1, nelems=6, elem type=char)
OBJ 6c2d80 (sz=24, trace=1, class=java.lang.String@6aeef0)
	value		6c2da0
ARR 6c2d60 (sz=32, trace=1, nelems=10, elem type=char)
OBJ 6c2d40 (sz=24, trace=1, class=java.lang.String@6aeef0)
	value		6c2d60
ARR 6c2d20 (sz=32, trace=1, nelems=7, elem type=char)
OBJ 6c2d00 (sz=24, trace=1, class=java.lang.String@6aeef0)
	value		6c2d20
ARR 6c2ce0 (sz=72, trace=1, nelems=28, elem type=char)
OBJ 6c2cc0 (sz=24, trace=1, class=java.lang.String@6aeef0)
	value		6c2ce0
ARR 6c2ca0 (sz=48, trace=1, nelems=36, elem type=byte)
ARR 6c2c80 (sz=64, trace=1, nelems=24, elem type=short)
CLS 6b53a0 (name=java.nio.charset.CodingErrorAction, trace=1)
	super		6ae810
	static REPORT	6b52b0
	static REPLACE	6b52d0
	static IGNORE	6b52f0
ARR 6c2c40 (sz=24, trace=1, nelems=6, elem type=char)
OBJ 6c2c20 (sz=24, trace=1, class=java.lang.String@6aeef0)
	value		6c2c40
ARR 6c2c00 (sz=32, trace=1, nelems=7, elem type=char)
OBJ 6c2be0 (sz=24, trace=1, class=java.lang.String@6aeef0)
	value		6c2c00
ARR 6c2bc0 (sz=24, trace=1, nelems=6, elem type=char)
OBJ 6c2ba0 (sz=24, trace=1, class=java.lang.String@6aeef0)
	value		6c2bc0
ARR 6c2b80 (sz=40, trace=1, nelems=23, elem type=byte)
ARR 6c2b60 (sz=152, trace=1, nelems=136, elem type=byte)
ARR 6c2b40 (sz=272, trace=1, nelems=254, elem type=byte)
ARR 6c2b20 (sz=160, trace=1, nelems=72, elem type=short)
ARR 6c2ae0 (sz=48, trace=1, nelems=8, elem type=int)
CLS 6c2ac0 (name=java.nio.charset.CharsetDecoder, trace=1)
	super		6ae810
	static stateNames	6b5290
ARR 6c2aa0 (sz=48, trace=1, nelems=18, elem type=short)
ARR 6c2a60 (sz=96, trace=1, nelems=20, elem type=int)
ARR 6c2a40 (sz=96, trace=1, nelems=20, elem type=int)
ARR 6c2a20 (sz=32, trace=1, nelems=4, elem type=int)
CLS 6c2a00 (name=sun.nio.cs.SingleByteDecoder, trace=1)
	super		6c2ac0
	static class$sun$nio$cs$SingleByteDecoder	6c2a00
ARR 6c29e0 (sz=24, trace=1, nelems=6, elem type=short)
CLS 6c29a0 (name=sun.nio.cs.MS1252$Decoder, trace=1)
	super		6c2a00
	static byteToCharTable	6c2940
ARR 6c2980 (sz=24, trace=1, nelems=4, elem type=short)
ARR 6c2960 (sz=528, trace=1, nelems=256, elem type=char)
OBJ 6c2940 (sz=24, trace=1, class=java.lang.String@6aeef0)
	value		6c2960
ARR 6c2920 (sz=72, trace=1, nelems=28, elem type=char)
OBJ 6c2900 (sz=24, trace=1, class=java.lang.String@6aeef0)
	value		6c2920
ARR 6c28e0 (sz=16, trace=1, nelems=1, elem type=char)
OBJ 6c28c0 (sz=24, trace=1, class=java.lang.String@6aeef0)
	value		6c28e0
ARR 6c28a0 (sz=264, trace=1, nelems=249, elem type=byte)
ARR 6c2860 (sz=72, trace=1, nelems=30, elem type=short)
ARR 6c2820 (sz=32, trace=1, nelems=4, elem type=int)
CLS 6c2800 (name=java.nio.ByteBuffer, trace=1)
	super		6bc300
ARR 6c27e0 (sz=368, trace=1, nelems=351, elem type=byte)
ARR 6c27c0 (sz=16, trace=1, nelems=0, elem type=short)
CLS 6b6c50 (name=java.nio.HeapByteBuffer, trace=1)
	super		6c2800
ARR 6c2780 (sz=424, trace=1, nelems=409, elem type=byte)
ARR 6c2760 (sz=72, trace=1, nelems=30, elem type=short)
ARR 6c2720 (sz=48, trace=1, nelems=8, elem type=int)
CLS 6c2700 (name=java.nio.Bits, trace=1)
	super		6ae810
	static byteOrder	6b6fe0
	static unsafe	6b50f0
ARR 6c26e0 (sz=144, trace=1, nelems=132, elem type=byte)
ARR 6c26c0 (sz=40, trace=1, nelems=12, elem type=short)
CLS 6b51a0 (name=sun.misc.Unsafe, trace=1)
	super		6ae810
	static theUnsafe	6b50f0
ARR 6c2680 (sz=56, trace=1, nelems=39, elem type=byte)
ARR 6c2660 (sz=48, trace=1, nelems=18, elem type=short)
CLS 6b50d0 (name=java.nio.ByteOrder, trace=1)
	super		6ae810
	static LITTLE_ENDIAN	6b6fe0
	static BIG_ENDIAN	6b5020
ARR 6c2620 (sz=32, trace=1, nelems=10, elem type=char)
OBJ 6c2600 (sz=24, trace=1, class=java.lang.String@6aeef0)
	value		6c2620
ARR 6c25e0 (sz=40, trace=1, nelems=13, elem type=char)
OBJ 6c25c0 (sz=24, trace=1, class=java.lang.String@6aeef0)
	value		6c25e0
ARR 6c25a0 (sz=192, trace=1, nelems=173, elem type=byte)
ARR 6c2560 (sz=48, trace=1, nelems=18, elem type=short)
ARR 6c2520 (sz=32, trace=1, nelems=4, elem type=int)
ARR 6c2500 (sz=32, trace=1, nelems=4, elem type=int)
CLS 6c24e0 (name=java.nio.CharBuffer, trace=1)
	super		6bc300
ARR 6c24c0 (sz=192, trace=1, nelems=173, elem type=byte)
ARR 6c24a0 (sz=16, trace=1, nelems=0, elem type=short)
ARR 6c2460 (sz=32, trace=1, nelems=4, elem type=int)
CLS 6c2440 (name=java.nio.HeapCharBuffer, trace=1)
	super		6c24e0
ARR 6c2420 (sz=144, trace=1, nelems=131, elem type=byte)
ARR 6c2400 (sz=160, trace=1, nelems=72, elem type=short)
CLS 6b6fa0 (name=java.nio.charset.CoderResult, trace=1)
	super		6ae810
	static unmappableCache	6b6d40
	static malformedCache	6b6e10
	static OVERFLOW	6b6ee0
	static UNDERFLOW	6b6f00
	static names	6b6fc0
ARR 6c23c0 (sz=40, trace=1, nelems=12, elem type=short)
ARR 6c23a0 (sz=32, trace=1, nelems=9, elem type=char)
OBJ 6c2380 (sz=24, trace=1, class=java.lang.String@6aeef0)
	value		6c23a0
ARR 6c2360 (sz=32, trace=1, nelems=8, elem type=char)
OBJ 6c2340 (sz=24, trace=1, class=java.lang.String@6aeef0)
	value		6c2360
ARR 6c2320 (sz=32, trace=1, nelems=9, elem type=char)
OBJ 6c2300 (sz=24, trace=1, class=java.lang.String@6aeef0)
	value		6c2320
ARR 6c22e0 (sz=32, trace=1, nelems=10, elem type=char)
OBJ 6c22c0 (sz=24, trace=1, class=java.lang.String@6aeef0)
	value		6c22e0
ARR 6c22a0 (sz=40, trace=1, nelems=24, elem type=byte)
ARR 6c2280 (sz=80, trace=1, nelems=68, elem type=byte)
ARR 6c2260 (sz=24, trace=1, nelems=6, elem type=short)
CLS 6c2220 (name=java.nio.charset.CoderResult$Cache, trace=1)
	super		6ae810
ARR 6c2200 (sz=32, trace=1, nelems=8, elem type=short)
ARR 6c21e0 (sz=16, trace=1, nelems=0, elem type=short)
CLS 6b6ec0 (name=java.nio.charset.CoderResult$1, trace=1)
	super		6c2220
ARR 6c21a0 (sz=32, trace=1, nelems=8, elem type=short)
ARR 6c2180 (sz=40, trace=1, nelems=26, elem type=byte)
ARR 6c2160 (sz=16, trace=1, nelems=0, elem type=short)
CLS 6b6df0 (name=java.nio.charset.CoderResult$2, trace=1)
	super		6c2220
ARR 6c2120 (sz=40, trace=1, nelems=12, elem type=short)
ARR 6c2100 (sz=104, trace=1, nelems=92, elem type=byte)
ARR 6c20e0 (sz=64, trace=1, nelems=24, elem type=short)
CLS 6b6d20 (name=sun.nio.cs.Surrogate$Parser, trace=1)
	super		6ae810
ARR 6c20a0 (sz=24, trace=1, nelems=4, elem type=short)
ARR 6c2080 (sz=104, trace=1, nelems=92, elem type=byte)
ARR 6c2060 (sz=136, trace=1, nelems=60, elem type=short)
ARR 6c2020 (sz=32, trace=1, nelems=4, elem type=int)
CLS 6c3fe0 (name=sun.nio.cs.Surrogate, trace=1)
	super		6ae810
	static class$sun$nio$cs$Surrogate	6c3fe0
ARR 6c3fc0 (sz=32, trace=1, nelems=8, elem type=short)
ARR 6c3fa0 (sz=56, trace=1, nelems=20, elem type=char)
OBJ 6c3f80 (sz=24, trace=1, class=java.lang.String@6aeef0)
	value		6c3fa0
ARR 6c3f60 (sz=128, trace=1, nelems=115, elem type=byte)
ARR 6c3f40 (sz=88, trace=1, nelems=36, elem type=short)
ARR 6c3f00 (sz=64, trace=1, nelems=12, elem type=int)
ARR 6c3ee0 (sz=48, trace=1, nelems=8, elem type=int)
ARR 6c3ec0 (sz=80, trace=1, nelems=16, elem type=int)
ARR 6c3ea0 (sz=48, trace=1, nelems=8, elem type=int)
ARR 6c3e80 (sz=48, trace=1, nelems=8, elem type=int)
ARR 6c3e60 (sz=64, trace=1, nelems=12, elem type=int)
CLS 6b6b60 (name=java.io.BufferedWriter, trace=1)
	super		6bf3a0
ARR 6c3e40 (sz=40, trace=1, nelems=14, elem type=char)
OBJ 6c3e20 (sz=24, trace=1, class=java.lang.String@6aeef0)
	value		6c3e40
ARR 6c3e00 (sz=528, trace=1, nelems=515, elem type=byte)
ARR 6c3de0 (sz=160, trace=1, nelems=72, elem type=short)
ARR 6c3da0 (sz=64, trace=1, nelems=12, elem type=int)
ARR 6c3d80 (sz=48, trace=1, nelems=8, elem type=int)
ARR 6c3d60 (sz=32, trace=1, nelems=4, elem type=int)
ARR 6c3d40 (sz=64, trace=1, nelems=12, elem type=int)
ARR 6c3d20 (sz=32, trace=1, nelems=4, elem type=int)
ARR 6c3d00 (sz=32, trace=1, nelems=4, elem type=int)
ARR 6c3ce0 (sz=32, trace=1, nelems=4, elem type=int)
ARR 6c3cc0 (sz=32, trace=1, nelems=4, elem type=int)
ARR 6c3ca0 (sz=32, trace=1, nelems=4, elem type=int)
ARR 6c3c80 (sz=32, trace=1, nelems=4, elem type=int)
CLS 6b6540 (name=java.util.logging.LogManager, trace=1)
	super		6ae810
	static class$java$util$logging$LogManager	6b6540
	static defaultLevel	6b6600
	static emptyHandlers	6b6820
	static manager	6b6490
ARR 6c3c60 (sz=64, trace=1, nelems=24, elem type=short)
ARR 6c3c40 (sz=168, trace=1, nelems=149, elem type=byte)
ARR 6c3c20 (sz=112, trace=1, nelems=48, elem type=short)
ARR 6c3be0 (sz=32, trace=1, nelems=4, elem type=int)
CLS 6b68d0 (name=java.util.logging.Handler, trace=1)
	super		6ae810
ARR 6c3ba0 (sz=192, trace=1, nelems=180, elem type=byte)
ARR 6c3b60 (sz=192, trace=1, nelems=90, elem type=short)
ARR 6c3b20 (sz=48, trace=1, nelems=8, elem type=int)
ARR 6c3b00 (sz=32, trace=1, nelems=4, elem type=int)
ARR 6c3ae0 (sz=64, trace=1, nelems=12, elem type=int)
ARR 6c3ac0 (sz=32, trace=1, nelems=4, elem type=int)
ARR 6c3aa0 (sz=32, trace=1, nelems=4, elem type=int)
ARR 6c3a80 (sz=32, trace=1, nelems=4, elem type=int)
CLS 6b6710 (name=java.util.logging.Level, trace=1)
	super		6ae810
	static class$java$util$logging$Level	6b6710
	static ALL	6b6560
	static FINEST	6b6580
	static FINER	6b65a0
	static FINE	6b65c0
	static CONFIG	6b65e0
	static INFO	6b6600
	static WARNING	6b6620
	static SEVERE	6b6640
	static OFF	6b6660
	static defaultBundle	6c3960
	static known	6b6750
ARR 6c3a60 (sz=216, trace=1, nelems=201, elem type=byte)
ARR 6c39e0 (sz=48, trace=1, nelems=18, elem type=short)
ARR 6c39a0 (sz=32, trace=1, nelems=4, elem type=int)
CLS 6b6800 (name=java.util.ArrayList, trace=1)
	super		6bc580
ARR 6c3980 (sz=80, trace=1, nelems=34, elem type=char)
OBJ 6c3960 (sz=24, trace=1, class=java.lang.String@6aeef0)
	value		6c3980
ARR 6c3940 (sz=24, trace=1, nelems=3, elem type=char)
OBJ 6c3920 (sz=24, trace=1, class=java.lang.String@6aeef0)
	value		6c3940
ARR 6c3900 (sz=64, trace=1, nelems=23, elem type=char)
OBJ 6c38e0 (sz=24, trace=1, class=java.lang.String@6aeef0)
	value		6c3900
ARR 6c38c0 (sz=24, trace=1, nelems=6, elem type=char)
OBJ 6c38a0 (sz=24, trace=1, class=java.lang.String@6aeef0)
	value		6c38c0
ARR 6c3880 (sz=32, trace=1, nelems=7, elem type=char)
OBJ 6c3860 (sz=24, trace=1, class=java.lang.String@6aeef0)
	value		6c3880
ARR 6c3840 (sz=24, trace=1, nelems=4, elem type=char)
OBJ 6c3820 (sz=24, trace=1, class=java.lang.String@6aeef0)
	value		6c3840
ARR 6c3800 (sz=24, trace=1, nelems=6, elem type=char)
OBJ 6c37e0 (sz=24, trace=1, class=java.lang.String@6aeef0)
	value		6c3800
ARR 6c37c0 (sz=24, trace=1, nelems=4, elem type=char)
OBJ 6c37a0 (sz=24, trace=1, class=java.lang.String@6aeef0)
	value		6c37c0
ARR 6c3780 (sz=24, trace=1, nelems=5, elem type=char)
OBJ 6c3760 (sz=24, trace=1, class=java.lang.String@6aeef0)
	value		6c3780
ARR 6c3740 (sz=24, trace=1, nelems=6, elem type=char)
OBJ 6c3720 (sz=24, trace=1, class=java.lang.String@6aeef0)
	value		6c3740
ARR 6c3700 (sz=24, trace=1, nelems=3, elem type=char)
OBJ 6c36e0 (sz=24, trace=1, class=java.lang.String@6aeef0)
	value		6c3700
ARR 6c36c0 (sz=64, trace=1, nelems=25, elem type=char)
OBJ 6c36a0 (sz=24, trace=1, class=java.lang.String@6aeef0)
	value		6c36c0
ARR 6c3680 (sz=232, trace=1, nelems=219, elem type=byte)
ARR 6c3640 (sz=72, trace=1, nelems=30, elem type=short)
ARR 6c3600 (sz=48, trace=1, nelems=8, elem type=int)
ARR 6c35e0 (sz=48, trace=1, nelems=8, elem type=int)
ARR 6c35c0 (sz=48, trace=1, nelems=8, elem type=int)
CLS 6b6470 (name=java.beans.PropertyChangeSupport, trace=1)
	super		6ae810
ARR 6c35a0 (sz=72, trace=1, nelems=28, elem type=char)
OBJ 6c3580 (sz=24, trace=1, class=java.lang.String@6aeef0)
	value		6c35a0
ARR 6c3560 (sz=72, trace=1, nelems=60, elem type=byte)
ARR 6c3540 (sz=48, trace=1, nelems=18, elem type=short)
CLS 6b62b0 (name=java.util.logging.LogManager$LogNode, trace=1)
	super		6ae810
ARR 6c3500 (sz=24, trace=1, nelems=4, elem type=short)
ARR 6c34e0 (sz=64, trace=1, nelems=47, elem type=byte)
ARR 6c34c0 (sz=16, trace=1, nelems=0, elem type=short)
CLS 6b61e0 (name=java.util.logging.LoggingPermission, trace=1)
	super		6bd110
ARR 6c3480 (sz=32, trace=1, nelems=7, elem type=char)
OBJ 6c3460 (sz=24, trace=1, class=java.lang.String@6aeef0)
	value		6c3480
ARR 6c3440 (sz=216, trace=1, nelems=197, elem type=byte)
ARR 6c3420 (sz=24, trace=1, nelems=6, elem type=short)
ARR 6c33e0 (sz=32, trace=1, nelems=4, elem type=int)
CLS 6b6110 (name=java.lang.Runtime, trace=1)
	super		6ae810
	static currentRuntime	6b6060
ARR 6c33c0 (sz=56, trace=1, nelems=40, elem type=byte)
ARR 6c33a0 (sz=24, trace=1, nelems=6, elem type=short)
ARR 6c3360 (sz=48, trace=1, nelems=8, elem type=int)
CLS 6b6040 (name=java.util.logging.LogManager$Cleaner, trace=1)
	super		6aeb80
ARR 6c3340 (sz=32, trace=1, nelems=8, elem type=short)
ARR 6c3320 (sz=32, trace=1, nelems=7, elem type=char)
OBJ 6c3300 (sz=24, trace=1, class=java.lang.String@6aeef0)
	value		6c3320
ARR 6c32e0 (sz=24, trace=1, nelems=3, elem type=char)
OBJ 6c32c0 (sz=24, trace=1, class=java.lang.String@6aeef0)
	value		6c32e0
ARR 6c32a0 (sz=184, trace=1, nelems=169, elem type=byte)
ARR 6c3280 (sz=112, trace=1, nelems=48, elem type=short)
ARR 6c3240 (sz=48, trace=1, nelems=8, elem type=int)
ARR 6c3220 (sz=48, trace=1, nelems=8, elem type=int)
ARR 6c3200 (sz=64, trace=1, nelems=12, elem type=int)
ARR 6c31e0 (sz=32, trace=1, nelems=4, elem type=int)
ARR 6c31c0 (sz=96, trace=1, nelems=20, elem type=int)
ARR 6c31a0 (sz=80, trace=1, nelems=16, elem type=int)
ARR 6c3180 (sz=80, trace=1, nelems=16, elem type=int)
ARR 6c3160 (sz=32, trace=1, nelems=4, elem type=int)
CLS 6c3140 (name=java.lang.Shutdown, trace=1)
	super		6ae810
	static class$java$lang$Shutdown	6c3140
	static lock	6b7e30
	static hooks	6b7d40
ARR 6c3120 (sz=40, trace=1, nelems=12, elem type=short)
ARR 6c3100 (sz=40, trace=1, nelems=23, elem type=byte)
ARR 6c30e0 (sz=16, trace=1, nelems=0, elem type=short)
CLS 6b7ed0 (name=java.lang.Shutdown$Lock, trace=1)
	super		6ae810
ARR 6c30a0 (sz=32, trace=1, nelems=8, elem type=short)
ARR 6c3080 (sz=176, trace=1, nelems=161, elem type=byte)
ARR 6c3060 (sz=80, trace=1, nelems=63, elem type=byte)
ARR 6c3020 (sz=48, trace=1, nelems=31, elem type=byte)
ARR 6c4fc0 (sz=16, trace=1, nelems=0, elem type=short)
CLS 6c4f80 (name=java.util.Set, trace=1)
	super		6ae810
ARR 6c4f20 (sz=16, trace=1, nelems=0, elem type=short)
ARR 6c4ee0 (sz=48, trace=1, nelems=8, elem type=int)
CLS 6c4ec0 (name=java.util.AbstractSet, trace=1)
	super		6bc6e0
ARR 6c4e40 (sz=48, trace=1, nelems=18, elem type=short)
ARR 6c4e00 (sz=32, trace=1, nelems=4, elem type=int)
CLS 6b7df0 (name=java.util.HashSet, trace=1)
	super		6c4ec0
	static PRESENT	6b7e10
ARR 6c4de0 (sz=48, trace=1, nelems=35, elem type=byte)
ARR 6c4dc0 (sz=24, trace=1, nelems=6, elem type=short)
CLS 6b7ce0 (name=java.lang.Shutdown$WrappedHook, trace=1)
	super		6ae810
ARR 6c4d80 (sz=24, trace=1, nelems=4, elem type=short)
ARR 6c4d60 (sz=56, trace=1, nelems=40, elem type=byte)
ARR 6c4d40 (sz=24, trace=1, nelems=6, elem type=short)
ARR 6c4d00 (sz=32, trace=1, nelems=4, elem type=int)
CLS 6c4ce0 (name=java.lang.Terminator, trace=1)
	super		6ae810
	static handler	6b7b00
ARR 6c4cc0 (sz=24, trace=1, nelems=4, elem type=short)
ARR 6c4ca0 (sz=48, trace=1, nelems=31, elem type=byte)
ARR 6c4c60 (sz=40, trace=1, nelems=26, elem type=byte)
ARR 6c4c40 (sz=40, trace=1, nelems=12, elem type=short)
CLS 6c4c00 (name=sun.misc.SignalHandler, trace=1)
	super		6ae810
	static SIG_IGN	6b77b0
	static SIG_DFL	6b77d0
ARR 6c4be0 (sz=16, trace=1, nelems=0, elem type=short)
CLS 6b7bb0 (name=java.lang.Terminator$1, trace=1)
	super		6ae810
ARR 6c4ba0 (sz=24, trace=1, nelems=4, elem type=short)
ARR 6c4b80 (sz=160, trace=1, nelems=141, elem type=byte)
ARR 6c4b60 (sz=64, trace=1, nelems=24, elem type=short)
ARR 6c4b20 (sz=96, trace=1, nelems=20, elem type=int)
CLS 6b7a60 (name=sun.misc.Signal, trace=1)
	super		6ae810
	static signals	6b7aa0
	static handlers	6b7ae0
ARR 6c4b00 (sz=24, trace=1, nelems=4, elem type=short)
ARR 6c4ae0 (sz=24, trace=1, nelems=3, elem type=char)
OBJ 6c4ac0 (sz=24, trace=1, class=java.lang.String@6aeef0)
	value		6c4ae0
ARR 6c4aa0 (sz=48, trace=1, nelems=34, elem type=byte)
ARR 6c4a60 (sz=24, trace=1, nelems=6, elem type=short)
CLS 6b7880 (name=sun.misc.NativeSignalHandler, trace=1)
	super		6ae810
ARR 6c4a20 (sz=24, trace=1, nelems=4, elem type=char)
OBJ 6c4a00 (sz=24, trace=1, class=java.lang.String@6aeef0)
	value		6c4a20
ARR 6c49e0 (sz=72, trace=1, nelems=56, elem type=byte)
ARR 6c49c0 (sz=432, trace=1, nelems=417, elem type=byte)
ARR 6c49a0 (sz=232, trace=1, nelems=108, elem type=short)
ARR 6c4960 (sz=64, trace=1, nelems=12, elem type=int)
ARR 6c4940 (sz=48, trace=1, nelems=8, elem type=int)
ARR 6c4920 (sz=48, trace=1, nelems=8, elem type=int)
ARR 6c4900 (sz=48, trace=1, nelems=8, elem type=int)
ARR 6c48e0 (sz=48, trace=1, nelems=8, elem type=int)
CLS 6b76d0 (name=java.util.logging.Logger, trace=1)
	super		6ae810
	static global	6b7620
	static treeLock	6b76f0
	static emptyHandlers	6b7710
ARR 6c48c0 (sz=24, trace=1, nelems=6, elem type=short)
CLS 6b7560 (name=java.util.logging.LogManager$RootLogger, trace=1)
	super		6b76d0
ARR 6c4880 (sz=32, trace=1, nelems=8, elem type=short)
ARR 6c4860 (sz=24, trace=1, nelems=6, elem type=char)
OBJ 6c4840 (sz=24, trace=1, class=java.lang.String@6aeef0)
	value		6c4860
ARR 6c4820 (sz=24, trace=1, nelems=6, elem type=char)
OBJ 6c4800 (sz=24, trace=1, class=java.lang.String@6aeef0)
	value		6c4820
ARR 6c47e0 (sz=16, trace=1, nelems=1, elem type=char)
OBJ 6c47c0 (sz=24, trace=1, class=java.lang.String@6aeef0)
	value		6c47e0
ARR 6c47a0 (sz=64, trace=1, nelems=47, elem type=byte)
ARR 6c4780 (sz=24, trace=1, nelems=6, elem type=short)
CLS 6b7470 (name=java.util.HashMap$Values, trace=1)
	super		6bc6e0
ARR 6c4740 (sz=32, trace=1, nelems=8, elem type=short)
ARR 6c4720 (sz=56, trace=1, nelems=41, elem type=byte)
ARR 6c4700 (sz=88, trace=1, nelems=75, elem type=byte)
ARR 6c46c0 (sz=72, trace=1, nelems=30, elem type=short)
CLS 6c4680 (name=java.util.HashMap$HashIterator, trace=1)
	super		6ae810
ARR 6c4660 (sz=32, trace=1, nelems=8, elem type=short)
ARR 6c4640 (sz=24, trace=1, nelems=6, elem type=short)
CLS 6c4600 (name=java.util.HashMap$ValueIterator, trace=1)
	super		6c4680
ARR 6c45e0 (sz=48, trace=1, nelems=16, elem type=short)
ARR 6c45c0 (sz=72, trace=1, nelems=30, elem type=char)
OBJ 6c45a0 (sz=24, trace=1, class=java.lang.String@6aeef0)
	value		6c45c0
ARR 6c4580 (sz=72, trace=1, nelems=29, elem type=char)
OBJ 6c4560 (sz=24, trace=1, class=java.lang.String@6aeef0)
	value		6c4580
ARR 6c4540 (sz=32, trace=1, nelems=9, elem type=char)
OBJ 6c4520 (sz=24, trace=1, class=java.lang.String@6aeef0)
	value		6c4540
ARR 6c4500 (sz=472, trace=1, nelems=457, elem type=byte)
ARR 6c44c0 (sz=144, trace=1, nelems=66, elem type=short)
ARR 6c4480 (sz=32, trace=1, nelems=4, elem type=int)
ARR 6c4460 (sz=32, trace=1, nelems=4, elem type=int)
ARR 6c4440 (sz=48, trace=1, nelems=8, elem type=int)
CLS 6b8260 (name=java.io.File, trace=1)
	super		6ae810
	static tmpFileLock	6b71d0
	static pathSeparator	6b71f0
	static separator	6b7230
	static fs	6b7270
ARR 6c4420 (sz=80, trace=1, nelems=68, elem type=byte)
ARR 6c4400 (sz=64, trace=1, nelems=24, elem type=short)
CLS 6c43c0 (name=java.io.FileSystem, trace=1)
	super		6ae810
ARR 6c43a0 (sz=240, trace=1, nelems=223, elem type=byte)
ARR 6c4380 (sz=64, trace=1, nelems=24, elem type=short)
ARR 6c4340 (sz=32, trace=1, nelems=4, elem type=int)
ARR 6c4320 (sz=32, trace=1, nelems=4, elem type=int)
CLS 6b7320 (name=java.io.Win32FileSystem, trace=1)
	super		6c43c0
	static driveDirCache	6b7340
ARR 6c4300 (sz=40, trace=1, nelems=14, elem type=char)
OBJ 6c42e0 (sz=24, trace=1, class=java.lang.String@6aeef0)
	value		6c4300
ARR 6c42c0 (sz=40, trace=1, nelems=14, elem type=char)
OBJ 6c42a0 (sz=24, trace=1, class=java.lang.String@6aeef0)
	value		6c42c0
ARR 6c4280 (sz=24, trace=1, nelems=3, elem type=char)
OBJ 6c4260 (sz=24, trace=1, class=java.lang.String@6aeef0)
	value		6c4280
ARR 6c4240 (sz=48, trace=1, nelems=18, elem type=char)
OBJ 6c4220 (sz=24, trace=1, class=java.lang.String@6aeef0)
	value		6c4240
ARR 6c4200 (sz=128, trace=1, nelems=109, elem type=byte)
ARR 6c41c0 (sz=112, trace=1, nelems=48, elem type=short)
ARR 6c4180 (sz=48, trace=1, nelems=8, elem type=int)
CLS 6c4160 (name=java.util.Hashtable$Enumerator, trace=1)
	super		6ae810
ARR 6c4140 (sz=32, trace=1, nelems=8, elem type=short)
ARR 6c4120 (sz=176, trace=1, nelems=157, elem type=byte)
ARR 6c4100 (sz=80, trace=1, nelems=67, elem type=byte)
ARR 6c40e0 (sz=48, trace=1, nelems=18, elem type=short)
ARR 6c40a0 (sz=48, trace=1, nelems=8, elem type=int)
CLS 6c4080 (name=java.io.Reader, trace=1)
	super		6ae810
ARR 6c4060 (sz=160, trace=1, nelems=72, elem type=short)
ARR 6c4020 (sz=64, trace=1, nelems=12, elem type=int)
ARR 6c5fe0 (sz=80, trace=1, nelems=16, elem type=int)
ARR 6c5fc0 (sz=80, trace=1, nelems=16, elem type=int)
ARR 6c5fa0 (sz=48, trace=1, nelems=8, elem type=int)
ARR 6c5f80 (sz=48, trace=1, nelems=8, elem type=int)
ARR 6c5f60 (sz=48, trace=1, nelems=8, elem type=int)
ARR 6c5f40 (sz=48, trace=1, nelems=8, elem type=int)
ARR 6c5f20 (sz=64, trace=1, nelems=12, elem type=int)
CLS 6c5f00 (name=java.io.BufferedReader, trace=1)
	super		6c4080
ARR 6c5ee0 (sz=88, trace=1, nelems=75, elem type=byte)
ARR 6c5ec0 (sz=24, trace=1, nelems=6, elem type=short)
ARR 6c5e80 (sz=32, trace=1, nelems=4, elem type=int)
CLS 6c5e60 (name=java.io.InputStreamReader, trace=1)
	super		6c4080
ARR 6c5e40 (sz=184, trace=1, nelems=166, elem type=byte)
ARR 6c5e20 (sz=88, trace=1, nelems=36, elem type=short)
ARR 6c5de0 (sz=32, trace=1, nelems=4, elem type=int)
ARR 6c5dc0 (sz=80, trace=1, nelems=16, elem type=int)
ARR 6c5da0 (sz=112, trace=1, nelems=24, elem type=int)
ARR 6c5d80 (sz=48, trace=1, nelems=8, elem type=int)
ARR 6c5d60 (sz=64, trace=1, nelems=12, elem type=int)
ARR 6c5d40 (sz=32, trace=1, nelems=4, elem type=int)
ARR 6c5d20 (sz=32, trace=1, nelems=4, elem type=int)
CLS 6c5d00 (name=sun.nio.cs.StreamDecoder, trace=1)
	super		6c4080
	static class$sun$nio$cs$StreamDecoder	6c5d00
ARR 6c5ce0 (sz=40, trace=1, nelems=12, elem type=short)
ARR 6c5cc0 (sz=88, trace=1, nelems=70, elem type=byte)
ARR 6c5c60 (sz=24, trace=1, nelems=6, elem type=short)
ARR 6c5c20 (sz=32, trace=1, nelems=4, elem type=int)
CLS 6b7050 (name=sun.nio.cs.ISO_8859_1, trace=1)
	super		6c0cc0
	static class$sun$nio$cs$ISO_8859_1	6b7050
ARR 6c5c00 (sz=40, trace=1, nelems=12, elem type=short)
ARR 6c5be0 (sz=56, trace=1, nelems=20, elem type=char)
OBJ 6c5bc0 (sz=24, trace=1, class=java.lang.String@6aeef0)
	value		6c5be0
ARR 6c5ba0 (sz=56, trace=1, nelems=21, elem type=char)
OBJ 6c5b80 (sz=24, trace=1, class=java.lang.String@6aeef0)
	value		6c5ba0
ARR 6c5b60 (sz=88, trace=1, nelems=38, elem type=char)
OBJ 6c5b40 (sz=24, trace=1, class=java.lang.String@6aeef0)
	value		6c5b60
ARR 6c5b20 (sz=64, trace=1, nelems=23, elem type=char)
OBJ 6c5b00 (sz=24, trace=1, class=java.lang.String@6aeef0)
	value		6c5b20
ARR 6c5ae0 (sz=72, trace=1, nelems=30, elem type=char)
OBJ 6c5ac0 (sz=24, trace=1, class=java.lang.String@6aeef0)
	value		6c5ae0
ARR 6c5aa0 (sz=232, trace=1, nelems=218, elem type=byte)
ARR 6c5a80 (sz=88, trace=1, nelems=36, elem type=short)
ARR 6c5a40 (sz=80, trace=1, nelems=16, elem type=int)
ARR 6c5a20 (sz=32, trace=1, nelems=4, elem type=int)
CLS 6c5a00 (name=sun.nio.cs.StreamDecoder$CharsetSD, trace=1)
	super		6c5d00
ARR 6c59e0 (sz=32, trace=1, nelems=8, elem type=short)
ARR 6c59c0 (sz=64, trace=1, nelems=24, elem type=char)
OBJ 6c59a0 (sz=24, trace=1, class=java.lang.String@6aeef0)
	value		6c59c0
ARR 6c5980 (sz=128, trace=1, nelems=114, elem type=byte)
ARR 6c5960 (sz=24, trace=1, nelems=6, elem type=short)
ARR 6c5920 (sz=64, trace=1, nelems=12, elem type=int)
ARR 6c5900 (sz=64, trace=1, nelems=12, elem type=int)
CLS 6c58e0 (name=sun.nio.cs.ISO_8859_1$Decoder, trace=1)
	super		6c2ac0
ARR 6c58c0 (sz=32, trace=1, nelems=8, elem type=short)
ARR 6c58a0 (sz=24, trace=1, nelems=6, elem type=char)
OBJ 6c5880 (sz=24, trace=1, class=java.lang.String@6aeef0)
	value		6c58a0
ARR 6c5860 (sz=48, trace=1, nelems=35, elem type=byte)
ARR 6c5840 (sz=72, trace=1, nelems=56, elem type=byte)
ARR 6c5800 (sz=24, trace=1, nelems=6, elem type=short)
CLS 6c57c0 (name=java.util.EventObject, trace=1)
	super		6ae810
ARR 6c57a0 (sz=64, trace=1, nelems=24, elem type=short)
CLS 6c5760 (name=java.beans.PropertyChangeEvent, trace=1)
	super		6c57c0
ARR 6c5740 (sz=24, trace=1, nelems=3, elem type=char)
OBJ 6c5720 (sz=24, trace=1, class=java.lang.String@6aeef0)
	value		6c5740
ARR 6c5700 (sz=48, trace=1, nelems=17, elem type=char)
OBJ 6c56e0 (sz=24, trace=1, class=java.lang.String@6aeef0)
	value		6c5700
ARR 6c56c0 (sz=56, trace=1, nelems=21, elem type=char)
OBJ 6c56a0 (sz=24, trace=1, class=java.lang.String@6aeef0)
	value		6c56c0
ARR 6c5680 (sz=48, trace=1, nelems=36, elem type=byte)
ARR 6c5640 (sz=24, trace=1, nelems=6, elem type=short)
CLS 6c5600 (name=java.lang.ClassLoader$3, trace=1)
	super		6ae810
ARR 6c55e0 (sz=24, trace=1, nelems=4, elem type=short)
ARR 6c55c0 (sz=32, trace=1, nelems=7, elem type=char)
OBJ 6c55a0 (sz=24, trace=1, class=java.lang.String@6aeef0)
	value		6c55c0
ARR 6c5580 (sz=104, trace=1, nelems=92, elem type=byte)
ARR 6c5560 (sz=64, trace=1, nelems=24, elem type=short)
ARR 6c5520 (sz=80, trace=1, nelems=16, elem type=int)
CLS 6b8570 (name=java.lang.ClassLoader$NativeLibrary, trace=1)
	super		6ae810
ARR 6c5500 (sz=24, trace=1, nelems=4, elem type=short)
ARR 6c54e0 (sz=64, trace=1, nelems=50, elem type=byte)
ARR 6c54c0 (sz=72, trace=1, nelems=30, elem type=short)
CLS 6c5480 (name=sun.misc.VM, trace=1)
	super		6ae810
ARR 6c5460 (sz=56, trace=1, nelems=41, elem type=byte)
ARR 6c5440 (sz=16, trace=1, nelems=0, elem type=short)
CLS 6c5400 (name=java.lang.Compiler, trace=1)
	super		6ae810
ARR 6c53e0 (sz=24, trace=1, nelems=4, elem type=short)
ARR 6c53c0 (sz=96, trace=1, nelems=81, elem type=byte)
ARR 6c5380 (sz=16, trace=1, nelems=0, elem type=short)
ARR 6c5340 (sz=32, trace=1, nelems=4, elem type=int)
CLS 6c5320 (name=java.lang.Compiler$1, trace=1)
	super		6ae810
ARR 6c5300 (sz=24, trace=1, nelems=4, elem type=short)
ARR 6c52e0 (sz=40, trace=1, nelems=13, elem type=char)
OBJ 6c52c0 (sz=24, trace=1, class=java.lang.String@6aeef0)
	value		6c52e0
ARR 6c52a0 (sz=40, trace=1, nelems=12, elem type=char)
OBJ 6c5280 (sz=24, trace=1, class=java.lang.String@6aeef0)
	value		6c52a0
ARR 6c5260 (sz=32, trace=1, nelems=7, elem type=char)
OBJ 6c5240 (sz=24, trace=1, class=java.lang.String@6aeef0)
	value		6c5260
ARR 6c5220 (sz=232, trace=1, nelems=217, elem type=byte)
ARR 6c5200 (sz=64, trace=1, nelems=24, elem type=short)
ARR 6c51c0 (sz=112, trace=1, nelems=24, elem type=int)
ARR 6c51a0 (sz=48, trace=1, nelems=8, elem type=int)
CLS 6b8330 (name=sun.misc.Launcher, trace=1)
	super		6ae810
	static launcher	6b8280
	static factory	6b8350
ARR 6c5180 (sz=56, trace=1, nelems=20, elem type=short)
ARR 6c5160 (sz=96, trace=1, nelems=81, elem type=byte)
ARR 6c5120 (sz=24, trace=1, nelems=9, elem type=byte)
ARR 6c5100 (sz=16, trace=1, nelems=0, elem type=short)
CLS 6c50c0 (name=java.net.URLStreamHandlerFactory, trace=1)
	super		6ae810
ARR 6c50a0 (sz=24, trace=1, nelems=6, elem type=short)
ARR 6c5060 (sz=64, trace=1, nelems=12, elem type=int)
CLS 6b8400 (name=sun.misc.Launcher$Factory, trace=1)
	super		6ae810
	static PREFIX	6c6fe0
ARR 6c5040 (sz=32, trace=1, nelems=8, elem type=short)
ARR 6c5020 (sz=56, trace=1, nelems=20, elem type=char)
OBJ 6c6fe0 (sz=24, trace=1, class=java.lang.String@6aeef0)
	value		6c5020
ARR 6c6fc0 (sz=176, trace=1, nelems=157, elem type=byte)
ARR 6c6fa0 (sz=368, trace=1, nelems=356, elem type=byte)
ARR 6c6f80 (sz=128, trace=1, nelems=116, elem type=byte)
ARR 6c6f60 (sz=48, trace=1, nelems=18, elem type=short)
ARR 6c6f20 (sz=48, trace=1, nelems=8, elem type=int)
CLS 6c6f00 (name=java.security.SecureClassLoader, trace=1)
	super		6ba270
ARR 6c6ee0 (sz=40, trace=1, nelems=12, elem type=short)
ARR 6c6ea0 (sz=32, trace=1, nelems=4, elem type=int)
ARR 6c6e80 (sz=32, trace=1, nelems=4, elem type=int)
CLS 6c6e60 (name=java.net.URLClassLoader, trace=1)
	super		6c6f00
ARR 6c6e40 (sz=72, trace=1, nelems=28, elem type=short)
ARR 6c6e20 (sz=24, trace=1, nelems=6, elem type=short)
ARR 6c6de0 (sz=32, trace=1, nelems=4, elem type=int)
CLS 6b8130 (name=sun.misc.Launcher$ExtClassLoader, trace=1)
	super		6c6e60
ARR 6c6dc0 (sz=32, trace=1, nelems=8, elem type=short)
ARR 6c6da0 (sz=24, trace=1, nelems=3, elem type=char)
OBJ 6c6d80 (sz=24, trace=1, class=java.lang.String@6aeef0)
	value		6c6da0
ARR 6c6d60 (sz=144, trace=1, nelems=129, elem type=byte)
ARR 6c6d40 (sz=40, trace=1, nelems=12, elem type=short)
CLS 6c6d00 (name=sun.security.util.Debug, trace=1)
	super		6ae810
ARR 6c6ce0 (sz=56, trace=1, nelems=19, elem type=char)
OBJ 6c6cc0 (sz=24, trace=1, class=java.lang.String@6aeef0)
	value		6c6ce0
ARR 6c6ca0 (sz=64, trace=1, nelems=24, elem type=char)
OBJ 6c6c80 (sz=24, trace=1, class=java.lang.String@6aeef0)
	value		6c6ca0
ARR 6c6c60 (sz=40, trace=1, nelems=13, elem type=char)
OBJ 6c6c40 (sz=24, trace=1, class=java.lang.String@6aeef0)
	value		6c6c60
ARR 6c6c20 (sz=112, trace=1, nelems=96, elem type=byte)
ARR 6c6be0 (sz=112, trace=1, nelems=48, elem type=short)
CLS 6c6ba0 (name=java.util.StringTokenizer, trace=1)
	super		6ae810
ARR 6c6b60 (sz=48, trace=1, nelems=35, elem type=byte)
ARR 6c6b20 (sz=24, trace=1, nelems=12, elem type=byte)
ARR 6c6b00 (sz=16, trace=1, nelems=0, elem type=short)
CLS 6c6ac0 (name=java.security.PrivilegedExceptionAction, trace=1)
	super		6ae810
ARR 6c6aa0 (sz=24, trace=1, nelems=6, elem type=short)
CLS 6c6a60 (name=sun.misc.Launcher$1, trace=1)
	super		6ae810
ARR 6c6a40 (sz=32, trace=1, nelems=8, elem type=short)
ARR 6c6a20 (sz=160, trace=1, nelems=144, elem type=byte)
ARR 6c6a00 (sz=24, trace=1, nelems=6, elem type=short)
ARR 6c69c0 (sz=32, trace=1, nelems=4, elem type=int)
CLS 6c69a0 (name=sun.net.www.ParseUtil, trace=1)
	super		6ae810
	static encodedInPath	6b9f70
ARR 6c6980 (sz=240, trace=1, nelems=221, elem type=byte)
ARR 6c6940 (sz=112, trace=1, nelems=48, elem type=short)
ARR 6c6900 (sz=32, trace=1, nelems=4, elem type=int)
CLS 6b8040 (name=java.util.BitSet, trace=1)
	super		6ae810
	static trailingZeroTable	6b8060
ARR 6c68e0 (sz=16, trace=1, nelems=1, elem type=char)
OBJ 6c68c0 (sz=24, trace=1, class=java.lang.String@6aeef0)
	value		6c68e0
ARR 6c68a0 (sz=408, trace=1, nelems=391, elem type=byte)
ARR 6c6860 (sz=232, trace=1, nelems=108, elem type=short)
ARR 6c6820 (sz=48, trace=1, nelems=8, elem type=int)
ARR 6c6800 (sz=48, trace=1, nelems=8, elem type=int)
ARR 6c67e0 (sz=48, trace=1, nelems=8, elem type=int)
ARR 6c67c0 (sz=48, trace=1, nelems=8, elem type=int)
ARR 6c67a0 (sz=96, trace=1, nelems=20, elem type=int)
CLS 6b9e60 (name=java.net.URL, trace=1)
	super		6ae810
	static streamHandlerLock	6b9e80
	static handlers	6b9ec0
	static protocolPathProp	6c6760
ARR 6c6780 (sz=64, trace=1, nelems=26, elem type=char)
OBJ 6c6760 (sz=24, trace=1, class=java.lang.String@6aeef0)
	value		6c6780
ARR 6c6740 (sz=24, trace=1, nelems=4, elem type=char)
OBJ 6c6720 (sz=24, trace=1, class=java.lang.String@6aeef0)
	value		6c6740
ARR 6c6700 (sz=56, trace=1, nelems=44, elem type=byte)
ARR 6c66e0 (sz=48, trace=1, nelems=18, elem type=short)
CLS 6c66a0 (name=java.net.Parts, trace=1)
	super		6ae810
ARR 6c6680 (sz=448, trace=1, nelems=436, elem type=byte)
ARR 6c6640 (sz=384, trace=1, nelems=186, elem type=short)
ARR 6c6600 (sz=32, trace=1, nelems=4, elem type=int)
ARR 6c65e0 (sz=32, trace=1, nelems=4, elem type=int)
ARR 6c65c0 (sz=32, trace=1, nelems=4, elem type=int)
ARR 6c65a0 (sz=32, trace=1, nelems=4, elem type=int)
ARR 6c6580 (sz=32, trace=1, nelems=4, elem type=int)
ARR 6c6560 (sz=32, trace=1, nelems=4, elem type=int)
CLS 6b9d90 (name=java.util.Locale, trace=1)
	super		6ae810
	static compressedIsoCountries	6c64e0
	static compressedIsoLanguages	6c6520
	static defaultLocale	6b9a40
	static CANADA_FRENCH	6b9a60
	static CANADA	6b9a80
	static US	6b9aa0
	static UK	6b9ac0
	static TAIWAN	6b9ae0
	static PRC	6b9b00
	static CHINA	6b9b20
	static KOREA	6b9b40
	static JAPAN	6b9b60
	static ITALY	6b9b80
	static GERMANY	6b9ba0
	static FRANCE	6b9bc0
	static TRADITIONAL_CHINESE	6b9be0
	static SIMPLIFIED_CHINESE	6b9c00
	static CHINESE	6b9c20
	static KOREAN	6b9c40
	static JAPANESE	6b9c60
	static ITALIAN	6b9c80
	static GERMAN	6b9ca0
	static FRENCH	6b9cc0
	static ENGLISH	6b9ce0
ARR 6c6540 (sz=1720, trace=1, nelems=852, elem type=char)
OBJ 6c6520 (sz=24, trace=1, class=java.lang.String@6aeef0)
	value		6c6540
ARR 6c6500 (sz=2880, trace=1, nelems=1434, elem type=char)
OBJ 6c64e0 (sz=24, trace=1, class=java.lang.String@6aeef0)
	value		6c6500
ARR 6c64c0 (sz=16, trace=1, nelems=2, elem type=char)
OBJ 6c64a0 (sz=24, trace=1, class=java.lang.String@6aeef0)
	value		6c64c0
ARR 6c6480 (sz=16, trace=1, nelems=2, elem type=char)
OBJ 6c6460 (sz=24, trace=1, class=java.lang.String@6aeef0)
	value		6c6480
ARR 6c6440 (sz=16, trace=1, nelems=2, elem type=char)
OBJ 6c6420 (sz=24, trace=1, class=java.lang.String@6aeef0)
	value		6c6440
ARR 6c6400 (sz=16, trace=1, nelems=2, elem type=char)
OBJ 6c63e0 (sz=24, trace=1, class=java.lang.String@6aeef0)
	value		6c6400
ARR 6c63c0 (sz=16, trace=1, nelems=2, elem type=char)
OBJ 6c63a0 (sz=24, trace=1, class=java.lang.String@6aeef0)
	value		6c63c0
ARR 6c6380 (sz=16, trace=1, nelems=2, elem type=char)
OBJ 6c6360 (sz=24, trace=1, class=java.lang.String@6aeef0)
	value		6c6380
ARR 6c6340 (sz=16, trace=1, nelems=2, elem type=char)
OBJ 6c6320 (sz=24, trace=1, class=java.lang.String@6aeef0)
	value		6c6340
ARR 6c6300 (sz=16, trace=1, nelems=2, elem type=char)
OBJ 6c62e0 (sz=24, trace=1, class=java.lang.String@6aeef0)
	value		6c6300
ARR 6c62c0 (sz=16, trace=1, nelems=2, elem type=char)
OBJ 6c62a0 (sz=24, trace=1, class=java.lang.String@6aeef0)
	value		6c62c0
ARR 6c6280 (sz=16, trace=1, nelems=2, elem type=char)
OBJ 6c6260 (sz=24, trace=1, class=java.lang.String@6aeef0)
	value		6c6280
ARR 6c6240 (sz=16, trace=1, nelems=2, elem type=char)
OBJ 6c6220 (sz=24, trace=1, class=java.lang.String@6aeef0)
	value		6c6240
ARR 6c6200 (sz=16, trace=1, nelems=2, elem type=char)
OBJ 6c61e0 (sz=24, trace=1, class=java.lang.String@6aeef0)
	value		6c6200
ARR 6c61c0 (sz=16, trace=1, nelems=2, elem type=char)
OBJ 6c61a0 (sz=24, trace=1, class=java.lang.String@6aeef0)
	value		6c61c0
ARR 6c6180 (sz=16, trace=1, nelems=2, elem type=char)
OBJ 6c6160 (sz=24, trace=1, class=java.lang.String@6aeef0)
	value		6c6180
ARR 6c6140 (sz=16, trace=1, nelems=2, elem type=char)
OBJ 6c6120 (sz=24, trace=1, class=java.lang.String@6aeef0)
	value		6c6140
ARR 6c6100 (sz=16, trace=1, nelems=2, elem type=char)
OBJ 6c60e0 (sz=24, trace=1, class=java.lang.String@6aeef0)
	value		6c6100
ARR 6c60c0 (sz=16, trace=1, nelems=2, elem type=char)
OBJ 6c60a0 (sz=24, trace=1, class=java.lang.String@6aeef0)
	value		6c60c0
ARR 6c6080 (sz=16, trace=1, nelems=2, elem type=char)
OBJ 6c6060 (sz=24, trace=1, class=java.lang.String@6aeef0)
	value		6c6080
ARR 6c6040 (sz=16, trace=1, nelems=2, elem type=char)
OBJ 6c6020 (sz=24, trace=1, class=java.lang.String@6aeef0)
	value		6c6040
ARR 6c7fe0 (sz=16, trace=1, nelems=2, elem type=char)
OBJ 6c7fc0 (sz=24, trace=1, class=java.lang.String@6aeef0)
	value		6c7fe0
ARR 6c7fa0 (sz=40, trace=1, nelems=13, elem type=char)
OBJ 6c7f80 (sz=24, trace=1, class=java.lang.String@6aeef0)
	value		6c7fa0
ARR 6c7f60 (sz=40, trace=1, nelems=11, elem type=char)
OBJ 6c7f40 (sz=24, trace=1, class=java.lang.String@6aeef0)
	value		6c7f60
ARR 6c7f20 (sz=40, trace=1, nelems=12, elem type=char)
OBJ 6c7f00 (sz=24, trace=1, class=java.lang.String@6aeef0)
	value		6c7f20
ARR 6c7ee0 (sz=40, trace=1, nelems=12, elem type=char)
OBJ 6c7ec0 (sz=24, trace=1, class=java.lang.String@6aeef0)
	value		6c7ee0
ARR 6c7ea0 (sz=16, trace=1, nelems=1, elem type=char)
OBJ 6c7e80 (sz=24, trace=1, class=java.lang.String@6aeef0)
	value		6c7ea0
ARR 6c7e60 (sz=32, trace=1, nelems=8, elem type=char)
OBJ 6c7e40 (sz=24, trace=1, class=java.lang.String@6aeef0)
	value		6c7e60
ARR 6c7e20 (sz=120, trace=1, nelems=104, elem type=byte)
ARR 6c7e00 (sz=224, trace=1, nelems=211, elem type=byte)
ARR 6c7de0 (sz=16, trace=1, nelems=0, elem type=short)
ARR 6c7da0 (sz=48, trace=1, nelems=8, elem type=int)
CLS 6c7d80 (name=java.net.URLStreamHandler, trace=1)
	super		6ae810
ARR 6c7d60 (sz=16, trace=1, nelems=0, elem type=short)
ARR 6c7d20 (sz=32, trace=1, nelems=4, elem type=int)
CLS 6b9940 (name=sun.net.www.protocol.file.Handler, trace=1)
	super		6c7d80
ARR 6c7ce0 (sz=304, trace=1, nelems=286, elem type=byte)
ARR 6c7cc0 (sz=96, trace=1, nelems=42, elem type=short)
ARR 6c7c80 (sz=48, trace=1, nelems=8, elem type=int)
ARR 6c7c60 (sz=48, trace=1, nelems=8, elem type=int)
ARR 6c7c40 (sz=80, trace=1, nelems=16, elem type=int)
ARR 6c7c20 (sz=32, trace=1, nelems=4, elem type=int)
ARR 6c7c00 (sz=48, trace=1, nelems=8, elem type=int)
ARR 6c7be0 (sz=48, trace=1, nelems=8, elem type=int)
ARR 6c7bc0 (sz=32, trace=1, nelems=4, elem type=int)
ARR 6c7ba0 (sz=32, trace=1, nelems=4, elem type=int)
CLS 6b9590 (name=sun.misc.URLClassPath, trace=1)
	super		6ae810
	static JAVA_VERSION	6bfc80
	static USER_AGENT_JAVA_VERSION	6c7b40
ARR 6c7b80 (sz=56, trace=1, nelems=20, elem type=short)
ARR 6c7b60 (sz=48, trace=1, nelems=15, elem type=char)
OBJ 6c7b40 (sz=24, trace=1, class=java.lang.String@6aeef0)
	value		6c7b60
ARR 6c7b20 (sz=24, trace=1, nelems=3, elem type=char)
OBJ 6c7b00 (sz=24, trace=1, class=java.lang.String@6aeef0)
	value		6c7b20
ARR 6c7ae0 (sz=152, trace=1, nelems=136, elem type=byte)
ARR 6c7ac0 (sz=24, trace=1, nelems=6, elem type=short)
ARR 6c7a80 (sz=32, trace=1, nelems=4, elem type=int)
CLS 6b92e0 (name=sun.net.www.protocol.jar.Handler, trace=1)
	super		6c7d80
	static separator	6c7a40
ARR 6c7a60 (sz=16, trace=1, nelems=2, elem type=char)
OBJ 6c7a40 (sz=24, trace=1, class=java.lang.String@6aeef0)
	value		6c7a60
ARR 6c7a20 (sz=136, trace=1, nelems=123, elem type=byte)
ARR 6c7a00 (sz=16, trace=1, nelems=0, elem type=short)
CLS 6baee0 (name=sun.misc.Launcher$AppClassLoader, trace=1)
	super		6c6e60
ARR 6c79c0 (sz=32, trace=1, nelems=8, elem type=short)
ARR 6c79a0 (sz=48, trace=1, nelems=15, elem type=char)
OBJ 6c7980 (sz=24, trace=1, class=java.lang.String@6aeef0)
	value		6c79a0
ARR 6c7960 (sz=64, trace=1, nelems=47, elem type=byte)
ARR 6c7920 (sz=48, trace=1, nelems=18, elem type=short)
CLS 6c78e0 (name=sun.misc.Launcher$2, trace=1)
	super		6ae810
ARR 6c78c0 (sz=32, trace=1, nelems=8, elem type=short)
ARR 6c78a0 (sz=56, trace=1, nelems=21, elem type=char)
OBJ 6c7880 (sz=24, trace=1, class=java.lang.String@6aeef0)
	value		6c78a0
ARR 6c7860 (sz=96, trace=1, nelems=84, elem type=byte)
ARR 6c7820 (sz=40, trace=1, nelems=12, elem type=short)
ARR 6c77e0 (sz=32, trace=1, nelems=4, elem type=int)
CLS 6c77c0 (name=java.lang.SystemClassLoaderAction, trace=1)
	super		6ae810
	static class$java$lang$ClassLoader	6ba270
ARR 6c77a0 (sz=56, trace=1, nelems=21, elem type=char)
OBJ 6c7780 (sz=24, trace=1, class=java.lang.String@6aeef0)
	value		6c77a0
ARR 6c7760 (sz=64, trace=1, nelems=24, elem type=char)
OBJ 6c7740 (sz=24, trace=1, class=java.lang.String@6aeef0)
	value		6c7760
ARR 740f60 (sz=80, trace=8, nelems=68, elem type=byte)
ARR 740ea0 (sz=40, trace=8, nelems=12, elem type=short)
ARR 740e20 (sz=32, trace=8, nelems=4, elem type=int)
CLS 740dc0 (name=java.net.URLClassLoader$1, trace=8)
	super		6ae810
ARR 740da0 (sz=24, trace=8, nelems=4, elem type=short)
ARR 740790 (sz=24, trace=12, nelems=6, elem type=char)
OBJ 7406f0 (sz=24, trace=12, class=java.lang.String@6aeef0)
	value		740790
ARR 740440 (sz=96, trace=15, nelems=81, elem type=byte)
ARR 740280 (sz=40, trace=15, nelems=12, elem type=short)
CLS 740170 (name=sun.misc.URLClassPath$2, trace=15)
	super		6ae810
ARR 740150 (sz=48, trace=15, nelems=16, elem type=short)
ARR 7404d0 (sz=344, trace=16, nelems=330, elem type=byte)
ARR 741e10 (sz=96, trace=16, nelems=81, elem type=byte)
ARR 741c70 (sz=24, trace=16, nelems=6, elem type=short)
ARR 741bc0 (sz=48, trace=16, nelems=8, elem type=int)
CLS 741b60 (name=sun.misc.URLClassPath$Loader, trace=16)
	super		6ae810
ARR 741b40 (sz=32, trace=16, nelems=8, elem type=short)
ARR 7417a0 (sz=72, trace=16, nelems=30, elem type=short)
ARR 741760 (sz=32, trace=16, nelems=4, elem type=int)
ARR 741740 (sz=64, trace=16, nelems=12, elem type=int)
ARR 741720 (sz=48, trace=16, nelems=8, elem type=int)
CLS 741700 (name=sun.misc.URLClassPath$JarLoader, trace=16)
	super		741b60
ARR 7416e0 (sz=56, trace=16, nelems=20, elem type=short)
ARR 742630 (sz=16, trace=21, nelems=1, elem type=char)
OBJ 742560 (sz=24, trace=21, class=java.lang.String@6aeef0)
	value		742630
ARR 741cc0 (sz=200, trace=39, nelems=188, elem type=byte)
ARR 743510 (sz=280, trace=39, nelems=266, elem type=byte)
ARR 743410 (sz=96, trace=39, nelems=78, elem type=byte)
ARR 743310 (sz=496, trace=39, nelems=240, elem type=short)
CLS 7432c0 (name=java.util.zip.ZipConstants, trace=39)
	super		6ae810
ARR 744860 (sz=112, trace=39, nelems=48, elem type=short)
ARR 7447e0 (sz=64, trace=39, nelems=12, elem type=int)
ARR 7447c0 (sz=48, trace=39, nelems=8, elem type=int)
ARR 7447a0 (sz=48, trace=39, nelems=8, elem type=int)
CLS 744780 (name=java.util.zip.ZipFile, trace=39)
	super		6ae810
ARR 744760 (sz=40, trace=39, nelems=12, elem type=short)
ARR 745150 (sz=96, trace=39, nelems=42, elem type=short)
ARR 745110 (sz=32, trace=39, nelems=4, elem type=int)
CLS 7450f0 (name=java.util.jar.JarFile, trace=39)
	super		744780
	static MANIFEST_NAME	745010
ARR 7450d0 (sz=40, trace=39, nelems=12, elem type=short)
ARR 745070 (sz=56, trace=39, nelems=20, elem type=char)
OBJ 745010 (sz=24, trace=39, class=java.lang.String@6aeef0)
	value		745070
ARR 743360 (sz=40, trace=40, nelems=27, elem type=byte)
ARR 746320 (sz=24, trace=40, nelems=6, elem type=short)
CLS 7462a0 (name=sun.security.action.LoadLibraryAction, trace=40)
	super		6ae810
ARR 7488c0 (sz=264, trace=61, nelems=250, elem type=byte)
ARR 7487e0 (sz=64, trace=61, nelems=24, elem type=short)
CLS 748720 (name=sun.misc.JarIndex, trace=61)
	super		6ae810
	static INDEX_NAME	748640
ARR 748700 (sz=24, trace=61, nelems=4, elem type=short)
ARR 7486a0 (sz=56, trace=61, nelems=19, elem type=char)
OBJ 748640 (sz=24, trace=61, class=java.lang.String@6aeef0)
	value		7486a0
ARR 748940 (sz=392, trace=67, nelems=376, elem type=byte)
ARR 749640 (sz=40, trace=67, nelems=12, elem type=short)
ARR 749580 (sz=32, trace=67, nelems=4, elem type=int)
ARR 749560 (sz=32, trace=67, nelems=4, elem type=int)
ARR 749540 (sz=64, trace=67, nelems=12, elem type=int)
ARR 749520 (sz=32, trace=67, nelems=4, elem type=int)
ARR 749500 (sz=48, trace=67, nelems=8, elem type=int)
ARR 7494e0 (sz=48, trace=67, nelems=8, elem type=int)
CLS 749480 (name=sun.misc.ExtensionDependency, trace=67)
	super		6ae810
ARR 749460 (sz=56, trace=67, nelems=20, elem type=short)
ARR 7497b0 (sz=216, trace=68, nelems=204, elem type=byte)
ARR 74a440 (sz=168, trace=68, nelems=78, elem type=short)
ARR 74a3c0 (sz=32, trace=68, nelems=4, elem type=int)
CLS 74a360 (name=java.util.zip.ZipEntry, trace=68)
	super		6ae810
ARR 74a5e0 (sz=80, trace=73, nelems=67, elem type=byte)
ARR 74cb80 (sz=48, trace=73, nelems=33, elem type=byte)
ARR 74cb30 (sz=40, trace=73, nelems=12, elem type=short)
CLS 74c930 (name=java.util.jar.JarEntry, trace=73)
	super		74a360
ARR 74c4a0 (sz=24, trace=73, nelems=6, elem type=short)
CLS 74c460 (name=java.util.jar.JarFile$JarFileEntry, trace=73)
	super		74c930
ARR 74c440 (sz=24, trace=73, nelems=4, elem type=short)
ARR 74dfe0 (sz=160, trace=75, nelems=146, elem type=byte)
ARR 74c060 (sz=48, trace=75, nelems=36, elem type=byte)
ARR 74dea0 (sz=16, trace=75, nelems=0, elem type=short)
CLS 74de30 (name=java.io.DataInput, trace=75)
	super		6ae810
ARR 74d520 (sz=24, trace=75, nelems=6, elem type=short)
CLS 74d4e0 (name=java.io.DataInputStream, trace=75)
	super		6bf820
ARR 74dee0 (sz=88, trace=76, nelems=69, elem type=byte)
ARR 74eb00 (sz=88, trace=76, nelems=36, elem type=short)
CLS 74ea40 (name=java.util.zip.ZipFile$ZipFileInputStream, trace=76)
	super		6bfa80
ARR 74ea20 (sz=24, trace=76, nelems=4, elem type=short)
ARR 74ec70 (sz=104, trace=80, nelems=91, elem type=byte)
ARR 74e0a0 (sz=152, trace=80, nelems=136, elem type=byte)
ARR 74ff40 (sz=88, trace=80, nelems=36, elem type=short)
ARR 74fe80 (sz=32, trace=80, nelems=4, elem type=int)
CLS 74fe20 (name=java.util.zip.InflaterInputStream, trace=80)
	super		6bf820
ARR 74f7b0 (sz=48, trace=80, nelems=18, elem type=short)
CLS 74f770 (name=java.util.zip.ZipFile$1, trace=80)
	super		74fe20
ARR 74f750 (sz=24, trace=80, nelems=4, elem type=short)
ARR 74ff90 (sz=128, trace=81, nelems=112, elem type=byte)
ARR 74f2a0 (sz=88, trace=81, nelems=36, elem type=short)
CLS 74f1e0 (name=java.util.zip.Inflater, trace=81)
	super		6ae810
ARR 7515d0 (sz=224, trace=90, nelems=206, elem type=byte)
ARR 751490 (sz=40, trace=90, nelems=12, elem type=short)
CLS 751410 (name=java.util.jar.Manifest, trace=90)
	super		6ae810
ARR 7513f0 (sz=32, trace=90, nelems=8, elem type=short)
ARR 751670 (sz=80, trace=90, nelems=61, elem type=byte)
ARR 751650 (sz=64, trace=90, nelems=24, elem type=short)
CLS 752a90 (name=java.io.ByteArrayInputStream, trace=90)
	super		6bfa80
ARR 752ae0 (sz=208, trace=91, nelems=195, elem type=byte)
ARR 752400 (sz=24, trace=91, nelems=6, elem type=short)
ARR 752380 (sz=32, trace=91, nelems=4, elem type=int)
CLS 752320 (name=java.util.jar.Attributes, trace=91)
	super		6ae810
ARR 752300 (sz=40, trace=91, nelems=12, elem type=short)
ARR 752570 (sz=96, trace=96, nelems=77, elem type=byte)
ARR 753250 (sz=48, trace=96, nelems=18, elem type=short)
CLS 753190 (name=java.util.jar.Manifest$FastInputStream, trace=96)
	super		6bf820
ARR 753170 (sz=24, trace=96, nelems=4, elem type=short)
ARR 753360 (sz=176, trace=103, nelems=160, elem type=byte)
ARR 7545a0 (sz=240, trace=103, nelems=114, elem type=short)
CLS 7544e0 (name=java.util.jar.Attributes$Name, trace=103)
	super		6ae810
	static SPECIFICATION_VENDOR	756150
	static SPECIFICATION_VERSION	7562f0
	static SPECIFICATION_TITLE	756490
	static IMPLEMENTATION_URL	756630
	static IMPLEMENTATION_VENDOR_ID	7567d0
	static IMPLEMENTATION_VENDOR	756970
	static IMPLEMENTATION_VERSION	756b10
	static IMPLEMENTATION_TITLE	756cb0
	static EXTENSION_INSTALLATION	756e50
	static EXTENSION_NAME	755030
	static EXTENSION_LIST	7551a0
	static SEALED	755340
	static MAIN_CLASS	7554e0
	static CLASS_PATH	755680
	static CONTENT_TYPE	755820
	static SIGNATURE_VERSION	7559c0
	static MANIFEST_VERSION	755b60
ARR 7544c0 (sz=24, trace=103, nelems=4, elem type=short)
ARR 755a80 (sz=48, trace=104, nelems=16, elem type=char)
OBJ 755a20 (sz=24, trace=104, class=java.lang.String@6aeef0)
	value		755a80
ARR 7558e0 (sz=48, trace=105, nelems=17, elem type=char)
OBJ 755880 (sz=24, trace=105, class=java.lang.String@6aeef0)
	value		7558e0
ARR 755740 (sz=40, trace=106, nelems=12, elem type=char)
OBJ 7556e0 (sz=24, trace=106, class=java.lang.String@6aeef0)
	value		755740
ARR 7555a0 (sz=32, trace=107, nelems=10, elem type=char)
OBJ 755540 (sz=24, trace=107, class=java.lang.String@6aeef0)
	value		7555a0
ARR 755400 (sz=32, trace=108, nelems=10, elem type=char)
OBJ 7553a0 (sz=24, trace=108, class=java.lang.String@6aeef0)
	value		755400
ARR 755260 (sz=24, trace=109, nelems=6, elem type=char)
OBJ 755200 (sz=24, trace=109, class=java.lang.String@6aeef0)
	value		755260
ARR 7550c0 (sz=40, trace=110, nelems=14, elem type=char)
OBJ 755060 (sz=24, trace=110, class=java.lang.String@6aeef0)
	value		7550c0
ARR 756f10 (sz=40, trace=111, nelems=14, elem type=char)
OBJ 756eb0 (sz=24, trace=111, class=java.lang.String@6aeef0)
	value		756f10
ARR 756d70 (sz=56, trace=112, nelems=22, elem type=char)
OBJ 756d10 (sz=24, trace=112, class=java.lang.String@6aeef0)
	value		756d70
ARR 756bd0 (sz=56, trace=113, nelems=20, elem type=char)
OBJ 756b70 (sz=24, trace=113, class=java.lang.String@6aeef0)
	value		756bd0
ARR 756a30 (sz=56, trace=114, nelems=22, elem type=char)
OBJ 7569d0 (sz=24, trace=114, class=java.lang.String@6aeef0)
	value		756a30
ARR 756890 (sz=56, trace=115, nelems=21, elem type=char)
OBJ 756830 (sz=24, trace=115, class=java.lang.String@6aeef0)
	value		756890
ARR 7566f0 (sz=64, trace=116, nelems=24, elem type=char)
OBJ 756690 (sz=24, trace=116, class=java.lang.String@6aeef0)
	value		7566f0
ARR 756550 (sz=48, trace=117, nelems=18, elem type=char)
OBJ 7564f0 (sz=24, trace=117, class=java.lang.String@6aeef0)
	value		756550
ARR 7563b0 (sz=56, trace=118, nelems=19, elem type=char)
OBJ 756350 (sz=24, trace=118, class=java.lang.String@6aeef0)
	value		7563b0
ARR 756210 (sz=56, trace=119, nelems=21, elem type=char)
OBJ 7561b0 (sz=24, trace=119, class=java.lang.String@6aeef0)
	value		756210
ARR 756070 (sz=56, trace=120, nelems=20, elem type=char)
OBJ 756010 (sz=24, trace=120, class=java.lang.String@6aeef0)
	value		756070
ARR 757dc0 (sz=16, trace=122, nelems=2, elem type=char)
OBJ 757cf0 (sz=24, trace=122, class=java.lang.String@6aeef0)
	value		757dc0
ARR 7578e0 (sz=32, trace=126, nelems=10, elem type=char)
OBJ 7577e0 (sz=24, trace=126, class=java.lang.String@6aeef0)
	value		7578e0
ARR 7546c0 (sz=296, trace=127, nelems=282, elem type=byte)
ARR 757600 (sz=168, trace=127, nelems=78, elem type=short)
ARR 757540 (sz=112, trace=127, nelems=24, elem type=int)
CLS 7574e0 (name=java.util.jar.JarVerifier, trace=127)
	super		6ae810
ARR 7574c0 (sz=24, trace=127, nelems=4, elem type=short)
ARR 7581e0 (sz=104, trace=136, nelems=90, elem type=byte)
ARR 758110 (sz=40, trace=136, nelems=12, elem type=short)
CLS 758050 (name=java.io.ByteArrayOutputStream, trace=136)
	super		6bf920
ARR 75edf0 (sz=40, trace=126, nelems=11, elem type=char)
OBJ 75ed90 (sz=24, trace=126, class=java.lang.String@6aeef0)
	value		75edf0
ARR 758270 (sz=144, trace=151, nelems=126, elem type=byte)
ARR 75ebc0 (sz=72, trace=151, nelems=30, elem type=short)
CLS 75eb00 (name=java.lang.Math, trace=151)
	super		6ae810
ARR 75fe00 (sz=24, trace=152, nelems=6, elem type=char)
OBJ 75fcf0 (sz=24, trace=152, class=java.lang.String@6aeef0)
	value		75fe00
ARR 767d10 (sz=72, trace=9, nelems=56, elem type=byte)
ARR 767cc0 (sz=40, trace=9, nelems=12, elem type=short)
CLS 767c10 (name=java.security.PrivilegedActionException, trace=9)
	super		6bbf00
ARR 7683f0 (sz=24, trace=160, nelems=4, elem type=char)
OBJ 7682f0 (sz=24, trace=160, class=java.lang.String@6aeef0)
	value		7683f0
ARR 768170 (sz=24, trace=162, nelems=4, elem type=char)
OBJ 7680d0 (sz=24, trace=162, class=java.lang.String@6aeef0)
	value		768170
ARR 769a40 (sz=24, trace=170, nelems=4, elem type=char)
OBJ 769940 (sz=24, trace=170, class=java.lang.String@6aeef0)
	value		769a40
ARR 7698e0 (sz=24, trace=171, nelems=3, elem type=char)
OBJ 769800 (sz=24, trace=171, class=java.lang.String@6aeef0)
	value		7698e0
ARR 7697d0 (sz=24, trace=172, nelems=3, elem type=char)
OBJ 769410 (sz=24, trace=172, class=java.lang.String@6aeef0)
	value		7697d0
ARR 7693b0 (sz=16, trace=173, nelems=2, elem type=char)
OBJ 7692d0 (sz=24, trace=173, class=java.lang.String@6aeef0)
	value		7693b0
ARR 76aec0 (sz=96, trace=178, nelems=77, elem type=byte)
ARR 76af60 (sz=72, trace=178, nelems=55, elem type=byte)
ARR 76adb0 (sz=16, trace=178, nelems=0, elem type=short)
ARR 76ad00 (sz=48, trace=178, nelems=8, elem type=int)
CLS 76aca0 (name=sun.misc.Resource, trace=178)
	super		6ae810
ARR 76a800 (sz=64, trace=178, nelems=24, elem type=short)
CLS 76a7c0 (name=sun.misc.URLClassPath$4, trace=178)
	super		76aca0
ARR 76a7a0 (sz=32, trace=178, nelems=8, elem type=short)
ARR 76adf0 (sz=312, trace=180, nelems=296, elem type=byte)
ARR 76bfe0 (sz=144, trace=180, nelems=66, elem type=short)
ARR 76bf30 (sz=48, trace=180, nelems=8, elem type=int)
ARR 76bf10 (sz=48, trace=180, nelems=8, elem type=int)
ARR 76bef0 (sz=32, trace=180, nelems=4, elem type=int)
CLS 76be90 (name=java.lang.Package, trace=180)
	super		6ae810
	static mans	76c790
	static urls	76c920
	static pkgs	76cac0
ARR 76be70 (sz=32, trace=180, nelems=8, elem type=short)
ARR 76dd40 (sz=24, trace=195, nelems=4, elem type=char)
OBJ 76dc70 (sz=24, trace=195, class=java.lang.String@6aeef0)
	value		76dd40
ARR 76a160 (sz=272, trace=201, nelems=257, elem type=byte)
ARR 76d400 (sz=160, trace=201, nelems=72, elem type=short)
ARR 76d340 (sz=32, trace=201, nelems=4, elem type=int)
CLS 76d2e0 (name=sun.security.util.ManifestEntryVerifier, trace=201)
	super		6ae810
	static hexc	76eb60
ARR 76d2c0 (sz=24, trace=201, nelems=4, elem type=short)
ARR 76d520 (sz=72, trace=210, nelems=58, elem type=byte)
ARR 76e3f0 (sz=96, trace=210, nelems=83, elem type=byte)
ARR 76e2a0 (sz=16, trace=210, nelems=0, elem type=short)
ARR 76e1f0 (sz=32, trace=210, nelems=4, elem type=int)
CLS 76e190 (name=sun.misc.CharacterDecoder, trace=210)
	super		6ae810
ARR 76f860 (sz=48, trace=210, nelems=18, elem type=short)
CLS 76f820 (name=sun.misc.BASE64Decoder, trace=210)
	super		76e190
	static pem_convert_array	76f360
	static pem_array	76f450
ARR 770df0 (sz=32, trace=219, nelems=9, elem type=char)
OBJ 770ce0 (sz=24, trace=219, class=java.lang.String@6aeef0)
	value		770df0
ARR 770c80 (sz=24, trace=220, nelems=4, elem type=char)
OBJ 770ba0 (sz=24, trace=220, class=java.lang.String@6aeef0)
	value		770c80
ARR 770b80 (sz=24, trace=220, nelems=4, elem type=char)
OBJ 770b60 (sz=24, trace=220, class=java.lang.String@6aeef0)
	value		770b80
ARR 770b40 (sz=24, trace=220, nelems=3, elem type=char)
OBJ 770b20 (sz=24, trace=220, class=java.lang.String@6aeef0)
	value		770b40
ARR 7706f0 (sz=248, trace=224, nelems=234, elem type=byte)
ARR 7705c0 (sz=48, trace=224, nelems=18, elem type=short)
ARR 770540 (sz=32, trace=224, nelems=4, elem type=int)
ARR 770520 (sz=64, trace=224, nelems=12, elem type=int)
CLS 7704c0 (name=java.security.CodeSource, trace=224)
	super		6ae810
ARR 770780 (sz=160, trace=225, nelems=144, elem type=byte)
ARR 771d80 (sz=80, trace=225, nelems=61, elem type=byte)
ARR 771b20 (sz=24, trace=225, nelems=6, elem type=short)
ARR 771aa0 (sz=32, trace=225, nelems=4, elem type=int)
CLS 771a40 (name=java.security.PermissionCollection, trace=225)
	super		6ae810
ARR 771620 (sz=48, trace=225, nelems=18, elem type=short)
ARR 7715e0 (sz=48, trace=225, nelems=8, elem type=int)
ARR 7715c0 (sz=32, trace=225, nelems=4, elem type=int)
CLS 7715a0 (name=java.security.Permissions, trace=225)
	super		771a40
	static class$java$security$UnresolvedPermission	77a730
ARR 771ba0 (sz=296, trace=236, nelems=283, elem type=byte)
ARR 772690 (sz=160, trace=236, nelems=148, elem type=byte)
ARR 772590 (sz=464, trace=236, nelems=445, elem type=byte)
ARR 772500 (sz=208, trace=236, nelems=96, elem type=short)
ARR 772450 (sz=32, trace=236, nelems=4, elem type=int)
ARR 772430 (sz=32, trace=236, nelems=4, elem type=int)
ARR 772410 (sz=48, trace=236, nelems=8, elem type=int)
ARR 7723f0 (sz=48, trace=236, nelems=8, elem type=int)
CLS 772390 (name=java.net.URLConnection, trace=236)
	super		6ae810
	static contentPathProp	772270
	static contentClassPrefix	7722b0
	static UnknownContentHandlerP	776450
	static handlers	776ca0
ARR 772370 (sz=24, trace=236, nelems=4, elem type=short)
ARR 772310 (sz=56, trace=236, nelems=19, elem type=char)
OBJ 7722b0 (sz=24, trace=236, class=java.lang.String@6aeef0)
	value		772310
ARR 772290 (sz=64, trace=236, nelems=25, elem type=char)
OBJ 772270 (sz=24, trace=236, class=java.lang.String@6aeef0)
	value		772290
ARR 775d30 (sz=48, trace=236, nelems=18, elem type=short)
ARR 775cf0 (sz=32, trace=236, nelems=4, elem type=int)
ARR 775cd0 (sz=32, trace=236, nelems=4, elem type=int)
ARR 775cb0 (sz=32, trace=236, nelems=4, elem type=int)
ARR 775c90 (sz=32, trace=236, nelems=4, elem type=int)
ARR 775c70 (sz=48, trace=236, nelems=8, elem type=int)
CLS 775c50 (name=sun.net.www.URLConnection, trace=236)
	super		772390
ARR 775500 (sz=192, trace=236, nelems=90, elem type=short)
ARR 7754c0 (sz=32, trace=236, nelems=4, elem type=int)
ARR 7754a0 (sz=32, trace=236, nelems=4, elem type=int)
CLS 775480 (name=sun.net.www.protocol.file.FileURLConnection, trace=236)
	super		775c50
	static LAST_MODIFIED	777f40
	static TEXT_PLAIN	776090
	static CONTENT_TYPE	7761d0
	static CONTENT_LENGTH	776310
ARR 772640 (sz=40, trace=239, nelems=24, elem type=byte)
ARR 776b20 (sz=40, trace=239, nelems=27, elem type=byte)
ARR 7769c0 (sz=16, trace=239, nelems=0, elem type=short)
CLS 776910 (name=java.net.ContentHandler, trace=239)
	super		6ae810
ARR 776640 (sz=16, trace=239, nelems=0, elem type=short)
CLS 776600 (name=java.net.UnknownContentHandler, trace=239)
	super		776910
ARR 7763f0 (sz=40, trace=240, nelems=14, elem type=char)
OBJ 776310 (sz=24, trace=240, class=java.lang.String@6aeef0)
	value		7763f0
ARR 7762b0 (sz=40, trace=241, nelems=12, elem type=char)
OBJ 7761d0 (sz=24, trace=241, class=java.lang.String@6aeef0)
	value		7762b0
ARR 776170 (sz=32, trace=242, nelems=10, elem type=char)
OBJ 776090 (sz=24, trace=242, class=java.lang.String@6aeef0)
	value		776170
ARR 776030 (sz=40, trace=243, nelems=13, elem type=char)
OBJ 777f40 (sz=24, trace=243, class=java.lang.String@6aeef0)
	value		776030
ARR 776a10 (sz=192, trace=244, nelems=179, elem type=byte)
ARR 777d50 (sz=48, trace=244, nelems=18, elem type=short)
ARR 777c90 (sz=48, trace=244, nelems=8, elem type=int)
CLS 777c30 (name=sun.net.www.MessageHeader, trace=244)
	super		6ae810
ARR 778b60 (sz=232, trace=251, nelems=215, elem type=byte)
ARR 7789f0 (sz=208, trace=251, nelems=96, elem type=short)
CLS 778970 (name=java.io.FilePermission, trace=251)
	super		6bd1d0
	static SEP_WILD	779930
	static SEP_RECURSIVE	779b70
	static WILD	6befc0
	static RECURSIVE	778890
ARR 778950 (sz=24, trace=251, nelems=4, elem type=short)
ARR 7788f0 (sz=16, trace=251, nelems=1, elem type=char)
OBJ 778890 (sz=24, trace=251, class=java.lang.String@6aeef0)
	value		7788f0
ARR 779700 (sz=24, trace=251, nelems=4, elem type=char)
OBJ 7796e0 (sz=24, trace=251, class=java.lang.String@6aeef0)
	value		779700
ARR 779570 (sz=40, trace=261, nelems=13, elem type=char)
OBJ 7794a0 (sz=24, trace=261, class=java.lang.String@6aeef0)
	value		779570
ARR 778bf0 (sz=80, trace=262, nelems=66, elem type=byte)
ARR 7792e0 (sz=24, trace=262, nelems=6, elem type=short)
ARR 779260 (sz=32, trace=262, nelems=4, elem type=int)
CLS 779200 (name=java.io.FilePermission$1, trace=262)
	super		6ae810
ARR 7791e0 (sz=24, trace=262, nelems=4, elem type=short)
ARR 77adb0 (sz=80, trace=266, nelems=34, elem type=char)
OBJ 77aae0 (sz=24, trace=266, class=java.lang.String@6aeef0)
	value		77adb0
ARR 779450 (sz=296, trace=267, nelems=280, elem type=byte)
ARR 77a870 (sz=120, trace=267, nelems=54, elem type=short)
ARR 77a7f0 (sz=96, trace=267, nelems=20, elem type=int)
ARR 77a7d0 (sz=32, trace=267, nelems=4, elem type=int)
ARR 77a7b0 (sz=64, trace=267, nelems=12, elem type=int)
ARR 77a790 (sz=32, trace=267, nelems=4, elem type=int)
CLS 77a730 (name=java.security.UnresolvedPermission, trace=267)
	super		6bd1d0
	static class$java$lang$String	6aeef0
	static PARAMS2	77bb90
	static PARAMS1	77bd20
	static PARAMS0	77be10
ARR 77bf70 (sz=40, trace=268, nelems=13, elem type=char)
OBJ 77beb0 (sz=24, trace=268, class=java.lang.String@6aeef0)
	value		77bf70
ARR 77be90 (sz=56, trace=268, nelems=20, elem type=char)
OBJ 77be70 (sz=24, trace=268, class=java.lang.String@6aeef0)
	value		77be90
ARR 77bc50 (sz=48, trace=270, nelems=16, elem type=char)
OBJ 77bbf0 (sz=24, trace=270, class=java.lang.String@6aeef0)
	value		77bc50
ARR 77aa60 (sz=96, trace=272, nelems=83, elem type=byte)
ARR 77b8f0 (sz=24, trace=272, nelems=6, elem type=short)
CLS 77b870 (name=java.io.FilePermissionCollection, trace=272)
	super		771a40
ARR 77b1c0 (sz=24, trace=276, nelems=6, elem type=char)
OBJ 77b160 (sz=24, trace=276, class=java.lang.String@6aeef0)
	value		77b1c0
ARR 77bab0 (sz=160, trace=277, nelems=146, elem type=byte)
ARR 77cf40 (sz=64, trace=277, nelems=24, elem type=short)
CLS 77cec0 (name=java.security.BasicPermissionCollection, trace=277)
	super		771a40
ARR 77b0e0 (sz=32, trace=283, nelems=14, elem type=byte)
ARR 77c5e0 (sz=16, trace=283, nelems=0, elem type=short)
CLS 77c520 (name=java.security.Principal, trace=283)
	super		6ae810
ARR 77c120 (sz=24, trace=285, nelems=5, elem type=char)
OBJ 77c050 (sz=24, trace=285, class=java.lang.String@6aeef0)
	value		77c120
ARR 77c6d0 (sz=96, trace=287, nelems=80, elem type=byte)
ARR 77dd70 (sz=24, trace=287, nelems=6, elem type=short)
ARR 77dcf0 (sz=32, trace=287, nelems=4, elem type=int)
ARR 77dcd0 (sz=32, trace=287, nelems=4, elem type=int)
ARR 77dcb0 (sz=32, trace=287, nelems=4, elem type=int)
CLS 77dc50 (name=java.security.cert.Certificate, trace=287)
	super		6ae810
ARR 77dc30 (sz=24, trace=287, nelems=4, elem type=short)
ARR 77d360 (sz=736, trace=289, nelems=718, elem type=byte)
ARR 77ded0 (sz=112, trace=291, nelems=98, elem type=byte)
ARR 77e630 (sz=24, trace=291, nelems=6, elem type=short)
ARR 77e570 (sz=32, trace=291, nelems=4, elem type=int)
CLS 77e510 (name=sun.misc.URLClassPath$FileLoader, trace=291)
	super		741b60
ARR 77e4f0 (sz=40, trace=291, nelems=12, elem type=short)
ARR 77f7f0 (sz=16, trace=305, nelems=2, elem type=char)
OBJ 77f720 (sz=24, trace=305, class=java.lang.String@6aeef0)
	value		77f7f0
ARR 7812b0 (sz=32, trace=289, nelems=14, elem type=byte)
ARR 781240 (sz=16, trace=289, nelems=0, elem type=short)
CLS 7811d0 (name=junit.framework.TestListener, trace=289)
	super		6ae810
	loader		6bae30
	domain		7814b0
ARR 781400 (sz=184, trace=289, nelems=84, elem type=short)
ARR 781380 (sz=32, trace=289, nelems=4, elem type=int)
ARR 781360 (sz=32, trace=289, nelems=4, elem type=int)
ARR 781340 (sz=32, trace=289, nelems=4, elem type=int)
ARR 781320 (sz=96, trace=289, nelems=20, elem type=int)
ARR 781300 (sz=32, trace=289, nelems=4, elem type=int)
ARR 7812e0 (sz=128, trace=289, nelems=28, elem type=int)
ARR 782d50 (sz=48, trace=289, nelems=8, elem type=int)
ARR 782d30 (sz=48, trace=289, nelems=8, elem type=int)
CLS 782d10 (name=org.eclipse.jdt.internal.junit.runner.RemoteTestRunner, trace=289)
	super		6ae810
	loader		6bae30
	domain		77c7a0
	static SUITE_METHODNAME	782cb0
ARR 782cf0 (sz=40, trace=289, nelems=12, elem type=short)
ARR 782cd0 (sz=24, trace=289, nelems=5, elem type=char)
OBJ 782cb0 (sz=24, trace=289, class=java.lang.String@6aeef0)
	value		782cd0
ARR 785070 (sz=40, trace=289, nelems=21, elem type=byte)
ARR 786f20 (sz=16, trace=289, nelems=0, elem type=short)
CLS 786ee0 (name=junit.framework.AssertionFailedError, trace=289)
	super		6ba010
	loader		6bae30
	domain		7814b0
ARR 786b50 (sz=80, trace=6, nelems=68, elem type=byte)
ARR 786af0 (sz=24, trace=6, nelems=6, elem type=short)
CLS 786a30 (name=java.io.StringWriter, trace=6)
	super		6bf3a0
ARR 787250 (sz=64, trace=289, nelems=45, elem type=byte)
ARR 7885a0 (sz=232, trace=289, nelems=217, elem type=byte)
ARR 788580 (sz=16, trace=289, nelems=0, elem type=short)
CLS 788540 (name=junit.framework.Assert, trace=289)
	super		6ae810
	loader		6bae30
	domain		7814b0
ARR 78a3a0 (sz=24, trace=289, nelems=11, elem type=byte)
ARR 78a380 (sz=16, trace=289, nelems=0, elem type=short)
CLS 78a340 (name=junit.framework.Test, trace=289)
	super		6ae810
	loader		6bae30
	domain		7814b0
ARR 78a460 (sz=24, trace=289, nelems=6, elem type=short)
CLS 78a420 (name=junit.extensions.TestDecorator, trace=289)
	super		788540
	loader		6bae30
	domain		7814b0
ARR 78b120 (sz=336, trace=289, nelems=320, elem type=byte)
ARR 78b0e0 (sz=64, trace=289, nelems=24, elem type=short)
ARR 78b0a0 (sz=48, trace=289, nelems=8, elem type=int)
ARR 78b080 (sz=80, trace=289, nelems=16, elem type=int)
ARR 78b060 (sz=48, trace=289, nelems=8, elem type=int)
CLS 78b040 (name=junit.framework.TestSuite, trace=289)
	super		6ae810
	loader		6bae30
	domain		7814b0
	static class$1	6aeef0
	static class$0	78a340
ARR 78b020 (sz=24, trace=289, nelems=4, elem type=short)
ARR 78dda0 (sz=32, trace=6, nelems=16, elem type=byte)
ARR 78dd80 (sz=16, trace=6, nelems=0, elem type=short)
CLS 78dd40 (name=java.lang.NoSuchMethodException, trace=6)
	super		6bbf00
ARR 78de00 (sz=48, trace=6, nelems=32, elem type=byte)
ARR 78dde0 (sz=40, trace=6, nelems=12, elem type=short)
CLS 78d960 (name=java.lang.reflect.InvocationTargetException, trace=6)
	super		6bbf00
ARR 78d9d0 (sz=32, trace=6, nelems=16, elem type=byte)
ARR 78d9b0 (sz=16, trace=6, nelems=0, elem type=short)
CLS 78d3d0 (name=java.lang.IllegalAccessException, trace=6)
	super		6bbf00
ARR 78d020 (sz=32, trace=6, nelems=16, elem type=byte)
ARR 78d430 (sz=16, trace=6, nelems=0, elem type=short)
CLS 78d3f0 (name=java.lang.InstantiationException, trace=6)
	super		6bbf00
ARR 78d080 (sz=32, trace=6, nelems=16, elem type=byte)
ARR 78d060 (sz=16, trace=6, nelems=0, elem type=short)
CLS 78e770 (name=java.io.IOException, trace=6)
	super		6bbf00
ARR 78e7d0 (sz=32, trace=6, nelems=16, elem type=byte)
ARR 78e7b0 (sz=16, trace=6, nelems=0, elem type=short)
CLS 78e3a0 (name=java.lang.InterruptedException, trace=6)
	super		6bbf00
ARR 78e400 (sz=40, trace=6, nelems=27, elem type=byte)
ARR 78e3e0 (sz=16, trace=6, nelems=0, elem type=short)
CLS 78fde0 (name=java.io.FileReader, trace=6)
	super		6c5e60
ARR 78fe40 (sz=32, trace=6, nelems=16, elem type=byte)
ARR 78fe20 (sz=16, trace=6, nelems=0, elem type=short)
CLS 78f8d0 (name=java.lang.IllegalArgumentException, trace=6)
	super		6bbe80
ARR 790750 (sz=128, trace=289, nelems=112, elem type=byte)
ARR 790730 (sz=24, trace=289, nelems=6, elem type=short)
ARR 7906f0 (sz=64, trace=289, nelems=12, elem type=int)
CLS 7906d0 (name=org.eclipse.jdt.internal.junit.runner.RemoteTestRunner$ReaderThread, trace=289)
	super		6aeb80
	loader		6bae30
	domain		77c7a0
ARR 7906b0 (sz=24, trace=289, nelems=4, elem type=short)
ARR 790480 (sz=24, trace=1, nelems=4, elem type=char)
OBJ 790460 (sz=24, trace=1, class=java.lang.String@6aeef0)
	value		790480
ARR 7902c0 (sz=216, trace=322, nelems=199, elem type=byte)
ARR 7901c0 (sz=48, trace=322, nelems=18, elem type=short)
ARR 790100 (sz=32, trace=322, nelems=4, elem type=int)
ARR 7900e0 (sz=32, trace=322, nelems=4, elem type=int)
ARR 7900c0 (sz=48, trace=322, nelems=8, elem type=int)
ARR 7900a0 (sz=32, trace=322, nelems=4, elem type=int)
ARR 790080 (sz=48, trace=322, nelems=8, elem type=int)
CLS 790020 (name=java.lang.StringCoding, trace=322)
	super		6ae810
	static encoder	791620
	static decoder	791710
ARR 791fe0 (sz=72, trace=322, nelems=28, elem type=short)
ARR 790350 (sz=136, trace=326, nelems=118, elem type=byte)
ARR 7912a0 (sz=64, trace=326, nelems=24, elem type=short)
CLS 7911e0 (name=java.lang.ThreadLocal$ThreadLocalMap, trace=326)
	super		6ae810
ARR 7911c0 (sz=40, trace=326, nelems=12, elem type=short)
ARR 791410 (sz=48, trace=327, nelems=36, elem type=byte)
ARR 792500 (sz=24, trace=327, nelems=6, elem type=short)
CLS 792440 (name=java.lang.ThreadLocal$ThreadLocalMap$Entry, trace=327)
	super		6b5270
ARR 792420 (sz=40, trace=327, nelems=12, elem type=short)
ARR 7925e0 (sz=136, trace=330, nelems=117, elem type=byte)
ARR 793d70 (sz=40, trace=330, nelems=26, elem type=byte)
ARR 793be0 (sz=24, trace=330, nelems=6, elem type=short)
CLS 793b30 (name=java.lang.StringCoding$StringDecoder, trace=330)
	super		6ae810
ARR 793b10 (sz=24, trace=330, nelems=4, elem type=short)
ARR 793860 (sz=40, trace=330, nelems=12, elem type=short)
ARR 7937e0 (sz=32, trace=330, nelems=4, elem type=int)
CLS 7937c0 (name=java.lang.StringCoding$CharsetSD, trace=330)
	super		793b30
ARR 7937a0 (sz=40, trace=330, nelems=12, elem type=short)
ARR 794990 (sz=40, trace=339, nelems=11, elem type=char)
OBJ 794850 (sz=24, trace=339, class=java.lang.String@6aeef0)
	value		794990
ARR 794800 (sz=32, trace=339, nelems=10, elem type=char)
OBJ 7947e0 (sz=24, trace=339, class=java.lang.String@6aeef0)
	value		794800
ARR 794780 (sz=24, trace=340, nelems=5, elem type=char)
OBJ 7946a0 (sz=24, trace=340, class=java.lang.String@6aeef0)
	value		794780
ARR 794640 (sz=40, trace=341, nelems=13, elem type=char)
OBJ 794560 (sz=24, trace=341, class=java.lang.String@6aeef0)
	value		794640
ARR 794500 (sz=24, trace=342, nelems=5, elem type=char)
OBJ 794420 (sz=24, trace=342, class=java.lang.String@6aeef0)
	value		794500
ARR 795320 (sz=24, trace=362, nelems=5, elem type=char)
OBJ 795280 (sz=24, trace=362, class=java.lang.String@6aeef0)
	value		795320
ARR 796fb0 (sz=32, trace=366, nelems=10, elem type=char)
OBJ 796f90 (sz=24, trace=366, class=java.lang.String@6aeef0)
	value		796fb0
ARR 796c70 (sz=32, trace=370, nelems=10, elem type=char)
OBJ 796bd0 (sz=24, trace=370, class=java.lang.String@6aeef0)
	value		796c70
ARR 796b50 (sz=24, trace=370, nelems=6, elem type=char)
OBJ 796b30 (sz=24, trace=370, class=java.lang.String@6aeef0)
	value		796b50
ARR 793c50 (sz=440, trace=6, nelems=424, elem type=byte)
ARR 793c30 (sz=136, trace=6, nelems=60, elem type=short)
ARR 7967f0 (sz=32, trace=6, nelems=4, elem type=int)
ARR 7967d0 (sz=32, trace=6, nelems=4, elem type=int)
ARR 7967b0 (sz=32, trace=6, nelems=4, elem type=int)
ARR 796790 (sz=32, trace=6, nelems=4, elem type=int)
ARR 796770 (sz=32, trace=6, nelems=4, elem type=int)
ARR 796750 (sz=32, trace=6, nelems=4, elem type=int)
ARR 796730 (sz=32, trace=6, nelems=4, elem type=int)
ARR 796710 (sz=32, trace=6, nelems=4, elem type=int)
ARR 7966f0 (sz=32, trace=6, nelems=4, elem type=int)
ARR 7966d0 (sz=32, trace=6, nelems=4, elem type=int)
ARR 7966b0 (sz=32, trace=6, nelems=4, elem type=int)
ARR 796690 (sz=32, trace=6, nelems=4, elem type=int)
CLS 796670 (name=java.net.Socket, trace=6)
	super		6ae810
ARR 796650 (sz=32, trace=6, nelems=8, elem type=short)
ARR 78eb70 (sz=40, trace=372, nelems=14, elem type=char)
OBJ 78db70 (sz=24, trace=372, class=java.lang.String@6aeef0)
	value		78eb70
ARR 78e5c0 (sz=40, trace=373, nelems=14, elem type=char)
OBJ 78e560 (sz=24, trace=373, class=java.lang.String@6aeef0)
	value		78e5c0
ARR 78c150 (sz=104, trace=374, nelems=90, elem type=byte)
ARR 78c1e0 (sz=32, trace=374, nelems=15, elem type=byte)
ARR 78fae0 (sz=16, trace=374, nelems=0, elem type=short)
CLS 78fa60 (name=java.net.SocketAddress, trace=374)
	super		6ae810
ARR 798f20 (sz=48, trace=374, nelems=18, elem type=short)
ARR 798ea0 (sz=32, trace=374, nelems=4, elem type=int)
CLS 798e80 (name=java.net.InetSocketAddress, trace=374)
	super		78fa60
ARR 798800 (sz=488, trace=375, nelems=473, elem type=byte)
ARR 7986c0 (sz=184, trace=375, nelems=84, elem type=short)
ARR 798640 (sz=48, trace=375, nelems=8, elem type=int)
ARR 798620 (sz=48, trace=375, nelems=8, elem type=int)
ARR 798600 (sz=64, trace=375, nelems=12, elem type=int)
ARR 7985e0 (sz=80, trace=375, nelems=16, elem type=int)
ARR 7985c0 (sz=112, trace=375, nelems=24, elem type=int)
ARR 7985a0 (sz=48, trace=375, nelems=8, elem type=int)
ARR 798580 (sz=32, trace=375, nelems=4, elem type=int)
ARR 798560 (sz=80, trace=375, nelems=16, elem type=int)
ARR 798540 (sz=32, trace=375, nelems=4, elem type=int)
ARR 798520 (sz=32, trace=375, nelems=4, elem type=int)
CLS 7984c0 (name=java.net.InetAddress, trace=375)
	super		6ae810
	static lookupTable	79ba90
	static impl	79d6e0
	static nameService	79e700
ARR 7984a0 (sz=32, trace=375, nelems=8, elem type=short)
ARR 798890 (sz=48, trace=376, nelems=31, elem type=byte)
ARR 79a7e0 (sz=24, trace=376, nelems=6, elem type=short)
CLS 79a760 (name=sun.security.action.GetBooleanAction, trace=376)
	super		6ae810
ARR 79a500 (sz=72, trace=376, nelems=28, elem type=char)
OBJ 79a4a0 (sz=24, trace=376, class=java.lang.String@6aeef0)
	value		79a500
ARR 79a280 (sz=24, trace=378, nelems=3, elem type=char)
OBJ 79a220 (sz=24, trace=378, class=java.lang.String@6aeef0)
	value		79a280
ARR 79a930 (sz=48, trace=385, nelems=31, elem type=byte)
ARR 79b810 (sz=16, trace=385, nelems=0, elem type=short)
CLS 79b750 (name=java.net.InetAddressImplFactory, trace=385)
	super		6ae810
ARR 79b2d0 (sz=48, trace=387, nelems=16, elem type=char)
OBJ 79b1f0 (sz=24, trace=387, class=java.lang.String@6aeef0)
	value		79b2d0
ARR 79b0b0 (sz=40, trace=388, nelems=11, elem type=char)
OBJ 79b050 (sz=24, trace=388, class=java.lang.String@6aeef0)
	value		79b0b0
ARR 79ce50 (sz=32, trace=389, nelems=9, elem type=char)
OBJ 79cdf0 (sz=24, trace=389, class=java.lang.String@6aeef0)
	value		79ce50
ARR 79b910 (sz=72, trace=393, nelems=59, elem type=byte)
ARR 79cc40 (sz=32, trace=393, nelems=20, elem type=byte)
ARR 79cac0 (sz=16, trace=393, nelems=0, elem type=short)
CLS 79ca40 (name=java.net.InetAddressImpl, trace=393)
	super		6ae810
ARR 79c600 (sz=48, trace=393, nelems=18, elem type=short)
ARR 79c580 (sz=32, trace=393, nelems=4, elem type=int)
CLS 79c560 (name=java.net.Inet4AddressImpl, trace=393)
	super		6ae810
ARR 79d570 (sz=80, trace=403, nelems=33, elem type=char)
OBJ 79d4a0 (sz=24, trace=403, class=java.lang.String@6aeef0)
	value		79d570
ARR 79ee90 (sz=32, trace=404, nelems=7, elem type=char)
OBJ 79ee30 (sz=24, trace=404, class=java.lang.String@6aeef0)
	value		79ee90
ARR 79cb10 (sz=48, trace=410, nelems=36, elem type=byte)
ARR 79edf0 (sz=32, trace=410, nelems=14, elem type=byte)
ARR 79ec20 (sz=16, trace=410, nelems=0, elem type=short)
CLS 79eba0 (name=sun.net.spi.nameservice.NameService, trace=410)
	super		6ae810
ARR 79e960 (sz=16, trace=410, nelems=0, elem type=short)
CLS 79e920 (name=java.net.InetAddress$1, trace=410)
	super		6ae810
ARR 79e900 (sz=24, trace=410, nelems=4, elem type=short)
ARR 79ec50 (sz=160, trace=413, nelems=144, elem type=byte)
ARR 79e330 (sz=40, trace=413, nelems=12, elem type=short)
CLS 79e270 (name=java.net.Inet4Address, trace=413)
	super		7984c0
ARR 79f6e0 (sz=32, trace=413, nelems=9, elem type=char)
OBJ 79f680 (sz=24, trace=413, class=java.lang.String@6aeef0)
	value		79f6e0
ARR 79f4b0 (sz=32, trace=416, nelems=7, elem type=char)
OBJ 79f3e0 (sz=24, trace=416, class=java.lang.String@6aeef0)
	value		79f4b0
ARR 79e420 (sz=344, trace=417, nelems=329, elem type=byte)
ARR 79f3a0 (sz=136, trace=417, nelems=117, elem type=byte)
ARR 79f260 (sz=56, trace=417, nelems=44, elem type=byte)
ARR 79f160 (sz=184, trace=417, nelems=84, elem type=short)
CLS 79f0f0 (name=java.net.SocketOptions, trace=417)
	super		6ae810
ARR afc0b10 (sz=88, trace=417, nelems=36, elem type=short)
CLS afc0ad0 (name=java.net.SocketImpl, trace=417)
	super		6ae810
ARR afc1d50 (sz=136, trace=417, nelems=60, elem type=short)
ARR afc1cd0 (sz=48, trace=417, nelems=8, elem type=int)
ARR afc1cb0 (sz=32, trace=417, nelems=4, elem type=int)
ARR afc1c90 (sz=32, trace=417, nelems=4, elem type=int)
ARR afc1c70 (sz=64, trace=417, nelems=12, elem type=int)
ARR afc1c50 (sz=48, trace=417, nelems=8, elem type=int)
ARR afc1c30 (sz=64, trace=417, nelems=12, elem type=int)
ARR afc1c10 (sz=48, trace=417, nelems=8, elem type=int)
ARR afc1bf0 (sz=112, trace=417, nelems=24, elem type=int)
ARR afc1bd0 (sz=64, trace=417, nelems=12, elem type=int)
CLS afc1bb0 (name=java.net.PlainSocketImpl, trace=417)
	super		afc0ad0
ARR afc3160 (sz=200, trace=6, nelems=183, elem type=byte)
ARR afc3140 (sz=64, trace=6, nelems=24, elem type=short)
ARR afc3100 (sz=64, trace=6, nelems=12, elem type=int)
ARR afc30e0 (sz=80, trace=6, nelems=16, elem type=int)
ARR afc30c0 (sz=80, trace=6, nelems=16, elem type=int)
ARR afc30a0 (sz=80, trace=6, nelems=16, elem type=int)
ARR afc3080 (sz=80, trace=6, nelems=16, elem type=int)
ARR afc3060 (sz=80, trace=6, nelems=16, elem type=int)
ARR afc3040 (sz=48, trace=6, nelems=8, elem type=int)
ARR afc3020 (sz=48, trace=6, nelems=8, elem type=int)
ARR afc4fe0 (sz=48, trace=6, nelems=8, elem type=int)
ARR afc4fc0 (sz=48, trace=6, nelems=8, elem type=int)
ARR afc4fa0 (sz=48, trace=6, nelems=8, elem type=int)
ARR afc4f80 (sz=48, trace=6, nelems=8, elem type=int)
ARR afc4f60 (sz=48, trace=6, nelems=8, elem type=int)
ARR afc4f40 (sz=48, trace=6, nelems=8, elem type=int)
ARR afc4f20 (sz=48, trace=6, nelems=8, elem type=int)
CLS afc4f00 (name=java.io.PrintWriter, trace=6)
	super		6bf3a0
ARR afc31b0 (sz=56, trace=427, nelems=40, elem type=byte)
ARR afc4050 (sz=24, trace=427, nelems=6, elem type=short)
CLS afc5fb0 (name=java.net.Socket$2, trace=427)
	super		6ae810
ARR afc5f90 (sz=24, trace=427, nelems=4, elem type=short)
ARR afc41b0 (sz=96, trace=428, nelems=82, elem type=byte)
ARR afc5c50 (sz=64, trace=428, nelems=24, elem type=short)
ARR afc5b90 (sz=48, trace=428, nelems=8, elem type=int)
CLS afc5b30 (name=java.net.SocketOutputStream, trace=428)
	super		6b1740
ARR afc5da0 (sz=56, trace=448, nelems=40, elem type=byte)
ARR afc7d10 (sz=24, trace=448, nelems=6, elem type=short)
CLS afc7c90 (name=java.net.Socket$1, trace=448)
	super		6ae810
ARR afc7c70 (sz=24, trace=448, nelems=4, elem type=short)
ARR afc7e70 (sz=128, trace=449, nelems=112, elem type=byte)
ARR afc7920 (sz=72, trace=449, nelems=30, elem type=short)
ARR afc7860 (sz=48, trace=449, nelems=8, elem type=int)
CLS afc7800 (name=java.net.SocketInputStream, trace=449)
	super		6b19e0
ARR afc8340 (sz=40, trace=458, nelems=12, elem type=char)
OBJ afc8260 (sz=24, trace=458, class=java.lang.String@6aeef0)
	value		afc8340
ARR afc9520 (sz=168, trace=289, nelems=151, elem type=byte)
ARR afc9500 (sz=72, trace=289, nelems=30, elem type=short)
ARR afc94c0 (sz=64, trace=289, nelems=12, elem type=int)
ARR afc94a0 (sz=32, trace=289, nelems=4, elem type=int)
CLS afc9480 (name=junit.framework.TestResult, trace=289)
	super		6ae810
	loader		6bae30
	domain		7814b0
ARR afc9460 (sz=24, trace=289, nelems=4, elem type=short)
ARR afcc620 (sz=24, trace=289, nelems=12, elem type=byte)
ARR afcc600 (sz=16, trace=289, nelems=0, elem type=short)
CLS afcc5c0 (name=junit.framework.Protectable, trace=289)
	super		6ae810
	loader		6bae30
	domain		7814b0
ARR afcd410 (sz=80, trace=473, nelems=66, elem type=byte)
ARR afcd330 (sz=64, trace=473, nelems=24, elem type=short)
CLS afcd270 (name=sun.misc.URLClassPath$6, trace=473)
	super		76aca0
ARR afcd250 (sz=32, trace=473, nelems=8, elem type=short)
ARR afcf5f0 (sz=56, trace=289, nelems=44, elem type=byte)
ARR afcf5b0 (sz=16, trace=289, nelems=0, elem type=short)
CLS afcf570 (name=test_unitaire.TestAll, trace=289)
	super		6ae810
	loader		6bae30
	domain		afcf9e0
ARR afcf010 (sz=232, trace=493, nelems=220, elem type=byte)
ARR afcf080 (sz=96, trace=493, nelems=78, elem type=byte)
ARR afcf800 (sz=16, trace=493, nelems=0, elem type=short)
ARR afcf750 (sz=32, trace=493, nelems=4, elem type=int)
ARR afcf730 (sz=32, trace=493, nelems=4, elem type=int)
ARR afcf710 (sz=32, trace=493, nelems=4, elem type=int)
CLS afcf6b0 (name=java.util.AbstractSequentialList, trace=493)
	super		6bc580
ARR afd0d80 (sz=48, trace=493, nelems=18, elem type=short)
ARR afd0d40 (sz=32, trace=493, nelems=4, elem type=int)
CLS afd0d20 (name=java.util.LinkedList, trace=493)
	super		afcf6b0
ARR afd0d00 (sz=32, trace=493, nelems=8, elem type=short)
ARR afd1af0 (sz=48, trace=494, nelems=29, elem type=byte)
ARR afd1a10 (sz=48, trace=494, nelems=18, elem type=short)
CLS afd1950 (name=java.util.LinkedList$Entry, trace=494)
	super		6ae810
ARR afd1930 (sz=24, trace=494, nelems=4, elem type=short)
ARR afd26f0 (sz=32, trace=505, nelems=8, elem type=char)
OBJ afd26d0 (sz=24, trace=505, class=java.lang.String@6aeef0)
	value		afd26f0
ARR afd2120 (sz=128, trace=510, nelems=115, elem type=byte)
ARR afd2180 (sz=40, trace=510, nelems=23, elem type=byte)
ARR afd3f00 (sz=16, trace=510, nelems=0, elem type=short)
CLS afd3e90 (name=java.util.ListIterator, trace=510)
	super		6ae810
ARR afd3a00 (sz=72, trace=510, nelems=30, elem type=short)
ARR afd3980 (sz=32, trace=510, nelems=4, elem type=int)
CLS afd3960 (name=java.util.LinkedList$ListItr, trace=510)
	super		6ae810
ARR afd3940 (sz=32, trace=510, nelems=8, elem type=short)
ARR afd3f80 (sz=96, trace=523, nelems=81, elem type=byte)
ARR afd5fb0 (sz=48, trace=523, nelems=18, elem type=short)
CLS afd5ef0 (name=sun.reflect.NativeMethodAccessorImpl, trace=523)
	super		6bc9e0
ARR afd4110 (sz=48, trace=524, nelems=30, elem type=byte)
ARR afd5960 (sz=24, trace=524, nelems=6, elem type=short)
CLS afd58a0 (name=sun.reflect.DelegatingMethodAccessorImpl, trace=524)
	super		6bc9e0
ARR afd6500 (sz=256, trace=289, nelems=242, elem type=byte)
ARR afd7510 (sz=160, trace=289, nelems=143, elem type=byte)
ARR afd74d0 (sz=24, trace=289, nelems=6, elem type=short)
ARR afd7490 (sz=32, trace=289, nelems=4, elem type=int)
ARR afd7470 (sz=64, trace=289, nelems=12, elem type=int)
CLS afd7450 (name=junit.framework.TestCase, trace=289)
	super		788540
	loader		6bae30
	domain		7814b0
ARR afd8e20 (sz=64, trace=289, nelems=24, elem type=short)
ARR afd8de0 (sz=32, trace=289, nelems=4, elem type=int)
ARR afd8dc0 (sz=48, trace=289, nelems=8, elem type=int)
ARR afd8da0 (sz=32, trace=289, nelems=4, elem type=int)
CLS afd8d80 (name=test_unitaire.TestXmlSimple, trace=289)
	super		afd7450
	loader		6bae30
	domain		afcf9e0
	static class$0	afd8d80
ARR afd92c0 (sz=96, trace=289, nelems=80, elem type=byte)
ARR afd92a0 (sz=40, trace=289, nelems=12, elem type=short)
CLS afd9260 (name=junit.framework.ComparisonFailure, trace=289)
	super		786ee0
	loader		6bae30
	domain		7814b0
ARR afdaec0 (sz=80, trace=6, nelems=64, elem type=byte)
ARR afdaea0 (sz=16, trace=6, nelems=0, elem type=short)
CLS afdae60 (name=java.lang.AssertionError, trace=6)
	super		6ba010
ARR afdaf20 (sz=48, trace=6, nelems=34, elem type=byte)
ARR afdaf00 (sz=16, trace=6, nelems=0, elem type=short)
CLS afda5b0 (name=java.io.FileNotFoundException, trace=6)
	super		78e770
ARR afda230 (sz=72, trace=529, nelems=27, elem type=char)
OBJ afd8090 (sz=24, trace=529, class=java.lang.String@6aeef0)
	value		afda230
ARR afdba90 (sz=56, trace=542, nelems=20, elem type=char)
OBJ afdb9c0 (sz=24, trace=542, class=java.lang.String@6aeef0)
	value		afdba90
ARR afdb600 (sz=40, trace=543, nelems=59, elem type=int)
ARR afdcde0 (sz=24, trace=549, nelems=4, elem type=char)
OBJ afdccb0 (sz=24, trace=549, class=java.lang.String@6aeef0)
	value		afdcde0
ARR afda610 (sz=40, trace=6, nelems=26, elem type=byte)
ARR afda5f0 (sz=24, trace=6, nelems=6, elem type=short)
CLS afdcaf0 (name=java.lang.Void, trace=6)
	super		6ae810
	static TYPE	6bd9e0
ARR afdc8f0 (sz=24, trace=550, nelems=4, elem type=char)
OBJ afdc810 (sz=24, trace=550, class=java.lang.String@6aeef0)
	value		afdc8f0
ARR afddf00 (sz=72, trace=558, nelems=29, elem type=char)
OBJ afddea0 (sz=24, trace=558, class=java.lang.String@6aeef0)
	value		afddf00
ARR afdde80 (sz=48, trace=558, nelems=16, elem type=char)
OBJ afdde60 (sz=24, trace=558, class=java.lang.String@6aeef0)
	value		afdde80
ARR afdde00 (sz=40, trace=559, nelems=14, elem type=char)
OBJ afddd20 (sz=24, trace=559, class=java.lang.String@6aeef0)
	value		afdde00
ARR afddd00 (sz=40, trace=559, nelems=14, elem type=char)
OBJ afddce0 (sz=24, trace=559, class=java.lang.String@6aeef0)
	value		afddd00
ARR afddc80 (sz=40, trace=560, nelems=14, elem type=char)
OBJ afddba0 (sz=24, trace=560, class=java.lang.String@6aeef0)
	value		afddc80
ARR afddb80 (sz=40, trace=560, nelems=14, elem type=char)
OBJ afddb60 (sz=24, trace=560, class=java.lang.String@6aeef0)
	value		afddb80
ARR afddb00 (sz=40, trace=561, nelems=14, elem type=char)
OBJ afdda20 (sz=24, trace=561, class=java.lang.String@6aeef0)
	value		afddb00
ARR afdda00 (sz=40, trace=561, nelems=14, elem type=char)
OBJ afdd9e0 (sz=24, trace=561, class=java.lang.String@6aeef0)
	value		afdda00
ARR afdd980 (sz=40, trace=562, nelems=14, elem type=char)
OBJ afdd8a0 (sz=24, trace=562, class=java.lang.String@6aeef0)
	value		afdd980
ARR afdd880 (sz=40, trace=562, nelems=14, elem type=char)
OBJ afdd860 (sz=24, trace=562, class=java.lang.String@6aeef0)
	value		afdd880
ARR afdd800 (sz=40, trace=563, nelems=14, elem type=char)
OBJ afdd720 (sz=24, trace=563, class=java.lang.String@6aeef0)
	value		afdd800
ARR afdd700 (sz=40, trace=563, nelems=14, elem type=char)
OBJ afdd6e0 (sz=24, trace=563, class=java.lang.String@6aeef0)
	value		afdd700
ARR afdd680 (sz=40, trace=564, nelems=14, elem type=char)
OBJ afdd5a0 (sz=24, trace=564, class=java.lang.String@6aeef0)
	value		afdd680
ARR afdd580 (sz=40, trace=564, nelems=12, elem type=char)
OBJ afdd560 (sz=24, trace=564, class=java.lang.String@6aeef0)
	value		afdd580
ARR afdfe60 (sz=352, trace=289, nelems=337, elem type=byte)
ARR afdfe40 (sz=40, trace=289, nelems=12, elem type=short)
ARR afdfe00 (sz=32, trace=289, nelems=4, elem type=int)
ARR afdfde0 (sz=32, trace=289, nelems=4, elem type=int)
ARR afdfdc0 (sz=80, trace=289, nelems=16, elem type=int)
CLS afdfda0 (name=test_unitaire.VerifieContextErreur, trace=289)
	super		afd7450
	loader		6bae30
	domain		afcf9e0
	static class$0	afdfda0
ARR afe0570 (sz=48, trace=6, nelems=33, elem type=byte)
ARR afe0550 (sz=24, trace=6, nelems=6, elem type=short)
CLS afe0510 (name=org.xml.sax.SAXException, trace=6)
	super		6bbf00
ARR afe05d0 (sz=32, trace=6, nelems=16, elem type=byte)
ARR afe05b0 (sz=16, trace=6, nelems=0, elem type=short)
CLS afe1ef0 (name=javax.xml.parsers.ParserConfigurationException, trace=6)
	super		6bbf00
ARR afe1f60 (sz=48, trace=6, nelems=34, elem type=byte)
ARR afe1f40 (sz=24, trace=6, nelems=6, elem type=short)
CLS afe1a80 (name=javax.xml.parsers.FactoryConfigurationError, trace=6)
	super		6ba010
ARR afe0110 (sz=80, trace=566, nelems=34, elem type=char)
OBJ afe0f70 (sz=24, trace=566, class=java.lang.String@6aeef0)
	value		afe0110
ARR afe2f40 (sz=208, trace=289, nelems=190, elem type=byte)
ARR afe2f20 (sz=64, trace=289, nelems=24, elem type=short)
ARR afe2ee0 (sz=32, trace=289, nelems=4, elem type=int)
CLS afe2ec0 (name=test_unitaire.Classe_Erreur, trace=289)
	super		6ae810
	loader		6bae30
	domain		afcf9e0
	static class$0	afe2ec0
ARR afe27d0 (sz=24, trace=543, nelems=21, elem type=int)
ARR afe3ad0 (sz=32, trace=289, nelems=18, elem type=byte)
ARR afe3ab0 (sz=16, trace=289, nelems=0, elem type=short)
CLS afe3a70 (name=erreur.Erreur, trace=289)
	super		6ae810
	loader		6bae30
	domain		afcf9e0
ARR afe4fe0 (sz=200, trace=289, nelems=188, elem type=byte)
ARR afe4fc0 (sz=64, trace=289, nelems=24, elem type=short)
ARR afe4f80 (sz=32, trace=289, nelems=4, elem type=int)
CLS afe4f60 (name=test_unitaire.Err, trace=289)
	super		6ae810
	loader		6bae30
	domain		afcf9e0
	static class$0	afe4f60
ARR afe1af0 (sz=56, trace=6, nelems=41, elem type=byte)
ARR afe4a20 (sz=88, trace=6, nelems=74, elem type=byte)
ARR afe4a00 (sz=160, trace=6, nelems=72, elem type=short)
CLS afe4970 (name=org.w3c.dom.Node, trace=6)
	super		6ae810
ARR afe5490 (sz=16, trace=6, nelems=0, elem type=short)
CLS afe5450 (name=org.w3c.dom.Element, trace=6)
	super		6ae810
ARR afe49b0 (sz=64, trace=576, nelems=47, elem type=byte)
ARR afe7b40 (sz=40, trace=576, nelems=12, elem type=short)
ARR afe7ac0 (sz=64, trace=576, nelems=12, elem type=int)
CLS afe7a60 (name=java.util.Vector$1, trace=576)
	super		6ae810
ARR afe7a40 (sz=24, trace=576, nelems=4, elem type=short)
ARR afe71d0 (sz=32, trace=579, nelems=8, elem type=char)
OBJ afe71b0 (sz=24, trace=579, class=java.lang.String@6aeef0)
	value		afe71d0
ARR afe7070 (sz=16, trace=579, nelems=1, elem type=char)
OBJ afd7910 (sz=24, trace=579, class=java.lang.String@6aeef0)
	value		afe7070
ARR afd78f0 (sz=16, trace=579, nelems=2, elem type=char)
OBJ afd78d0 (sz=24, trace=579, class=java.lang.String@6aeef0)
	value		afd78f0
ARR afe8de0 (sz=16, trace=586, nelems=1, elem type=char)
OBJ afe8d80 (sz=24, trace=586, class=java.lang.String@6aeef0)
	value		afe8de0
ARR afe8720 (sz=32, trace=596, nelems=8, elem type=char)
OBJ afe86c0 (sz=24, trace=596, class=java.lang.String@6aeef0)
	value		afe8720
ARR afe9950 (sz=16, trace=612, nelems=1, elem type=char)
OBJ afe98f0 (sz=24, trace=612, class=java.lang.String@6aeef0)
	value		afe9950
ARR afe9810 (sz=16, trace=612, nelems=1, elem type=char)
OBJ afe97f0 (sz=24, trace=612, class=java.lang.String@6aeef0)
	value		afe9810
ARR afe9630 (sz=24, trace=617, nelems=5, elem type=char)
OBJ afe9530 (sz=24, trace=617, class=java.lang.String@6aeef0)
	value		afe9630
ARR afebc60 (sz=32, trace=631, nelems=8, elem type=char)
OBJ afebc00 (sz=24, trace=631, class=java.lang.String@6aeef0)
	value		afebc60
ARR afec030 (sz=48, trace=289, nelems=34, elem type=byte)
ARR afedfe0 (sz=24, trace=289, nelems=6, elem type=short)
CLS afedfa0 (name=junit.framework.TestResult$1, trace=289)
	super		6ae810
	loader		6bae30
	domain		7814b0
ARR afedf80 (sz=24, trace=289, nelems=4, elem type=short)
ARR aff4960 (sz=776, trace=289, nelems=758, elem type=byte)
ARR aff4940 (sz=120, trace=289, nelems=54, elem type=short)
ARR aff4900 (sz=32, trace=289, nelems=4, elem type=int)
ARR aff48e0 (sz=80, trace=289, nelems=16, elem type=int)
CLS aff48c0 (name=compiler.Compiler_Eiffel, trace=289)
	super		6ae810
	loader		6bae30
	domain		afcf9e0
	static class$0	aff48c0
	static logging	b2483c0
ARR aff7fa0 (sz=144, trace=289, nelems=131, elem type=byte)
ARR aff72b0 (sz=40, trace=289, nelems=24, elem type=byte)
ARR aff8660 (sz=24, trace=289, nelems=9, elem type=byte)
ARR aff8640 (sz=16, trace=289, nelems=0, elem type=short)
CLS aff8600 (name=ast.ToXML, trace=289)
	super		6ae810
	loader		6bae30
	domain		afcf9e0
ARR aff8700 (sz=16, trace=289, nelems=0, elem type=short)
CLS aff86c0 (name=ast.Instr, trace=289)
	super		6ae810
	loader		6bae30
	domain		afcf9e0
ARR aff96c0 (sz=24, trace=289, nelems=11, elem type=byte)
ARR aff96a0 (sz=16, trace=289, nelems=0, elem type=short)
CLS aff9660 (name=ast.Suite, trace=289)
	super		6ae810
	loader		6bae30
	domain		afcf9e0
ARR aff9740 (sz=96, trace=289, nelems=42, elem type=short)
ARR aff9700 (sz=32, trace=289, nelems=4, elem type=int)
CLS aff96e0 (name=ast.Instr_If, trace=289)
	super		aff86c0
	loader		6bae30
	domain		afcf9e0
	static class$0	aff96e0
ARR affa540 (sz=144, trace=289, nelems=129, elem type=byte)
ARR affa4c0 (sz=88, trace=289, nelems=36, elem type=short)
ARR affa480 (sz=32, trace=289, nelems=4, elem type=int)
CLS affa460 (name=ast.Instr_Affect, trace=289)
	super		aff86c0
	loader		6bae30
	domain		afcf9e0
	static class$0	affa460
ARR affb6b0 (sz=200, trace=289, nelems=188, elem type=byte)
ARR affb670 (sz=192, trace=289, nelems=90, elem type=short)
ARR affb630 (sz=32, trace=289, nelems=4, elem type=int)
CLS affb610 (name=ast.Type, trace=289)
	super		6ae810
	loader		6bae30
	domain		afcf9e0
	static class$0	affb610
ARR affc2c0 (sz=144, trace=289, nelems=129, elem type=byte)
ARR affc240 (sz=88, trace=289, nelems=36, elem type=short)
ARR affc200 (sz=32, trace=289, nelems=4, elem type=int)
CLS affc1e0 (name=ast.Instr_TentAffect, trace=289)
	super		aff86c0
	loader		6bae30
	domain		afcf9e0
	static class$0	affc1e0
ARR affd1d0 (sz=176, trace=289, nelems=164, elem type=byte)
ARR affe530 (sz=288, trace=289, nelems=271, elem type=byte)
ARR affe4f0 (sz=280, trace=289, nelems=132, elem type=short)
ARR affe4b0 (sz=32, trace=289, nelems=4, elem type=int)
CLS affe490 (name=ast.Feature, trace=289)
	super		6ae810
	loader		6bae30
	domain		afcf9e0
	static class$0	affe490
ARR afff630 (sz=72, trace=289, nelems=30, elem type=short)
ARR afff5f0 (sz=32, trace=289, nelems=4, elem type=int)
CLS afff5d0 (name=ast.FeatureRoutine, trace=289)
	super		affe490
	loader		6bae30
	domain		afcf9e0
	static class$0	afff5d0
ARR b000a00 (sz=96, trace=289, nelems=83, elem type=byte)
ARR b000980 (sz=40, trace=289, nelems=12, elem type=short)
ARR b000940 (sz=32, trace=289, nelems=4, elem type=int)
CLS b000920 (name=ast.FeatureUnique, trace=289)
	super		affe490
	loader		6bae30
	domain		afcf9e0
	static class$0	b000920
ARR b001ca0 (sz=112, trace=289, nelems=97, elem type=byte)
ARR b001c20 (sz=64, trace=289, nelems=24, elem type=short)
ARR b001be0 (sz=32, trace=289, nelems=4, elem type=int)
CLS b001bc0 (name=ast.FeatureExternal, trace=289)
	super		affe490
	loader		6bae30
	domain		afcf9e0
	static class$0	b001bc0
ARR b002ec0 (sz=96, trace=289, nelems=80, elem type=byte)
ARR b002e40 (sz=40, trace=289, nelems=12, elem type=short)
ARR b002e00 (sz=32, trace=289, nelems=4, elem type=int)
CLS b002de0 (name=ast.FeatureDeferred, trace=289)
	super		affe490
	loader		6bae30
	domain		afcf9e0
	static class$0	b002de0
ARR b002140 (sz=88, trace=289, nelems=72, elem type=byte)
ARR b0020c0 (sz=40, trace=289, nelems=12, elem type=short)
ARR b002080 (sz=32, trace=289, nelems=4, elem type=int)
CLS b002060 (name=ast.FeatureAttr, trace=289)
	super		affe490
	loader		6bae30
	domain		afcf9e0
	static class$0	b002060
ARR b003400 (sz=112, trace=289, nelems=93, elem type=byte)
ARR b003380 (sz=48, trace=289, nelems=18, elem type=short)
ARR b003340 (sz=32, trace=289, nelems=4, elem type=int)
CLS b003320 (name=ast.FeatureExpr, trace=289)
	super		affe490
	loader		6bae30
	domain		afcf9e0
	static class$0	b003320
ARR b004cf0 (sz=32, trace=6, nelems=16, elem type=byte)
ARR b004cd0 (sz=16, trace=6, nelems=0, elem type=short)
CLS b004c90 (name=java.lang.SecurityException, trace=6)
	super		6bbe80
ARR b0087f0 (sz=80, trace=289, nelems=64, elem type=byte)
ARR b0097c0 (sz=32, trace=289, nelems=16, elem type=byte)
ARR b009780 (sz=16, trace=289, nelems=0, elem type=short)
CLS b009740 (name=antlr.ANTLRException, trace=289)
	super		6bbf00
	loader		6bae30
	domain		b008890
ARR b009900 (sz=48, trace=289, nelems=18, elem type=short)
CLS b0098c0 (name=antlr.RecognitionException, trace=289)
	super		b009740
	loader		6bae30
	domain		b008890
ARR b00a0a0 (sz=32, trace=289, nelems=16, elem type=byte)
ARR b00a080 (sz=16, trace=289, nelems=0, elem type=short)
CLS b00a040 (name=antlr.TokenStreamException, trace=289)
	super		b009740
	loader		6bae30
	domain		b008890
ARR b00ce40 (sz=24, trace=289, nelems=12, elem type=byte)
ARR b00ce20 (sz=16, trace=289, nelems=0, elem type=short)
CLS b00cde0 (name=antlr.TokenStream, trace=289)
	super		6ae810
	loader		6bae30
	domain		b008890
ARR b00afd0 (sz=64, trace=679, nelems=24, elem type=char)
OBJ b00cee0 (sz=24, trace=679, class=java.lang.String@6aeef0)
	value		b00afd0
ARR b00c210 (sz=184, trace=289, nelems=171, elem type=byte)
ARR b00c1f0 (sz=88, trace=289, nelems=36, elem type=short)
ARR b00c1b0 (sz=32, trace=289, nelems=4, elem type=int)
CLS b00c190 (name=compiler.Logging, trace=289)
	super		6ae810
	loader		6bae30
	domain		afcf9e0
ARR b00d960 (sz=40, trace=685, nelems=13, elem type=char)
OBJ b00d900 (sz=24, trace=685, class=java.lang.String@6aeef0)
	value		b00d960
ARR b00d8e0 (sz=16, trace=685, nelems=2, elem type=char)
OBJ b00d8c0 (sz=24, trace=685, class=java.lang.String@6aeef0)
	value		b00d8e0
ARR b00d8a0 (sz=32, trace=685, nelems=7, elem type=char)
OBJ b00d880 (sz=24, trace=685, class=java.lang.String@6aeef0)
	value		b00d8a0
ARR b00e6a0 (sz=632, trace=289, nelems=619, elem type=byte)
ARR b00f790 (sz=376, trace=289, nelems=357, elem type=byte)
ARR b00f750 (sz=184, trace=289, nelems=84, elem type=short)
ARR b00f710 (sz=48, trace=289, nelems=8, elem type=int)
ARR b00f6f0 (sz=32, trace=289, nelems=4, elem type=int)
CLS b00f6d0 (name=antlr.CharScanner, trace=289)
	super		6ae810
	loader		6bae30
	domain		b008890
ARR b011c70 (sz=224, trace=289, nelems=209, elem type=byte)
ARR b011c50 (sz=1216, trace=289, nelems=600, elem type=short)
CLS b011c30 (name=compiler.EiffelTokenTypes, trace=289)
	super		6ae810
	loader		6bae30
	domain		afcf9e0
ARR b012440 (sz=96, trace=289, nelems=42, elem type=short)
ARR b012400 (sz=48, trace=289, nelems=8, elem type=int)
CLS b0123e0 (name=compiler.EiffelLexer, trace=289)
	super		b00f6d0
	loader		6bae30
	domain		afcf9e0
	static _tokenSet_5	b022610
	static _tokenSet_4	b021110
	static _tokenSet_3	b021290
	static _tokenSet_2	b021450
	static _tokenSet_1	b022e70
	static _tokenSet_0	b022fb0
ARR b016cc0 (sz=144, trace=289, nelems=128, elem type=byte)
ARR b016ca0 (sz=160, trace=289, nelems=72, elem type=short)
CLS b016c60 (name=antlr.MismatchedCharException, trace=289)
	super		b0098c0
	loader		6bae30
	domain		b008890
ARR b017300 (sz=72, trace=289, nelems=58, elem type=byte)
ARR b0172e0 (sz=24, trace=289, nelems=6, elem type=short)
CLS b0172a0 (name=antlr.NoViableAltForCharException, trace=289)
	super		b0098c0
	loader		6bae30
	domain		b008890
ARR b0180e0 (sz=32, trace=289, nelems=19, elem type=byte)
ARR b0180c0 (sz=16, trace=289, nelems=0, elem type=short)
CLS b018080 (name=antlr.SemanticException, trace=289)
	super		b0098c0
	loader		6bae30
	domain		b008890
ARR b01aec0 (sz=32, trace=289, nelems=13, elem type=byte)
ARR b01aea0 (sz=16, trace=289, nelems=0, elem type=short)
CLS b01ae60 (name=antlr.CharStreamException, trace=289)
	super		b009740
	loader		6bae30
	domain		b008890
ARR b01bc90 (sz=48, trace=289, nelems=29, elem type=byte)
ARR b01bc70 (sz=24, trace=289, nelems=6, elem type=short)
CLS b01bc30 (name=antlr.TokenStreamRecognitionException, trace=289)
	super		b00a040
	loader		6bae30
	domain		b008890
ARR b01c830 (sz=40, trace=289, nelems=24, elem type=byte)
ARR b01c810 (sz=24, trace=289, nelems=6, elem type=short)
CLS b01c7d0 (name=antlr.TokenStreamIOException, trace=289)
	super		b00a040
	loader		6bae30
	domain		b008890
ARR b01d8f0 (sz=88, trace=289, nelems=75, elem type=byte)
ARR b01d8d0 (sz=64, trace=289, nelems=24, elem type=short)
CLS b01d890 (name=antlr.InputBuffer, trace=289)
	super		6ae810
	loader		6bae30
	domain		b008890
ARR b01e0b0 (sz=72, trace=289, nelems=56, elem type=byte)
ARR b01e090 (sz=24, trace=289, nelems=6, elem type=short)
ARR b01e050 (sz=32, trace=289, nelems=4, elem type=int)
CLS b01e030 (name=antlr.ByteBuffer, trace=289)
	super		b01d890
	loader		6bae30
	domain		b008890
ARR b017660 (sz=72, trace=289, nelems=56, elem type=byte)
ARR b017640 (sz=24, trace=289, nelems=6, elem type=short)
ARR b017fe0 (sz=32, trace=289, nelems=4, elem type=int)
CLS b017fc0 (name=antlr.CharBuffer, trace=289)
	super		b01d890
	loader		6bae30
	domain		b008890
ARR b020e40 (sz=224, trace=289, nelems=205, elem type=byte)
ARR b020ce0 (sz=72, trace=289, nelems=30, elem type=short)
ARR b020ca0 (sz=32, trace=289, nelems=4, elem type=int)
CLS b020c80 (name=antlr.collections.impl.BitSet, trace=289)
	super		6ae810
	loader		6bae30
	domain		b008890
ARR b022c80 (sz=32, trace=6, nelems=16, elem type=byte)
ARR b022c60 (sz=16, trace=6, nelems=0, elem type=short)
CLS b022c20 (name=java.lang.CloneNotSupportedException, trace=6)
	super		6bbf00
ARR b022cf0 (sz=32, trace=6, nelems=16, elem type=byte)
ARR b022cd0 (sz=16, trace=6, nelems=0, elem type=short)
CLS b022890 (name=java.lang.InternalError, trace=6)
	super		6bba20
ARR b0249f0 (sz=40, trace=289, nelems=24, elem type=byte)
ARR b0249d0 (sz=24, trace=289, nelems=6, elem type=short)
CLS b024990 (name=antlr.CharStreamIOException, trace=289)
	super		b01ae60
	loader		6bae30
	domain		b008890
ARR b024150 (sz=56, trace=289, nelems=44, elem type=byte)
ARR b024130 (sz=64, trace=289, nelems=24, elem type=short)
CLS b0240f0 (name=antlr.CharQueue, trace=289)
	super		6ae810
	loader		6bae30
	domain		b008890
ARR b026880 (sz=72, trace=289, nelems=55, elem type=byte)
ARR b026860 (sz=96, trace=289, nelems=42, elem type=short)
CLS b026820 (name=antlr.LexerSharedInputState, trace=289)
	super		6ae810
	loader		6bae30
	domain		b008890
ARR b027900 (sz=64, trace=289, nelems=46, elem type=byte)
ARR b0278e0 (sz=40, trace=289, nelems=12, elem type=short)
CLS b0278a0 (name=antlr.ANTLRStringBuffer, trace=289)
	super		6ae810
	loader		6bae30
	domain		b008890
ARR b029f80 (sz=88, trace=289, nelems=70, elem type=byte)
ARR b029f60 (sz=72, trace=289, nelems=30, elem type=short)
CLS b029f20 (name=antlr.ANTLRHashString, trace=289)
	super		6ae810
	loader		6bae30
	domain		b008890
ARR b029830 (sz=48, trace=714, nelems=17, elem type=char)
OBJ b029750 (sz=24, trace=714, class=java.lang.String@6aeef0)
	value		b029830
ARR b02a750 (sz=80, trace=289, nelems=65, elem type=byte)
ARR b02b850 (sz=96, trace=289, nelems=77, elem type=byte)
ARR b02b810 (sz=96, trace=289, nelems=42, elem type=short)
CLS b02b7d0 (name=antlr.Token, trace=289)
	super		6ae810
	loader		6bae30
	domain		b008890
	static badToken	b02caf0
ARR b02b010 (sz=48, trace=289, nelems=18, elem type=short)
CLS b02cfc0 (name=antlr.CommonToken, trace=289)
	super		b02b7d0
	loader		6bae30
	domain		b008890
ARR b02ca10 (sz=32, trace=716, nelems=9, elem type=char)
OBJ b02c9b0 (sz=24, trace=716, class=java.lang.String@6aeef0)
	value		b02ca10
ARR b02c390 (sz=24, trace=721, nelems=5, elem type=char)
OBJ b02c330 (sz=24, trace=721, class=java.lang.String@6aeef0)
	value		b02c390
ARR b02c0c0 (sz=24, trace=723, nelems=6, elem type=char)
OBJ b02c060 (sz=24, trace=723, class=java.lang.String@6aeef0)
	value		b02c0c0
ARR b02de00 (sz=32, trace=725, nelems=8, elem type=char)
OBJ b02dda0 (sz=24, trace=725, class=java.lang.String@6aeef0)
	value		b02de00
ARR b02db50 (sz=32, trace=727, nelems=8, elem type=char)
OBJ b02daf0 (sz=24, trace=727, class=java.lang.String@6aeef0)
	value		b02db50
ARR b02d8a0 (sz=24, trace=729, nelems=3, elem type=char)
OBJ b02d840 (sz=24, trace=729, class=java.lang.String@6aeef0)
	value		b02d8a0
ARR b02d5f0 (sz=24, trace=731, nelems=5, elem type=char)
OBJ b02d590 (sz=24, trace=731, class=java.lang.String@6aeef0)
	value		b02d5f0
ARR b02d340 (sz=24, trace=733, nelems=5, elem type=char)
OBJ b02d2e0 (sz=24, trace=733, class=java.lang.String@6aeef0)
	value		b02d340
ARR b02d090 (sz=32, trace=735, nelems=8, elem type=char)
OBJ b02d030 (sz=24, trace=735, class=java.lang.String@6aeef0)
	value		b02d090
ARR b02edd0 (sz=24, trace=737, nelems=4, elem type=char)
OBJ b02ed70 (sz=24, trace=737, class=java.lang.String@6aeef0)
	value		b02edd0
ARR b02ea70 (sz=24, trace=740, nelems=6, elem type=char)
OBJ b02ea10 (sz=24, trace=740, class=java.lang.String@6aeef0)
	value		b02ea70
ARR b02e7c0 (sz=24, trace=742, nelems=5, elem type=char)
OBJ b02e760 (sz=24, trace=742, class=java.lang.String@6aeef0)
	value		b02e7c0
ARR b02e510 (sz=24, trace=744, nelems=3, elem type=char)
OBJ b02e4b0 (sz=24, trace=744, class=java.lang.String@6aeef0)
	value		b02e510
ARR b02e260 (sz=32, trace=746, nelems=7, elem type=char)
OBJ b02e200 (sz=24, trace=746, class=java.lang.String@6aeef0)
	value		b02e260
ARR b02ffa0 (sz=24, trace=748, nelems=5, elem type=char)
OBJ b02ff40 (sz=24, trace=748, class=java.lang.String@6aeef0)
	value		b02ffa0
ARR b02fcf0 (sz=24, trace=750, nelems=3, elem type=char)
OBJ b02fc90 (sz=24, trace=750, class=java.lang.String@6aeef0)
	value		b02fcf0
ARR b02fa40 (sz=32, trace=752, nelems=8, elem type=char)
OBJ b02f9e0 (sz=24, trace=752, class=java.lang.String@6aeef0)
	value		b02fa40
ARR b02f790 (sz=32, trace=754, nelems=7, elem type=char)
OBJ b02f730 (sz=24, trace=754, class=java.lang.String@6aeef0)
	value		b02f790
ARR b02f4e0 (sz=32, trace=756, nelems=8, elem type=char)
OBJ b02f480 (sz=24, trace=756, class=java.lang.String@6aeef0)
	value		b02f4e0
ARR b02f180 (sz=24, trace=759, nelems=3, elem type=char)
OBJ b02f120 (sz=24, trace=759, class=java.lang.String@6aeef0)
	value		b02f180
ARR b0273a0 (sz=24, trace=761, nelems=4, elem type=char)
OBJ b027340 (sz=24, trace=761, class=java.lang.String@6aeef0)
	value		b0273a0
ARR b0270f0 (sz=24, trace=763, nelems=4, elem type=char)
OBJ b027090 (sz=24, trace=763, class=java.lang.String@6aeef0)
	value		b0270f0
ARR b030e20 (sz=24, trace=765, nelems=5, elem type=char)
OBJ b030dc0 (sz=24, trace=765, class=java.lang.String@6aeef0)
	value		b030e20
ARR b030b70 (sz=24, trace=767, nelems=4, elem type=char)
OBJ b030b10 (sz=24, trace=767, class=java.lang.String@6aeef0)
	value		b030b70
ARR b0308c0 (sz=24, trace=769, nelems=5, elem type=char)
OBJ b030860 (sz=24, trace=769, class=java.lang.String@6aeef0)
	value		b0308c0
ARR b030610 (sz=16, trace=771, nelems=2, elem type=char)
OBJ b0305b0 (sz=24, trace=771, class=java.lang.String@6aeef0)
	value		b030610
ARR b030360 (sz=32, trace=773, nelems=8, elem type=char)
OBJ b030300 (sz=24, trace=773, class=java.lang.String@6aeef0)
	value		b030360
ARR b0300b0 (sz=24, trace=775, nelems=6, elem type=char)
OBJ b030050 (sz=24, trace=775, class=java.lang.String@6aeef0)
	value		b0300b0
ARR b031df0 (sz=24, trace=777, nelems=6, elem type=char)
OBJ b031d90 (sz=24, trace=777, class=java.lang.String@6aeef0)
	value		b031df0
ARR b031b40 (sz=16, trace=779, nelems=2, elem type=char)
OBJ b031ae0 (sz=24, trace=779, class=java.lang.String@6aeef0)
	value		b031b40
ARR b031890 (sz=32, trace=781, nelems=7, elem type=char)
OBJ b031830 (sz=24, trace=781, class=java.lang.String@6aeef0)
	value		b031890
ARR b0315e0 (sz=32, trace=783, nelems=9, elem type=char)
OBJ b031580 (sz=24, trace=783, class=java.lang.String@6aeef0)
	value		b0315e0
ARR b031330 (sz=16, trace=785, nelems=2, elem type=char)
OBJ b0312d0 (sz=24, trace=785, class=java.lang.String@6aeef0)
	value		b031330
ARR b031080 (sz=16, trace=787, nelems=2, elem type=char)
OBJ b031020 (sz=24, trace=787, class=java.lang.String@6aeef0)
	value		b031080
ARR b032dc0 (sz=16, trace=789, nelems=2, elem type=char)
OBJ b032d60 (sz=24, trace=789, class=java.lang.String@6aeef0)
	value		b032dc0
ARR b032b10 (sz=24, trace=791, nelems=3, elem type=char)
OBJ b032ab0 (sz=24, trace=791, class=java.lang.String@6aeef0)
	value		b032b10
ARR b032860 (sz=24, trace=793, nelems=3, elem type=char)
OBJ b032800 (sz=24, trace=793, class=java.lang.String@6aeef0)
	value		b032860
ARR b032500 (sz=32, trace=796, nelems=7, elem type=char)
OBJ b0324a0 (sz=24, trace=796, class=java.lang.String@6aeef0)
	value		b032500
ARR b032250 (sz=24, trace=798, nelems=4, elem type=char)
OBJ b0321f0 (sz=24, trace=798, class=java.lang.String@6aeef0)
	value		b032250
ARR b032060 (sz=32, trace=800, nelems=7, elem type=char)
OBJ b033f30 (sz=24, trace=800, class=java.lang.String@6aeef0)
	value		b032060
ARR b033ce0 (sz=24, trace=802, nelems=4, elem type=char)
OBJ b033c80 (sz=24, trace=802, class=java.lang.String@6aeef0)
	value		b033ce0
ARR b033a30 (sz=24, trace=804, nelems=5, elem type=char)
OBJ b0339d0 (sz=24, trace=804, class=java.lang.String@6aeef0)
	value		b033a30
ARR b033590 (sz=24, trace=808, nelems=5, elem type=char)
OBJ b033530 (sz=24, trace=808, class=java.lang.String@6aeef0)
	value		b033590
ARR b0332e0 (sz=32, trace=810, nelems=7, elem type=char)
OBJ b033280 (sz=24, trace=810, class=java.lang.String@6aeef0)
	value		b0332e0
ARR b033030 (sz=24, trace=812, nelems=6, elem type=char)
OBJ b034fb0 (sz=24, trace=812, class=java.lang.String@6aeef0)
	value		b033030
ARR b034d70 (sz=24, trace=814, nelems=6, elem type=char)
OBJ b034d10 (sz=24, trace=814, class=java.lang.String@6aeef0)
	value		b034d70
ARR b034ac0 (sz=24, trace=816, nelems=6, elem type=char)
OBJ b034a60 (sz=24, trace=816, class=java.lang.String@6aeef0)
	value		b034ac0
ARR b034810 (sz=24, trace=818, nelems=4, elem type=char)
OBJ b0347b0 (sz=24, trace=818, class=java.lang.String@6aeef0)
	value		b034810
ARR b034560 (sz=32, trace=820, nelems=8, elem type=char)
OBJ b034500 (sz=24, trace=820, class=java.lang.String@6aeef0)
	value		b034560
ARR b0342b0 (sz=32, trace=822, nelems=8, elem type=char)
OBJ b034250 (sz=24, trace=822, class=java.lang.String@6aeef0)
	value		b0342b0
ARR b035fe0 (sz=24, trace=824, nelems=6, elem type=char)
OBJ b035f90 (sz=24, trace=824, class=java.lang.String@6aeef0)
	value		b035fe0
ARR b035b50 (sz=24, trace=828, nelems=6, elem type=char)
OBJ b035af0 (sz=24, trace=828, class=java.lang.String@6aeef0)
	value		b035b50
ARR b0358a0 (sz=32, trace=830, nelems=8, elem type=char)
OBJ b035840 (sz=24, trace=830, class=java.lang.String@6aeef0)
	value		b0358a0
ARR b036c40 (sz=1496, trace=289, nelems=1483, elem type=byte)
ARR b037b20 (sz=144, trace=289, nelems=125, elem type=byte)
ARR b038c80 (sz=280, trace=289, nelems=266, elem type=byte)
ARR b038c60 (sz=96, trace=289, nelems=42, elem type=short)
CLS b038c20 (name=antlr.Parser, trace=289)
	super		6ae810
	loader		6bae30
	domain		b008890
ARR b03ad20 (sz=24, trace=289, nelems=6, elem type=short)
CLS b03ace0 (name=antlr.LLkParser, trace=289)
	super		b038c20
	loader		6bae30
	domain		b008890
ARR b03a730 (sz=432, trace=289, nelems=210, elem type=short)
ARR b03a6f0 (sz=32, trace=289, nelems=4, elem type=int)
ARR b03a6d0 (sz=32, trace=289, nelems=4, elem type=int)
ARR b03a6b0 (sz=32, trace=289, nelems=4, elem type=int)
ARR b03a690 (sz=32, trace=289, nelems=4, elem type=int)
ARR b03a670 (sz=32, trace=289, nelems=4, elem type=int)
ARR b03a650 (sz=32, trace=289, nelems=4, elem type=int)
ARR b03a630 (sz=32, trace=289, nelems=4, elem type=int)
ARR b03a610 (sz=64, trace=289, nelems=12, elem type=int)
ARR b03a5f0 (sz=32, trace=289, nelems=4, elem type=int)
ARR b03a5d0 (sz=32, trace=289, nelems=4, elem type=int)
ARR b03a5b0 (sz=32, trace=289, nelems=4, elem type=int)
ARR b03a590 (sz=32, trace=289, nelems=4, elem type=int)
ARR b03a570 (sz=32, trace=289, nelems=4, elem type=int)
ARR b03a550 (sz=32, trace=289, nelems=4, elem type=int)
ARR b03a530 (sz=32, trace=289, nelems=4, elem type=int)
ARR b03a510 (sz=32, trace=289, nelems=4, elem type=int)
ARR b03a4f0 (sz=64, trace=289, nelems=12, elem type=int)
ARR b03a4d0 (sz=32, trace=289, nelems=4, elem type=int)
ARR b03a4b0 (sz=32, trace=289, nelems=4, elem type=int)
ARR b03a490 (sz=32, trace=289, nelems=4, elem type=int)
ARR b03a470 (sz=32, trace=289, nelems=4, elem type=int)
ARR b03a450 (sz=32, trace=289, nelems=4, elem type=int)
ARR b03a430 (sz=48, trace=289, nelems=8, elem type=int)
ARR b03a410 (sz=32, trace=289, nelems=4, elem type=int)
ARR b03a3f0 (sz=32, trace=289, nelems=4, elem type=int)
ARR b03a3d0 (sz=32, trace=289, nelems=4, elem type=int)
ARR b03a3b0 (sz=32, trace=289, nelems=4, elem type=int)
ARR b03a390 (sz=32, trace=289, nelems=4, elem type=int)
ARR b03a370 (sz=32, trace=289, nelems=4, elem type=int)
ARR b03a350 (sz=32, trace=289, nelems=4, elem type=int)
ARR b03a330 (sz=32, trace=289, nelems=4, elem type=int)
CLS b03a310 (name=compiler.EiffelParser, trace=289)
	super		b03ace0
	loader		6bae30
	domain		afcf9e0
	static _tokenSet_29	b064890
	static _tokenSet_28	b064a50
	static _tokenSet_27	b064c10
	static _tokenSet_26	b064dd0
	static _tokenSet_25	b063080
	static _tokenSet_24	b063160
	static _tokenSet_23	b063320
	static _tokenSet_22	b0634e0
	static _tokenSet_21	b0636a0
	static _tokenSet_20	b063860
	static _tokenSet_19	b063a20
	static _tokenSet_18	b063be0
	static _tokenSet_17	b063da0
	static _tokenSet_16	b063f60
	static _tokenSet_15	b062130
	static _tokenSet_14	b0622f0
	static _tokenSet_13	b0624b0
	static _tokenSet_12	b062670
	static _tokenSet_11	b062830
	static _tokenSet_10	b0629f0
	static _tokenSet_9	b062bb0
	static _tokenSet_8	b062d70
	static _tokenSet_7	b062f30
	static _tokenSet_6	b061100
	static _tokenSet_5	b0612c0
	static _tokenSet_4	b061480
	static _tokenSet_3	b061640
	static _tokenSet_2	b061800
	static _tokenSet_1	b0619c0
	static _tokenSet_0	b061b90
	static _tokenNames	b05a9e0
ARR b03f940 (sz=168, trace=289, nelems=150, elem type=byte)
ARR b03f920 (sz=184, trace=289, nelems=84, elem type=short)
CLS b03f8e0 (name=antlr.MismatchedTokenException, trace=289)
	super		b0098c0
	loader		6bae30
	domain		b008890
ARR b0402a0 (sz=56, trace=289, nelems=38, elem type=byte)
ARR b040280 (sz=16, trace=289, nelems=0, elem type=short)
CLS b040240 (name=antlr.collections.AST, trace=289)
	super		6ae810
	loader		6bae30
	domain		b008890
ARR b042760 (sz=80, trace=289, nelems=68, elem type=byte)
ARR b042740 (sz=40, trace=289, nelems=12, elem type=short)
CLS b042700 (name=antlr.NoViableAltException, trace=289)
	super		b0098c0
	loader		6bae30
	domain		b008890
ARR b043a60 (sz=160, trace=289, nelems=143, elem type=byte)
ARR b043040 (sz=160, trace=289, nelems=147, elem type=byte)
ARR b044fe0 (sz=424, trace=289, nelems=204, elem type=short)
CLS b044fa0 (name=ast.Expr, trace=289)
	super		6ae810
	loader		6bae30
	domain		afcf9e0
ARR b0444e0 (sz=72, trace=289, nelems=30, elem type=short)
ARR b0444a0 (sz=32, trace=289, nelems=4, elem type=int)
CLS b044480 (name=ast.Expr_Appel, trace=289)
	super		b044fa0
	loader		6bae30
	domain		afcf9e0
	static class$0	b044480
ARR b0456e0 (sz=144, trace=289, nelems=127, elem type=byte)
ARR b045660 (sz=64, trace=289, nelems=24, elem type=short)
ARR b045620 (sz=32, trace=289, nelems=4, elem type=int)
CLS b045600 (name=ast.Expr_Var, trace=289)
	super		b044fa0
	loader		6bae30
	domain		afcf9e0
	static class$0	b045600
ARR b046900 (sz=136, trace=289, nelems=123, elem type=byte)
ARR b046880 (sz=64, trace=289, nelems=24, elem type=short)
ARR b046840 (sz=32, trace=289, nelems=4, elem type=int)
CLS b046820 (name=ast.Expr_Entier, trace=289)
	super		b044fa0
	loader		6bae30
	domain		afcf9e0
	static class$0	b046820
ARR b047b40 (sz=136, trace=289, nelems=117, elem type=byte)
ARR b047ac0 (sz=64, trace=289, nelems=24, elem type=short)
ARR b047a80 (sz=32, trace=289, nelems=4, elem type=int)
CLS b047a60 (name=ast.Expr_Chaine, trace=289)
	super		b044fa0
	loader		6bae30
	domain		afcf9e0
	static class$0	b047a60
ARR b048d60 (sz=136, trace=289, nelems=123, elem type=byte)
ARR b048ce0 (sz=64, trace=289, nelems=24, elem type=short)
ARR b048ca0 (sz=32, trace=289, nelems=4, elem type=int)
CLS b048c80 (name=ast.Expr_Reel, trace=289)
	super		b044fa0
	loader		6bae30
	domain		afcf9e0
	static class$0	b048c80
ARR b049fa0 (sz=152, trace=289, nelems=134, elem type=byte)
ARR b049f20 (sz=64, trace=289, nelems=24, elem type=short)
ARR b049ee0 (sz=32, trace=289, nelems=4, elem type=int)
CLS b049ec0 (name=ast.Expr_Car, trace=289)
	super		b044fa0
	loader		6bae30
	domain		afcf9e0
	static class$0	b049ec0
ARR b0491e0 (sz=128, trace=289, nelems=110, elem type=byte)
ARR b049160 (sz=64, trace=289, nelems=24, elem type=short)
ARR b049120 (sz=32, trace=289, nelems=4, elem type=int)
CLS b049100 (name=ast.Expr_Tableau, trace=289)
	super		b044fa0
	loader		6bae30
	domain		afcf9e0
	static class$0	b049100
ARR b04a3b0 (sz=120, trace=289, nelems=106, elem type=byte)
ARR b04a330 (sz=48, trace=289, nelems=18, elem type=short)
ARR b04a2f0 (sz=32, trace=289, nelems=4, elem type=int)
CLS b04a2d0 (name=ast.Expr_Vrai, trace=289)
	super		b044fa0
	loader		6bae30
	domain		afcf9e0
	static class$0	b04a2d0
ARR b04b600 (sz=120, trace=289, nelems=106, elem type=byte)
ARR b04b580 (sz=48, trace=289, nelems=18, elem type=short)
ARR b04b540 (sz=32, trace=289, nelems=4, elem type=int)
CLS b04b520 (name=ast.Expr_Faux, trace=289)
	super		b044fa0
	loader		6bae30
	domain		afcf9e0
	static class$0	b04b520
ARR b04c720 (sz=184, trace=289, nelems=171, elem type=byte)
ARR b04c6a0 (sz=72, trace=289, nelems=30, elem type=short)
ARR b04c660 (sz=32, trace=289, nelems=4, elem type=int)
CLS b04c640 (name=ast.Expr_Binaire, trace=289)
	super		b044fa0
	loader		6bae30
	domain		afcf9e0
	static class$0	b04c640
ARR b04d720 (sz=152, trace=289, nelems=139, elem type=byte)
ARR b04d6a0 (sz=64, trace=289, nelems=24, elem type=short)
ARR b04d660 (sz=32, trace=289, nelems=4, elem type=int)
CLS b04d640 (name=ast.Expr_Unaire, trace=289)
	super		b044fa0
	loader		6bae30
	domain		afcf9e0
	static class$0	b04d640
ARR b04e780 (sz=32, trace=289, nelems=20, elem type=byte)
ARR b04f430 (sz=64, trace=289, nelems=49, elem type=byte)
ARR b050530 (sz=248, trace=289, nelems=229, elem type=byte)
ARR b0503c0 (sz=64, trace=289, nelems=24, elem type=short)
CLS b050380 (name=antlr.BaseAST, trace=289)
	super		6ae810
	loader		6bae30
	domain		b008890
ARR b051420 (sz=40, trace=289, nelems=12, elem type=short)
CLS b0513e0 (name=antlr.CommonAST, trace=289)
	super		b050380
	loader		6bae30
	domain		b008890
ARR b052f80 (sz=24, trace=289, nelems=6, elem type=short)
CLS b052f40 (name=compiler.ASTDefaut, trace=289)
	super		b0513e0
	loader		6bae30
	domain		afcf9e0
ARR b053ec0 (sz=176, trace=289, nelems=157, elem type=byte)
ARR b053e40 (sz=168, trace=289, nelems=78, elem type=short)
ARR b053e00 (sz=32, trace=289, nelems=4, elem type=int)
CLS b053de0 (name=ast.Instr_Loop, trace=289)
	super		aff86c0
	loader		6bae30
	domain		afcf9e0
	static class$0	b053de0
ARR b054d60 (sz=144, trace=289, nelems=126, elem type=byte)
ARR b054ce0 (sz=96, trace=289, nelems=42, elem type=short)
ARR b054ca0 (sz=32, trace=289, nelems=4, elem type=int)
CLS b054c80 (name=ast.Instr_ElseIf, trace=289)
	super		aff86c0
	loader		6bae30
	domain		afcf9e0
	static class$0	b054c80
ARR b055ec0 (sz=128, trace=289, nelems=114, elem type=byte)
ARR b055e40 (sz=72, trace=289, nelems=30, elem type=short)
ARR b055e00 (sz=32, trace=289, nelems=4, elem type=int)
CLS b055de0 (name=ast.Instr_Else, trace=289)
	super		aff86c0
	loader		6bae30
	domain		afcf9e0
	static class$0	b055de0
ARR b055050 (sz=176, trace=289, nelems=163, elem type=byte)
ARR b056fc0 (sz=144, trace=289, nelems=66, elem type=short)
ARR b056f80 (sz=32, trace=289, nelems=4, elem type=int)
CLS b056f60 (name=ast.Instr_Creation, trace=289)
	super		aff86c0
	loader		6bae30
	domain		afcf9e0
	static class$0	b056f60
ARR b056110 (sz=104, trace=289, nelems=86, elem type=byte)
ARR b056090 (sz=48, trace=289, nelems=18, elem type=short)
ARR b056050 (sz=32, trace=289, nelems=4, elem type=int)
CLS b056030 (name=ast.Instr_Retry, trace=289)
	super		aff86c0
	loader		6bae30
	domain		afcf9e0
ARR b057340 (sz=168, trace=289, nelems=155, elem type=byte)
ARR b0572c0 (sz=120, trace=289, nelems=54, elem type=short)
ARR b057280 (sz=32, trace=289, nelems=4, elem type=int)
CLS b057260 (name=ast.Instr_Inspect, trace=289)
	super		aff86c0
	loader		6bae30
	domain		afcf9e0
	static class$0	b057260
ARR b058ba0 (sz=128, trace=289, nelems=115, elem type=byte)
ARR b058b20 (sz=72, trace=289, nelems=30, elem type=short)
ARR b058ae0 (sz=32, trace=289, nelems=4, elem type=int)
CLS b058ac0 (name=ast.Instr_Check, trace=289)
	super		aff86c0
	loader		6bae30
	domain		afcf9e0
	static class$0	b058ac0
ARR b059dc0 (sz=152, trace=289, nelems=140, elem type=byte)
ARR b059d40 (sz=88, trace=289, nelems=36, elem type=short)
ARR b059d00 (sz=32, trace=289, nelems=4, elem type=int)
CLS b059ce0 (name=ast.Instr_Debug, trace=289)
	super		aff86c0
	loader		6bae30
	domain		afcf9e0
	static class$0	b059ce0
ARR b05af00 (sz=176, trace=289, nelems=159, elem type=byte)
ARR b05ae80 (sz=112, trace=289, nelems=48, elem type=short)
ARR b05ae40 (sz=32, trace=289, nelems=4, elem type=int)
CLS b05ae20 (name=ast.Instr_Appel, trace=289)
	super		aff86c0
	loader		6bae30
	domain		afcf9e0
	static class$0	b05ae20
ARR b05a920 (sz=24, trace=834, nelems=3, elem type=char)
OBJ b05a860 (sz=24, trace=834, class=java.lang.String@6aeef0)
	value		b05a920
ARR b05a800 (sz=24, trace=835, nelems=3, elem type=char)
OBJ b05a720 (sz=24, trace=835, class=java.lang.String@6aeef0)
	value		b05a800
ARR b05a6c0 (sz=24, trace=836, nelems=3, elem type=char)
OBJ b05a5e0 (sz=24, trace=836, class=java.lang.String@6aeef0)
	value		b05a6c0
ARR b05a580 (sz=56, trace=837, nelems=19, elem type=char)
OBJ b05a4a0 (sz=24, trace=837, class=java.lang.String@6aeef0)
	value		b05a580
ARR b05a440 (sz=32, trace=838, nelems=10, elem type=char)
OBJ b05a360 (sz=24, trace=838, class=java.lang.String@6aeef0)
	value		b05a440
ARR b05a300 (sz=32, trace=839, nelems=10, elem type=char)
OBJ b05a220 (sz=24, trace=839, class=java.lang.String@6aeef0)
	value		b05a300
ARR b05a1c0 (sz=32, trace=840, nelems=7, elem type=char)
OBJ b05a0e0 (sz=24, trace=840, class=java.lang.String@6aeef0)
	value		b05a1c0
ARR b05a090 (sz=32, trace=841, nelems=10, elem type=char)
OBJ b05a070 (sz=24, trace=841, class=java.lang.String@6aeef0)
	value		b05a090
ARR b05bf30 (sz=32, trace=842, nelems=9, elem type=char)
OBJ b05be50 (sz=24, trace=842, class=java.lang.String@6aeef0)
	value		b05bf30
ARR b05bdf0 (sz=40, trace=843, nelems=11, elem type=char)
OBJ b05bd10 (sz=24, trace=843, class=java.lang.String@6aeef0)
	value		b05bdf0
ARR b05bcb0 (sz=24, trace=844, nelems=5, elem type=char)
OBJ b05bbd0 (sz=24, trace=844, class=java.lang.String@6aeef0)
	value		b05bcb0
ARR b05bb70 (sz=32, trace=845, nelems=10, elem type=char)
OBJ b05ba90 (sz=24, trace=845, class=java.lang.String@6aeef0)
	value		b05bb70
ARR b05ba30 (sz=16, trace=846, nelems=2, elem type=char)
OBJ b05b950 (sz=24, trace=846, class=java.lang.String@6aeef0)
	value		b05ba30
ARR b05b8f0 (sz=40, trace=847, nelems=12, elem type=char)
OBJ b05b810 (sz=24, trace=847, class=java.lang.String@6aeef0)
	value		b05b8f0
ARR b05b7b0 (sz=24, trace=848, nelems=6, elem type=char)
OBJ b05b6d0 (sz=24, trace=848, class=java.lang.String@6aeef0)
	value		b05b7b0
ARR b05b670 (sz=32, trace=849, nelems=7, elem type=char)
OBJ b05b590 (sz=24, trace=849, class=java.lang.String@6aeef0)
	value		b05b670
ARR b05b530 (sz=24, trace=850, nelems=4, elem type=char)
OBJ b05b450 (sz=24, trace=850, class=java.lang.String@6aeef0)
	value		b05b530
ARR b05b3f0 (sz=32, trace=851, nelems=9, elem type=char)
OBJ b05b310 (sz=24, trace=851, class=java.lang.String@6aeef0)
	value		b05b3f0
ARR b05b2b0 (sz=32, trace=852, nelems=8, elem type=char)
OBJ b05b1d0 (sz=24, trace=852, class=java.lang.String@6aeef0)
	value		b05b2b0
ARR b05b170 (sz=24, trace=853, nelems=4, elem type=char)
OBJ b05b090 (sz=24, trace=853, class=java.lang.String@6aeef0)
	value		b05b170
ARR b05b030 (sz=32, trace=854, nelems=8, elem type=char)
OBJ b05cf40 (sz=24, trace=854, class=java.lang.String@6aeef0)
	value		b05b030
ARR b05cee0 (sz=32, trace=855, nelems=8, elem type=char)
OBJ b05ce00 (sz=24, trace=855, class=java.lang.String@6aeef0)
	value		b05cee0
ARR b05cda0 (sz=32, trace=856, nelems=8, elem type=char)
OBJ b05ccc0 (sz=24, trace=856, class=java.lang.String@6aeef0)
	value		b05cda0
ARR b05cc60 (sz=24, trace=857, nelems=5, elem type=char)
OBJ b05cb80 (sz=24, trace=857, class=java.lang.String@6aeef0)
	value		b05cc60
ARR b05cb20 (sz=32, trace=858, nelems=10, elem type=char)
OBJ b05ca40 (sz=24, trace=858, class=java.lang.String@6aeef0)
	value		b05cb20
ARR b05c9e0 (sz=32, trace=859, nelems=10, elem type=char)
OBJ b05c900 (sz=24, trace=859, class=java.lang.String@6aeef0)
	value		b05c9e0
ARR b05c8a0 (sz=32, trace=860, nelems=8, elem type=char)
OBJ b05c7c0 (sz=24, trace=860, class=java.lang.String@6aeef0)
	value		b05c8a0
ARR b05c760 (sz=32, trace=861, nelems=10, elem type=char)
OBJ b05c680 (sz=24, trace=861, class=java.lang.String@6aeef0)
	value		b05c760
ARR b05c620 (sz=32, trace=862, nelems=7, elem type=char)
OBJ b05c540 (sz=24, trace=862, class=java.lang.String@6aeef0)
	value		b05c620
ARR b05c4e0 (sz=32, trace=863, nelems=8, elem type=char)
OBJ b05c400 (sz=24, trace=863, class=java.lang.String@6aeef0)
	value		b05c4e0
ARR b05c3a0 (sz=32, trace=864, nelems=8, elem type=char)
OBJ b05c2c0 (sz=24, trace=864, class=java.lang.String@6aeef0)
	value		b05c3a0
ARR b05c260 (sz=32, trace=865, nelems=8, elem type=char)
OBJ b05c180 (sz=24, trace=865, class=java.lang.String@6aeef0)
	value		b05c260
ARR b05c120 (sz=32, trace=866, nelems=7, elem type=char)
OBJ b05c040 (sz=24, trace=866, class=java.lang.String@6aeef0)
	value		b05c120
ARR b05c010 (sz=24, trace=867, nelems=6, elem type=char)
OBJ b05def0 (sz=24, trace=867, class=java.lang.String@6aeef0)
	value		b05c010
ARR b05de90 (sz=32, trace=868, nelems=8, elem type=char)
OBJ b05ddb0 (sz=24, trace=868, class=java.lang.String@6aeef0)
	value		b05de90
ARR b05dd50 (sz=24, trace=869, nelems=4, elem type=char)
OBJ b05dc70 (sz=24, trace=869, class=java.lang.String@6aeef0)
	value		b05dd50
ARR b05dc10 (sz=24, trace=870, nelems=6, elem type=char)
OBJ b05db30 (sz=24, trace=870, class=java.lang.String@6aeef0)
	value		b05dc10
ARR b05dad0 (sz=24, trace=871, nelems=6, elem type=char)
OBJ b05d9f0 (sz=24, trace=871, class=java.lang.String@6aeef0)
	value		b05dad0
ARR b05d990 (sz=32, trace=872, nelems=9, elem type=char)
OBJ b05d8b0 (sz=24, trace=872, class=java.lang.String@6aeef0)
	value		b05d990
ARR b05d850 (sz=32, trace=873, nelems=8, elem type=char)
OBJ b05d770 (sz=24, trace=873, class=java.lang.String@6aeef0)
	value		b05d850
ARR b05d710 (sz=32, trace=874, nelems=8, elem type=char)
OBJ b05d630 (sz=24, trace=874, class=java.lang.String@6aeef0)
	value		b05d710
ARR b05d5d0 (sz=32, trace=875, nelems=8, elem type=char)
OBJ b05d4f0 (sz=24, trace=875, class=java.lang.String@6aeef0)
	value		b05d5d0
ARR b05d490 (sz=32, trace=876, nelems=7, elem type=char)
OBJ b05d3b0 (sz=24, trace=876, class=java.lang.String@6aeef0)
	value		b05d490
ARR b05d350 (sz=24, trace=877, nelems=4, elem type=char)
OBJ b05d270 (sz=24, trace=877, class=java.lang.String@6aeef0)
	value		b05d350
ARR b05d210 (sz=24, trace=878, nelems=6, elem type=char)
OBJ b05d130 (sz=24, trace=878, class=java.lang.String@6aeef0)
	value		b05d210
ARR b05d010 (sz=32, trace=879, nelems=10, elem type=char)
OBJ b05efe0 (sz=24, trace=879, class=java.lang.String@6aeef0)
	value		b05d010
ARR b05ef80 (sz=32, trace=880, nelems=7, elem type=char)
OBJ b05eea0 (sz=24, trace=880, class=java.lang.String@6aeef0)
	value		b05ef80
ARR b05ee40 (sz=24, trace=881, nelems=6, elem type=char)
OBJ b05ed60 (sz=24, trace=881, class=java.lang.String@6aeef0)
	value		b05ee40
ARR b05ed00 (sz=48, trace=882, nelems=16, elem type=char)
OBJ b05ec20 (sz=24, trace=882, class=java.lang.String@6aeef0)
	value		b05ed00
ARR b05ebc0 (sz=32, trace=883, nelems=7, elem type=char)
OBJ b05eae0 (sz=24, trace=883, class=java.lang.String@6aeef0)
	value		b05ebc0
ARR b05ea80 (sz=32, trace=884, nelems=7, elem type=char)
OBJ b05e9a0 (sz=24, trace=884, class=java.lang.String@6aeef0)
	value		b05ea80
ARR b05e940 (sz=24, trace=885, nelems=4, elem type=char)
OBJ b05e860 (sz=24, trace=885, class=java.lang.String@6aeef0)
	value		b05e940
ARR b05e800 (sz=24, trace=886, nelems=4, elem type=char)
OBJ b05e720 (sz=24, trace=886, class=java.lang.String@6aeef0)
	value		b05e800
ARR b05e6c0 (sz=24, trace=887, nelems=5, elem type=char)
OBJ b05e5e0 (sz=24, trace=887, class=java.lang.String@6aeef0)
	value		b05e6c0
ARR b05e580 (sz=24, trace=888, nelems=6, elem type=char)
OBJ b05e4a0 (sz=24, trace=888, class=java.lang.String@6aeef0)
	value		b05e580
ARR b05e440 (sz=32, trace=889, nelems=7, elem type=char)
OBJ b05e360 (sz=24, trace=889, class=java.lang.String@6aeef0)
	value		b05e440
ARR b05e300 (sz=32, trace=890, nelems=9, elem type=char)
OBJ b05e220 (sz=24, trace=890, class=java.lang.String@6aeef0)
	value		b05e300
ARR b05e1c0 (sz=24, trace=891, nelems=6, elem type=char)
OBJ b05e0e0 (sz=24, trace=891, class=java.lang.String@6aeef0)
	value		b05e1c0
ARR b05e090 (sz=24, trace=892, nelems=4, elem type=char)
OBJ b05e070 (sz=24, trace=892, class=java.lang.String@6aeef0)
	value		b05e090
ARR b05ff30 (sz=24, trace=893, nelems=6, elem type=char)
OBJ b05fe50 (sz=24, trace=893, class=java.lang.String@6aeef0)
	value		b05ff30
ARR b05fdf0 (sz=32, trace=894, nelems=8, elem type=char)
OBJ b05fd10 (sz=24, trace=894, class=java.lang.String@6aeef0)
	value		b05fdf0
ARR b05fcb0 (sz=24, trace=895, nelems=6, elem type=char)
OBJ b05fbd0 (sz=24, trace=895, class=java.lang.String@6aeef0)
	value		b05fcb0
ARR b05fb70 (sz=40, trace=896, nelems=11, elem type=char)
OBJ b05fa90 (sz=24, trace=896, class=java.lang.String@6aeef0)
	value		b05fb70
ARR b05fa30 (sz=32, trace=897, nelems=7, elem type=char)
OBJ b05f950 (sz=24, trace=897, class=java.lang.String@6aeef0)
	value		b05fa30
ARR b05f8f0 (sz=32, trace=898, nelems=9, elem type=char)
OBJ b05f810 (sz=24, trace=898, class=java.lang.String@6aeef0)
	value		b05f8f0
ARR b05f7b0 (sz=24, trace=899, nelems=6, elem type=char)
OBJ b05f6d0 (sz=24, trace=899, class=java.lang.String@6aeef0)
	value		b05f7b0
ARR b05f670 (sz=32, trace=900, nelems=7, elem type=char)
OBJ b05f590 (sz=24, trace=900, class=java.lang.String@6aeef0)
	value		b05f670
ARR b05f530 (sz=32, trace=901, nelems=7, elem type=char)
OBJ b05f450 (sz=24, trace=901, class=java.lang.String@6aeef0)
	value		b05f530
ARR b05f3f0 (sz=32, trace=902, nelems=10, elem type=char)
OBJ b05f310 (sz=24, trace=902, class=java.lang.String@6aeef0)
	value		b05f3f0
ARR b05f2b0 (sz=24, trace=903, nelems=5, elem type=char)
OBJ b05f1d0 (sz=24, trace=903, class=java.lang.String@6aeef0)
	value		b05f2b0
ARR b05f170 (sz=32, trace=904, nelems=9, elem type=char)
OBJ b05f090 (sz=24, trace=904, class=java.lang.String@6aeef0)
	value		b05f170
ARR b03fcc0 (sz=24, trace=905, nelems=4, elem type=char)
OBJ b03f040 (sz=24, trace=905, class=java.lang.String@6aeef0)
	value		b03fcc0
ARR b03e8f0 (sz=24, trace=906, nelems=5, elem type=char)
OBJ b03e8d0 (sz=24, trace=906, class=java.lang.String@6aeef0)
	value		b03e8f0
ARR b03ef70 (sz=24, trace=907, nelems=4, elem type=char)
OBJ b03ee90 (sz=24, trace=907, class=java.lang.String@6aeef0)
	value		b03ef70
ARR b03ee30 (sz=24, trace=908, nelems=4, elem type=char)
OBJ b03ed50 (sz=24, trace=908, class=java.lang.String@6aeef0)
	value		b03ee30
ARR b03ecf0 (sz=24, trace=909, nelems=4, elem type=char)
OBJ b03ec10 (sz=24, trace=909, class=java.lang.String@6aeef0)
	value		b03ecf0
ARR b03ebb0 (sz=24, trace=910, nelems=3, elem type=char)
OBJ b03ead0 (sz=24, trace=910, class=java.lang.String@6aeef0)
	value		b03ebb0
ARR b03ea70 (sz=24, trace=911, nelems=4, elem type=char)
OBJ b03e990 (sz=24, trace=911, class=java.lang.String@6aeef0)
	value		b03ea70
ARR b0440d0 (sz=24, trace=912, nelems=3, elem type=char)
OBJ b04b230 (sz=24, trace=912, class=java.lang.String@6aeef0)
	value		b0440d0
ARR b057d20 (sz=24, trace=913, nelems=4, elem type=char)
OBJ b056af0 (sz=24, trace=913, class=java.lang.String@6aeef0)
	value		b057d20
ARR b052a30 (sz=24, trace=914, nelems=5, elem type=char)
OBJ b052960 (sz=24, trace=914, class=java.lang.String@6aeef0)
	value		b052a30
ARR b052910 (sz=24, trace=915, nelems=4, elem type=char)
OBJ b052d40 (sz=24, trace=915, class=java.lang.String@6aeef0)
	value		b052910
ARR b052ce0 (sz=24, trace=916, nelems=3, elem type=char)
OBJ b052c10 (sz=24, trace=916, class=java.lang.String@6aeef0)
	value		b052ce0
ARR b052af0 (sz=32, trace=917, nelems=10, elem type=char)
OBJ b04e7d0 (sz=24, trace=917, class=java.lang.String@6aeef0)
	value		b052af0
ARR b04c030 (sz=24, trace=918, nelems=3, elem type=char)
OBJ b04c230 (sz=24, trace=918, class=java.lang.String@6aeef0)
	value		b04c030
ARR b060f20 (sz=24, trace=919, nelems=5, elem type=char)
OBJ b060ec0 (sz=24, trace=919, class=java.lang.String@6aeef0)
	value		b060f20
ARR b060e60 (sz=24, trace=920, nelems=5, elem type=char)
OBJ b060d80 (sz=24, trace=920, class=java.lang.String@6aeef0)
	value		b060e60
ARR b060d20 (sz=24, trace=921, nelems=5, elem type=char)
OBJ b060c40 (sz=24, trace=921, class=java.lang.String@6aeef0)
	value		b060d20
ARR b060be0 (sz=40, trace=922, nelems=11, elem type=char)
OBJ b060b00 (sz=24, trace=922, class=java.lang.String@6aeef0)
	value		b060be0
ARR b060aa0 (sz=32, trace=923, nelems=9, elem type=char)
OBJ b0609c0 (sz=24, trace=923, class=java.lang.String@6aeef0)
	value		b060aa0
ARR b060960 (sz=24, trace=924, nelems=6, elem type=char)
OBJ b060880 (sz=24, trace=924, class=java.lang.String@6aeef0)
	value		b060960
ARR b060820 (sz=32, trace=925, nelems=7, elem type=char)
OBJ b060740 (sz=24, trace=925, class=java.lang.String@6aeef0)
	value		b060820
ARR b0606e0 (sz=32, trace=926, nelems=7, elem type=char)
OBJ b060600 (sz=24, trace=926, class=java.lang.String@6aeef0)
	value		b0606e0
ARR b0605a0 (sz=32, trace=927, nelems=7, elem type=char)
OBJ b0604c0 (sz=24, trace=927, class=java.lang.String@6aeef0)
	value		b0605a0
ARR b060460 (sz=32, trace=928, nelems=7, elem type=char)
OBJ b060380 (sz=24, trace=928, class=java.lang.String@6aeef0)
	value		b060460
ARR b060320 (sz=32, trace=929, nelems=10, elem type=char)
OBJ b060240 (sz=24, trace=929, class=java.lang.String@6aeef0)
	value		b060320
ARR b0601e0 (sz=32, trace=930, nelems=7, elem type=char)
OBJ b060100 (sz=24, trace=930, class=java.lang.String@6aeef0)
	value		b0601e0
ARR b0600a0 (sz=16, trace=931, nelems=2, elem type=char)
OBJ b061fb0 (sz=24, trace=931, class=java.lang.String@6aeef0)
	value		b0600a0
ARR b061f50 (sz=40, trace=932, nelems=11, elem type=char)
OBJ b061e70 (sz=24, trace=932, class=java.lang.String@6aeef0)
	value		b061f50
ARR b061e10 (sz=24, trace=933, nelems=5, elem type=char)
OBJ b061d30 (sz=24, trace=933, class=java.lang.String@6aeef0)
	value		b061e10
ARR b061cd0 (sz=32, trace=934, nelems=8, elem type=char)
OBJ b061bf0 (sz=24, trace=934, class=java.lang.String@6aeef0)
	value		b061cd0
ARR b065430 (sz=48, trace=289, nelems=30, elem type=byte)
ARR b065410 (sz=48, trace=289, nelems=18, elem type=short)
CLS b0653d0 (name=antlr.ParserSharedInputState, trace=289)
	super		6ae810
	loader		6bae30
	domain		b008890
ARR b0664d0 (sz=96, trace=289, nelems=83, elem type=byte)
ARR b0664b0 (sz=72, trace=289, nelems=30, elem type=short)
CLS b066470 (name=antlr.TokenBuffer, trace=289)
	super		6ae810
	loader		6bae30
	domain		b008890
ARR b068fe0 (sz=64, trace=289, nelems=46, elem type=byte)
ARR b068fc0 (sz=64, trace=289, nelems=24, elem type=short)
CLS b068f80 (name=antlr.TokenQueue, trace=289)
	super		6ae810
	loader		6bae30
	domain		b008890
ARR b069990 (sz=256, trace=289, nelems=240, elem type=byte)
ARR b069970 (sz=72, trace=289, nelems=30, elem type=short)
ARR b069930 (sz=32, trace=289, nelems=4, elem type=int)
ARR b069910 (sz=32, trace=289, nelems=4, elem type=int)
ARR b0698f0 (sz=32, trace=289, nelems=4, elem type=int)
ARR b0698d0 (sz=32, trace=289, nelems=4, elem type=int)
ARR b0698b0 (sz=32, trace=289, nelems=4, elem type=int)
ARR b069890 (sz=32, trace=289, nelems=4, elem type=int)
CLS b069870 (name=antlr.ASTFactory, trace=289)
	super		6ae810
	loader		6bae30
	domain		b008890
ARR b06a630 (sz=48, trace=1002, nelems=18, elem type=char)
OBJ b06a560 (sz=24, trace=1002, class=java.lang.String@6aeef0)
	value		b06a630
ARR b06cc50 (sz=24, trace=289, nelems=11, elem type=byte)
ARR b06cc30 (sz=16, trace=289, nelems=0, elem type=short)
CLS b06cbf0 (name=antlr.collections.ASTEnumeration, trace=289)
	super		6ae810
	loader		6bae30
	domain		b008890
ARR b06c360 (sz=64, trace=289, nelems=52, elem type=byte)
ARR b06c340 (sz=40, trace=289, nelems=12, elem type=short)
CLS b06c300 (name=antlr.ASTPair, trace=289)
	super		6ae810
	loader		6bae30
	domain		b008890
ARR b06eeb0 (sz=32, trace=1019, nelems=8, elem type=char)
OBJ b06edd0 (sz=24, trace=1019, class=java.lang.String@6aeef0)
	value		b06eeb0
ARR b06e180 (sz=56, trace=289, nelems=39, elem type=byte)
ARR b06e160 (sz=64, trace=289, nelems=24, elem type=short)
CLS b06e120 (name=ast.Token, trace=289)
	super		6ae810
	loader		6bae30
	domain		afcf9e0
ARR b06f3f0 (sz=16, trace=1032, nelems=1, elem type=char)
OBJ b06f2f0 (sz=24, trace=1032, class=java.lang.String@6aeef0)
	value		b06f3f0
ARR b071f60 (sz=192, trace=289, nelems=177, elem type=byte)
ARR b071f20 (sz=216, trace=289, nelems=102, elem type=short)
ARR b071ee0 (sz=32, trace=289, nelems=4, elem type=int)
CLS b071ec0 (name=ast.Heritage, trace=289)
	super		6ae810
	loader		6bae30
	domain		afcf9e0
	static class$0	b071ec0
ARR b0717b0 (sz=40, trace=1045, nelems=12, elem type=char)
OBJ b0716d0 (sz=24, trace=1045, class=java.lang.String@6aeef0)
	value		b0717b0
ARR b072ba0 (sz=104, trace=289, nelems=89, elem type=byte)
ARR b072b60 (sz=64, trace=289, nelems=24, elem type=short)
ARR b072b20 (sz=32, trace=289, nelems=4, elem type=int)
CLS b072b00 (name=ast.Rename, trace=289)
	super		6ae810
	loader		6bae30
	domain		afcf9e0
	static class$0	b072b00
ARR b073ba0 (sz=128, trace=289, nelems=111, elem type=byte)
ARR b073b60 (sz=64, trace=289, nelems=24, elem type=short)
ARR b073b20 (sz=32, trace=289, nelems=4, elem type=int)
CLS b073b00 (name=ast.Export, trace=289)
	super		6ae810
	loader		6bae30
	domain		afcf9e0
	static class$0	b073b00
ARR b074c60 (sz=216, trace=289, nelems=204, elem type=byte)
ARR b074c20 (sz=160, trace=289, nelems=72, elem type=short)
ARR b074be0 (sz=32, trace=289, nelems=4, elem type=int)
CLS b074bc0 (name=ast.NomFeature, trace=289)
	super		6ae810
	loader		6bae30
	domain		afcf9e0
	static class$0	b074bc0
ARR b074120 (sz=512, trace=1052, nelems=495, elem type=byte)
ARR b0741d0 (sz=504, trace=1052, nelems=490, elem type=byte)
ARR b074060 (sz=184, trace=1052, nelems=166, elem type=byte)
ARR b075f60 (sz=960, trace=1052, nelems=474, elem type=short)
CLS b075f10 (name=sun.reflect.ClassFileConstants, trace=1052)
	super		6ae810
ARR b0768e0 (sz=712, trace=1052, nelems=348, elem type=short)
CLS b0768a0 (name=sun.reflect.AccessorGenerator, trace=1052)
	super		6ae810
	static primitiveTypes	b079f30
	static unsafe	6b50f0
ARR b078e30 (sz=192, trace=1052, nelems=90, elem type=short)
CLS b078df0 (name=sun.reflect.MethodAccessorGenerator, trace=1052)
	super		b0768a0
ARR b078dd0 (sz=24, trace=1052, nelems=4, elem type=short)
ARR b079e40 (sz=24, trace=1054, nelems=4, elem type=char)
OBJ b079d70 (sz=24, trace=1054, class=java.lang.String@6aeef0)
	value		b079e40
ARR b079d10 (sz=24, trace=1055, nelems=5, elem type=char)
OBJ b079c30 (sz=24, trace=1055, class=java.lang.String@6aeef0)
	value		b079d10
ARR b079bd0 (sz=24, trace=1056, nelems=4, elem type=char)
OBJ b079af0 (sz=24, trace=1056, class=java.lang.String@6aeef0)
	value		b079bd0
ARR b079a30 (sz=24, trace=1057, nelems=6, elem type=char)
OBJ b079950 (sz=24, trace=1057, class=java.lang.String@6aeef0)
	value		b079a30
ARR b079870 (sz=40, trace=1058, nelems=22, elem type=byte)
ARR b079790 (sz=16, trace=1058, nelems=0, elem type=short)
CLS b0796d0 (name=sun.reflect.ByteVectorFactory, trace=1058)
	super		6ae810
ARR b079900 (sz=64, trace=1059, nelems=46, elem type=byte)
ARR b079400 (sz=32, trace=1059, nelems=19, elem type=byte)
ARR b079240 (sz=16, trace=1059, nelems=0, elem type=short)
CLS b0791c0 (name=sun.reflect.ByteVector, trace=1059)
	super		6ae810
ARR b07ae90 (sz=40, trace=1059, nelems=12, elem type=short)
CLS b07ae50 (name=sun.reflect.ByteVectorImpl, trace=1059)
	super		6ae810
ARR b079290 (sz=208, trace=1061, nelems=189, elem type=byte)
ARR b07a6f0 (sz=72, trace=1061, nelems=30, elem type=short)
CLS b07a670 (name=sun.reflect.ClassFileAssembler, trace=1061)
	super		6ae810
ARR b07dcc0 (sz=96, trace=1062, nelems=40, elem type=char)
OBJ b07dc60 (sz=24, trace=1062, class=java.lang.String@6aeef0)
	value		b07dcc0
ARR b07a850 (sz=56, trace=1067, nelems=39, elem type=byte)
ARR b07d890 (sz=16, trace=1067, nelems=0, elem type=short)
ARR b07d7d0 (sz=32, trace=1067, nelems=4, elem type=int)
CLS b07d770 (name=sun.reflect.UTF8, trace=1067)
	super		6ae810
ARR b07d400 (sz=88, trace=1069, nelems=35, elem type=char)
OBJ b07d330 (sz=24, trace=1069, class=java.lang.String@6aeef0)
	value		b07d400
ARR b07eb50 (sz=16, trace=1078, nelems=1, elem type=char)
OBJ b07ea50 (sz=24, trace=1078, class=java.lang.String@6aeef0)
	value		b07eb50
ARR b07e850 (sz=40, trace=1081, nelems=11, elem type=char)
OBJ b07e780 (sz=24, trace=1081, class=java.lang.String@6aeef0)
	value		b07e850
ARR b07e660 (sz=96, trace=1083, nelems=39, elem type=char)
OBJ b07e590 (sz=24, trace=1083, class=java.lang.String@6aeef0)
	value		b07e660
ARR b07e390 (sz=56, trace=1086, nelems=19, elem type=char)
OBJ b07e290 (sz=24, trace=1086, class=java.lang.String@6aeef0)
	value		b07e390
ARR b07e170 (sz=72, trace=1088, nelems=28, elem type=char)
OBJ b07e0a0 (sz=24, trace=1088, class=java.lang.String@6aeef0)
	value		b07e170
ARR b07ff60 (sz=72, trace=1090, nelems=30, elem type=char)
OBJ b07fea0 (sz=24, trace=1090, class=java.lang.String@6aeef0)
	value		b07ff60
ARR b07fd80 (sz=80, trace=1092, nelems=34, elem type=char)
OBJ b07fcb0 (sz=24, trace=1092, class=java.lang.String@6aeef0)
	value		b07fd80
ARR b07fb90 (sz=104, trace=1094, nelems=43, elem type=char)
OBJ b07fac0 (sz=24, trace=1094, class=java.lang.String@6aeef0)
	value		b07fb90
ARR b07f8c0 (sz=24, trace=1097, nelems=3, elem type=char)
OBJ b07f7f0 (sz=24, trace=1097, class=java.lang.String@6aeef0)
	value		b07f8c0
ARR b07f6b0 (sz=56, trace=1099, nelems=21, elem type=char)
OBJ b07f5e0 (sz=24, trace=1099, class=java.lang.String@6aeef0)
	value		b07f6b0
ARR b07f4c0 (sz=64, trace=1101, nelems=24, elem type=char)
OBJ b07f3f0 (sz=24, trace=1101, class=java.lang.String@6aeef0)
	value		b07f4c0
ARR b07f2d0 (sz=48, trace=1103, nelems=16, elem type=char)
OBJ b07f200 (sz=24, trace=1103, class=java.lang.String@6aeef0)
	value		b07f2d0
ARR b080f60 (sz=56, trace=1106, nelems=20, elem type=char)
OBJ b080f00 (sz=24, trace=1106, class=java.lang.String@6aeef0)
	value		b080f60
ARR b080de0 (sz=24, trace=1108, nelems=4, elem type=char)
OBJ b080d10 (sz=24, trace=1108, class=java.lang.String@6aeef0)
	value		b080de0
ARR b080bf0 (sz=32, trace=1110, nelems=10, elem type=char)
OBJ b080b20 (sz=24, trace=1110, class=java.lang.String@6aeef0)
	value		b080bf0
ARR b080a00 (sz=48, trace=1112, nelems=17, elem type=char)
OBJ b080900 (sz=24, trace=1112, class=java.lang.String@6aeef0)
	value		b080a00
ARR b0807e0 (sz=24, trace=1114, nelems=4, elem type=char)
OBJ b080710 (sz=24, trace=1114, class=java.lang.String@6aeef0)
	value		b0807e0
ARR b0805f0 (sz=40, trace=1116, nelems=12, elem type=char)
OBJ b080520 (sz=24, trace=1116, class=java.lang.String@6aeef0)
	value		b0805f0
ARR b080400 (sz=24, trace=1118, nelems=3, elem type=char)
OBJ b080330 (sz=24, trace=1118, class=java.lang.String@6aeef0)
	value		b080400
ARR b080210 (sz=40, trace=1120, nelems=14, elem type=char)
OBJ b080140 (sz=24, trace=1120, class=java.lang.String@6aeef0)
	value		b080210
ARR b080020 (sz=24, trace=1122, nelems=4, elem type=char)
OBJ b081f40 (sz=24, trace=1122, class=java.lang.String@6aeef0)
	value		b080020
ARR b081e20 (sz=32, trace=1124, nelems=9, elem type=char)
OBJ b081d50 (sz=24, trace=1124, class=java.lang.String@6aeef0)
	value		b081e20
ARR b081c30 (sz=24, trace=1126, nelems=3, elem type=char)
OBJ b081b60 (sz=24, trace=1126, class=java.lang.String@6aeef0)
	value		b081c30
ARR b081a40 (sz=56, trace=1128, nelems=19, elem type=char)
OBJ b081970 (sz=24, trace=1128, class=java.lang.String@6aeef0)
	value		b081a40
ARR b081850 (sz=24, trace=1130, nelems=4, elem type=char)
OBJ b081780 (sz=24, trace=1130, class=java.lang.String@6aeef0)
	value		b081850
ARR b081660 (sz=32, trace=1132, nelems=9, elem type=char)
OBJ b081590 (sz=24, trace=1132, class=java.lang.String@6aeef0)
	value		b081660
ARR b081470 (sz=24, trace=1134, nelems=3, elem type=char)
OBJ b0813a0 (sz=24, trace=1134, class=java.lang.String@6aeef0)
	value		b081470
ARR b081280 (sz=48, trace=1136, nelems=16, elem type=char)
OBJ b0811b0 (sz=24, trace=1136, class=java.lang.String@6aeef0)
	value		b081280
ARR b081080 (sz=24, trace=1138, nelems=4, elem type=char)
OBJ b081060 (sz=24, trace=1138, class=java.lang.String@6aeef0)
	value		b081080
ARR b082e70 (sz=40, trace=1140, nelems=11, elem type=char)
OBJ b082da0 (sz=24, trace=1140, class=java.lang.String@6aeef0)
	value		b082e70
ARR b082c80 (sz=24, trace=1142, nelems=3, elem type=char)
OBJ b082bb0 (sz=24, trace=1142, class=java.lang.String@6aeef0)
	value		b082c80
ARR b082a90 (sz=48, trace=1144, nelems=15, elem type=char)
OBJ b0829c0 (sz=24, trace=1144, class=java.lang.String@6aeef0)
	value		b082a90
ARR b0828a0 (sz=24, trace=1146, nelems=4, elem type=char)
OBJ b0827d0 (sz=24, trace=1146, class=java.lang.String@6aeef0)
	value		b0828a0
ARR b0826b0 (sz=32, trace=1148, nelems=10, elem type=char)
OBJ b0825e0 (sz=24, trace=1148, class=java.lang.String@6aeef0)
	value		b0826b0
ARR b0824c0 (sz=24, trace=1150, nelems=3, elem type=char)
OBJ b0823f0 (sz=24, trace=1150, class=java.lang.String@6aeef0)
	value		b0824c0
ARR b0822d0 (sz=48, trace=1152, nelems=17, elem type=char)
OBJ b082200 (sz=24, trace=1152, class=java.lang.String@6aeef0)
	value		b0822d0
ARR b082120 (sz=24, trace=1154, nelems=4, elem type=char)
OBJ b0820d0 (sz=24, trace=1154, class=java.lang.String@6aeef0)
	value		b082120
ARR b083ee0 (sz=32, trace=1156, nelems=8, elem type=char)
OBJ b083e10 (sz=24, trace=1156, class=java.lang.String@6aeef0)
	value		b083ee0
ARR b083cf0 (sz=24, trace=1158, nelems=3, elem type=char)
OBJ b083c20 (sz=24, trace=1158, class=java.lang.String@6aeef0)
	value		b083cf0
ARR b083b00 (sz=40, trace=1160, nelems=14, elem type=char)
OBJ b083a30 (sz=24, trace=1160, class=java.lang.String@6aeef0)
	value		b083b00
ARR b083910 (sz=24, trace=1162, nelems=4, elem type=char)
OBJ b083840 (sz=24, trace=1162, class=java.lang.String@6aeef0)
	value		b083910
ARR b083720 (sz=32, trace=1164, nelems=9, elem type=char)
OBJ b083650 (sz=24, trace=1164, class=java.lang.String@6aeef0)
	value		b083720
ARR b083530 (sz=24, trace=1166, nelems=3, elem type=char)
OBJ b083460 (sz=24, trace=1166, class=java.lang.String@6aeef0)
	value		b083530
ARR b083340 (sz=48, trace=1168, nelems=15, elem type=char)
OBJ b083270 (sz=24, trace=1168, class=java.lang.String@6aeef0)
	value		b083340
ARR b083150 (sz=24, trace=1170, nelems=4, elem type=char)
OBJ b083080 (sz=24, trace=1170, class=java.lang.String@6aeef0)
	value		b083150
ARR b084f50 (sz=32, trace=1172, nelems=10, elem type=char)
OBJ b084e80 (sz=24, trace=1172, class=java.lang.String@6aeef0)
	value		b084f50
ARR b084d60 (sz=24, trace=1174, nelems=3, elem type=char)
OBJ b084c90 (sz=24, trace=1174, class=java.lang.String@6aeef0)
	value		b084d60
ARR b084680 (sz=96, trace=1181, nelems=77, elem type=byte)
ARR b0845b0 (sz=24, trace=1181, nelems=6, elem type=short)
CLS b0844f0 (name=sun.reflect.Label, trace=1181)
	super		6ae810
ARR b0844d0 (sz=24, trace=1181, nelems=4, elem type=short)
ARR b084700 (sz=48, trace=1184, nelems=33, elem type=byte)
ARR b085e90 (sz=64, trace=1184, nelems=24, elem type=short)
CLS b085dd0 (name=sun.reflect.Label$PatchInfo, trace=1184)
	super		6ae810
ARR b085db0 (sz=24, trace=1184, nelems=4, elem type=short)
ARR b0840a0 (sz=88, trace=1186, nelems=73, elem type=byte)
ARR b085830 (sz=64, trace=1186, nelems=24, elem type=short)
ARR b0857b0 (sz=32, trace=1186, nelems=4, elem type=int)
ARR b085790 (sz=32, trace=1186, nelems=4, elem type=int)
CLS b085730 (name=java.util.AbstractList$Itr, trace=1186)
	super		6ae810
ARR b085710 (sz=32, trace=1186, nelems=8, elem type=short)
ARR b0859f0 (sz=80, trace=1191, nelems=64, elem type=byte)
ARR b086d50 (sz=64, trace=1191, nelems=24, elem type=short)
ARR b086cd0 (sz=48, trace=1191, nelems=8, elem type=int)
CLS b086c70 (name=sun.reflect.MethodAccessorGenerator$1, trace=1191)
	super		6ae810
ARR b086c50 (sz=24, trace=1191, nelems=4, elem type=short)
ARR b086e90 (sz=56, trace=1192, nelems=44, elem type=byte)
ARR b0867e0 (sz=24, trace=1192, nelems=6, elem type=short)
CLS b086720 (name=sun.reflect.ClassDefiner, trace=1192)
	super		6ae810
	static unsafe	6b50f0
ARR b086700 (sz=24, trace=1192, nelems=4, elem type=short)
ARR b0868e0 (sz=48, trace=1193, nelems=29, elem type=byte)
ARR b086310 (sz=24, trace=1193, nelems=6, elem type=short)
CLS b086290 (name=sun.reflect.ClassDefiner$1, trace=1193)
	super		6ae810
ARR b086270 (sz=24, trace=1193, nelems=4, elem type=short)
ARR b087590 (sz=128, trace=1206, nelems=115, elem type=byte)
ARR b0872f0 (sz=16, trace=1206, nelems=0, elem type=short)
ARR b087230 (sz=64, trace=1206, nelems=12, elem type=int)
CLS b0871d0 (name=sun.reflect.GeneratedConstructorAccessor1, trace=1206)
	super		6bc8c0
	loader		b086040
ARR b088db0 (sz=64, trace=1209, nelems=48, elem type=byte)
ARR b088ce0 (sz=24, trace=1209, nelems=6, elem type=short)
ARR b088c20 (sz=32, trace=1209, nelems=4, elem type=int)
CLS b088bc0 (name=sun.reflect.BootstrapConstructorAccessorImpl, trace=1209)
	super		6bc8c0
ARR b088e20 (sz=88, trace=1210, nelems=71, elem type=byte)
ARR b088920 (sz=72, trace=1210, nelems=56, elem type=byte)
ARR b088810 (sz=64, trace=1210, nelems=48, elem type=byte)
ARR b088730 (sz=16, trace=1210, nelems=0, elem type=short)
CLS b0886b0 (name=sun.reflect.FieldAccessor, trace=1210)
	super		6ae810
ARR b089fb0 (sz=16, trace=1210, nelems=0, elem type=short)
CLS b089f70 (name=sun.reflect.FieldAccessorImpl, trace=1210)
	super		6bcb00
ARR b089820 (sz=64, trace=1210, nelems=24, elem type=short)
CLS b0897e0 (name=sun.reflect.UnsafeFieldAccessorImpl, trace=1210)
	super		b089f70
	static unsafe	6b50f0
ARR b08a540 (sz=128, trace=1206, nelems=115, elem type=byte)
ARR b08a520 (sz=16, trace=1206, nelems=0, elem type=short)
ARR b08a4e0 (sz=64, trace=1206, nelems=12, elem type=int)
CLS b08a4c0 (name=sun.reflect.GeneratedConstructorAccessor2, trace=1206)
	super		6bc8c0
	loader		b08a6c0
ARR b08bdf0 (sz=32, trace=1214, nelems=7, elem type=char)
OBJ b08bd90 (sz=24, trace=1214, class=java.lang.String@6aeef0)
	value		b08bdf0
ARR b08bb80 (sz=16, trace=1217, nelems=2, elem type=char)
OBJ b08baa0 (sz=24, trace=1217, class=java.lang.String@6aeef0)
	value		b08bb80
ARR b08b920 (sz=24, trace=1218, nelems=5, elem type=char)
OBJ b08b8c0 (sz=24, trace=1218, class=java.lang.String@6aeef0)
	value		b08b920
ARR b08cc00 (sz=304, trace=289, nelems=286, elem type=byte)
ARR b08cbc0 (sz=280, trace=289, nelems=132, elem type=short)
ARR b08cb80 (sz=32, trace=289, nelems=4, elem type=int)
CLS b08cb60 (name=ast.Classe, trace=289)
	super		6ae810
	loader		6bae30
	domain		afcf9e0
	static class$0	b08cb60
ARR b08c400 (sz=32, trace=1222, nelems=10, elem type=char)
OBJ b08c320 (sz=24, trace=1222, class=java.lang.String@6aeef0)
	value		b08c400
ARR b08d260 (sz=56, trace=289, nelems=44, elem type=byte)
ARR b08d220 (sz=40, trace=289, nelems=12, elem type=short)
CLS b08d1e0 (name=ast.Commentaire, trace=289)
	super		6ae810
	loader		6bae30
	domain		afcf9e0
ARR b08e1f0 (sz=64, trace=289, nelems=52, elem type=byte)
ARR b08e1d0 (sz=64, trace=289, nelems=24, elem type=short)
CLS b08e190 (name=ast.Position, trace=289)
	super		6ae810
	loader		6bae30
	domain		afcf9e0
ARR b08fdb0 (sz=16, trace=1234, nelems=1, elem type=char)
OBJ b08fce0 (sz=24, trace=1234, class=java.lang.String@6aeef0)
	value		b08fdb0
ARR b08fb90 (sz=16, trace=1236, nelems=2, elem type=char)
OBJ b08fac0 (sz=24, trace=1236, class=java.lang.String@6aeef0)
	value		b08fb90
ARR b08fa60 (sz=16, trace=1237, nelems=1, elem type=char)
OBJ b08f980 (sz=24, trace=1237, class=java.lang.String@6aeef0)
	value		b08fa60
ARR b091490 (sz=16, trace=1250, nelems=1, elem type=char)
OBJ b091390 (sz=24, trace=1250, class=java.lang.String@6aeef0)
	value		b091490
ARR b091130 (sz=16, trace=1253, nelems=1, elem type=char)
OBJ b091060 (sz=24, trace=1253, class=java.lang.String@6aeef0)
	value		b091130
ARR b092e10 (sz=16, trace=1256, nelems=1, elem type=char)
OBJ b092d10 (sz=24, trace=1256, class=java.lang.String@6aeef0)
	value		b092e10
ARR b093de0 (sz=96, trace=289, nelems=81, elem type=byte)
ARR b093dc0 (sz=64, trace=289, nelems=24, elem type=short)
ARR b093d80 (sz=32, trace=289, nelems=4, elem type=int)
CLS b093d60 (name=ast.Indexing, trace=289)
	super		6ae810
	loader		6bae30
	domain		afcf9e0
	static class$0	b093d60
ARR b093ab0 (sz=40, trace=1260, nelems=12, elem type=char)
OBJ b0939d0 (sz=24, trace=1260, class=java.lang.String@6aeef0)
	value		b093ab0
ARR b093380 (sz=16, trace=1262, nelems=2, elem type=char)
OBJ b093280 (sz=24, trace=1262, class=java.lang.String@6aeef0)
	value		b093380
ARR b095fa0 (sz=40, trace=1274, nelems=14, elem type=char)
OBJ b0944e0 (sz=24, trace=1274, class=java.lang.String@6aeef0)
	value		b095fa0
ARR b095020 (sz=40, trace=1288, nelems=11, elem type=char)
OBJ b095670 (sz=24, trace=1288, class=java.lang.String@6aeef0)
	value		b095020
ARR b095610 (sz=48, trace=1289, nelems=18, elem type=char)
OBJ b095530 (sz=24, trace=1289, class=java.lang.String@6aeef0)
	value		b095610
ARR b0967c0 (sz=104, trace=289, nelems=89, elem type=byte)
ARR b0967a0 (sz=72, trace=289, nelems=30, elem type=short)
ARR b096760 (sz=32, trace=289, nelems=4, elem type=int)
CLS b096740 (name=ast.DeclareVar, trace=289)
	super		6ae810
	loader		6bae30
	domain		afcf9e0
	static class$0	b096740
ARR b097720 (sz=104, trace=289, nelems=90, elem type=byte)
ARR b0976e0 (sz=64, trace=289, nelems=24, elem type=short)
ARR b0976a0 (sz=32, trace=289, nelems=4, elem type=int)
CLS b097680 (name=ast.Assert, trace=289)
	super		6ae810
	loader		6bae30
	domain		afcf9e0
	static class$0	b097680
ARR b099240 (sz=48, trace=1314, nelems=15, elem type=char)
OBJ b099160 (sz=24, trace=1314, class=java.lang.String@6aeef0)
	value		b099240
ARR b099860 (sz=48, trace=1317, nelems=15, elem type=char)
OBJ b099780 (sz=24, trace=1317, class=java.lang.String@6aeef0)
	value		b099860
ARR b09bd80 (sz=40, trace=1337, nelems=14, elem type=char)
OBJ b09bca0 (sz=24, trace=1337, class=java.lang.String@6aeef0)
	value		b09bd80
ARR b09b3a0 (sz=16, trace=1342, nelems=2, elem type=char)
OBJ b09b2a0 (sz=24, trace=1342, class=java.lang.String@6aeef0)
	value		b09b3a0
ARR b09cc10 (sz=16, trace=1348, nelems=1, elem type=char)
OBJ b09cb10 (sz=24, trace=1348, class=java.lang.String@6aeef0)
	value		b09cc10
ARR b09dfa0 (sz=48, trace=1356, nelems=16, elem type=char)
OBJ b09dec0 (sz=24, trace=1356, class=java.lang.String@6aeef0)
	value		b09dfa0
ARR b09ddd0 (sz=48, trace=1358, nelems=16, elem type=char)
OBJ b09ddb0 (sz=24, trace=1358, class=java.lang.String@6aeef0)
	value		b09ddd0
ARR b09eee0 (sz=56, trace=1362, nelems=19, elem type=char)
OBJ b09ee00 (sz=24, trace=1362, class=java.lang.String@6aeef0)
	value		b09eee0
ARR b09f620 (sz=168, trace=289, nelems=155, elem type=byte)
ARR b09f5e0 (sz=64, trace=289, nelems=24, elem type=short)
ARR b09f5a0 (sz=32, trace=289, nelems=4, elem type=int)
CLS b09f580 (name=ast.Chaine, trace=289)
	super		6ae810
	loader		6bae30
	domain		afcf9e0
	static class$0	b09f580
ARR b0a0fa0 (sz=32, trace=1369, nelems=10, elem type=char)
OBJ b0a0ec0 (sz=24, trace=1369, class=java.lang.String@6aeef0)
	value		b0a0fa0
ARR b0a0d10 (sz=48, trace=1372, nelems=15, elem type=char)
OBJ b0a0c30 (sz=24, trace=1372, class=java.lang.String@6aeef0)
	value		b0a0d10
ARR b0a0150 (sz=16, trace=1373, nelems=1, elem type=char)
OBJ b0a0100 (sz=24, trace=1373, class=java.lang.String@6aeef0)
	value		b0a0150
ARR b0a1c40 (sz=40, trace=1377, nelems=12, elem type=char)
OBJ b0a1b60 (sz=24, trace=1377, class=java.lang.String@6aeef0)
	value		b0a1c40
ARR b0a2330 (sz=48, trace=1387, nelems=16, elem type=char)
OBJ b0a2250 (sz=24, trace=1387, class=java.lang.String@6aeef0)
	value		b0a2330
ARR b0a3480 (sz=16, trace=1403, nelems=1, elem type=char)
OBJ b0a3380 (sz=24, trace=1403, class=java.lang.String@6aeef0)
	value		b0a3480
ARR b0afba0 (sz=16, trace=1427, nelems=2, elem type=char)
OBJ b0afab0 (sz=24, trace=1427, class=java.lang.String@6aeef0)
	value		b0afba0
ARR b0b0fa0 (sz=56, trace=1435, nelems=20, elem type=char)
OBJ b0b0ec0 (sz=24, trace=1435, class=java.lang.String@6aeef0)
	value		b0b0fa0
ARR b0b1fa0 (sz=16, trace=1440, nelems=1, elem type=char)
OBJ b0b1ec0 (sz=24, trace=1440, class=java.lang.String@6aeef0)
	value		b0b1fa0
ARR b0b2110 (sz=48, trace=1460, nelems=15, elem type=char)
OBJ b0b2030 (sz=24, trace=1460, class=java.lang.String@6aeef0)
	value		b0b2110
ARR b0b4fa0 (sz=40, trace=1464, nelems=12, elem type=char)
OBJ b0b34a0 (sz=24, trace=1464, class=java.lang.String@6aeef0)
	value		b0b4fa0
ARR b0b5e70 (sz=40, trace=1481, nelems=14, elem type=char)
OBJ b0b5d90 (sz=24, trace=1481, class=java.lang.String@6aeef0)
	value		b0b5e70
ARR b0b5140 (sz=32, trace=1491, nelems=10, elem type=char)
OBJ b0b6fe0 (sz=24, trace=1491, class=java.lang.String@6aeef0)
	value		b0b5140
ARR b0b6b90 (sz=40, trace=1493, nelems=13, elem type=char)
OBJ b0b6ce0 (sz=24, trace=1493, class=java.lang.String@6aeef0)
	value		b0b6b90
ARR b0b60d0 (sz=40, trace=1498, nelems=13, elem type=char)
OBJ b0b60b0 (sz=24, trace=1498, class=java.lang.String@6aeef0)
	value		b0b60d0
ARR b0b6190 (sz=48, trace=1501, nelems=15, elem type=char)
OBJ b0b64b0 (sz=24, trace=1501, class=java.lang.String@6aeef0)
	value		b0b6190
ARR b2376d0 (sz=16, trace=1517, nelems=1, elem type=char)
OBJ b2375d0 (sz=24, trace=1517, class=java.lang.String@6aeef0)
	value		b2376d0
ARR b238fa0 (sz=40, trace=1521, nelems=12, elem type=char)
OBJ b238ec0 (sz=24, trace=1521, class=java.lang.String@6aeef0)
	value		b238fa0
ARR b239d40 (sz=40, trace=1531, nelems=14, elem type=char)
OBJ b239c60 (sz=24, trace=1531, class=java.lang.String@6aeef0)
	value		b239d40
ARR b23a310 (sz=16, trace=1552, nelems=2, elem type=char)
OBJ b23a210 (sz=24, trace=1552, class=java.lang.String@6aeef0)
	value		b23a310
ARR b23b140 (sz=48, trace=1562, nelems=15, elem type=char)
OBJ b23b060 (sz=24, trace=1562, class=java.lang.String@6aeef0)
	value		b23b140
ARR b23cad0 (sz=16, trace=1567, nelems=1, elem type=char)
OBJ b23c9d0 (sz=24, trace=1567, class=java.lang.String@6aeef0)
	value		b23cad0
ARR b23dfd0 (sz=48, trace=1571, nelems=18, elem type=char)
OBJ b23c4b0 (sz=24, trace=1571, class=java.lang.String@6aeef0)
	value		b23dfd0
ARR b2405d0 (sz=48, trace=1610, nelems=17, elem type=char)
OBJ b240500 (sz=24, trace=1610, class=java.lang.String@6aeef0)
	value		b2405d0
ARR b243680 (sz=16, trace=1631, nelems=2, elem type=char)
OBJ b243580 (sz=24, trace=1631, class=java.lang.String@6aeef0)
	value		b243680
ARR 6c0a00 (sz=48, trace=1654, nelems=16, elem type=char)
OBJ 6be120 (sz=24, trace=1654, class=java.lang.String@6aeef0)
	value		6c0a00
ARR b240b30 (sz=56, trace=1683, nelems=19, elem type=char)
OBJ b240b90 (sz=24, trace=1683, class=java.lang.String@6aeef0)
	value		b240b30
ARR b23ba40 (sz=48, trace=1687, nelems=17, elem type=char)
OBJ b23ba60 (sz=24, trace=1687, class=java.lang.String@6aeef0)
	value		b23ba40
ARR b2395f0 (sz=48, trace=1690, nelems=15, elem type=char)
OBJ b239e00 (sz=24, trace=1690, class=java.lang.String@6aeef0)
	value		b2395f0
ARR b0bbda0 (sz=40, trace=1738, nelems=13, elem type=char)
OBJ b0bbdc0 (sz=24, trace=1738, class=java.lang.String@6aeef0)
	value		b0bbda0
ARR b0b4450 (sz=136, trace=1, nelems=59, elem type=char)
OBJ b0b4470 (sz=24, trace=1, class=java.lang.String@6aeef0)
	value		b0b4450
ARR b0b4490 (sz=24, trace=1, nelems=6, elem type=char)
OBJ b0b4500 (sz=24, trace=1, class=java.lang.String@6aeef0)
	value		b0b4490
ARR b0b1a50 (sz=16, trace=1743, nelems=2, elem type=char)
OBJ b0b1a70 (sz=24, trace=1743, class=java.lang.String@6aeef0)
	value		b0b1a50
ARR b0b0900 (sz=16, trace=1747, nelems=2, elem type=char)
OBJ b0b0920 (sz=24, trace=1747, class=java.lang.String@6aeef0)
	value		b0b0900
ARR b0a9340 (sz=16, trace=1759, nelems=2, elem type=char)
OBJ b0a9360 (sz=24, trace=1759, class=java.lang.String@6aeef0)
	value		b0a9340
ARR b0a84e0 (sz=16, trace=1763, nelems=2, elem type=char)
OBJ b0a8500 (sz=24, trace=1763, class=java.lang.String@6aeef0)
	value		b0a84e0
ARR b0a7640 (sz=48, trace=1769, nelems=15, elem type=char)
OBJ b0a7660 (sz=24, trace=1769, class=java.lang.String@6aeef0)
	value		b0a7640
ARR b0a6f60 (sz=16, trace=1773, nelems=2, elem type=char)
OBJ b0a6f80 (sz=24, trace=1773, class=java.lang.String@6aeef0)
	value		b0a6f60
ARR b0a5750 (sz=16, trace=1784, nelems=2, elem type=char)
OBJ b0a5770 (sz=24, trace=1784, class=java.lang.String@6aeef0)
	value		b0a5750
ARR b0a5810 (sz=48, trace=1788, nelems=16, elem type=char)
OBJ b0a5830 (sz=24, trace=1788, class=java.lang.String@6aeef0)
	value		b0a5810
ARR b0a26b0 (sz=40, trace=1801, nelems=14, elem type=char)
OBJ b0a26d0 (sz=24, trace=1801, class=java.lang.String@6aeef0)
	value		b0a26b0
ARR b09d4b0 (sz=32, trace=1818, nelems=10, elem type=char)
OBJ b09d4d0 (sz=24, trace=1818, class=java.lang.String@6aeef0)
	value		b09d4b0
ARR b09d590 (sz=16, trace=1819, nelems=1, elem type=char)
OBJ b09d5b0 (sz=24, trace=1819, class=java.lang.String@6aeef0)
	value		b09d590
ARR b09d8f0 (sz=16, trace=1829, nelems=1, elem type=char)
OBJ b09d910 (sz=24, trace=1829, class=java.lang.String@6aeef0)
	value		b09d8f0
ARR b09c120 (sz=32, trace=1844, nelems=10, elem type=char)
OBJ b09c140 (sz=24, trace=1844, class=java.lang.String@6aeef0)
	value		b09c120
ARR b08a020 (sz=32, trace=1928, nelems=8, elem type=char)
OBJ b08a050 (sz=24, trace=1928, class=java.lang.String@6aeef0)
	value		b08a020
ARR b0873b0 (sz=920, trace=289, nelems=901, elem type=byte)
ARR b0873d0 (sz=40, trace=289, nelems=12, elem type=short)
ARR b087410 (sz=32, trace=289, nelems=4, elem type=int)
ARR b087470 (sz=80, trace=289, nelems=16, elem type=int)
CLS b086070 (name=test_unitaire.AstXML, trace=289)
	super		6ae810
	loader		6bae30
	domain		afcf9e0
	static class$0	b086070
ARR b086930 (sz=56, trace=1937, nelems=20, elem type=char)
OBJ b086fa0 (sz=24, trace=1937, class=java.lang.String@6aeef0)
	value		b086930
ARR b084200 (sz=104, trace=6, nelems=86, elem type=byte)
ARR b084750 (sz=88, trace=6, nelems=36, elem type=short)
ARR b0848d0 (sz=32, trace=6, nelems=4, elem type=int)
CLS b084980 (name=javax.xml.parsers.DocumentBuilderFactory, trace=6)
	super		6ae810
ARR b084a60 (sz=24, trace=6, nelems=4, elem type=short)
ARR b084b70 (sz=96, trace=1939, nelems=40, elem type=char)
OBJ b084c30 (sz=24, trace=1939, class=java.lang.String@6aeef0)
	value		b084b70
ARR b084e20 (sz=112, trace=1939, nelems=50, elem type=char)
OBJ b083020 (sz=24, trace=1939, class=java.lang.String@6aeef0)
	value		b084e20
ARR b083210 (sz=240, trace=1939, nelems=221, elem type=byte)
ARR b083400 (sz=40, trace=1939, nelems=12, elem type=short)
ARR b0837e0 (sz=64, trace=1939, nelems=12, elem type=int)
ARR b0839d0 (sz=48, trace=1939, nelems=8, elem type=int)
ARR b083bc0 (sz=64, trace=1939, nelems=12, elem type=int)
ARR b083db0 (sz=32, trace=1939, nelems=4, elem type=int)
ARR b083fa0 (sz=32, trace=1939, nelems=4, elem type=int)
CLS b0821a0 (name=javax.xml.parsers.FactoryFinder, trace=1939)
	super		6ae810
	static class$javax$xml$parsers$FactoryFinder	b0821a0
ARR b082390 (sz=48, trace=1939, nelems=16, elem type=short)
ARR b082580 (sz=32, trace=1940, nelems=10, elem type=char)
OBJ b082770 (sz=24, trace=1940, class=java.lang.String@6aeef0)
	value		b082580
ARR b082d40 (sz=80, trace=1941, nelems=31, elem type=char)
OBJ b082f30 (sz=24, trace=1941, class=java.lang.String@6aeef0)
	value		b082d40
ARR b081150 (sz=64, trace=1941, nelems=26, elem type=char)
OBJ b081340 (sz=24, trace=1941, class=java.lang.String@6aeef0)
	value		b081150
ARR b081910 (sz=48, trace=1945, nelems=32, elem type=byte)
ARR b081b00 (sz=40, trace=1945, nelems=25, elem type=byte)
ARR b081cf0 (sz=16, trace=1945, nelems=0, elem type=short)
CLS b0800e0 (name=javax.xml.parsers.FactoryFinder$ClassLoaderFinder, trace=1945)
	super		6ae810
ARR b0802d0 (sz=32, trace=1945, nelems=8, elem type=short)
ARR b0804c0 (sz=16, trace=1945, nelems=0, elem type=short)
CLS b0808a0 (name=javax.xml.parsers.FactoryFinder$ClassLoaderFinderConcrete, trace=1945)
	super		b0800e0
ARR b080ac0 (sz=40, trace=1945, nelems=12, elem type=short)
ARR b07e720 (sz=48, trace=1948, nelems=15, elem type=char)
OBJ b07e900 (sz=24, trace=1948, class=java.lang.String@6aeef0)
	value		b07e720
ARR b07ef60 (sz=48, trace=1953, nelems=18, elem type=char)
OBJ b07d020 (sz=24, trace=1953, class=java.lang.String@6aeef0)
	value		b07ef60
ARR b07da50 (sz=56, trace=1957, nelems=19, elem type=char)
OBJ b07db00 (sz=24, trace=1957, class=java.lang.String@6aeef0)
	value		b07da50
ARR b07db60 (sz=48, trace=1958, nelems=35, elem type=byte)
ARR b07dc00 (sz=24, trace=1958, nelems=6, elem type=short)
CLS b07de80 (name=sun.misc.Launcher$3, trace=1958)
	super		6ae810
ARR b07dee0 (sz=24, trace=1958, nelems=4, elem type=short)
ARR b070810 (sz=32, trace=126, nelems=9, elem type=char)
OBJ b070830 (sz=24, trace=126, class=java.lang.String@6aeef0)
	value		b070810
ARR b06e4a0 (sz=40, trace=1, nelems=13, elem type=char)
OBJ b06e4c0 (sz=24, trace=1, class=java.lang.String@6aeef0)
	value		b06e4a0
ARR b06e4e0 (sz=72, trace=1, nelems=27, elem type=char)
OBJ b06e500 (sz=24, trace=1, class=java.lang.String@6aeef0)
	value		b06e4e0
ARR b06e520 (sz=72, trace=1, nelems=27, elem type=char)
OBJ b06e540 (sz=24, trace=1, class=java.lang.String@6aeef0)
	value		b06e520
ARR b06e560 (sz=56, trace=1, nelems=20, elem type=char)
OBJ b06e580 (sz=24, trace=1, class=java.lang.String@6aeef0)
	value		b06e560
ARR b066840 (sz=48, trace=126, nelems=17, elem type=char)
OBJ b066860 (sz=24, trace=126, class=java.lang.String@6aeef0)
	value		b066840
ARR b0669a0 (sz=32, trace=126, nelems=10, elem type=char)
OBJ b0669c0 (sz=24, trace=126, class=java.lang.String@6aeef0)
	value		b0669a0
ARR b066b20 (sz=32, trace=126, nelems=10, elem type=char)
OBJ b066b40 (sz=24, trace=126, class=java.lang.String@6aeef0)
	value		b066b20
ARR b02a4b0 (sz=48, trace=126, nelems=15, elem type=char)
OBJ b02a4d0 (sz=24, trace=126, class=java.lang.String@6aeef0)
	value		b02a4b0
ARR b02aac0 (sz=32, trace=126, nelems=9, elem type=char)
OBJ b02aae0 (sz=24, trace=126, class=java.lang.String@6aeef0)
	value		b02aac0
ARR b0070f0 (sz=56, trace=1992, nelems=41, elem type=byte)
ARR b007130 (sz=40, trace=1992, nelems=12, elem type=short)
CLS b0071b0 (name=java.net.URLClassLoader$2, trace=1992)
	super		6ae810
ARR b0071d0 (sz=24, trace=1992, nelems=4, elem type=short)
ARR b0060b0 (sz=224, trace=2001, nelems=208, elem type=byte)
ARR b006110 (sz=120, trace=2001, nelems=105, elem type=byte)
ARR b006130 (sz=48, trace=2001, nelems=18, elem type=short)
CLS b006170 (name=java.net.JarURLConnection, trace=2001)
	super		772390
ARR b006190 (sz=120, trace=2001, nelems=54, elem type=short)
ARR b006210 (sz=32, trace=2001, nelems=4, elem type=int)
ARR b006230 (sz=32, trace=2001, nelems=4, elem type=int)
CLS b006250 (name=sun.net.www.protocol.jar.JarURLConnection, trace=2001)
	super		b006170
	static factory	b006650
ARR b006270 (sz=176, trace=2002, nelems=163, elem type=byte)
ARR b006290 (sz=40, trace=2002, nelems=12, elem type=short)
ARR b006470 (sz=80, trace=2002, nelems=16, elem type=int)
ARR b006490 (sz=32, trace=2002, nelems=4, elem type=int)
ARR b006510 (sz=32, trace=2002, nelems=4, elem type=int)
CLS b006530 (name=sun.net.www.protocol.jar.JarFileFactory, trace=2002)
	super		6ae810
	static urlCache	b0065b0
	static fileCache	b006570
ARR b006d80 (sz=240, trace=2017, nelems=228, elem type=byte)
ARR b006da0 (sz=72, trace=2017, nelems=30, elem type=short)
ARR b006de0 (sz=32, trace=2017, nelems=4, elem type=int)
CLS b006e00 (name=sun.net.www.protocol.jar.URLJarFile, trace=2017)
	super		7450f0
ARR b006e60 (sz=32, trace=2017, nelems=8, elem type=short)
ARR b0058d0 (sz=80, trace=2038, nelems=65, elem type=byte)
ARR b005d80 (sz=40, trace=2038, nelems=12, elem type=short)
CLS b005e00 (name=sun.net.www.protocol.jar.URLJarFile$URLJarFileEntry, trace=2038)
	super		74c930
ARR b005e20 (sz=24, trace=2038, nelems=4, elem type=short)
ARR b004660 (sz=80, trace=2064, nelems=66, elem type=byte)
ARR b004680 (sz=24, trace=2064, nelems=6, elem type=short)
CLS b0046c0 (name=java.util.HashMap$EntrySet, trace=2064)
	super		6c4ec0
ARR b0046e0 (sz=48, trace=2064, nelems=16, elem type=short)
ARR b004720 (sz=56, trace=2065, nelems=37, elem type=byte)
ARR b004740 (sz=24, trace=2065, nelems=6, elem type=short)
CLS b004780 (name=java.util.HashMap$EntryIterator, trace=2065)
	super		6c4680
ARR b0047a0 (sz=48, trace=2065, nelems=16, elem type=short)
ARR b0048a0 (sz=72, trace=2070, nelems=55, elem type=byte)
ARR b0048c0 (sz=24, trace=2070, nelems=6, elem type=short)
CLS b004900 (name=java.util.HashMap$KeySet, trace=2070)
	super		6c4ec0
ARR b004920 (sz=40, trace=2070, nelems=12, elem type=short)
ARR b004960 (sz=56, trace=2071, nelems=40, elem type=byte)
ARR b004980 (sz=24, trace=2071, nelems=6, elem type=short)
CLS b0049c0 (name=java.util.HashMap$KeyIterator, trace=2071)
	super		6c4680
ARR b004a00 (sz=48, trace=2071, nelems=16, elem type=short)
ARR b002280 (sz=24, trace=2088, nelems=6, elem type=char)
OBJ b0022a0 (sz=24, trace=2088, class=java.lang.String@6aeef0)
	value		b002280
ARR b0023a0 (sz=96, trace=2096, nelems=82, elem type=byte)
ARR b002400 (sz=24, trace=2096, nelems=6, elem type=short)
ARR b002440 (sz=32, trace=2096, nelems=4, elem type=int)
CLS b002460 (name=sun.nio.cs.UTF_8, trace=2096)
	super		6c0cc0
	static class$sun$nio$cs$UTF_8	b002460
ARR b002480 (sz=40, trace=2096, nelems=12, elem type=short)
ARR b0025c0 (sz=48, trace=399, nelems=16, elem type=char)
OBJ b0025e0 (sz=24, trace=399, class=java.lang.String@6aeef0)
	value		b0025c0
ARR b0026e0 (sz=168, trace=2103, nelems=152, elem type=byte)
ARR b002700 (sz=40, trace=2103, nelems=12, elem type=short)
ARR b002740 (sz=464, trace=2103, nelems=112, elem type=int)
ARR b002760 (sz=464, trace=2103, nelems=112, elem type=int)
CLS b002780 (name=sun.nio.cs.UTF_8$Decoder, trace=2103)
	super		6c2ac0
ARR b0027a0 (sz=40, trace=2103, nelems=12, elem type=short)
ARR b0027e0 (sz=104, trace=2104, nelems=87, elem type=byte)
ARR b002800 (sz=40, trace=2104, nelems=12, elem type=short)
CLS b002840 (name=sun.nio.cs.Surrogate$Generator, trace=2104)
	super		6ae810
ARR b002860 (sz=24, trace=2104, nelems=4, elem type=short)
ARR b0029a0 (sz=56, trace=2108, nelems=22, elem type=char)
OBJ b0029c0 (sz=24, trace=2108, class=java.lang.String@6aeef0)
	value		b0029a0
ARR affe6f0 (sz=96, trace=289, nelems=81, elem type=byte)
ARR affe730 (sz=24, trace=289, nelems=6, elem type=short)
ARR affe770 (sz=32, trace=289, nelems=4, elem type=int)
ARR affe790 (sz=32, trace=289, nelems=4, elem type=int)
ARR affe7b0 (sz=48, trace=289, nelems=8, elem type=int)
CLS affe7d0 (name=org.apache.xerces.jaxp.DocumentBuilderFactoryImpl, trace=289)
	super		b084980
	loader		6bae30
	domain		affe650
ARR affe910 (sz=104, trace=6, nelems=85, elem type=byte)
ARR affe930 (sz=16, trace=6, nelems=0, elem type=short)
CLS affe970 (name=javax.xml.parsers.DocumentBuilder, trace=6)
	super		6ae810
ARR affda70 (sz=192, trace=289, nelems=174, elem type=byte)
ARR affbbb0 (sz=32, trace=289, nelems=16, elem type=byte)
ARR affbbd0 (sz=48, trace=289, nelems=18, elem type=short)
CLS affbbf0 (name=org.apache.xerces.jaxp.JAXPConstants, trace=289)
	super		6ae810
	loader		6bae30
	domain		affe650
	static JAXP_SCHEMA_SOURCE	affbcb0
	static W3C_XML_SCHEMA	affbc70
	static JAXP_SCHEMA_LANGUAGE	affbc30
ARR affbc10 (sz=120, trace=289, nelems=54, elem type=char)
OBJ affbc30 (sz=24, trace=289, class=java.lang.String@6aeef0)
	value		affbc10
ARR affbc50 (sz=80, trace=289, nelems=32, elem type=char)
OBJ affbc70 (sz=24, trace=289, class=java.lang.String@6aeef0)
	value		affbc50
ARR affbc90 (sz=120, trace=289, nelems=52, elem type=char)
OBJ affbcb0 (sz=24, trace=289, class=java.lang.String@6aeef0)
	value		affbc90
ARR affbcd0 (sz=48, trace=289, nelems=18, elem type=short)
ARR affbd10 (sz=32, trace=289, nelems=4, elem type=int)
ARR affbd30 (sz=32, trace=289, nelems=4, elem type=int)
CLS affbd50 (name=org.apache.xerces.jaxp.DocumentBuilderImpl, trace=289)
	super		affe970
	loader		6bae30
	domain		affe650
ARR affa560 (sz=64, trace=6, nelems=45, elem type=byte)
ARR affa5a0 (sz=16, trace=6, nelems=0, elem type=short)
CLS affa640 (name=org.w3c.dom.Document, trace=6)
	super		6ae810
ARR affa760 (sz=64, trace=6, nelems=50, elem type=byte)
ARR affa7a0 (sz=32, trace=6, nelems=14, elem type=byte)
ARR affa7c0 (sz=16, trace=6, nelems=0, elem type=short)
CLS affa800 (name=org.xml.sax.EntityResolver, trace=6)
	super		6ae810
ARR affa820 (sz=32, trace=6, nelems=14, elem type=byte)
ARR affa840 (sz=16, trace=6, nelems=0, elem type=short)
CLS affa880 (name=org.xml.sax.DTDHandler, trace=6)
	super		6ae810
ARR affa8a0 (sz=40, trace=6, nelems=28, elem type=byte)
ARR affa8c0 (sz=16, trace=6, nelems=0, elem type=short)
CLS affa900 (name=org.xml.sax.ContentHandler, trace=6)
	super		6ae810
ARR affa920 (sz=32, trace=6, nelems=14, elem type=byte)
ARR affa940 (sz=16, trace=6, nelems=0, elem type=short)
CLS affa980 (name=org.xml.sax.ErrorHandler, trace=6)
	super		6ae810
ARR affa9a0 (sz=16, trace=6, nelems=0, elem type=short)
CLS affa9e0 (name=org.xml.sax.helpers.DefaultHandler, trace=6)
	super		6ae810
ARR affac00 (sz=32, trace=6, nelems=16, elem type=byte)
ARR affac20 (sz=16, trace=6, nelems=0, elem type=short)
CLS affac60 (name=java.lang.IllegalStateException, trace=6)
	super		6bbe80
ARR aff8ae0 (sz=1000, trace=289, nelems=984, elem type=byte)
ARR aff7d60 (sz=128, trace=289, nelems=114, elem type=byte)
ARR aff4e60 (sz=64, trace=289, nelems=48, elem type=byte)
ARR aff4e80 (sz=64, trace=289, nelems=24, elem type=short)
CLS aff4ec0 (name=org.apache.xerces.parsers.XMLParser, trace=289)
	super		6ae810
	loader		6bae30
	domain		affe650
	static RECOGNIZED_PROPERTIES	75c550
	static ERROR_HANDLER	aff4f40
	static ENTITY_RESOLVER	aff4f00
ARR aff4ee0 (sz=128, trace=289, nelems=57, elem type=char)
OBJ aff4f00 (sz=24, trace=289, class=java.lang.String@6aeef0)
	value		aff4ee0
ARR aff4f20 (sz=128, trace=289, nelems=55, elem type=char)
OBJ aff4f40 (sz=24, trace=289, class=java.lang.String@6aeef0)
	value		aff4f20
ARR aff2520 (sz=56, trace=289, nelems=41, elem type=byte)
ARR aff2540 (sz=16, trace=289, nelems=0, elem type=short)
CLS aff2580 (name=org.apache.xerces.xni.XMLDocumentHandler, trace=289)
	super		6ae810
	loader		6bae30
	domain		affe650
ARR aff14a0 (sz=64, trace=289, nelems=46, elem type=byte)
ARR aff14c0 (sz=40, trace=289, nelems=12, elem type=short)
CLS aff1500 (name=org.apache.xerces.xni.XMLDTDHandler, trace=289)
	super		6ae810
	loader		6bae30
	domain		affe650
ARR aff0610 (sz=48, trace=289, nelems=33, elem type=byte)
ARR aff0630 (sz=72, trace=289, nelems=30, elem type=short)
CLS aff0670 (name=org.apache.xerces.xni.XMLDTDContentModelHandler, trace=289)
	super		6ae810
	loader		6bae30
	domain		affe650
ARR aff0690 (sz=40, trace=289, nelems=12, elem type=short)
CLS aff06d0 (name=org.apache.xerces.parsers.AbstractXMLDocumentParser, trace=289)
	super		aff4ec0
	loader		6bae30
	domain		affe650
ARR aff06f0 (sz=600, trace=289, nelems=294, elem type=short)
ARR aff0730 (sz=32, trace=289, nelems=4, elem type=int)
ARR aff0750 (sz=48, trace=289, nelems=8, elem type=int)
ARR aff0770 (sz=32, trace=289, nelems=4, elem type=int)
CLS aff0790 (name=org.apache.xerces.parsers.AbstractDOMParser, trace=289)
	super		aff06d0
	loader		6bae30
	domain		affe650
	static class$org$w3c$dom$Document	affa640
	static PSVI_DOCUMENT_CLASS_NAME	aff0a50
	static CORE_DOCUMENT_CLASS_NAME	aff0a10
	static DEFAULT_DOCUMENT_CLASS_NAME	aff09d0
	static RECOGNIZED_PROPERTIES	75c5f0
	static CURRENT_ELEMENT_NODE	aff0990
	static DOCUMENT_CLASS_NAME	aff0950
	static RECOGNIZED_FEATURES	75c5d0
	static DEFER_NODE_EXPANSION	aff0910
	static INCLUDE_IGNORABLE_WHITESPACE	aff08d0
	static CREATE_CDATA_NODES_FEATURE	aff0890
	static INCLUDE_COMMENTS_FEATURE	aff0850
	static CREATE_ENTITY_REF_NODES	aff0810
	static NAMESPACES	aff07d0
ARR aff07b0 (sz=88, trace=289, nelems=38, elem type=char)
OBJ aff07d0 (sz=24, trace=289, class=java.lang.String@6aeef0)
	value		aff07b0
ARR aff07f0 (sz=128, trace=289, nelems=58, elem type=char)
OBJ aff0810 (sz=24, trace=289, class=java.lang.String@6aeef0)
	value		aff07f0
ARR aff0830 (sz=112, trace=289, nelems=47, elem type=char)
OBJ aff0850 (sz=24, trace=289, class=java.lang.String@6aeef0)
	value		aff0830
ARR aff0870 (sz=112, trace=289, nelems=49, elem type=char)
OBJ aff0890 (sz=24, trace=289, class=java.lang.String@6aeef0)
	value		aff0870
ARR aff08b0 (sz=144, trace=289, nelems=63, elem type=char)
OBJ aff08d0 (sz=24, trace=289, class=java.lang.String@6aeef0)
	value		aff08b0
ARR aff08f0 (sz=128, trace=289, nelems=55, elem type=char)
OBJ aff0910 (sz=24, trace=289, class=java.lang.String@6aeef0)
	value		aff08f0
ARR aff0930 (sz=128, trace=289, nelems=56, elem type=char)
OBJ aff0950 (sz=24, trace=289, class=java.lang.String@6aeef0)
	value		aff0930
ARR aff0970 (sz=128, trace=289, nelems=57, elem type=char)
OBJ aff0990 (sz=24, trace=289, class=java.lang.String@6aeef0)
	value		aff0970
ARR aff09b0 (sz=80, trace=289, nelems=34, elem type=char)
OBJ aff09d0 (sz=24, trace=289, class=java.lang.String@6aeef0)
	value		aff09b0
ARR aff09f0 (sz=88, trace=289, nelems=38, elem type=char)
OBJ aff0a10 (sz=24, trace=289, class=java.lang.String@6aeef0)
	value		aff09f0
ARR aff0a30 (sz=88, trace=289, nelems=38, elem type=char)
OBJ aff0a50 (sz=24, trace=289, class=java.lang.String@6aeef0)
	value		aff0a30
ARR afefd00 (sz=248, trace=289, nelems=229, elem type=byte)
ARR afefd20 (sz=48, trace=289, nelems=18, elem type=short)
ARR afefd60 (sz=48, trace=289, nelems=8, elem type=int)
ARR afefd80 (sz=48, trace=289, nelems=8, elem type=int)
ARR afefda0 (sz=32, trace=289, nelems=4, elem type=int)
ARR afefdc0 (sz=32, trace=289, nelems=4, elem type=int)
ARR afefde0 (sz=32, trace=289, nelems=4, elem type=int)
ARR afefe00 (sz=32, trace=289, nelems=4, elem type=int)
ARR afefe20 (sz=32, trace=289, nelems=4, elem type=int)
ARR afefe40 (sz=32, trace=289, nelems=4, elem type=int)
ARR afefe60 (sz=32, trace=289, nelems=4, elem type=int)
ARR afefe80 (sz=48, trace=289, nelems=8, elem type=int)
CLS afefea0 (name=org.apache.xerces.parsers.DOMParser, trace=289)
	super		aff0790
	loader		6bae30
	domain		affe650
	static RECOGNIZED_PROPERTIES	75c630
	static XMLGRAMMAR_POOL	afeff20
	static SYMBOL_TABLE	afefee0
ARR afefec0 (sz=120, trace=289, nelems=54, elem type=char)
OBJ afefee0 (sz=24, trace=289, class=java.lang.String@6aeef0)
	value		afefec0
ARR afeff00 (sz=120, trace=289, nelems=54, elem type=char)
OBJ afeff20 (sz=24, trace=289, class=java.lang.String@6aeef0)
	value		afeff00
ARR afeed30 (sz=40, trace=6, nelems=27, elem type=byte)
ARR afeee40 (sz=16, trace=6, nelems=0, elem type=short)
CLS afed080 (name=org.w3c.dom.CharacterData, trace=6)
	super		6ae810
ARR afecf60 (sz=24, trace=289, nelems=10, elem type=byte)
ARR afecf80 (sz=16, trace=289, nelems=0, elem type=short)
CLS afecfc0 (name=org.apache.xerces.xni.XMLResourceIdentifier, trace=289)
	super		6ae810
	loader		6bae30
	domain		affe650
ARR afe9060 (sz=880, trace=289, nelems=866, elem type=byte)
ARR afe64a0 (sz=320, trace=289, nelems=301, elem type=byte)
ARR afe2050 (sz=64, trace=289, nelems=50, elem type=byte)
ARR afe07e0 (sz=376, trace=289, nelems=360, elem type=byte)
ARR afe0920 (sz=24, trace=6, nelems=11, elem type=byte)
ARR afe09e0 (sz=16, trace=6, nelems=0, elem type=short)
CLS afe0ab0 (name=org.w3c.dom.NodeList, trace=6)
	super		6ae810
ARR afe1b70 (sz=32, trace=6, nelems=15, elem type=byte)
ARR afe1b90 (sz=16, trace=6, nelems=0, elem type=short)
CLS afe1bd0 (name=org.w3c.dom.events.EventTarget, trace=6)
	super		6ae810
ARR afe1bf0 (sz=264, trace=289, nelems=126, elem type=short)
ARR afe1fa0 (sz=32, trace=289, nelems=4, elem type=int)
CLS afe1fc0 (name=org.apache.xerces.dom.NodeImpl, trace=289)
	super		6ae810
	loader		6bae30
	domain		affe650
ARR afe1fe0 (sz=48, trace=289, nelems=18, elem type=short)
CLS afe0030 (name=org.apache.xerces.dom.ChildNode, trace=289)
	super		afe1fc0
	loader		6bae30
	domain		affe650
ARR afe0050 (sz=64, trace=289, nelems=24, elem type=short)
CLS afe0090 (name=org.apache.xerces.dom.ParentNode, trace=289)
	super		afe0030
	loader		6bae30
	domain		affe650
ARR afe0610 (sz=24, trace=289, nelems=4, elem type=short)
ARR afdd500 (sz=32, trace=289, nelems=19, elem type=byte)
ARR afdd520 (sz=16, trace=289, nelems=0, elem type=short)
CLS afdc290 (name=org.w3c.dom.ls.DocumentLS, trace=289)
	super		6ae810
	loader		6bae30
	domain		affe650
ARR afdc340 (sz=336, trace=289, nelems=162, elem type=short)
ARR afdc380 (sz=32, trace=289, nelems=4, elem type=int)
ARR afdc3a0 (sz=32, trace=289, nelems=4, elem type=int)
ARR afdc3c0 (sz=32, trace=289, nelems=4, elem type=int)
CLS afdc490 (name=org.apache.xerces.dom.CoreDocumentImpl, trace=289)
	super		afe0090
	loader		6bae30
	domain		affe650
	static kidOK	afe3da0
ARR afdc580 (sz=24, trace=289, nelems=4, elem type=short)
ARR afd9660 (sz=488, trace=289, nelems=475, elem type=byte)
ARR afd7d40 (sz=448, trace=289, nelems=436, elem type=byte)
ARR afd7e80 (sz=32, trace=6, nelems=14, elem type=byte)
ARR afd7ea0 (sz=16, trace=6, nelems=0, elem type=short)
CLS afd7ee0 (name=org.w3c.dom.traversal.DocumentTraversal, trace=6)
	super		6ae810
ARR afd6020 (sz=24, trace=6, nelems=12, elem type=byte)
ARR afd6040 (sz=16, trace=6, nelems=0, elem type=short)
CLS afd6080 (name=org.w3c.dom.events.DocumentEvent, trace=6)
	super		6ae810
ARR afcf4f0 (sz=32, trace=126, nelems=7, elem type=char)
OBJ afcfcf0 (sz=24, trace=126, class=java.lang.String@6aeef0)
	value		afcf4f0
ARR 7877c0 (sz=24, trace=289, nelems=8, elem type=byte)
ARR 787800 (sz=16, trace=289, nelems=0, elem type=short)
CLS 787860 (name=org.w3c.dom.ranges.DocumentRange, trace=289)
	super		6ae810
	loader		6bae30
	domain		7873f0
ARR 7878a0 (sz=88, trace=289, nelems=36, elem type=short)
ARR 7878e0 (sz=64, trace=289, nelems=12, elem type=int)
CLS 787900 (name=org.apache.xerces.dom.DocumentImpl, trace=289)
	super		afdc490
	loader		6bae30
	domain		affe650
ARR 787920 (sz=32, trace=289, nelems=8, elem type=short)
ARR 7858b0 (sz=24, trace=289, nelems=9, elem type=byte)
ARR 7858f0 (sz=16, trace=289, nelems=0, elem type=short)
CLS 785930 (name=org.apache.xerces.dom.DeferredNode, trace=289)
	super		6ae810
	loader		6bae30
	domain		affe650
ARR 785990 (sz=288, trace=289, nelems=138, elem type=short)
CLS 7859d0 (name=org.apache.xerces.dom.DeferredDocumentImpl, trace=289)
	super		787900
	loader		6bae30
	domain		affe650
ARR 7859f0 (sz=32, trace=289, nelems=8, elem type=short)
ARR 7818f0 (sz=104, trace=289, nelems=92, elem type=byte)
ARR 781a50 (sz=32, trace=6, nelems=13, elem type=byte)
ARR 781af0 (sz=16, trace=6, nelems=0, elem type=short)
CLS 781b30 (name=org.w3c.dom.Entity, trace=6)
	super		6ae810
ARR 781b90 (sz=120, trace=289, nelems=54, elem type=short)
CLS 781bd0 (name=org.apache.xerces.dom.EntityImpl, trace=289)
	super		afe0090
	loader		6bae30
	domain		affe650
ARR 77f270 (sz=128, trace=289, nelems=114, elem type=byte)
ARR 77fa20 (sz=24, trace=6, nelems=9, elem type=byte)
ARR 77fc10 (sz=16, trace=6, nelems=0, elem type=short)
CLS 77fd20 (name=org.w3c.dom.EntityReference, trace=6)
	super		6ae810
ARR 77e020 (sz=48, trace=289, nelems=18, elem type=short)
CLS 77e1b0 (name=org.apache.xerces.dom.EntityReferenceImpl, trace=289)
	super		afe0090
	loader		6bae30
	domain		affe650
ARR 76d770 (sz=48, trace=289, nelems=29, elem type=byte)
ARR 7675d0 (sz=40, trace=289, nelems=24, elem type=byte)
ARR 767650 (sz=24, trace=289, nelems=6, elem type=short)
CLS 767700 (name=org.apache.xerces.xni.XNIException, trace=289)
	super		6bbe80
	loader		6bae30
	domain		affe650
ARR 767810 (sz=64, trace=289, nelems=24, elem type=short)
CLS 767df0 (name=org.apache.xerces.xni.parser.XMLConfigurationException, trace=289)
	super		767700
	loader		6bae30
	domain		affe650
ARR 764740 (sz=24, trace=289, nelems=12, elem type=byte)
ARR 764760 (sz=16, trace=289, nelems=0, elem type=short)
CLS 764800 (name=org.apache.xerces.xni.parser.XMLErrorHandler, trace=289)
	super		6ae810
	loader		6bae30
	domain		affe650
ARR 761110 (sz=24, trace=289, nelems=12, elem type=byte)
ARR 761130 (sz=16, trace=289, nelems=0, elem type=short)
CLS 7611d0 (name=org.apache.xerces.xni.parser.XMLEntityResolver, trace=289)
	super		6ae810
	loader		6bae30
	domain		affe650
ARR 761570 (sz=32, trace=6, nelems=13, elem type=byte)
ARR 761590 (sz=16, trace=6, nelems=0, elem type=short)
CLS 7616b0 (name=org.xml.sax.SAXNotRecognizedException, trace=6)
	super		afe0510
ARR 761a30 (sz=32, trace=6, nelems=13, elem type=byte)
ARR 761b70 (sz=16, trace=6, nelems=0, elem type=short)
CLS 761bb0 (name=org.xml.sax.SAXNotSupportedException, trace=6)
	super		afe0510
ARR 75df20 (sz=104, trace=289, nelems=86, elem type=byte)
ARR 75df40 (sz=88, trace=289, nelems=36, elem type=short)
CLS 75df80 (name=org.apache.xerces.xni.parser.XMLParseException, trace=289)
	super		767700
	loader		6bae30
	domain		affe650
ARR 75c0f0 (sz=32, trace=6, nelems=13, elem type=byte)
ARR 75c110 (sz=16, trace=6, nelems=0, elem type=short)
CLS 75c190 (name=org.xml.sax.Locator, trace=6)
	super		6ae810
ARR 75c4b0 (sz=72, trace=6, nelems=54, elem type=byte)
ARR 75c4d0 (sz=64, trace=6, nelems=24, elem type=short)
CLS 75c530 (name=org.xml.sax.SAXParseException, trace=6)
	super		afe0510
ARR 75c670 (sz=120, trace=2120, nelems=51, elem type=char)
OBJ 75c6f0 (sz=24, trace=2120, class=java.lang.String@6aeef0)
	value		75c670
ARR 75c710 (sz=128, trace=2120, nelems=55, elem type=char)
OBJ 75c750 (sz=24, trace=2120, class=java.lang.String@6aeef0)
	value		75c710
ARR 7577a0 (sz=224, trace=289, nelems=207, elem type=byte)
ARR 7577c0 (sz=40, trace=289, nelems=12, elem type=short)
ARR 7579c0 (sz=48, trace=289, nelems=8, elem type=int)
ARR 757ba0 (sz=48, trace=289, nelems=8, elem type=int)
ARR 757c90 (sz=32, trace=289, nelems=4, elem type=int)
ARR 757f40 (sz=48, trace=289, nelems=8, elem type=int)
ARR 754920 (sz=32, trace=289, nelems=4, elem type=int)
CLS 754a30 (name=org.apache.xerces.util.ObjectFactory, trace=289)
	super		6ae810
	loader		6bae30
	domain		affe650
ARR 754b10 (sz=24, trace=289, nelems=4, elem type=short)
ARR 751da0 (sz=32, trace=6, nelems=16, elem type=byte)
ARR 751ea0 (sz=16, trace=6, nelems=0, elem type=short)
CLS 7501a0 (name=java.io.UnsupportedEncodingException, trace=6)
	super		78e770
ARR 73f130 (sz=40, trace=289, nelems=21, elem type=byte)
ARR 73f230 (sz=24, trace=289, nelems=6, elem type=short)
CLS 73f3d0 (name=org.apache.xerces.util.ObjectFactory$ConfigurationError, trace=289)
	super		6ba010
	loader		6bae30
	domain		affe650
ARR 73f430 (sz=24, trace=289, nelems=4, elem type=short)
ARR 73f450 (sz=40, trace=2121, nelems=11, elem type=char)
OBJ 73f470 (sz=24, trace=2121, class=java.lang.String@6aeef0)
	value		73f450
ARR b28b690 (sz=72, trace=289, nelems=60, elem type=byte)
ARR b28cfe0 (sz=24, trace=289, nelems=6, elem type=short)
ARR b28cfa0 (sz=48, trace=289, nelems=8, elem type=int)
CLS b28cf80 (name=org.apache.xerces.util.SecuritySupport, trace=289)
	super		6ae810
	loader		6bae30
	domain		affe650
	static securitySupport	b28edd0
ARR b28d530 (sz=80, trace=289, nelems=66, elem type=byte)
ARR b28d510 (sz=16, trace=289, nelems=0, elem type=short)
ARR b28d4d0 (sz=32, trace=289, nelems=4, elem type=int)
CLS b28d4b0 (name=org.apache.xerces.util.SecuritySupport12, trace=289)
	super		b28cf80
	loader		6bae30
	domain		affe650
ARR b28d490 (sz=48, trace=289, nelems=16, elem type=short)
ARR b28d1f0 (sz=72, trace=2122, nelems=30, elem type=char)
OBJ b28d130 (sz=24, trace=2122, class=java.lang.String@6aeef0)
	value		b28d1f0
ARR b28e220 (sz=48, trace=289, nelems=34, elem type=byte)
ARR b28e1e0 (sz=24, trace=289, nelems=6, elem type=short)
ARR b28e1a0 (sz=32, trace=289, nelems=4, elem type=int)
CLS b28e180 (name=org.apache.xerces.util.SecuritySupport12$1, trace=289)
	super		6ae810
	loader		6bae30
	domain		affe650
ARR b28e160 (sz=24, trace=289, nelems=4, elem type=short)
ARR b276010 (sz=48, trace=289, nelems=32, elem type=byte)
ARR b2761e0 (sz=40, trace=289, nelems=12, elem type=short)
CLS b2761a0 (name=org.apache.xerces.util.SecuritySupport12$2, trace=289)
	super		6ae810
	loader		6bae30
	domain		affe650
ARR b276180 (sz=24, trace=289, nelems=4, elem type=short)
ARR b277d90 (sz=48, trace=2121, nelems=18, elem type=char)
OBJ b277d70 (sz=24, trace=2121, class=java.lang.String@6aeef0)
	value		b277d90
ARR b2908a0 (sz=48, trace=289, nelems=34, elem type=byte)
ARR b290860 (sz=40, trace=289, nelems=12, elem type=short)
CLS b290820 (name=org.apache.xerces.util.SecuritySupport12$3, trace=289)
	super		6ae810
	loader		6bae30
	domain		affe650
ARR b290800 (sz=24, trace=289, nelems=4, elem type=short)
ARR b2900b0 (sz=16, trace=2134, nelems=2, elem type=char)
OBJ b290050 (sz=24, trace=2134, class=java.lang.String@6aeef0)
	value		b2900b0
ARR b2925e0 (sz=56, trace=289, nelems=39, elem type=byte)
ARR b2925a0 (sz=48, trace=289, nelems=18, elem type=short)
CLS b292560 (name=org.apache.xerces.util.SecuritySupport12$4, trace=289)
	super		6ae810
	loader		6bae30
	domain		affe650
ARR b292540 (sz=24, trace=289, nelems=4, elem type=short)
ARR b2946c0 (sz=56, trace=2140, nelems=19, elem type=char)
OBJ b294660 (sz=24, trace=2140, class=java.lang.String@6aeef0)
	value		b2946c0
ARR b294600 (sz=56, trace=2140, nelems=20, elem type=char)
OBJ b2945e0 (sz=24, trace=2140, class=java.lang.String@6aeef0)
	value		b294600
ARR b002580 (sz=64, trace=2140, nelems=25, elem type=char)
OBJ b07f9a0 (sz=24, trace=2140, class=java.lang.String@6aeef0)
	value		b002580
ARR b293870 (sz=192, trace=289, nelems=180, elem type=byte)
ARR b292b70 (sz=192, trace=289, nelems=176, elem type=byte)
ARR b290b70 (sz=400, trace=289, nelems=385, elem type=byte)
ARR b26d9b0 (sz=248, trace=289, nelems=233, elem type=byte)
ARR b28e3c0 (sz=120, trace=289, nelems=101, elem type=byte)
ARR b28eed0 (sz=24, trace=289, nelems=12, elem type=byte)
ARR b28c9e0 (sz=16, trace=289, nelems=0, elem type=short)
CLS b28ca20 (name=org.apache.xerces.xni.parser.XMLComponentManager, trace=289)
	super		6ae810
	loader		6bae30
	domain		affe650
ARR b28ca40 (sz=88, trace=289, nelems=36, elem type=short)
CLS b28ca80 (name=org.apache.xerces.util.ParserConfigurationSettings, trace=289)
	super		6ae810
	loader		6bae30
	domain		affe650
ARR b28b870 (sz=64, trace=289, nelems=51, elem type=byte)
ARR b28b8b0 (sz=16, trace=289, nelems=0, elem type=short)
CLS b28b8f0 (name=org.apache.xerces.xni.parser.XMLParserConfiguration, trace=289)
	super		6ae810
	loader		6bae30
	domain		affe650
ARR b28b950 (sz=192, trace=289, nelems=90, elem type=short)
CLS b28b990 (name=org.apache.xerces.parsers.BasicParserConfiguration, trace=289)
	super		b28ca80
	loader		6bae30
	domain		affe650
	static ENTITY_RESOLVER	aff4f00
	static ERROR_HANDLER	aff4f40
	static SYMBOL_TABLE	afefee0
	static XML_STRING	b28ba80
	static EXTERNAL_PARAMETER_ENTITIES	b28ba40
	static EXTERNAL_GENERAL_ENTITIES	b28b1a0
	static NAMESPACES	aff07d0
	static VALIDATION	b28b160
ARR b28b140 (sz=88, trace=289, nelems=38, elem type=char)
OBJ b28b160 (sz=24, trace=289, class=java.lang.String@6aeef0)
	value		b28b140
ARR b28b180 (sz=120, trace=289, nelems=53, elem type=char)
OBJ b28b1a0 (sz=24, trace=289, class=java.lang.String@6aeef0)
	value		b28b180
ARR b28b9b0 (sz=128, trace=289, nelems=55, elem type=char)
OBJ b28ba40 (sz=24, trace=289, class=java.lang.String@6aeef0)
	value		b28b9b0
ARR b28ba60 (sz=96, trace=289, nelems=40, elem type=char)
OBJ b28ba80 (sz=24, trace=289, class=java.lang.String@6aeef0)
	value		b28ba60
ARR 6aa130 (sz=32, trace=289, nelems=20, elem type=byte)
ARR 748b20 (sz=16, trace=289, nelems=0, elem type=short)
CLS 748990 (name=org.apache.xerces.xni.parser.XMLPullParserConfiguration, trace=289)
	super		6ae810
	loader		6bae30
	domain		affe650
ARR 749ad0 (sz=400, trace=289, nelems=192, elem type=short)
ARR 749900 (sz=32, trace=289, nelems=4, elem type=int)
ARR 749850 (sz=144, trace=289, nelems=32, elem type=int)
ARR 74b310 (sz=96, trace=289, nelems=20, elem type=int)
CLS 74b260 (name=org.apache.xerces.parsers.DTDConfiguration, trace=289)
	super		b28b990
	loader		6bae30
	domain		affe650
	static VALIDATION_MANAGER	750310
	static DATATYPE_VALIDATOR_FACTORY	750350
	static NAMESPACE_BINDER	74f400
	static DTD_VALIDATOR	74e1f0
	static DTD_PROCESSOR	74e390
	static XMLGRAMMAR_POOL	afeff20
	static DTD_SCANNER	74e530
	static DOCUMENT_SCANNER	74ecb0
	static ENTITY_MANAGER	74ccd0
	static ERROR_REPORTER	74ce70
	static NOTIFY_CHAR_REFS	74cf30
	static NOTIFY_BUILTIN_REFS	74b060
	static LOAD_EXTERNAL_DTD	74b0e0
	static CONTINUE_AFTER_FATAL_ERROR	74b120
	static ALLOW_JAVA_ENCODINGS	74b160
	static WARN_ON_UNDECLARED_ELEMDEF	74b1a0
	static WARN_ON_DUPLICATE_ENTITYDEF	74b1e0
	static WARN_ON_DUPLICATE_ATTDEF	74b220
ARR 74b240 (sz=144, trace=289, nelems=66, elem type=char)
OBJ 74b220 (sz=24, trace=289, class=java.lang.String@6aeef0)
	value		74b240
ARR 74b200 (sz=128, trace=289, nelems=58, elem type=char)
OBJ 74b1e0 (sz=24, trace=289, class=java.lang.String@6aeef0)
	value		74b200
ARR 74b1c0 (sz=152, trace=289, nelems=68, elem type=char)
OBJ 74b1a0 (sz=24, trace=289, class=java.lang.String@6aeef0)
	value		74b1c0
ARR 74b180 (sz=120, trace=289, nelems=51, elem type=char)
OBJ 74b160 (sz=24, trace=289, class=java.lang.String@6aeef0)
	value		74b180
ARR 74b140 (sz=128, trace=289, nelems=57, elem type=char)
OBJ 74b120 (sz=24, trace=289, class=java.lang.String@6aeef0)
	value		74b140
ARR 74b100 (sz=136, trace=289, nelems=62, elem type=char)
OBJ 74b0e0 (sz=24, trace=289, class=java.lang.String@6aeef0)
	value		74b100
ARR 74b080 (sz=128, trace=289, nelems=58, elem type=char)
OBJ 74b060 (sz=24, trace=289, class=java.lang.String@6aeef0)
	value		74b080
ARR 74b0b0 (sz=128, trace=289, nelems=55, elem type=char)
OBJ 74cf30 (sz=24, trace=289, class=java.lang.String@6aeef0)
	value		74b0b0
ARR 74ced0 (sz=128, trace=289, nelems=56, elem type=char)
OBJ 74ce70 (sz=24, trace=289, class=java.lang.String@6aeef0)
	value		74ced0
ARR 74cd60 (sz=128, trace=289, nelems=56, elem type=char)
OBJ 74ccd0 (sz=24, trace=289, class=java.lang.String@6aeef0)
	value		74cd60
ARR 74cbc0 (sz=128, trace=289, nelems=58, elem type=char)
OBJ 74ecb0 (sz=24, trace=289, class=java.lang.String@6aeef0)
	value		74cbc0
ARR 74e590 (sz=120, trace=289, nelems=53, elem type=char)
OBJ 74e530 (sz=24, trace=289, class=java.lang.String@6aeef0)
	value		74e590
ARR 74e3f0 (sz=128, trace=289, nelems=55, elem type=char)
OBJ 74e390 (sz=24, trace=289, class=java.lang.String@6aeef0)
	value		74e3f0
ARR 74e250 (sz=128, trace=289, nelems=55, elem type=char)
OBJ 74e1f0 (sz=24, trace=289, class=java.lang.String@6aeef0)
	value		74e250
ARR 74e0e0 (sz=128, trace=289, nelems=58, elem type=char)
OBJ 74f400 (sz=24, trace=289, class=java.lang.String@6aeef0)
	value		74e0e0
ARR 750400 (sz=152, trace=289, nelems=68, elem type=char)
OBJ 750350 (sz=24, trace=289, class=java.lang.String@6aeef0)
	value		750400
ARR 750330 (sz=136, trace=289, nelems=60, elem type=char)
OBJ 750310 (sz=24, trace=289, class=java.lang.String@6aeef0)
	value		750330
ARR 7502f0 (sz=144, trace=289, nelems=66, elem type=short)
CLS 7502b0 (name=org.apache.xerces.parsers.StandardParserConfiguration, trace=289)
	super		74b260
	loader		6bae30
	domain		affe650
	static JAXP_SCHEMA_SOURCE	affbcb0
	static SCHEMA_NONS_LOCATION	754c90
	static SCHEMA_LOCATION	7516b0
	static SCHEMA_VALIDATOR	7518e0
	static XMLSCHEMA_FULL_CHECKING	751ca0
	static XMLSCHEMA_VALIDATION	750170
	static SCHEMA_AUGMENT_PSVI	7501f0
	static SCHEMA_ELEMENT_DEFAULT	750230
	static NORMALIZE_DATA	750270
ARR 750290 (sz=144, trace=289, nelems=65, elem type=char)
OBJ 750270 (sz=24, trace=289, class=java.lang.String@6aeef0)
	value		750290
ARR 750250 (sz=144, trace=289, nelems=64, elem type=char)
OBJ 750230 (sz=24, trace=289, class=java.lang.String@6aeef0)
	value		750250
ARR 750210 (sz=136, trace=289, nelems=61, elem type=char)
OBJ 7501f0 (sz=24, trace=289, class=java.lang.String@6aeef0)
	value		750210
ARR 7501d0 (sz=112, trace=289, nelems=48, elem type=char)
OBJ 750170 (sz=24, trace=289, class=java.lang.String@6aeef0)
	value		7501d0
ARR 750150 (sz=136, trace=289, nelems=62, elem type=char)
OBJ 751ca0 (sz=24, trace=289, class=java.lang.String@6aeef0)
	value		750150
ARR 751a40 (sz=128, trace=289, nelems=58, elem type=char)
OBJ 7518e0 (sz=24, trace=289, class=java.lang.String@6aeef0)
	value		751a40
ARR 751820 (sz=144, trace=289, nelems=63, elem type=char)
OBJ 7516b0 (sz=24, trace=289, class=java.lang.String@6aeef0)
	value		751820
ARR 7525c0 (sz=160, trace=289, nelems=74, elem type=char)
OBJ 754c90 (sz=24, trace=289, class=java.lang.String@6aeef0)
	value		7525c0
ARR 754c30 (sz=48, trace=289, nelems=18, elem type=short)
CLS 7597a0 (name=org.apache.xerces.parsers.IntegratedParserConfiguration, trace=289)
	super		7502b0
	loader		6bae30
	domain		affe650
ARR 75c1b0 (sz=32, trace=289, nelems=20, elem type=byte)
ARR 7618b0 (sz=24, trace=289, nelems=7, elem type=byte)
ARR 761890 (sz=16, trace=289, nelems=0, elem type=short)
CLS 761770 (name=org.apache.xerces.xni.parser.XMLDTDSource, trace=289)
	super		6ae810
	loader		6bae30
	domain		affe650
ARR 764820 (sz=24, trace=289, nelems=7, elem type=byte)
ARR 764640 (sz=16, trace=289, nelems=0, elem type=short)
CLS 7645a0 (name=org.apache.xerces.xni.parser.XMLDTDContentModelSource, trace=289)
	super		6ae810
	loader		6bae30
	domain		affe650
ARR 764580 (sz=16, trace=289, nelems=0, elem type=short)
CLS 764460 (name=org.apache.xerces.xni.parser.XMLDTDScanner, trace=289)
	super		6ae810
	loader		6bae30
	domain		affe650
ARR 767350 (sz=32, trace=289, nelems=16, elem type=byte)
ARR 770950 (sz=24, trace=289, nelems=9, elem type=byte)
ARR 7708e0 (sz=16, trace=289, nelems=0, elem type=short)
CLS 772d40 (name=org.apache.xerces.xni.parser.XMLDocumentSource, trace=289)
	super		6ae810
	loader		6bae30
	domain		affe650
ARR 772c00 (sz=16, trace=289, nelems=0, elem type=short)
CLS 772ae0 (name=org.apache.xerces.xni.parser.XMLDocumentScanner, trace=289)
	super		6ae810
	loader		6bae30
	domain		affe650
ARR 780da0 (sz=40, trace=289, nelems=21, elem type=byte)
ARR 780d80 (sz=16, trace=289, nelems=0, elem type=short)
CLS 780d40 (name=org.apache.xerces.xni.parser.XMLComponent, trace=289)
	super		6ae810
	loader		6bae30
	domain		affe650
ARR 7844b0 (sz=24, trace=289, nelems=10, elem type=byte)
ARR 784430 (sz=16, trace=289, nelems=0, elem type=short)
CLS 7843f0 (name=org.apache.xerces.xni.XMLLocator, trace=289)
	super		6ae810
	loader		6bae30
	domain		affe650
ARR 786310 (sz=24, trace=289, nelems=10, elem type=byte)
ARR 7862f0 (sz=16, trace=289, nelems=0, elem type=short)
CLS 7862b0 (name=org.apache.xerces.util.MessageFormatter, trace=289)
	super		6ae810
	loader		6bae30
	domain		affe650
ARR 7889c0 (sz=848, trace=289, nelems=835, elem type=byte)
ARR 78b560 (sz=24, trace=289, nelems=9, elem type=byte)
ARR 78b500 (sz=16, trace=289, nelems=0, elem type=short)
CLS 78b440 (name=org.apache.xerces.xni.parser.XMLDocumentFilter, trace=289)
	super		6ae810
	loader		6bae30
	domain		affe650
ARR 790930 (sz=24, trace=289, nelems=10, elem type=byte)
ARR 7908d0 (sz=16, trace=289, nelems=0, elem type=short)
CLS 7907b0 (name=org.apache.xerces.impl.dtd.XMLDTDValidatorFilter, trace=289)
	super		6ae810
	loader		6bae30
	domain		affe650
ARR 794f60 (sz=768, trace=289, nelems=378, elem type=short)
ARR 794e00 (sz=112, trace=289, nelems=24, elem type=int)
ARR 794de0 (sz=80, trace=289, nelems=16, elem type=int)
ARR 794dc0 (sz=32, trace=289, nelems=4, elem type=int)
CLS 794d80 (name=org.apache.xerces.impl.dtd.XMLDTDValidator, trace=289)
	super		6ae810
	loader		6bae30
	domain		affe650
	static PROPERTY_DEFAULTS	b0a3ca0
	static RECOGNIZED_PROPERTIES	b0a3cc0
	static FEATURE_DEFAULTS	b0a3ce0
	static RECOGNIZED_FEATURES	b0a3d50
	static VALIDATION_MANAGER	750310
	static DATATYPE_VALIDATOR_FACTORY	750350
	static GRAMMAR_POOL	afeff20
	static ERROR_REPORTER	74ce70
	static SYMBOL_TABLE	afefee0
	static WARN_ON_DUPLICATE_ATTDEF	74b220
	static DYNAMIC_VALIDATION	794c60
	static VALIDATION	b28b160
	static NAMESPACES	aff07d0
ARR 794d40 (sz=112, trace=289, nelems=49, elem type=char)
OBJ 794c60 (sz=24, trace=289, class=java.lang.String@6aeef0)
	value		794d40
ARR afc9840 (sz=184, trace=289, nelems=167, elem type=byte)
ARR afc9800 (sz=24, trace=289, nelems=6, elem type=short)
CLS afc97c0 (name=org.apache.xerces.impl.dtd.XMLNSDTDValidator, trace=289)
	super		794d80
	loader		6bae30
	domain		affe650
ARR afce0e0 (sz=680, trace=289, nelems=667, elem type=byte)
ARR afd6740 (sz=520, trace=289, nelems=501, elem type=byte)
ARR afd6700 (sz=360, trace=289, nelems=174, elem type=short)
ARR afd66c0 (sz=48, trace=289, nelems=8, elem type=int)
ARR afd66a0 (sz=32, trace=289, nelems=4, elem type=int)
CLS afd6680 (name=org.apache.xerces.impl.XMLScanner, trace=289)
	super		6ae810
	loader		6bae30
	domain		affe650
	static fAposSymbol	b0269b0
	static fQuotSymbol	b026b70
	static fGtSymbol	b026d40
	static fLtSymbol	b026de0
	static fAmpSymbol	b026e20
	static fStandaloneSymbol	b026f40
	static fEncodingSymbol	b025020
	static fVersionSymbol	b025140
	static ENTITY_MANAGER	74ccd0
	static ERROR_REPORTER	74ce70
	static SYMBOL_TABLE	afefee0
	static NOTIFY_CHAR_REFS	74cf30
	static VALIDATION	b28b160
ARR afd9c80 (sz=24, trace=289, nelems=12, elem type=byte)
ARR afd9c60 (sz=16, trace=289, nelems=0, elem type=short)
CLS afd9c20 (name=org.apache.xerces.impl.XMLEntityHandler, trace=289)
	super		6ae810
	loader		6bae30
	domain		affe650
ARR afd9bc0 (sz=552, trace=289, nelems=270, elem type=short)
ARR afd9b80 (sz=48, trace=289, nelems=8, elem type=int)
CLS afd9b60 (name=org.apache.xerces.impl.XMLDocumentFragmentScannerImpl, trace=289)
	super		afd6680
	loader		6bae30
	domain		affe650
	static PROPERTY_DEFAULTS	b0264a0
	static RECOGNIZED_PROPERTIES	b0264c0
	static FEATURE_DEFAULTS	b0264e0
	static RECOGNIZED_FEATURES	b026990
	static NOTIFY_BUILTIN_REFS	74b060
	static NAMESPACES	aff07d0
ARR afd9b40 (sz=48, trace=289, nelems=16, elem type=short)
ARR afdbca0 (sz=392, trace=289, nelems=380, elem type=byte)
ARR afde140 (sz=368, trace=289, nelems=351, elem type=byte)
ARR afde120 (sz=360, trace=289, nelems=174, elem type=short)
ARR afde0e0 (sz=48, trace=289, nelems=8, elem type=int)
CLS afde0c0 (name=org.apache.xerces.impl.XMLDocumentScannerImpl, trace=289)
	super		afd9b60
	loader		6bae30
	domain		affe650
	static PROPERTY_DEFAULTS	b0262e0
	static RECOGNIZED_PROPERTIES	b026300
	static FEATURE_DEFAULTS	b026400
	static RECOGNIZED_FEATURES	b026420
	static VALIDATION_MANAGER	750310
	static DTD_SCANNER	74e530
	static LOAD_EXTERNAL_DTD	74b0e0
ARR afde0a0 (sz=64, trace=289, nelems=24, elem type=short)
ARR afde080 (sz=112, trace=289, nelems=48, elem type=short)
CLS afde040 (name=org.apache.xerces.impl.XMLNSDocumentScannerImpl, trace=289)
	super		afde0c0
	loader		6bae30
	domain		affe650
ARR afde020 (sz=40, trace=289, nelems=12, elem type=short)
ARR afe2430 (sz=88, trace=289, nelems=70, elem type=byte)
ARR afe2410 (sz=48, trace=289, nelems=18, elem type=short)
CLS afe23d0 (name=org.apache.xerces.util.SymbolTable, trace=289)
	super		6ae810
	loader		6bae30
	domain		affe650
ARR afe23b0 (sz=24, trace=289, nelems=4, elem type=short)
ARR afe4aa0 (sz=32, trace=289, nelems=15, elem type=byte)
ARR afe4a80 (sz=16, trace=289, nelems=0, elem type=short)
CLS afe6630 (name=org.apache.xerces.xni.grammars.XMLGrammarPool, trace=289)
	super		6ae810
	loader		6bae30
	domain		affe650
ARR afe6020 (sz=80, trace=2176, nelems=31, elem type=char)
OBJ afe7fe0 (sz=24, trace=2176, class=java.lang.String@6aeef0)
	value		afe6020
ARR afeaa10 (sz=64, trace=289, nelems=51, elem type=byte)
ARR afea9f0 (sz=48, trace=289, nelems=18, elem type=short)
CLS afea9b0 (name=org.apache.xerces.util.SymbolTable$Entry, trace=289)
	super		6ae810
	loader		6bae30
	domain		affe650
ARR afea990 (sz=24, trace=289, nelems=4, elem type=short)
ARR afea930 (sz=80, trace=2180, nelems=33, elem type=char)
OBJ afea8d0 (sz=24, trace=2180, class=java.lang.String@6aeef0)
	value		afea930
ARR afea830 (sz=72, trace=2180, nelems=30, elem type=char)
OBJ afea810 (sz=24, trace=2180, class=java.lang.String@6aeef0)
	value		afea830
ARR afea7f0 (sz=96, trace=2180, nelems=41, elem type=char)
OBJ afea7d0 (sz=24, trace=2180, class=java.lang.String@6aeef0)
	value		afea7f0
ARR afea7b0 (sz=96, trace=2180, nelems=40, elem type=char)
OBJ afea790 (sz=24, trace=2180, class=java.lang.String@6aeef0)
	value		afea7b0
ARR afea750 (sz=56, trace=2183, nelems=20, elem type=char)
OBJ afea730 (sz=24, trace=2183, class=java.lang.String@6aeef0)
	value		afea750
ARR afea710 (sz=72, trace=2184, nelems=30, elem type=char)
OBJ afea6f0 (sz=24, trace=2184, class=java.lang.String@6aeef0)
	value		afea710
ARR afea670 (sz=48, trace=2188, nelems=17, elem type=char)
OBJ afea650 (sz=24, trace=2188, class=java.lang.String@6aeef0)
	value		afea670
ARR afea630 (sz=80, trace=2188, nelems=31, elem type=char)
OBJ afea610 (sz=24, trace=2188, class=java.lang.String@6aeef0)
	value		afea630
ARR afea5f0 (sz=80, trace=2188, nelems=34, elem type=char)
OBJ afea5d0 (sz=24, trace=2188, class=java.lang.String@6aeef0)
	value		afea5f0
ARR afea5b0 (sz=80, trace=2188, nelems=33, elem type=char)
OBJ afea590 (sz=24, trace=2188, class=java.lang.String@6aeef0)
	value		afea5b0
ARR afea550 (sz=48, trace=2190, nelems=18, elem type=char)
OBJ afea530 (sz=24, trace=2190, class=java.lang.String@6aeef0)
	value		afea550
ARR afea510 (sz=88, trace=2190, nelems=35, elem type=char)
OBJ afea4f0 (sz=24, trace=2190, class=java.lang.String@6aeef0)
	value		afea510
ARR afea4d0 (sz=80, trace=2190, nelems=34, elem type=char)
OBJ afea4b0 (sz=24, trace=2190, class=java.lang.String@6aeef0)
	value		afea4d0
ARR afea490 (sz=72, trace=2190, nelems=30, elem type=char)
OBJ afea470 (sz=24, trace=2190, class=java.lang.String@6aeef0)
	value		afea490
ARR afea450 (sz=80, trace=2190, nelems=31, elem type=char)
OBJ afea430 (sz=24, trace=2190, class=java.lang.String@6aeef0)
	value		afea450
ARR afea410 (sz=72, trace=2190, nelems=29, elem type=char)
OBJ afea3f0 (sz=24, trace=2190, class=java.lang.String@6aeef0)
	value		afea410
ARR afedd10 (sz=696, trace=289, nelems=681, elem type=byte)
ARR afedcd0 (sz=592, trace=289, nelems=288, elem type=short)
ARR afedc90 (sz=32, trace=289, nelems=4, elem type=int)
ARR afedc70 (sz=128, trace=289, nelems=28, elem type=int)
ARR afedc20 (sz=96, trace=289, nelems=20, elem type=int)
CLS afedc00 (name=org.apache.xerces.impl.XMLEntityManager, trace=289)
	super		6ae810
	loader		6bae30
	domain		affe650
	static gAfterEscaping2	b006d00
	static gAfterEscaping1	b006d20
	static gNeedEscaping	b006d40
	static gEscapedUserDir	b050f60
	static gUserDir	6b0360
	static DTDEntity	b006d60
	static XMLEntity	b006ee0
	static PROPERTY_DEFAULTS	b006f80
	static RECOGNIZED_PROPERTIES	b006fa0
	static FEATURE_DEFAULTS	b006fc0
	static RECOGNIZED_FEATURES	b0052f0
	static BUFFER_SIZE	afedac0
	static VALIDATION_MANAGER	750310
	static ENTITY_RESOLVER	aff4f00
	static ERROR_REPORTER	74ce70
	static SYMBOL_TABLE	afefee0
	static WARN_ON_DUPLICATE_ENTITYDEF	74b1e0
	static ALLOW_JAVA_ENCODINGS	74b160
	static EXTERNAL_PARAMETER_ENTITIES	b28ba40
	static EXTERNAL_GENERAL_ENTITIES	b28b1a0
	static VALIDATION	b28b160
ARR afedba0 (sz=72, trace=289, nelems=28, elem type=short)
ARR afedb40 (sz=112, trace=289, nelems=50, elem type=char)
OBJ afedac0 (sz=24, trace=289, class=java.lang.String@6aeef0)
	value		afedb40
ARR aff0cd0 (sz=56, trace=289, nelems=44, elem type=byte)
ARR aff0c70 (sz=16, trace=289, nelems=0, elem type=short)
CLS aff0c30 (name=org.apache.xerces.impl.XMLEntityScanner, trace=289)
	super		6ae810
	loader		6bae30
	domain		affe650
ARR aff16c0 (sz=248, trace=289, nelems=233, elem type=byte)
ARR aff16a0 (sz=24, trace=289, nelems=6, elem type=short)
CLS aff1660 (name=org.apache.xerces.impl.XMLEntityManager$EntityScanner, trace=289)
	super		aff0c30
	loader		6bae30
	domain		affe650
ARR aff1640 (sz=32, trace=289, nelems=8, elem type=short)
ARR aff2480 (sz=152, trace=289, nelems=137, elem type=byte)
ARR aff2460 (sz=112, trace=289, nelems=48, elem type=short)
CLS aff23e0 (name=org.apache.xerces.impl.io.UTF8Reader, trace=289)
	super		6c4080
	loader		6bae30
	domain		affe650
ARR aff4e20 (sz=104, trace=289, nelems=85, elem type=byte)
ARR aff4e00 (sz=72, trace=289, nelems=30, elem type=short)
CLS aff4dc0 (name=org.apache.xerces.impl.io.ASCIIReader, trace=289)
	super		6c4080
	loader		6bae30
	domain		affe650
ARR aff7ca0 (sz=120, trace=289, nelems=104, elem type=byte)
ARR aff7c80 (sz=112, trace=289, nelems=48, elem type=short)
CLS aff7c40 (name=org.apache.xerces.impl.io.UCSReader, trace=289)
	super		6c4080
	loader		6bae30
	domain		affe650
ARR aff8920 (sz=48, trace=289, nelems=32, elem type=byte)
ARR aff8900 (sz=40, trace=289, nelems=12, elem type=short)
CLS aff88c0 (name=org.apache.xerces.impl.XMLEntityManager$Entity, trace=289)
	super		6ae810
	loader		6bae30
	domain		affe650
ARR aff88a0 (sz=24, trace=289, nelems=4, elem type=short)
ARR aff9980 (sz=56, trace=1, nelems=20, elem type=char)
OBJ aff9960 (sz=24, trace=1, class=java.lang.String@6aeef0)
	value		aff9980
ARR aff9940 (sz=40, trace=1, nelems=13, elem type=char)
OBJ aff9920 (sz=24, trace=1, class=java.lang.String@6aeef0)
	value		aff9940
ARR aff9900 (sz=48, trace=1, nelems=18, elem type=char)
OBJ aff98e0 (sz=24, trace=1, class=java.lang.String@6aeef0)
	value		aff9900
ARR affbf70 (sz=120, trace=289, nelems=105, elem type=byte)
ARR affbf50 (sz=168, trace=289, nelems=78, elem type=short)
CLS affbf10 (name=org.apache.xerces.impl.XMLEntityManager$ScannedEntity, trace=289)
	super		aff88c0
	loader		6bae30
	domain		affe650
ARR affbef0 (sz=32, trace=289, nelems=8, elem type=short)
ARR affbb10 (sz=104, trace=6, nelems=87, elem type=byte)
ARR affbaf0 (sz=64, trace=6, nelems=24, elem type=short)
ARR affbab0 (sz=64, trace=6, nelems=12, elem type=int)
ARR affba90 (sz=80, trace=6, nelems=16, elem type=int)
ARR affba70 (sz=64, trace=6, nelems=12, elem type=int)
ARR affba50 (sz=48, trace=6, nelems=8, elem type=int)
ARR affba30 (sz=48, trace=6, nelems=8, elem type=int)
ARR affba10 (sz=48, trace=6, nelems=8, elem type=int)
CLS affb9f0 (name=java.io.StringReader, trace=6)
	super		6c4080
ARR affd890 (sz=56, trace=289, nelems=39, elem type=byte)
ARR affd870 (sz=40, trace=289, nelems=12, elem type=short)
CLS affd830 (name=org.apache.xerces.impl.XMLEntityManager$ExternalEntity, trace=289)
	super		aff88c0
	loader		6bae30
	domain		affe650
ARR affd810 (sz=32, trace=289, nelems=8, elem type=short)
ARR aff7400 (sz=48, trace=289, nelems=35, elem type=byte)
ARR aff73e0 (sz=24, trace=289, nelems=6, elem type=short)
CLS aff73a0 (name=org.apache.xerces.impl.XMLEntityManager$InternalEntity, trace=289)
	super		aff88c0
	loader		6bae30
	domain		affe650
ARR aff7380 (sz=32, trace=289, nelems=8, elem type=short)
ARR b001850 (sz=104, trace=289, nelems=89, elem type=byte)
ARR b001830 (sz=112, trace=289, nelems=48, elem type=short)
CLS b0017f0 (name=org.apache.xerces.impl.XMLEntityManager$RewindableInputStream, trace=289)
	super		6bfa80
	loader		6bae30
	domain		affe650
ARR b0017d0 (sz=32, trace=289, nelems=8, elem type=short)
ARR b003ba0 (sz=32, trace=289, nelems=17, elem type=byte)
ARR b003b80 (sz=16, trace=289, nelems=0, elem type=short)
CLS b003b40 (name=org.apache.xerces.util.URI$MalformedURIException, trace=289)
	super		78e770
	loader		6bae30
	domain		affe650
ARR b003b20 (sz=24, trace=289, nelems=4, elem type=short)
ARR b005ce0 (sz=344, trace=289, nelems=329, elem type=byte)
ARR b005750 (sz=160, trace=289, nelems=72, elem type=short)
ARR b005680 (sz=32, trace=289, nelems=4, elem type=int)
CLS b005660 (name=org.apache.xerces.util.URI, trace=289)
	super		6ae810
	loader		6bae30
	domain		affe650
	static USERINFO_CHARACTERS	b005310
	static SCHEME_CHARACTERS	b0053b0
	static MARK_CHARACTERS	b0053f0
	static RESERVED_CHARACTERS	b0054d0
ARR b005640 (sz=24, trace=289, nelems=4, elem type=short)
ARR b0055e0 (sz=40, trace=289, nelems=12, elem type=char)
OBJ b0054d0 (sz=24, trace=289, class=java.lang.String@6aeef0)
	value		b0055e0
ARR b005410 (sz=32, trace=289, nelems=9, elem type=char)
OBJ b0053f0 (sz=24, trace=289, class=java.lang.String@6aeef0)
	value		b005410
ARR b0053d0 (sz=24, trace=289, nelems=3, elem type=char)
OBJ b0053b0 (sz=24, trace=289, class=java.lang.String@6aeef0)
	value		b0053d0
ARR b005390 (sz=32, trace=289, nelems=7, elem type=char)
OBJ b005310 (sz=24, trace=289, class=java.lang.String@6aeef0)
	value		b005390
ARR b006f00 (sz=24, trace=2194, nelems=5, elem type=char)
OBJ b006ee0 (sz=24, trace=2194, class=java.lang.String@6aeef0)
	value		b006f00
ARR b006ec0 (sz=24, trace=2194, nelems=5, elem type=char)
OBJ b006d60 (sz=24, trace=2194, class=java.lang.String@6aeef0)
	value		b006ec0
ARR b009e40 (sz=72, trace=289, nelems=59, elem type=byte)
ARR b009da0 (sz=64, trace=289, nelems=24, elem type=short)
CLS b009c80 (name=org.apache.xerces.util.XMLResourceIdentifierImpl, trace=289)
	super		6ae810
	loader		6bae30
	domain		affe650
ARR b00aeb0 (sz=32, trace=6, nelems=16, elem type=byte)
ARR b00ae90 (sz=16, trace=6, nelems=0, elem type=short)
CLS b00ad70 (name=java.io.EOFException, trace=6)
	super		78e770
ARR b00aad0 (sz=56, trace=2203, nelems=20, elem type=char)
OBJ b00a9d0 (sz=24, trace=2203, class=java.lang.String@6aeef0)
	value		b00aad0
ARR b00a710 (sz=56, trace=2206, nelems=21, elem type=char)
OBJ b00a5f0 (sz=24, trace=2206, class=java.lang.String@6aeef0)
	value		b00a710
ARR b00a5d0 (sz=64, trace=2206, nelems=23, elem type=char)
OBJ b00a5b0 (sz=24, trace=2206, class=java.lang.String@6aeef0)
	value		b00a5d0
ARR b009c40 (sz=64, trace=2206, nelems=24, elem type=char)
OBJ b009c20 (sz=24, trace=2206, class=java.lang.String@6aeef0)
	value		b009c40
ARR b00a410 (sz=48, trace=2206, nelems=17, elem type=char)
OBJ b00a3f0 (sz=24, trace=2206, class=java.lang.String@6aeef0)
	value		b00a410
ARR b00fda0 (sz=216, trace=289, nelems=202, elem type=byte)
ARR b00fd00 (sz=192, trace=289, nelems=90, elem type=short)
ARR b00fbe0 (sz=32, trace=289, nelems=4, elem type=int)
CLS b00fbc0 (name=org.apache.xerces.impl.XMLErrorReporter, trace=289)
	super		6ae810
	loader		6bae30
	domain		affe650
	static PROPERTY_DEFAULTS	b00f9f0
	static RECOGNIZED_PROPERTIES	b00fab0
	static FEATURE_DEFAULTS	b00fb20
	static RECOGNIZED_FEATURES	b00fba0
	static ERROR_HANDLER	aff4f40
	static CONTINUE_AFTER_FATAL_ERROR	74b120
ARR b018c60 (sz=64, trace=289, nelems=47, elem type=byte)
ARR b018c40 (sz=48, trace=289, nelems=18, elem type=short)
CLS b018b80 (name=org.apache.xerces.xni.XMLString, trace=289)
	super		6ae810
	loader		6bae30
	domain		affe650
ARR b01ab00 (sz=72, trace=289, nelems=59, elem type=byte)
ARR b01aae0 (sz=40, trace=289, nelems=12, elem type=short)
CLS b01aaa0 (name=org.apache.xerces.util.XMLStringBuffer, trace=289)
	super		b018b80
	loader		6bae30
	domain		affe650
ARR b01a820 (sz=32, trace=6, nelems=16, elem type=byte)
ARR b01a800 (sz=16, trace=6, nelems=0, elem type=short)
CLS b01a740 (name=java.lang.NumberFormatException, trace=6)
	super		78f8d0
ARR b01c3d0 (sz=56, trace=289, nelems=41, elem type=byte)
ARR b01c3b0 (sz=16, trace=289, nelems=0, elem type=short)
CLS b01c370 (name=org.apache.xerces.xni.XMLAttributes, trace=289)
	super		6ae810
	loader		6bae30
	domain		affe650
ARR b01efa0 (sz=32, trace=1, nelems=7, elem type=char)
OBJ b01ef80 (sz=24, trace=1, class=java.lang.String@6aeef0)
	value		b01efa0
ARR b01ef60 (sz=32, trace=1, nelems=8, elem type=char)
OBJ b01eee0 (sz=24, trace=1, class=java.lang.String@6aeef0)
	value		b01ef60
ARR b0140d0 (sz=32, trace=289, nelems=16, elem type=byte)
ARR b018f50 (sz=16, trace=289, nelems=0, elem type=short)
CLS b01afb0 (name=org.apache.xerces.impl.XMLDocumentFragmentScannerImpl$Dispatcher, trace=289)
	super		6ae810
	loader		6bae30
	domain		affe650
ARR b018fc0 (sz=24, trace=289, nelems=4, elem type=short)
ARR b025320 (sz=48, trace=289, nelems=33, elem type=byte)
ARR b025220 (sz=40, trace=289, nelems=12, elem type=short)
CLS b0251e0 (name=org.apache.xerces.xni.NamespaceContext, trace=289)
	super		6ae810
	loader		6bae30
	domain		affe650
	static XMLNS_URI	b050940
	static XML_URI	b050900
ARR b025160 (sz=32, trace=2215, nelems=7, elem type=char)
OBJ b025140 (sz=24, trace=2215, class=java.lang.String@6aeef0)
	value		b025160
ARR b025040 (sz=32, trace=2215, nelems=8, elem type=char)
OBJ b025020 (sz=24, trace=2215, class=java.lang.String@6aeef0)
	value		b025040
ARR b026fe0 (sz=32, trace=2215, nelems=10, elem type=char)
OBJ b026f40 (sz=24, trace=2215, class=java.lang.String@6aeef0)
	value		b026fe0
ARR b026f20 (sz=24, trace=2215, nelems=3, elem type=char)
OBJ b026e20 (sz=24, trace=2215, class=java.lang.String@6aeef0)
	value		b026f20
ARR b026e00 (sz=16, trace=2215, nelems=2, elem type=char)
OBJ b026de0 (sz=24, trace=2215, class=java.lang.String@6aeef0)
	value		b026e00
ARR b026d60 (sz=16, trace=2215, nelems=2, elem type=char)
OBJ b026d40 (sz=24, trace=2215, class=java.lang.String@6aeef0)
	value		b026d60
ARR b026bf0 (sz=24, trace=2215, nelems=4, elem type=char)
OBJ b026b70 (sz=24, trace=2215, class=java.lang.String@6aeef0)
	value		b026bf0
ARR b026a30 (sz=24, trace=2215, nelems=4, elem type=char)
OBJ b0269b0 (sz=24, trace=2215, class=java.lang.String@6aeef0)
	value		b026a30
ARR b02a7b0 (sz=56, trace=289, nelems=39, elem type=byte)
ARR b02a790 (sz=40, trace=289, nelems=12, elem type=short)
CLS b02a6b0 (name=org.apache.xerces.impl.XMLDocumentFragmentScannerImpl$ElementStack, trace=289)
	super		6ae810
	loader		6bae30
	domain		affe650
ARR b02a690 (sz=24, trace=289, nelems=4, elem type=short)
ARR b031150 (sz=88, trace=289, nelems=69, elem type=byte)
ARR b032ca0 (sz=64, trace=289, nelems=24, elem type=short)
CLS b0329f0 (name=org.apache.xerces.xni.QName, trace=289)
	super		6ae810
	loader		6bae30
	domain		affe650
ARR b037620 (sz=112, trace=289, nelems=93, elem type=byte)
ARR b040ac0 (sz=88, trace=289, nelems=72, elem type=byte)
ARR b043580 (sz=240, trace=289, nelems=225, elem type=byte)
ARR b043540 (sz=24, trace=289, nelems=6, elem type=short)
ARR b0434a0 (sz=32, trace=289, nelems=4, elem type=int)
CLS b0433a0 (name=org.apache.xerces.impl.XMLDocumentFragmentScannerImpl$FragmentContentDispatcher, trace=289)
	super		6ae810
	loader		6bae30
	domain		affe650
ARR b043380 (sz=40, trace=289, nelems=12, elem type=short)
ARR b043360 (sz=24, trace=289, nelems=6, elem type=short)
CLS b0432c0 (name=org.apache.xerces.impl.XMLDocumentScannerImpl$ContentDispatcher, trace=289)
	super		b0433a0
	loader		6bae30
	domain		affe650
ARR b043280 (sz=40, trace=289, nelems=12, elem type=short)
ARR b043260 (sz=24, trace=289, nelems=6, elem type=short)
CLS b0431c0 (name=org.apache.xerces.impl.XMLNSDocumentScannerImpl$NSContentDispatcher, trace=289)
	super		b0432c0
	loader		6bae30
	domain		affe650
ARR b0431a0 (sz=40, trace=289, nelems=12, elem type=short)
ARR b047250 (sz=168, trace=289, nelems=155, elem type=byte)
ARR b047210 (sz=64, trace=289, nelems=24, elem type=short)
CLS b047170 (name=org.apache.xerces.util.XMLAttributesImpl, trace=289)
	super		6ae810
	loader		6bae30
	domain		affe650
ARR b047070 (sz=24, trace=289, nelems=4, elem type=short)
ARR b04be40 (sz=32, trace=289, nelems=14, elem type=byte)
ARR b04be20 (sz=16, trace=289, nelems=0, elem type=short)
CLS b04bd00 (name=org.apache.xerces.xni.Augmentations, trace=289)
	super		6ae810
	loader		6bae30
	domain		affe650
ARR b04eac0 (sz=40, trace=289, nelems=28, elem type=byte)
ARR b04eaa0 (sz=88, trace=289, nelems=36, elem type=short)
CLS b04ea00 (name=org.apache.xerces.util.XMLAttributesImpl$Attribute, trace=289)
	super		6ae810
	loader		6bae30
	domain		affe650
ARR b04e9e0 (sz=24, trace=289, nelems=4, elem type=short)
ARR b052650 (sz=80, trace=289, nelems=61, elem type=byte)
ARR b0525f0 (sz=24, trace=289, nelems=6, elem type=short)
CLS b052550 (name=org.apache.xerces.util.AugmentationsImpl, trace=289)
	super		6ae810
	loader		6bae30
	domain		affe650
ARR b052530 (sz=40, trace=289, nelems=12, elem type=short)
ARR b0550b0 (sz=48, trace=289, nelems=32, elem type=byte)
ARR b055090 (sz=24, trace=289, nelems=6, elem type=short)
CLS b056a50 (name=org.apache.xerces.util.AugmentationsImpl$AugmentationsItemsContainer, trace=289)
	super		6ae810
	loader		6bae30
	domain		affe650
ARR b056a30 (sz=24, trace=289, nelems=4, elem type=short)
ARR b058250 (sz=104, trace=289, nelems=88, elem type=byte)
ARR b058230 (sz=64, trace=289, nelems=24, elem type=short)
CLS b058190 (name=org.apache.xerces.util.AugmentationsImpl$SmallContainer, trace=289)
	super		b056a50
	loader		6bae30
	domain		affe650
ARR b058090 (sz=48, trace=289, nelems=16, elem type=short)
ARR b066ca0 (sz=96, trace=289, nelems=82, elem type=byte)
ARR b066ba0 (sz=40, trace=289, nelems=12, elem type=short)
CLS b066b60 (name=org.apache.xerces.util.AugmentationsImpl$LargeContainer, trace=289)
	super		b056a50
	loader		6bae30
	domain		affe650
ARR b066aa0 (sz=32, trace=289, nelems=8, elem type=short)
ARR b06cf20 (sz=104, trace=289, nelems=85, elem type=byte)
ARR b06ce80 (sz=64, trace=289, nelems=24, elem type=short)
CLS b06cd00 (name=org.apache.xerces.util.NamespaceSupport, trace=289)
	super		6ae810
	loader		6bae30
	domain		affe650
ARR b06cce0 (sz=24, trace=289, nelems=4, elem type=short)
ARR b0713d0 (sz=168, trace=289, nelems=152, elem type=byte)
ARR b071330 (sz=24, trace=289, nelems=6, elem type=short)
ARR b0712f0 (sz=32, trace=289, nelems=4, elem type=int)
CLS b0712d0 (name=org.apache.xerces.impl.XMLDocumentScannerImpl$XMLDeclDispatcher, trace=289)
	super		6ae810
	loader		6bae30
	domain		affe650
ARR b0712b0 (sz=40, trace=289, nelems=12, elem type=short)
ARR b0730d0 (sz=168, trace=289, nelems=150, elem type=byte)
ARR b073090 (sz=24, trace=289, nelems=6, elem type=short)
ARR b073050 (sz=32, trace=289, nelems=4, elem type=int)
CLS b073030 (name=org.apache.xerces.impl.XMLDocumentScannerImpl$PrologDispatcher, trace=289)
	super		6ae810
	loader		6bae30
	domain		affe650
ARR b074fa0 (sz=32, trace=289, nelems=8, elem type=short)
ARR b08ab60 (sz=192, trace=289, nelems=177, elem type=byte)
ARR b08ab20 (sz=24, trace=289, nelems=6, elem type=short)
ARR b08aae0 (sz=48, trace=289, nelems=8, elem type=int)
CLS b08aac0 (name=org.apache.xerces.impl.XMLDocumentScannerImpl$DTDDispatcher, trace=289)
	super		6ae810
	loader		6bae30
	domain		affe650
ARR b08aaa0 (sz=32, trace=289, nelems=8, elem type=short)
ARR b08c180 (sz=112, trace=289, nelems=94, elem type=byte)
ARR b08dfa0 (sz=24, trace=289, nelems=6, elem type=short)
ARR b08deb0 (sz=32, trace=289, nelems=4, elem type=int)
CLS b08de90 (name=org.apache.xerces.impl.XMLDocumentScannerImpl$TrailingMiscDispatcher, trace=289)
	super		6ae810
	loader		6bae30
	domain		affe650
ARR b08de70 (sz=32, trace=289, nelems=8, elem type=short)
ARR b08dd10 (sz=56, trace=2233, nelems=22, elem type=char)
OBJ b08dcf0 (sz=24, trace=2233, class=java.lang.String@6aeef0)
	value		b08dd10
ARR b08dbb0 (sz=64, trace=2239, nelems=26, elem type=char)
OBJ b08db90 (sz=24, trace=2239, class=java.lang.String@6aeef0)
	value		b08dbb0
ARR b08db50 (sz=72, trace=2241, nelems=27, elem type=char)
OBJ b08db30 (sz=24, trace=2241, class=java.lang.String@6aeef0)
	value		b08db50
ARR b08f5f0 (sz=824, trace=289, nelems=811, elem type=byte)
ARR b08f510 (sz=408, trace=289, nelems=198, elem type=short)
CLS b08f4d0 (name=org.apache.xerces.impl.XMLDTDScannerImpl, trace=289)
	super		afd6680
	loader		6bae30
	domain		affe650
	static PROPERTY_DEFAULTS	b08f430
	static RECOGNIZED_PROPERTIES	b08f450
	static FEATURE_DEFAULTS	b08f470
	static RECOGNIZED_FEATURES	b08f490
ARR b08f4b0 (sz=32, trace=289, nelems=8, elem type=short)
ARR b090d40 (sz=64, trace=2256, nelems=23, elem type=char)
OBJ b090d20 (sz=24, trace=2256, class=java.lang.String@6aeef0)
	value		b090d40
ARR b0908a0 (sz=24, trace=1, nelems=4, elem type=char)
OBJ b090880 (sz=24, trace=1, class=java.lang.String@6aeef0)
	value		b0908a0
ARR b090860 (sz=48, trace=1, nelems=15, elem type=char)
OBJ b090840 (sz=24, trace=1, class=java.lang.String@6aeef0)
	value		b090860
ARR b091790 (sz=560, trace=289, nelems=544, elem type=byte)
ARR b093760 (sz=24, trace=289, nelems=9, elem type=byte)
ARR b093720 (sz=16, trace=289, nelems=0, elem type=short)
CLS b093700 (name=org.apache.xerces.xni.parser.XMLDTDFilter, trace=289)
	super		6ae810
	loader		6bae30
	domain		affe650
ARR b096f40 (sz=24, trace=289, nelems=9, elem type=byte)
ARR b096f00 (sz=16, trace=289, nelems=0, elem type=short)
CLS b096ee0 (name=org.apache.xerces.xni.parser.XMLDTDContentModelFilter, trace=289)
	super		6ae810
	loader		6bae30
	domain		affe650
ARR b096ea0 (sz=432, trace=289, nelems=210, elem type=short)
ARR b096e60 (sz=112, trace=289, nelems=24, elem type=int)
CLS b096e40 (name=org.apache.xerces.impl.dtd.XMLDTDProcessor, trace=289)
	super		6ae810
	loader		6bae30
	domain		affe650
	static PROPERTY_DEFAULTS	b096dc0
	static RECOGNIZED_PROPERTIES	b096de0
	static FEATURE_DEFAULTS	b096e00
	static RECOGNIZED_FEATURES	b096e20
	static DTD_VALIDATOR	74e1f0
	static GRAMMAR_POOL	afeff20
	static ERROR_REPORTER	74ce70
	static SYMBOL_TABLE	afefee0
	static WARN_ON_DUPLICATE_ATTDEF	74b220
	static NOTIFY_CHAR_REFS	74cf30
	static VALIDATION	b28b160
ARR b097760 (sz=56, trace=289, nelems=42, elem type=byte)
ARR b097740 (sz=112, trace=289, nelems=48, elem type=short)
CLS b0972b0 (name=org.apache.xerces.impl.dtd.XMLEntityDecl, trace=289)
	super		6ae810
	loader		6bae30
	domain		affe650
ARR b09ce10 (sz=24, trace=289, nelems=8, elem type=byte)
ARR b09cdf0 (sz=16, trace=289, nelems=0, elem type=short)
CLS b09cdb0 (name=org.apache.xerces.impl.validation.EntityState, trace=289)
	super		6ae810
	loader		6bae30
	domain		affe650
ARR b09d1b0 (sz=24, trace=289, nelems=10, elem type=byte)
ARR b09fc20 (sz=80, trace=289, nelems=67, elem type=byte)
ARR b09fc00 (sz=40, trace=289, nelems=12, elem type=short)
ARR b09fbc0 (sz=32, trace=289, nelems=4, elem type=int)
CLS b09fba0 (name=org.apache.xerces.impl.dv.DatatypeException, trace=289)
	super		6bbf00
	loader		6bae30
	domain		affe650
ARR b09fb80 (sz=16, trace=289, nelems=0, elem type=short)
CLS b09fb40 (name=org.apache.xerces.impl.dv.InvalidDatatypeValueException, trace=289)
	super		b09fba0
	loader		6bae30
	domain		affe650
ARR b0a0190 (sz=32, trace=289, nelems=19, elem type=byte)
ARR b0a0170 (sz=16, trace=289, nelems=0, elem type=short)
CLS b0a1f80 (name=org.apache.xerces.impl.dv.ValidationContext, trace=289)
	super		6ae810
	loader		6bae30
	domain		affe650
ARR b0a25d0 (sz=32, trace=289, nelems=17, elem type=byte)
ARR b0a2590 (sz=40, trace=289, nelems=12, elem type=short)
CLS b0a2540 (name=org.apache.xerces.xni.grammars.XMLGrammarDescription, trace=289)
	super		6ae810
	loader		6bae30
	domain		affe650
	static XML_DTD	b0a3e00
	static XML_SCHEMA	affbc70
ARR b0a3ee0 (sz=72, trace=289, nelems=28, elem type=char)
OBJ b0a3e00 (sz=24, trace=289, class=java.lang.String@6aeef0)
	value		b0a3ee0
ARR b0a4310 (sz=136, trace=289, nelems=123, elem type=byte)
ARR b0a42d0 (sz=120, trace=289, nelems=54, elem type=short)
CLS b0a4290 (name=org.apache.xerces.impl.validation.ValidationState, trace=289)
	super		6ae810
	loader		6bae30
	domain		affe650
	static fNullValue	b0a4270
ARR b0a6c40 (sz=72, trace=289, nelems=59, elem type=byte)
ARR b0a6c20 (sz=136, trace=289, nelems=60, elem type=short)
CLS b0a6be0 (name=org.apache.xerces.impl.dtd.XMLElementDecl, trace=289)
	super		6ae810
	loader		6bae30
	domain		affe650
ARR b0a7cc0 (sz=88, trace=289, nelems=72, elem type=byte)
ARR b0a7ca0 (sz=256, trace=289, nelems=120, elem type=short)
CLS b0a7c60 (name=org.apache.xerces.impl.dtd.XMLSimpleType, trace=289)
	super		6ae810
	loader		6bae30
	domain		affe650
ARR b0a74a0 (sz=56, trace=289, nelems=40, elem type=byte)
ARR b0a74c0 (sz=48, trace=289, nelems=18, elem type=short)
CLS b0a7520 (name=org.apache.xerces.impl.dtd.XMLAttributeDecl, trace=289)
	super		6ae810
	loader		6bae30
	domain		affe650
ARR b0a6820 (sz=72, trace=289, nelems=55, elem type=byte)
ARR b0a6840 (sz=48, trace=289, nelems=18, elem type=short)
CLS b0a6880 (name=org.apache.xerces.impl.dtd.DTDGrammarBucket, trace=289)
	super		6ae810
	loader		6bae30
	domain		affe650
ARR b0a5e60 (sz=352, trace=289, nelems=339, elem type=byte)
ARR b0a4350 (sz=208, trace=289, nelems=96, elem type=short)
ARR b0a4390 (sz=32, trace=289, nelems=4, elem type=int)
CLS b0a43b0 (name=org.apache.xerces.impl.XMLNamespaceBinder, trace=289)
	super		6ae810
	loader		6bae30
	domain		affe650
	static PROPERTY_DEFAULTS	b0a4430
	static RECOGNIZED_PROPERTIES	b0a4410
	static FEATURE_DEFAULTS	b0a43f0
	static RECOGNIZED_FEATURES	b0a43d0
	static ERROR_REPORTER	74ce70
	static SYMBOL_TABLE	afefee0
	static NAMESPACES	aff07d0
ARR b0a2be0 (sz=72, trace=289, nelems=57, elem type=byte)
ARR b0a2c00 (sz=24, trace=289, nelems=6, elem type=short)
ARR b0a2c40 (sz=32, trace=289, nelems=4, elem type=int)
CLS b0a2c60 (name=org.apache.xerces.impl.dv.DTDDVFactory, trace=289)
	super		6ae810
	loader		6bae30
	domain		affe650
	static DEFAULT_FACTORY_CLASS	b0a2d80
ARR b0a2cd0 (sz=104, trace=289, nelems=46, elem type=char)
OBJ b0a2d80 (sz=24, trace=289, class=java.lang.String@6aeef0)
	value		b0a2cd0
ARR b0a05d0 (sz=32, trace=289, nelems=13, elem type=byte)
ARR b0a05f0 (sz=16, trace=289, nelems=0, elem type=short)
CLS b0a0630 (name=org.apache.xerces.impl.dv.DVFactoryException, trace=289)
	super		6bbe80
	loader		6bae30
	domain		affe650
ARR b09e610 (sz=96, trace=289, nelems=80, elem type=byte)
ARR b09e630 (sz=24, trace=289, nelems=6, elem type=short)
CLS b09e670 (name=org.apache.xerces.impl.dv.dtd.DTDDVFactoryImpl, trace=289)
	super		b0a2c60
	loader		6bae30
	domain		affe650
	static fBuiltInTypes	b09db10
ARR b09d990 (sz=24, trace=289, nelems=10, elem type=byte)
ARR b09d9b0 (sz=16, trace=289, nelems=0, elem type=short)
CLS b09d9f0 (name=org.apache.xerces.impl.dv.DatatypeValidator, trace=289)
	super		6ae810
	loader		6bae30
	domain		affe650
ARR b09db50 (sz=24, trace=2297, nelems=6, elem type=char)
OBJ b09db70 (sz=24, trace=2297, class=java.lang.String@6aeef0)
	value		b09db50
ARR b09a880 (sz=32, trace=289, nelems=17, elem type=byte)
ARR b09a900 (sz=16, trace=289, nelems=0, elem type=short)
CLS b09a940 (name=org.apache.xerces.impl.dv.dtd.StringDatatypeValidator, trace=289)
	super		6ae810
	loader		6bae30
	domain		affe650
ARR b097e00 (sz=56, trace=289, nelems=39, elem type=byte)
ARR b097e40 (sz=16, trace=289, nelems=0, elem type=short)
CLS b097e80 (name=org.apache.xerces.impl.dv.dtd.IDDatatypeValidator, trace=289)
	super		6ae810
	loader		6bae30
	domain		affe650
ARR b094a40 (sz=48, trace=289, nelems=34, elem type=byte)
ARR b094a80 (sz=16, trace=289, nelems=0, elem type=short)
CLS b094ac0 (name=org.apache.xerces.impl.dv.dtd.IDREFDatatypeValidator, trace=289)
	super		6ae810
	loader		6bae30
	domain		affe650
ARR b094b00 (sz=24, trace=2297, nelems=5, elem type=char)
OBJ b094b20 (sz=24, trace=2297, class=java.lang.String@6aeef0)
	value		b094b00
ARR b094b60 (sz=24, trace=2297, nelems=6, elem type=char)
OBJ b094b80 (sz=24, trace=2297, class=java.lang.String@6aeef0)
	value		b094b60
ARR b0925a0 (sz=64, trace=289, nelems=46, elem type=byte)
ARR b0925e0 (sz=24, trace=289, nelems=6, elem type=short)
CLS b092620 (name=org.apache.xerces.impl.dv.dtd.ListDatatypeValidator, trace=289)
	super		6ae810
	loader		6bae30
	domain		affe650
ARR b0905a0 (sz=40, trace=289, nelems=28, elem type=byte)
ARR b0905e0 (sz=16, trace=289, nelems=0, elem type=short)
CLS b090620 (name=org.apache.xerces.impl.dv.dtd.ENTITYDatatypeValidator, trace=289)
	super		6ae810
	loader		6bae30
	domain		affe650
ARR b090660 (sz=24, trace=2297, nelems=6, elem type=char)
OBJ b090680 (sz=24, trace=2297, class=java.lang.String@6aeef0)
	value		b090660
ARR b0906e0 (sz=32, trace=2297, nelems=8, elem type=char)
OBJ b090700 (sz=24, trace=2297, class=java.lang.String@6aeef0)
	value		b0906e0
ARR b090760 (sz=32, trace=2297, nelems=8, elem type=char)
OBJ b090780 (sz=24, trace=2297, class=java.lang.String@6aeef0)
	value		b090760
ARR b08ed70 (sz=32, trace=289, nelems=17, elem type=byte)
ARR b08edb0 (sz=16, trace=289, nelems=0, elem type=short)
CLS b08edf0 (name=org.apache.xerces.impl.dv.dtd.NOTATIONDatatypeValidator, trace=289)
	super		6ae810
	loader		6bae30
	domain		affe650
ARR b08b380 (sz=40, trace=289, nelems=28, elem type=byte)
ARR b08b3c0 (sz=16, trace=289, nelems=0, elem type=short)
CLS b08b400 (name=org.apache.xerces.impl.dv.dtd.NMTOKENDatatypeValidator, trace=289)
	super		6ae810
	loader		6bae30
	domain		affe650
ARR b08b440 (sz=32, trace=2297, nelems=7, elem type=char)
OBJ b08b460 (sz=24, trace=2297, class=java.lang.String@6aeef0)
	value		b08b440
ARR b08b4a0 (sz=32, trace=2297, nelems=8, elem type=char)
OBJ b08b4c0 (sz=24, trace=2297, class=java.lang.String@6aeef0)
	value		b08b4a0
ARR b08b650 (sz=64, trace=2300, nelems=24, elem type=char)
OBJ b08b6d0 (sz=24, trace=2300, class=java.lang.String@6aeef0)
	value		b08b650
ARR b08b7e0 (sz=24, trace=2303, nelems=6, elem type=char)
OBJ b08b860 (sz=24, trace=2303, class=java.lang.String@6aeef0)
	value		b08b7e0
ARR b074e00 (sz=72, trace=289, nelems=54, elem type=byte)
ARR b074e20 (sz=48, trace=289, nelems=18, elem type=short)
CLS b074e60 (name=org.apache.xerces.impl.validation.ValidationManager, trace=289)
	super		6ae810
	loader		6bae30
	domain		affe650
ARR b0731f0 (sz=96, trace=2186, nelems=42, elem type=char)
OBJ b073210 (sz=24, trace=2186, class=java.lang.String@6aeef0)
	value		b0731f0
ARR b070250 (sz=104, trace=289, nelems=88, elem type=byte)
ARR b0702f0 (sz=64, trace=289, nelems=24, elem type=short)
ARR b070350 (sz=48, trace=289, nelems=8, elem type=int)
CLS b070370 (name=org.apache.xerces.impl.msg.XMLMessageFormatter, trace=289)
	super		6ae810
	loader		6bae30
	domain		affe650
	static XMLNS_DOMAIN	b070410
	static XML_DOMAIN	b073210
ARR b0703f0 (sz=112, trace=289, nelems=48, elem type=char)
OBJ b070410 (sz=24, trace=289, class=java.lang.String@6aeef0)
	value		b0703f0
ARR b070630 (sz=40, trace=6, nelems=24, elem type=byte)
ARR b070650 (sz=40, trace=6, nelems=12, elem type=short)
CLS b070770 (name=java.util.MissingResourceException, trace=6)
	super		6bbe80
ARR b059620 (sz=72, trace=2345, nelems=53, elem type=byte)
ARR b059640 (sz=72, trace=2345, nelems=30, elem type=short)
CLS b0596e0 (name=org.xml.sax.InputSource, trace=2345)
	super		6ae810
ARR b0563d0 (sz=80, trace=289, nelems=62, elem type=byte)
ARR b056410 (sz=88, trace=289, nelems=36, elem type=short)
CLS b0564b0 (name=org.apache.xerces.xni.parser.XMLInputSource, trace=289)
	super		6ae810
	loader		6bae30
	domain		affe650
ARR b056810 (sz=56, trace=2348, nelems=20, elem type=char)
OBJ b056850 (sz=24, trace=2348, class=java.lang.String@6aeef0)
	value		b056810
ARR b052670 (sz=120, trace=289, nelems=103, elem type=byte)
ARR b0526f0 (sz=216, trace=289, nelems=102, elem type=short)
CLS b052730 (name=org.apache.xerces.util.XMLSymbols, trace=289)
	super		6ae810
	loader		6bae30
	domain		affe650
	static fFIXEDSymbol	b050810
	static fREQUIREDSymbol	b0506f0
	static fIMPLIEDSymbol	b050650
	static fENUMERATIONSymbol	b0505f0
	static fNOTATIONSymbol	b090780
	static fNMTOKENSSymbol	b08b4c0
	static fNMTOKENSymbol	b08b460
	static fENTITIESSymbol	b090700
	static fENTITYSymbol	b090680
	static fIDREFSSymbol	b094b80
	static fIDREFSymbol	b094b20
	static fIDSymbol	b05b950
	static fCDATASymbol	b0505b0
	static fANYSymbol	b0504b0
	static PREFIX_XMLNS	b050450
	static PREFIX_XML	b052850
	static EMPTY_STRING	6bd050
ARR b052830 (sz=24, trace=2351, nelems=3, elem type=char)
OBJ b052850 (sz=24, trace=2351, class=java.lang.String@6aeef0)
	value		b052830
ARR b050430 (sz=24, trace=2351, nelems=5, elem type=char)
OBJ b050450 (sz=24, trace=2351, class=java.lang.String@6aeef0)
	value		b050430
ARR b050470 (sz=24, trace=2351, nelems=3, elem type=char)
OBJ b0504b0 (sz=24, trace=2351, class=java.lang.String@6aeef0)
	value		b050470
ARR b0504d0 (sz=24, trace=2351, nelems=5, elem type=char)
OBJ b0505b0 (sz=24, trace=2351, class=java.lang.String@6aeef0)
	value		b0504d0
ARR b0505d0 (sz=40, trace=2351, nelems=11, elem type=char)
OBJ b0505f0 (sz=24, trace=2351, class=java.lang.String@6aeef0)
	value		b0505d0
ARR b050630 (sz=32, trace=2351, nelems=8, elem type=char)
OBJ b050650 (sz=24, trace=2351, class=java.lang.String@6aeef0)
	value		b050630
ARR b0506d0 (sz=32, trace=2351, nelems=9, elem type=char)
OBJ b0506f0 (sz=24, trace=2351, class=java.lang.String@6aeef0)
	value		b0506d0
ARR b050710 (sz=24, trace=2351, nelems=6, elem type=char)
OBJ b050810 (sz=24, trace=2351, class=java.lang.String@6aeef0)
	value		b050710
ARR b050830 (sz=88, trace=2352, nelems=36, elem type=char)
OBJ b050900 (sz=24, trace=2352, class=java.lang.String@6aeef0)
	value		b050830
ARR b050920 (sz=72, trace=2352, nelems=29, elem type=char)
OBJ b050940 (sz=24, trace=2352, class=java.lang.String@6aeef0)
	value		b050920
ARR b050ca0 (sz=64, trace=2355, nelems=23, elem type=char)
OBJ b050d20 (sz=24, trace=2355, class=java.lang.String@6aeef0)
	value		b050ca0
ARR b050e60 (sz=32, trace=2358, nelems=8, elem type=char)
OBJ b050e80 (sz=24, trace=2358, class=java.lang.String@6aeef0)
	value		b050e60
ARR b04ece0 (sz=32, trace=6, nelems=16, elem type=byte)
ARR b04ed00 (sz=16, trace=6, nelems=0, elem type=short)
CLS b04eda0 (name=java.io.UTFDataFormatException, trace=6)
	super		78e770
ARR b04a6d0 (sz=376, trace=289, nelems=364, elem type=byte)
ARR b04a7d0 (sz=48, trace=289, nelems=18, elem type=short)
ARR b04a870 (sz=32, trace=289, nelems=4, elem type=int)
CLS b04a890 (name=org.apache.xerces.dom.ElementImpl, trace=289)
	super		afe0090
	loader		6bae30
	domain		affe650
ARR b04a8b0 (sz=24, trace=289, nelems=4, elem type=short)
ARR b04ab90 (sz=64, trace=6, nelems=49, elem type=byte)
ARR b04abb0 (sz=208, trace=6, nelems=96, elem type=short)
CLS b04ac10 (name=org.w3c.dom.DOMException, trace=6)
	super		6bbe80
ARR b0460d0 (sz=48, trace=289, nelems=36, elem type=byte)
ARR b0460f0 (sz=24, trace=289, nelems=6, elem type=short)
CLS b046190 (name=org.apache.xerces.util.ShadowedSymbolTable, trace=289)
	super		afe23d0
	loader		6bae30
	domain		affe650
ARR b046470 (sz=40, trace=6, nelems=21, elem type=byte)
ARR b0464b0 (sz=16, trace=6, nelems=0, elem type=short)
CLS b046920 (name=org.w3c.dom.Attr, trace=6)
	super		6ae810
ARR b0427e0 (sz=360, trace=289, nelems=348, elem type=byte)
ARR b042940 (sz=64, trace=289, nelems=24, elem type=short)
CLS b0429e0 (name=org.apache.xerces.dom.AttrImpl, trace=289)
	super		afe1fc0
	loader		6bae30
	domain		affe650
ARR b03e140 (sz=216, trace=289, nelems=199, elem type=byte)
ARR b03e160 (sz=64, trace=289, nelems=24, elem type=short)
ARR b03e1c0 (sz=32, trace=289, nelems=4, elem type=int)
CLS b03e1e0 (name=org.apache.xerces.dom.ElementNSImpl, trace=289)
	super		b04a890
	loader		6bae30
	domain		affe650
	static xmlURI	b050900
ARR b03e260 (sz=24, trace=289, nelems=4, elem type=short)
ARR b036860 (sz=168, trace=289, nelems=154, elem type=byte)
ARR b0368e0 (sz=72, trace=289, nelems=30, elem type=short)
CLS b036920 (name=org.apache.xerces.dom.AttrNSImpl, trace=289)
	super		b0429e0
	loader		6bae30
	domain		affe650
	static xmlURI	b050900
	static xmlnsURI	b050940
ARR b036c00 (sz=24, trace=6, nelems=12, elem type=byte)
ARR b036ca0 (sz=16, trace=6, nelems=0, elem type=short)
CLS b036da0 (name=org.w3c.dom.Notation, trace=6)
	super		6ae810
ARR b035030 (sz=32, trace=6, nelems=17, elem type=byte)
ARR b0350d0 (sz=16, trace=6, nelems=0, elem type=short)
CLS b035130 (name=org.w3c.dom.DocumentType, trace=6)
	super		6ae810
ARR b035330 (sz=32, trace=6, nelems=17, elem type=byte)
ARR b035450 (sz=16, trace=6, nelems=0, elem type=short)
CLS b0354f0 (name=org.w3c.dom.ProcessingInstruction, trace=6)
	super		6ae810
ARR b035e10 (sz=24, trace=6, nelems=9, elem type=byte)
ARR b035f30 (sz=32, trace=6, nelems=14, elem type=byte)
ARR b034b90 (sz=16, trace=6, nelems=0, elem type=short)
CLS b034cb0 (name=org.w3c.dom.Text, trace=6)
	super		6ae810
ARR b034f60 (sz=16, trace=6, nelems=0, elem type=short)
CLS b031210 (name=org.w3c.dom.CDATASection, trace=6)
	super		6ae810
ARR b0306e0 (sz=24, trace=6, nelems=9, elem type=byte)
ARR b030a50 (sz=16, trace=6, nelems=0, elem type=short)
CLS b030d60 (name=org.w3c.dom.Comment, trace=6)
	super		6ae810
ARR b02e890 (sz=24, trace=6, nelems=9, elem type=byte)
ARR b02eb40 (sz=16, trace=6, nelems=0, elem type=short)
CLS b02eea0 (name=org.w3c.dom.DocumentFragment, trace=6)
	super		6ae810
ARR b0291c0 (sz=120, trace=289, nelems=101, elem type=byte)
ARR b029240 (sz=112, trace=289, nelems=48, elem type=short)
CLS b029280 (name=org.apache.xerces.dom.DocumentTypeImpl, trace=289)
	super		afe0090
	loader		6bae30
	domain		affe650
ARR b029460 (sz=48, trace=6, nelems=32, elem type=byte)
ARR b029480 (sz=48, trace=6, nelems=18, elem type=short)
CLS b029500 (name=org.w3c.dom.events.Event, trace=6)
	super		6ae810
ARR b0280a0 (sz=40, trace=6, nelems=27, elem type=byte)
ARR b028140 (sz=48, trace=6, nelems=18, elem type=short)
CLS b028180 (name=org.w3c.dom.events.MutationEvent, trace=6)
	super		6ae810
ARR b0235c0 (sz=72, trace=289, nelems=56, elem type=byte)
ARR b023640 (sz=64, trace=289, nelems=24, elem type=short)
CLS b023680 (name=org.w3c.dom.ranges.Range, trace=289)
	super		6ae810
	loader		6bae30
	domain		7873f0
ARR b022950 (sz=40, trace=6, nelems=28, elem type=byte)
ARR b022970 (sz=16, trace=6, nelems=0, elem type=short)
CLS b022d90 (name=org.w3c.dom.traversal.TreeWalker, trace=6)
	super		6ae810
ARR b01f200 (sz=40, trace=6, nelems=22, elem type=byte)
ARR b01f240 (sz=16, trace=6, nelems=0, elem type=short)
CLS b01f2e0 (name=org.w3c.dom.traversal.NodeIterator, trace=6)
	super		6ae810
ARR b014170 (sz=40, trace=6, nelems=21, elem type=byte)
ARR b014190 (sz=40, trace=6, nelems=12, elem type=short)
CLS b0142b0 (name=org.w3c.dom.events.EventException, trace=6)
	super		6bbe80
ARR b01c4d0 (sz=112, trace=289, nelems=96, elem type=byte)
ARR b01c550 (sz=40, trace=289, nelems=12, elem type=short)
CLS b01c590 (name=org.apache.xerces.dom.DeferredAttrNSImpl, trace=289)
	super		b036920
	loader		6bae30
	domain		affe650
ARR b01ac20 (sz=80, trace=289, nelems=63, elem type=byte)
ARR b01ad00 (sz=40, trace=289, nelems=12, elem type=short)
CLS b019150 (name=org.apache.xerces.dom.DeferredAttrImpl, trace=289)
	super		b0429e0
	loader		6bae30
	domain		affe650
ARR b017360 (sz=64, trace=289, nelems=48, elem type=byte)
ARR b00e0e0 (sz=40, trace=289, nelems=23, elem type=byte)
ARR b00aaf0 (sz=192, trace=289, nelems=177, elem type=byte)
ARR b006920 (sz=168, trace=289, nelems=151, elem type=byte)
ARR b006980 (sz=48, trace=289, nelems=18, elem type=short)
ARR b006cc0 (sz=32, trace=289, nelems=4, elem type=int)
ARR b006ce0 (sz=32, trace=289, nelems=4, elem type=int)
CLS b005e40 (name=org.apache.xerces.dom.CharacterDataImpl, trace=289)
	super		afe0030
	loader		6bae30
	domain		affe650
	static singletonNodeList	b233f60
ARR b005e60 (sz=24, trace=289, nelems=4, elem type=short)
ARR b005f20 (sz=24, trace=289, nelems=6, elem type=short)
CLS b005fe0 (name=org.apache.xerces.dom.TextImpl, trace=289)
	super		b005e40
	loader		6bae30
	domain		affe650
ARR b004180 (sz=24, trace=289, nelems=6, elem type=short)
CLS b0041c0 (name=org.apache.xerces.dom.CDATASectionImpl, trace=289)
	super		b005fe0
	loader		6bae30
	domain		affe650
ARR b0042c0 (sz=40, trace=289, nelems=12, elem type=short)
CLS b004360 (name=org.apache.xerces.dom.DeferredCDATASectionImpl, trace=289)
	super		b0041c0
	loader		6bae30
	domain		affe650
ARR b002360 (sz=64, trace=289, nelems=48, elem type=byte)
ARR b0000d0 (sz=40, trace=289, nelems=25, elem type=byte)
ARR b000150 (sz=24, trace=289, nelems=6, elem type=short)
CLS b000190 (name=org.apache.xerces.dom.CommentImpl, trace=289)
	super		b005e40
	loader		6bae30
	domain		affe650
ARR b000210 (sz=40, trace=289, nelems=12, elem type=short)
CLS b000250 (name=org.apache.xerces.dom.DeferredCommentImpl, trace=289)
	super		b000190
	loader		6bae30
	domain		affe650
ARR affedc0 (sz=192, trace=289, nelems=178, elem type=byte)
ARR affee40 (sz=40, trace=289, nelems=12, elem type=short)
CLS affee80 (name=org.apache.xerces.dom.DeferredDocumentTypeImpl, trace=289)
	super		b029280
	loader		6bae30
	domain		affe650
ARR affc680 (sz=128, trace=289, nelems=110, elem type=byte)
ARR affc700 (sz=40, trace=289, nelems=12, elem type=short)
CLS affc740 (name=org.apache.xerces.dom.DeferredElementNSImpl, trace=289)
	super		b03e1e0
	loader		6bae30
	domain		affe650
ARR aff9860 (sz=104, trace=289, nelems=88, elem type=byte)
ARR aff99a0 (sz=40, trace=289, nelems=12, elem type=short)
CLS aff99e0 (name=org.apache.xerces.dom.DeferredElementImpl, trace=289)
	super		b04a890
	loader		6bae30
	domain		affe650
ARR aff7150 (sz=112, trace=289, nelems=100, elem type=byte)
ARR aff71d0 (sz=40, trace=289, nelems=12, elem type=short)
CLS aff7210 (name=org.apache.xerces.dom.DeferredEntityImpl, trace=289)
	super		781bd0
	loader		6bae30
	domain		affe650
ARR aff6660 (sz=88, trace=289, nelems=71, elem type=byte)
ARR aff66e0 (sz=40, trace=289, nelems=12, elem type=short)
CLS aff6720 (name=org.apache.xerces.dom.DeferredEntityReferenceImpl, trace=289)
	super		77e1b0
	loader		6bae30
	domain		affe650
ARR aff3d60 (sz=88, trace=289, nelems=69, elem type=byte)
ARR aff2e80 (sz=80, trace=289, nelems=68, elem type=byte)
ARR aff2f00 (sz=72, trace=289, nelems=30, elem type=short)
CLS aff2f40 (name=org.apache.xerces.dom.NotationImpl, trace=289)
	super		afe1fc0
	loader		6bae30
	domain		affe650
ARR aff2fc0 (sz=40, trace=289, nelems=12, elem type=short)
CLS aff1020 (name=org.apache.xerces.dom.DeferredNotationImpl, trace=289)
	super		aff2f40
	loader		6bae30
	domain		affe650
ARR aff02b0 (sz=72, trace=289, nelems=60, elem type=byte)
ARR afefad0 (sz=72, trace=289, nelems=57, elem type=byte)
ARR afefc20 (sz=48, trace=289, nelems=18, elem type=short)
CLS afefc60 (name=org.apache.xerces.dom.ProcessingInstructionImpl, trace=289)
	super		b005e40
	loader		6bae30
	domain		affe650
ARR afefce0 (sz=40, trace=289, nelems=12, elem type=short)
CLS afeff80 (name=org.apache.xerces.dom.DeferredProcessingInstructionImpl, trace=289)
	super		afefc60
	loader		6bae30
	domain		affe650
ARR afecf20 (sz=72, trace=289, nelems=55, elem type=byte)
ARR afeb060 (sz=40, trace=289, nelems=12, elem type=short)
CLS afeb0a0 (name=org.apache.xerces.dom.DeferredTextImpl, trace=289)
	super		b005fe0
	loader		6bae30
	domain		affe650
ARR afe7150 (sz=104, trace=289, nelems=88, elem type=byte)
ARR afe3b60 (sz=72, trace=289, nelems=59, elem type=byte)
ARR afe3b80 (sz=48, trace=289, nelems=18, elem type=short)
CLS afe3bc0 (name=org.apache.xerces.dom.ElementDefinitionImpl, trace=289)
	super		afe0090
	loader		6bae30
	domain		affe650
ARR afe3d40 (sz=40, trace=289, nelems=12, elem type=short)
CLS afe3d80 (name=org.apache.xerces.dom.DeferredElementDefinitionImpl, trace=289)
	super		afe3bc0
	loader		6bae30
	domain		affe650
ARR afe1610 (sz=200, trace=289, nelems=185, elem type=byte)
ARR afdd460 (sz=24, trace=289, nelems=7, elem type=byte)
ARR afdd480 (sz=16, trace=289, nelems=0, elem type=short)
CLS afdc5e0 (name=org.apache.xerces.dom3.DOMErrorHandler, trace=289)
	super		6ae810
	loader		6bae30
	domain		affe650
ARR afdc600 (sz=72, trace=289, nelems=30, elem type=short)
CLS afdc690 (name=org.apache.xerces.util.DOMErrorHandlerWrapper, trace=289)
	super		6ae810
	loader		6bae30
	domain		affe650
ARR afd98a0 (sz=40, trace=289, nelems=21, elem type=byte)
ARR afd98c0 (sz=48, trace=289, nelems=18, elem type=short)
CLS afd9900 (name=org.apache.xerces.dom3.DOMError, trace=289)
	super		6ae810
	loader		6bae30
	domain		affe650
ARR afd6280 (sz=72, trace=289, nelems=60, elem type=byte)
ARR afd62c0 (sz=64, trace=289, nelems=24, elem type=short)
CLS afd63a0 (name=org.apache.xerces.dom.DOMErrorImpl, trace=289)
	super		6ae810
	loader		6bae30
	domain		affe650
ARR afd2490 (sz=32, trace=289, nelems=13, elem type=byte)
ARR afd24b0 (sz=16, trace=289, nelems=0, elem type=short)
CLS afd1190 (name=org.apache.xerces.dom3.DOMLocator, trace=289)
	super		6ae810
	loader		6bae30
	domain		affe650
ARR afca190 (sz=56, trace=289, nelems=40, elem type=byte)
ARR afc9580 (sz=72, trace=289, nelems=30, elem type=short)
CLS afc95c0 (name=org.apache.xerces.dom.DOMLocatorImpl, trace=289)
	super		6ae810
	loader		6bae30
	domain		affe650
ARR 78f0b0 (sz=40, trace=289, nelems=22, elem type=byte)
ARR 78f110 (sz=40, trace=289, nelems=12, elem type=short)
CLS 78f200 (name=org.apache.xerces.dom.DeferredDocumentImpl$RefCount, trace=289)
	super		6ae810
	loader		6bae30
	domain		affe650
ARR 78f220 (sz=24, trace=289, nelems=4, elem type=short)
ARR 78e9f0 (sz=24, trace=2426, nelems=5, elem type=char)
OBJ 78ea70 (sz=24, trace=2426, class=java.lang.String@6aeef0)
	value		78e9f0
ARR 78ae40 (sz=104, trace=289, nelems=90, elem type=byte)
ARR 78aec0 (sz=120, trace=289, nelems=54, elem type=short)
CLS 78af00 (name=org.apache.xerces.util.XMLChar, trace=289)
	super		6ae810
	loader		6bae30
	domain		affe650
	static CHARS	78af40
ARR 788700 (sz=24, trace=2433, nelems=3, elem type=char)
OBJ 788720 (sz=24, trace=2433, class=java.lang.String@6aeef0)
	value		788700
ARR 788740 (sz=32, trace=2434, nelems=7, elem type=char)
OBJ 788760 (sz=24, trace=2434, class=java.lang.String@6aeef0)
	value		788740
ARR 788820 (sz=24, trace=2437, nelems=6, elem type=char)
OBJ 788840 (sz=24, trace=2437, class=java.lang.String@6aeef0)
	value		788820
ARR 788860 (sz=24, trace=2437, nelems=6, elem type=char)
OBJ 788880 (sz=24, trace=2437, class=java.lang.String@6aeef0)
	value		788860
ARR 786190 (sz=104, trace=289, nelems=88, elem type=byte)
ARR 786210 (sz=40, trace=289, nelems=12, elem type=short)
CLS 786270 (name=org.apache.xerces.impl.dtd.XMLDTDDescription, trace=289)
	super		b009c80
	loader		6bae30
	domain		affe650
ARR 781a30 (sz=888, trace=289, nelems=869, elem type=byte)
ARR 77e8f0 (sz=24, trace=289, nelems=7, elem type=byte)
ARR 77e910 (sz=16, trace=289, nelems=0, elem type=short)
CLS 77e950 (name=org.apache.xerces.xni.grammars.Grammar, trace=289)
	super		6ae810
	loader		6bae30
	domain		affe650
ARR 77e970 (sz=888, trace=289, nelems=438, elem type=short)
CLS 77e9b0 (name=org.apache.xerces.impl.dtd.DTDGrammar, trace=289)
	super		6ae810
	loader		6bae30
	domain		affe650
ARR 77e9d0 (sz=40, trace=289, nelems=12, elem type=short)
ARR 76c520 (sz=80, trace=289, nelems=68, elem type=byte)
ARR 766cc0 (sz=64, trace=289, nelems=48, elem type=byte)
ARR 766ce0 (sz=72, trace=289, nelems=30, elem type=short)
CLS 766d80 (name=org.apache.xerces.impl.dtd.models.CMNode, trace=289)
	super		6ae810
	loader		6bae30
	domain		affe650
ARR 766e80 (sz=48, trace=289, nelems=18, elem type=short)
CLS 766ec0 (name=org.apache.xerces.impl.dtd.models.CMAny, trace=289)
	super		766d80
	loader		6bae30
	domain		affe650
ARR 763fe0 (sz=96, trace=289, nelems=81, elem type=byte)
ARR 762020 (sz=40, trace=289, nelems=12, elem type=short)
CLS 7620c0 (name=org.apache.xerces.impl.dtd.models.CMLeaf, trace=289)
	super		766d80
	loader		6bae30
	domain		affe650
ARR 75f970 (sz=72, trace=289, nelems=54, elem type=byte)
ARR 75f990 (sz=40, trace=289, nelems=12, elem type=short)
CLS 75fa30 (name=org.apache.xerces.impl.dtd.models.CMBinOp, trace=289)
	super		766d80
	loader		6bae30
	domain		affe650
ARR 75b720 (sz=64, trace=289, nelems=47, elem type=byte)
ARR 75b740 (sz=24, trace=289, nelems=6, elem type=short)
CLS 75b920 (name=org.apache.xerces.impl.dtd.models.CMUniOp, trace=289)
	super		766d80
	loader		6bae30
	domain		affe650
ARR 6b8460 (sz=24, trace=289, nelems=7, elem type=byte)
ARR 6b8480 (sz=16, trace=289, nelems=0, elem type=short)
CLS 6b8fe0 (name=org.apache.xerces.impl.dtd.models.ContentModelValidator, trace=289)
	super		6ae810
	loader		6bae30
	domain		affe650
ARR b28dc80 (sz=64, trace=289, nelems=46, elem type=byte)
ARR b28dc40 (sz=64, trace=289, nelems=24, elem type=short)
CLS b28dc00 (name=org.apache.xerces.impl.dtd.models.MixedContentModel, trace=289)
	super		6ae810
	loader		6bae30
	domain		affe650
ARR b28e710 (sz=72, trace=289, nelems=55, elem type=byte)
ARR b28e6f0 (sz=64, trace=289, nelems=24, elem type=short)
CLS b28e6b0 (name=org.apache.xerces.impl.dtd.DTDGrammar$QNameHashtable, trace=289)
	super		6ae810
	loader		6bae30
	domain		affe650
ARR b28e690 (sz=24, trace=289, nelems=4, elem type=short)
ARR b28f0d0 (sz=96, trace=289, nelems=79, elem type=byte)
ARR b28f0b0 (sz=232, trace=289, nelems=108, elem type=short)
CLS b28f070 (name=org.apache.xerces.impl.dtd.XMLContentSpec, trace=289)
	super		6ae810
	loader		6bae30
	domain		affe650
ARR b26ce50 (sz=24, trace=289, nelems=4, elem type=short)
ARR b2879e0 (sz=32, trace=2473, nelems=7, elem type=char)
OBJ b2879c0 (sz=24, trace=2473, class=java.lang.String@6aeef0)
	value		b2879e0
ARR b287980 (sz=24, trace=2475, nelems=5, elem type=char)
OBJ b28f030 (sz=24, trace=2475, class=java.lang.String@6aeef0)
	value		b287980
ARR b290fe0 (sz=32, trace=2475, nelems=7, elem type=char)
OBJ b290fc0 (sz=24, trace=2475, class=java.lang.String@6aeef0)
	value		b290fe0
ARR b290eb0 (sz=32, trace=2478, nelems=10, elem type=char)
OBJ b290e90 (sz=24, trace=2478, class=java.lang.String@6aeef0)
	value		b290eb0
ARR b290d90 (sz=16, trace=2480, nelems=2, elem type=char)
OBJ b290d70 (sz=24, trace=2480, class=java.lang.String@6aeef0)
	value		b290d90
ARR b290c50 (sz=32, trace=2478, nelems=8, elem type=char)
OBJ b290c30 (sz=24, trace=2478, class=java.lang.String@6aeef0)
	value		b290c50
ARR b291730 (sz=16, trace=2480, nelems=2, elem type=char)
OBJ b291710 (sz=24, trace=2480, class=java.lang.String@6aeef0)
	value		b291730
ARR b2916f0 (sz=16, trace=2480, nelems=2, elem type=char)
OBJ b2916d0 (sz=24, trace=2480, class=java.lang.String@6aeef0)
	value		b2916f0
ARR b291470 (sz=32, trace=2473, nelems=7, elem type=char)
OBJ b291450 (sz=24, trace=2473, class=java.lang.String@6aeef0)
	value		b291470
ARR b2913b0 (sz=24, trace=2478, nelems=4, elem type=char)
OBJ b291390 (sz=24, trace=2478, class=java.lang.String@6aeef0)
	value		b2913b0
ARR b2910d0 (sz=40, trace=2501, nelems=11, elem type=char)
OBJ b2910b0 (sz=24, trace=2501, class=java.lang.String@6aeef0)
	value		b2910d0
ARR b292d60 (sz=24, trace=2478, nelems=3, elem type=char)
OBJ b292d40 (sz=24, trace=2478, class=java.lang.String@6aeef0)
	value		b292d60
ARR b2929d0 (sz=32, trace=2478, nelems=10, elem type=char)
OBJ b2929b0 (sz=24, trace=2478, class=java.lang.String@6aeef0)
	value		b2929d0
ARR b293de0 (sz=40, trace=2478, nelems=11, elem type=char)
OBJ b293dc0 (sz=24, trace=2478, class=java.lang.String@6aeef0)
	value		b293de0
ARR b294cf0 (sz=24, trace=2478, nelems=6, elem type=char)
OBJ b294c80 (sz=24, trace=2478, class=java.lang.String@6aeef0)
	value		b294cf0
ARR afdc300 (sz=40, trace=2478, nelems=12, elem type=char)
OBJ 77feb0 (sz=24, trace=2478, class=java.lang.String@6aeef0)
	value		afdc300
ARR b088f00 (sz=48, trace=2478, nelems=16, elem type=char)
OBJ b089410 (sz=24, trace=2478, class=java.lang.String@6aeef0)
	value		b088f00
ARR b053dc0 (sz=24, trace=2478, nelems=5, elem type=char)
OBJ aff3580 (sz=24, trace=2478, class=java.lang.String@6aeef0)
	value		b053dc0
ARR afee880 (sz=24, trace=2478, nelems=6, elem type=char)
OBJ afee8a0 (sz=24, trace=2478, class=java.lang.String@6aeef0)
	value		afee880
ARR afd2630 (sz=24, trace=2478, nelems=4, elem type=char)
OBJ afd2690 (sz=24, trace=2478, class=java.lang.String@6aeef0)
	value		afd2630
ARR b0a7080 (sz=40, trace=2478, nelems=11, elem type=char)
OBJ b0a7060 (sz=24, trace=2478, class=java.lang.String@6aeef0)
	value		b0a7080
ARR b0a8740 (sz=32, trace=2478, nelems=9, elem type=char)
OBJ b0a8720 (sz=24, trace=2478, class=java.lang.String@6aeef0)
	value		b0a8740
ARR b0a8640 (sz=24, trace=2478, nelems=6, elem type=char)
OBJ b0a8620 (sz=24, trace=2478, class=java.lang.String@6aeef0)
	value		b0a8640
ARR b0a8280 (sz=24, trace=2478, nelems=5, elem type=char)
OBJ b0a8260 (sz=24, trace=2478, class=java.lang.String@6aeef0)
	value		b0a8280
ARR b0aabc0 (sz=32, trace=2478, nelems=8, elem type=char)
OBJ b0aaba0 (sz=24, trace=2478, class=java.lang.String@6aeef0)
	value		b0aabc0
ARR b0abae0 (sz=48, trace=2478, nelems=18, elem type=char)
OBJ b0abac0 (sz=24, trace=2478, class=java.lang.String@6aeef0)
	value		b0abae0
ARR b0aba20 (sz=48, trace=2478, nelems=17, elem type=char)
OBJ b0aba00 (sz=24, trace=2478, class=java.lang.String@6aeef0)
	value		b0aba20
ARR b0ab8e0 (sz=24, trace=2478, nelems=6, elem type=char)
OBJ b0ab8c0 (sz=24, trace=2478, class=java.lang.String@6aeef0)
	value		b0ab8e0
ARR b0ab7a0 (sz=24, trace=2478, nelems=4, elem type=char)
OBJ b0ab780 (sz=24, trace=2478, class=java.lang.String@6aeef0)
	value		b0ab7a0
ARR b0ab660 (sz=24, trace=2478, nelems=3, elem type=char)
OBJ b0ab640 (sz=24, trace=2478, class=java.lang.String@6aeef0)
	value		b0ab660
ARR b0ab360 (sz=32, trace=2478, nelems=7, elem type=char)
OBJ b0ab340 (sz=24, trace=2478, class=java.lang.String@6aeef0)
	value		b0ab360
ARR b0acf40 (sz=16, trace=2478, nelems=2, elem type=char)
OBJ b0acf20 (sz=24, trace=2478, class=java.lang.String@6aeef0)
	value		b0acf40
ARR b0ace80 (sz=24, trace=2505, nelems=4, elem type=char)
OBJ b0ace60 (sz=24, trace=2505, class=java.lang.String@6aeef0)
	value		b0ace80
ARR b0acdc0 (sz=24, trace=2505, nelems=5, elem type=char)
OBJ b0acda0 (sz=24, trace=2505, class=java.lang.String@6aeef0)
	value		b0acdc0
ARR b0acd00 (sz=24, trace=2505, nelems=4, elem type=char)
OBJ b0acce0 (sz=24, trace=2505, class=java.lang.String@6aeef0)
	value		b0acd00
ARR b0acc40 (sz=24, trace=2505, nelems=3, elem type=char)
OBJ b0acc20 (sz=24, trace=2505, class=java.lang.String@6aeef0)
	value		b0acc40
ARR b0acb80 (sz=32, trace=2505, nelems=7, elem type=char)
OBJ b0acb60 (sz=24, trace=2505, class=java.lang.String@6aeef0)
	value		b0acb80
ARR b0acaa0 (sz=32, trace=2505, nelems=8, elem type=char)
OBJ b0aca80 (sz=24, trace=2505, class=java.lang.String@6aeef0)
	value		b0acaa0
ARR b0ac8a0 (sz=24, trace=2505, nelems=4, elem type=char)
OBJ b0ac880 (sz=24, trace=2505, class=java.lang.String@6aeef0)
	value		b0ac8a0
ARR b0ac640 (sz=32, trace=2505, nelems=10, elem type=char)
OBJ b0ac620 (sz=24, trace=2505, class=java.lang.String@6aeef0)
	value		b0ac640
ARR b0ac580 (sz=24, trace=2505, nelems=4, elem type=char)
OBJ b0ac560 (sz=24, trace=2505, class=java.lang.String@6aeef0)
	value		b0ac580
ARR b0ac4c0 (sz=24, trace=2505, nelems=4, elem type=char)
OBJ b0ac4a0 (sz=24, trace=2505, class=java.lang.String@6aeef0)
	value		b0ac4c0
ARR b0ac400 (sz=24, trace=2505, nelems=3, elem type=char)
OBJ b0ac3e0 (sz=24, trace=2505, class=java.lang.String@6aeef0)
	value		b0ac400
ARR b0ac340 (sz=24, trace=2505, nelems=5, elem type=char)
OBJ b0ac320 (sz=24, trace=2505, class=java.lang.String@6aeef0)
	value		b0ac340
ARR b0ac280 (sz=24, trace=2505, nelems=5, elem type=char)
OBJ b0ac260 (sz=24, trace=2505, class=java.lang.String@6aeef0)
	value		b0ac280
ARR b0ae900 (sz=24, trace=2478, nelems=6, elem type=char)
OBJ b0ae860 (sz=24, trace=2478, class=java.lang.String@6aeef0)
	value		b0ae900
ARR b0ae4c0 (sz=32, trace=2478, nelems=7, elem type=char)
OBJ b0ae4a0 (sz=24, trace=2478, class=java.lang.String@6aeef0)
	value		b0ae4c0
ARR b0b2830 (sz=312, trace=289, nelems=294, elem type=byte)
ARR b0b27f0 (sz=232, trace=289, nelems=108, elem type=short)
CLS b0b27b0 (name=org.apache.xerces.impl.dtd.models.DFAContentModel, trace=289)
	super		6ae810
	loader		6bae30
	domain		affe650
	static fEOCString	b0b2730
	static fEpsilonString	b0b2770
ARR b0b2790 (sz=48, trace=2519, nelems=18, elem type=char)
OBJ b0b2770 (sz=24, trace=2519, class=java.lang.String@6aeef0)
	value		b0b2790
ARR b0b2750 (sz=40, trace=2519, nelems=14, elem type=char)
OBJ b0b2730 (sz=24, trace=2519, class=java.lang.String@6aeef0)
	value		b0b2750
ARR b0b4560 (sz=96, trace=289, nelems=77, elem type=byte)
ARR b0b4430 (sz=72, trace=289, nelems=30, elem type=short)
ARR b0b4360 (sz=32, trace=289, nelems=4, elem type=int)
CLS b0b4340 (name=org.apache.xerces.impl.dtd.models.CMStateSet, trace=289)
	super		6ae810
	loader		6bae30
	domain		affe650
ARR b0bc720 (sz=200, trace=289, nelems=187, elem type=byte)
ARR b0bc580 (sz=40, trace=6, nelems=23, elem type=byte)
ARR b0bc560 (sz=16, trace=6, nelems=0, elem type=short)
CLS b0bc4a0 (name=org.w3c.dom.NamedNodeMap, trace=6)
	super		6ae810
ARR b0bc480 (sz=96, trace=289, nelems=42, elem type=short)
CLS b0bc440 (name=org.apache.xerces.dom.NamedNodeMapImpl, trace=289)
	super		6ae810
	loader		6bae30
	domain		affe650
ARR b0be8c0 (sz=240, trace=289, nelems=226, elem type=byte)
ARR b0be800 (sz=16, trace=289, nelems=0, elem type=short)
CLS b0be740 (name=org.apache.xerces.dom.AttributeMap, trace=289)
	super		b0bc440
	loader		6bae30
	domain		affe650
ARR b230b10 (sz=128, trace=289, nelems=114, elem type=byte)
ARR b230ad0 (sz=88, trace=289, nelems=36, elem type=short)
CLS b230a90 (name=org.apache.xerces.dom.DeepNodeListImpl, trace=289)
	super		6ae810
	loader		6bae30
	domain		affe650
ARR b2308f0 (sz=80, trace=2560, nelems=34, elem type=char)
OBJ b2308d0 (sz=24, trace=2560, class=java.lang.String@6aeef0)
	value		b2308f0
ARR b2306d0 (sz=48, trace=6, nelems=33, elem type=byte)
ARR b230650 (sz=32, trace=6, nelems=16, elem type=byte)
ARR b2305b0 (sz=16, trace=6, nelems=0, elem type=short)
CLS b230570 (name=java.lang.IndexOutOfBoundsException, trace=6)
	super		6bbe80
ARR b230550 (sz=16, trace=6, nelems=0, elem type=short)
CLS b230510 (name=java.lang.StringIndexOutOfBoundsException, trace=6)
	super		b230570
ARR b232080 (sz=32, trace=289, nelems=18, elem type=byte)
ARR b233fe0 (sz=16, trace=289, nelems=0, elem type=short)
CLS b233fa0 (name=org.apache.xerces.dom.CharacterDataImpl$1, trace=289)
	super		6ae810
	loader		6bae30
	domain		affe650
ARR b233f80 (sz=24, trace=289, nelems=4, elem type=short)
ARR b233980 (sz=24, trace=2570, nelems=4, elem type=char)
OBJ b233960 (sz=24, trace=2570, class=java.lang.String@6aeef0)
	value		b233980
ARR b233800 (sz=24, trace=2577, nelems=5, elem type=char)
OBJ b2337e0 (sz=24, trace=2577, class=java.lang.String@6aeef0)
	value		b233800
ARR b2337c0 (sz=16, trace=2575, nelems=2, elem type=char)
OBJ b2337a0 (sz=24, trace=2575, class=java.lang.String@6aeef0)
	value		b2337c0
ARR b2336e0 (sz=80, trace=2580, nelems=32, elem type=char)
OBJ b2336a0 (sz=24, trace=2580, class=java.lang.String@6aeef0)
	value		b2336e0
ARR b232740 (sz=40, trace=289, nelems=28, elem type=byte)
ARR b232840 (sz=72, trace=289, nelems=30, elem type=short)
CLS b232880 (name=org.apache.xerces.dom.NodeListCache, trace=289)
	super		6ae810
	loader		6bae30
	domain		affe650
ARR b232920 (sz=24, trace=2595, nelems=6, elem type=char)
OBJ b232980 (sz=24, trace=2595, class=java.lang.String@6aeef0)
	value		b232920
ARR b2329a0 (sz=1224, trace=2596, nelems=1210, elem type=byte)
ARR b2329e0 (sz=408, trace=2596, nelems=198, elem type=short)
CLS b232aa0 (name=java.util.regex.Pattern, trace=2596)
	super		6ae810
	static categoryNodes	b0bba00
	static familyNodes	b0bc060
	static categoryNames	b0be500
	static familyNames	b232d40
	static lastAccept	b232ce0
	static accept	b232c20
ARR b232b20 (sz=456, trace=2596, nelems=220, elem type=short)
ARR b232b40 (sz=80, trace=2597, nelems=65, elem type=byte)
ARR b232ba0 (sz=24, trace=2597, nelems=6, elem type=short)
CLS b232be0 (name=java.util.regex.Pattern$Node, trace=2597)
	super		6ae810
ARR b232c00 (sz=40, trace=2597, nelems=12, elem type=short)
ARR b232c40 (sz=56, trace=2598, nelems=39, elem type=byte)
ARR b232c60 (sz=16, trace=2598, nelems=0, elem type=short)
CLS b232ca0 (name=java.util.regex.Pattern$LastNode, trace=2598)
	super		b232be0
ARR b232cc0 (sz=32, trace=2598, nelems=8, elem type=short)
ARR b232d60 (sz=32, trace=2599, nelems=10, elem type=char)
OBJ b232d80 (sz=24, trace=2599, class=java.lang.String@6aeef0)
	value		b232d60
ARR b232da0 (sz=48, trace=2599, nelems=17, elem type=char)
OBJ b232e00 (sz=24, trace=2599, class=java.lang.String@6aeef0)
	value		b232da0
ARR b232e20 (sz=48, trace=2599, nelems=15, elem type=char)
OBJ b232e40 (sz=24, trace=2599, class=java.lang.String@6aeef0)
	value		b232e20
ARR b232e60 (sz=56, trace=2599, nelems=19, elem type=char)
OBJ b232e80 (sz=24, trace=2599, class=java.lang.String@6aeef0)
	value		b232e60
ARR b232ea0 (sz=40, trace=2599, nelems=13, elem type=char)
OBJ b232ec0 (sz=24, trace=2599, class=java.lang.String@6aeef0)
	value		b232ea0
ARR b232ee0 (sz=56, trace=2599, nelems=22, elem type=char)
OBJ b232f40 (sz=24, trace=2599, class=java.lang.String@6aeef0)
	value		b232ee0
ARR b231160 (sz=64, trace=2599, nelems=25, elem type=char)
OBJ b231180 (sz=24, trace=2599, class=java.lang.String@6aeef0)
	value		b231160
ARR b2311a0 (sz=24, trace=2599, nelems=5, elem type=char)
OBJ b231220 (sz=24, trace=2599, class=java.lang.String@6aeef0)
	value		b2311a0
ARR b231240 (sz=32, trace=2599, nelems=8, elem type=char)
OBJ b231260 (sz=24, trace=2599, class=java.lang.String@6aeef0)
	value		b231240
ARR b231280 (sz=32, trace=2599, nelems=8, elem type=char)
OBJ b231300 (sz=24, trace=2599, class=java.lang.String@6aeef0)
	value		b231280
ARR b231400 (sz=24, trace=2599, nelems=6, elem type=char)
OBJ b231500 (sz=24, trace=2599, class=java.lang.String@6aeef0)
	value		b231400
ARR b231600 (sz=24, trace=2599, nelems=6, elem type=char)
OBJ b2316e0 (sz=24, trace=2599, class=java.lang.String@6aeef0)
	value		b231600
ARR b231700 (sz=24, trace=2599, nelems=6, elem type=char)
OBJ b231720 (sz=24, trace=2599, class=java.lang.String@6aeef0)
	value		b231700
ARR b2317e0 (sz=24, trace=2599, nelems=6, elem type=char)
OBJ b231800 (sz=24, trace=2599, class=java.lang.String@6aeef0)
	value		b2317e0
ARR b231820 (sz=32, trace=2599, nelems=10, elem type=char)
OBJ b2318a0 (sz=24, trace=2599, class=java.lang.String@6aeef0)
	value		b231820
ARR b2318c0 (sz=32, trace=2599, nelems=7, elem type=char)
OBJ b2318e0 (sz=24, trace=2599, class=java.lang.String@6aeef0)
	value		b2318c0
ARR b231900 (sz=32, trace=2599, nelems=8, elem type=char)
OBJ b231980 (sz=24, trace=2599, class=java.lang.String@6aeef0)
	value		b231900
ARR b2319c0 (sz=32, trace=2599, nelems=8, elem type=char)
OBJ b2319e0 (sz=24, trace=2599, class=java.lang.String@6aeef0)
	value		b2319c0
ARR b231a40 (sz=24, trace=2599, nelems=5, elem type=char)
OBJ b231b40 (sz=24, trace=2599, class=java.lang.String@6aeef0)
	value		b231a40
ARR b231b60 (sz=24, trace=2599, nelems=5, elem type=char)
OBJ b231b80 (sz=24, trace=2599, class=java.lang.String@6aeef0)
	value		b231b60
ARR b231c00 (sz=24, trace=2599, nelems=6, elem type=char)
OBJ b231c20 (sz=24, trace=2599, class=java.lang.String@6aeef0)
	value		b231c00
ARR b231c40 (sz=32, trace=2599, nelems=7, elem type=char)
OBJ b231c60 (sz=24, trace=2599, class=java.lang.String@6aeef0)
	value		b231c40
ARR b231ce0 (sz=32, trace=2599, nelems=9, elem type=char)
OBJ b231d60 (sz=24, trace=2599, class=java.lang.String@6aeef0)
	value		b231ce0
ARR b231de0 (sz=32, trace=2599, nelems=7, elem type=char)
OBJ b231e20 (sz=24, trace=2599, class=java.lang.String@6aeef0)
	value		b231de0
ARR b231e40 (sz=24, trace=2599, nelems=4, elem type=char)
OBJ b231ea0 (sz=24, trace=2599, class=java.lang.String@6aeef0)
	value		b231e40
ARR b231ee0 (sz=24, trace=2599, nelems=3, elem type=char)
OBJ b231f20 (sz=24, trace=2599, class=java.lang.String@6aeef0)
	value		b231ee0
ARR b231f40 (sz=32, trace=2599, nelems=7, elem type=char)
OBJ b230010 (sz=24, trace=2599, class=java.lang.String@6aeef0)
	value		b231f40
ARR b2301b0 (sz=32, trace=2599, nelems=7, elem type=char)
OBJ b230250 (sz=24, trace=2599, class=java.lang.String@6aeef0)
	value		b2301b0
ARR b230410 (sz=32, trace=2599, nelems=8, elem type=char)
OBJ b230490 (sz=24, trace=2599, class=java.lang.String@6aeef0)
	value		b230410
ARR b2304b0 (sz=32, trace=2599, nelems=10, elem type=char)
OBJ b2306f0 (sz=24, trace=2599, class=java.lang.String@6aeef0)
	value		b2304b0
ARR b230750 (sz=32, trace=2599, nelems=8, elem type=char)
OBJ b230770 (sz=24, trace=2599, class=java.lang.String@6aeef0)
	value		b230750
ARR b230790 (sz=32, trace=2599, nelems=8, elem type=char)
OBJ b2307b0 (sz=24, trace=2599, class=java.lang.String@6aeef0)
	value		b230790
ARR b2307d0 (sz=80, trace=2599, nelems=34, elem type=char)
OBJ b2307f0 (sz=24, trace=2599, class=java.lang.String@6aeef0)
	value		b2307d0
ARR b230810 (sz=24, trace=2599, nelems=5, elem type=char)
OBJ b230830 (sz=24, trace=2599, class=java.lang.String@6aeef0)
	value		b230810
ARR b230970 (sz=24, trace=2599, nelems=5, elem type=char)
OBJ b2309f0 (sz=24, trace=2599, class=java.lang.String@6aeef0)
	value		b230970
ARR b230a10 (sz=24, trace=2599, nelems=5, elem type=char)
OBJ b230a70 (sz=24, trace=2599, class=java.lang.String@6aeef0)
	value		b230a10
ARR b230b30 (sz=32, trace=2599, nelems=9, elem type=char)
OBJ b230c80 (sz=24, trace=2599, class=java.lang.String@6aeef0)
	value		b230b30
ARR b230d20 (sz=64, trace=2599, nelems=23, elem type=char)
OBJ b230d40 (sz=24, trace=2599, class=java.lang.String@6aeef0)
	value		b230d20
ARR b230d60 (sz=40, trace=2599, nelems=13, elem type=char)
OBJ b230d80 (sz=24, trace=2599, class=java.lang.String@6aeef0)
	value		b230d60
ARR b230da0 (sz=48, trace=2599, nelems=18, elem type=char)
OBJ b230dc0 (sz=24, trace=2599, class=java.lang.String@6aeef0)
	value		b230da0
ARR b230de0 (sz=64, trace=2599, nelems=25, elem type=char)
OBJ b230e40 (sz=24, trace=2599, class=java.lang.String@6aeef0)
	value		b230de0
ARR b230e60 (sz=48, trace=2599, nelems=15, elem type=char)
OBJ b230e80 (sz=24, trace=2599, class=java.lang.String@6aeef0)
	value		b230e60
ARR b230ea0 (sz=64, trace=2599, nelems=24, elem type=char)
OBJ b230f00 (sz=24, trace=2599, class=java.lang.String@6aeef0)
	value		b230ea0
ARR b230f80 (sz=48, trace=2599, nelems=17, elem type=char)
OBJ b0bf070 (sz=24, trace=2599, class=java.lang.String@6aeef0)
	value		b230f80
ARR b0bf090 (sz=40, trace=2599, nelems=11, elem type=char)
OBJ b0bf0f0 (sz=24, trace=2599, class=java.lang.String@6aeef0)
	value		b0bf090
ARR b0bf110 (sz=24, trace=2599, nelems=6, elem type=char)
OBJ b0bf130 (sz=24, trace=2599, class=java.lang.String@6aeef0)
	value		b0bf110
ARR b0bf150 (sz=56, trace=2599, nelems=21, elem type=char)
OBJ b0bf1f0 (sz=24, trace=2599, class=java.lang.String@6aeef0)
	value		b0bf150
ARR b0bf270 (sz=56, trace=2599, nelems=22, elem type=char)
OBJ b0bf290 (sz=24, trace=2599, class=java.lang.String@6aeef0)
	value		b0bf270
ARR b0bf2b0 (sz=48, trace=2599, nelems=15, elem type=char)
OBJ b0bf2d0 (sz=24, trace=2599, class=java.lang.String@6aeef0)
	value		b0bf2b0
ARR b0bf2f0 (sz=72, trace=2599, nelems=27, elem type=char)
OBJ b0bf310 (sz=24, trace=2599, class=java.lang.String@6aeef0)
	value		b0bf2f0
ARR b0bf330 (sz=56, trace=2599, nelems=21, elem type=char)
OBJ b0bf350 (sz=24, trace=2599, class=java.lang.String@6aeef0)
	value		b0bf330
ARR b0bf370 (sz=32, trace=2599, nelems=10, elem type=char)
OBJ b0bf390 (sz=24, trace=2599, class=java.lang.String@6aeef0)
	value		b0bf370
ARR b0bf3b0 (sz=40, trace=2599, nelems=13, elem type=char)
OBJ b0bf3d0 (sz=24, trace=2599, class=java.lang.String@6aeef0)
	value		b0bf3b0
ARR b0bf430 (sz=48, trace=2599, nelems=15, elem type=char)
OBJ b0bf450 (sz=24, trace=2599, class=java.lang.String@6aeef0)
	value		b0bf430
ARR b0bf470 (sz=56, trace=2599, nelems=20, elem type=char)
OBJ b0bf490 (sz=24, trace=2599, class=java.lang.String@6aeef0)
	value		b0bf470
ARR b0bf4b0 (sz=32, trace=2599, nelems=8, elem type=char)
OBJ b0bf4d0 (sz=24, trace=2599, class=java.lang.String@6aeef0)
	value		b0bf4b0
ARR b0bf4f0 (sz=48, trace=2599, nelems=15, elem type=char)
OBJ b0bf510 (sz=24, trace=2599, class=java.lang.String@6aeef0)
	value		b0bf4f0
ARR b0bf530 (sz=56, trace=2599, nelems=21, elem type=char)
OBJ b0bf550 (sz=24, trace=2599, class=java.lang.String@6aeef0)
	value		b0bf530
ARR b0bf5d0 (sz=40, trace=2599, nelems=14, elem type=char)
OBJ b0bf820 (sz=24, trace=2599, class=java.lang.String@6aeef0)
	value		b0bf5d0
ARR b0bf840 (sz=80, trace=2599, nelems=32, elem type=char)
OBJ b0bf860 (sz=24, trace=2599, class=java.lang.String@6aeef0)
	value		b0bf840
ARR b0bf880 (sz=64, trace=2599, nelems=24, elem type=char)
OBJ b0bf8a0 (sz=24, trace=2599, class=java.lang.String@6aeef0)
	value		b0bf880
ARR b0bf8c0 (sz=32, trace=2599, nelems=8, elem type=char)
OBJ b0bf9a0 (sz=24, trace=2599, class=java.lang.String@6aeef0)
	value		b0bf8c0
ARR b0bfa20 (sz=32, trace=2599, nelems=8, elem type=char)
OBJ b0bfa40 (sz=24, trace=2599, class=java.lang.String@6aeef0)
	value		b0bfa20
ARR b0bfaa0 (sz=32, trace=2599, nelems=8, elem type=char)
OBJ b0bfac0 (sz=24, trace=2599, class=java.lang.String@6aeef0)
	value		b0bfaa0
ARR b0bfae0 (sz=64, trace=2599, nelems=23, elem type=char)
OBJ b0bfb00 (sz=24, trace=2599, class=java.lang.String@6aeef0)
	value		b0bfae0
ARR b0bfb20 (sz=24, trace=2599, nelems=6, elem type=char)
OBJ b0bfbc0 (sz=24, trace=2599, class=java.lang.String@6aeef0)
	value		b0bfb20
ARR b0bfc40 (sz=48, trace=2599, nelems=16, elem type=char)
OBJ b0bfc60 (sz=24, trace=2599, class=java.lang.String@6aeef0)
	value		b0bfc40
ARR b0bfc80 (sz=72, trace=2599, nelems=27, elem type=char)
OBJ b0bfca0 (sz=24, trace=2599, class=java.lang.String@6aeef0)
	value		b0bfc80
ARR b0bfcc0 (sz=48, trace=2599, nelems=16, elem type=char)
OBJ b0bfce0 (sz=24, trace=2599, class=java.lang.String@6aeef0)
	value		b0bfcc0
ARR b0bfd00 (sz=72, trace=2599, nelems=30, elem type=char)
OBJ b0bfd20 (sz=24, trace=2599, class=java.lang.String@6aeef0)
	value		b0bfd00
ARR b0bfd40 (sz=56, trace=2599, nelems=20, elem type=char)
OBJ b0bfd60 (sz=24, trace=2599, class=java.lang.String@6aeef0)
	value		b0bfd40
ARR b0bfd80 (sz=40, trace=2599, nelems=11, elem type=char)
OBJ b0bfda0 (sz=24, trace=2599, class=java.lang.String@6aeef0)
	value		b0bfd80
ARR b0bfe00 (sz=32, trace=2599, nelems=10, elem type=char)
OBJ b0bfe20 (sz=24, trace=2599, class=java.lang.String@6aeef0)
	value		b0bfe00
ARR b0bfe40 (sz=48, trace=2599, nelems=15, elem type=char)
OBJ b0bfe60 (sz=24, trace=2599, class=java.lang.String@6aeef0)
	value		b0bfe40
ARR b0bfe80 (sz=40, trace=2599, nelems=14, elem type=char)
OBJ b0bfea0 (sz=24, trace=2599, class=java.lang.String@6aeef0)
	value		b0bfe80
ARR b0bfec0 (sz=64, trace=2599, nelems=24, elem type=char)
OBJ b0bfee0 (sz=24, trace=2599, class=java.lang.String@6aeef0)
	value		b0bfec0
ARR b0bff00 (sz=40, trace=2599, nelems=13, elem type=char)
OBJ b0bff20 (sz=24, trace=2599, class=java.lang.String@6aeef0)
	value		b0bff00
ARR b0bffa0 (sz=32, trace=2599, nelems=10, elem type=char)
OBJ b0be060 (sz=24, trace=2599, class=java.lang.String@6aeef0)
	value		b0bffa0
ARR b0be080 (sz=64, trace=2599, nelems=26, elem type=char)
OBJ b0be0a0 (sz=24, trace=2599, class=java.lang.String@6aeef0)
	value		b0be080
ARR b0be0c0 (sz=72, trace=2599, nelems=27, elem type=char)
OBJ b0be0e0 (sz=24, trace=2599, class=java.lang.String@6aeef0)
	value		b0be0c0
ARR b0be100 (sz=64, trace=2599, nelems=25, elem type=char)
OBJ b0be1e0 (sz=24, trace=2599, class=java.lang.String@6aeef0)
	value		b0be100
ARR b0be2a0 (sz=48, trace=2599, nelems=18, elem type=char)
OBJ b0be2c0 (sz=24, trace=2599, class=java.lang.String@6aeef0)
	value		b0be2a0
ARR b0be2e0 (sz=56, trace=2599, nelems=21, elem type=char)
OBJ b0be300 (sz=24, trace=2599, class=java.lang.String@6aeef0)
	value		b0be2e0
ARR b0be320 (sz=48, trace=2599, nelems=17, elem type=char)
OBJ b0be380 (sz=24, trace=2599, class=java.lang.String@6aeef0)
	value		b0be320
ARR b0be3a0 (sz=72, trace=2599, nelems=29, elem type=char)
OBJ b0be3c0 (sz=24, trace=2599, class=java.lang.String@6aeef0)
	value		b0be3a0
ARR b0be3e0 (sz=32, trace=2599, nelems=8, elem type=char)
OBJ b0be400 (sz=24, trace=2599, class=java.lang.String@6aeef0)
	value		b0be3e0
ARR b0be420 (sz=64, trace=2599, nelems=26, elem type=char)
OBJ b0be440 (sz=24, trace=2599, class=java.lang.String@6aeef0)
	value		b0be420
ARR b0be5c0 (sz=16, trace=2600, nelems=2, elem type=char)
OBJ b0be5e0 (sz=24, trace=2600, class=java.lang.String@6aeef0)
	value		b0be5c0
ARR b0be600 (sz=16, trace=2600, nelems=2, elem type=char)
OBJ b0be620 (sz=24, trace=2600, class=java.lang.String@6aeef0)
	value		b0be600
ARR b0be640 (sz=16, trace=2600, nelems=2, elem type=char)
OBJ b0be6a0 (sz=24, trace=2600, class=java.lang.String@6aeef0)
	value		b0be640
ARR b0be6c0 (sz=16, trace=2600, nelems=2, elem type=char)
OBJ b0be6e0 (sz=24, trace=2600, class=java.lang.String@6aeef0)
	value		b0be6c0
ARR b0be8e0 (sz=16, trace=2600, nelems=2, elem type=char)
OBJ b0be900 (sz=24, trace=2600, class=java.lang.String@6aeef0)
	value		b0be8e0
ARR b0be920 (sz=16, trace=2600, nelems=2, elem type=char)
OBJ b0be940 (sz=24, trace=2600, class=java.lang.String@6aeef0)
	value		b0be920
ARR b0be960 (sz=16, trace=2600, nelems=2, elem type=char)
OBJ b0be980 (sz=24, trace=2600, class=java.lang.String@6aeef0)
	value		b0be960
ARR b0be9a0 (sz=16, trace=2600, nelems=2, elem type=char)
OBJ b0be9c0 (sz=24, trace=2600, class=java.lang.String@6aeef0)
	value		b0be9a0
ARR b0be9e0 (sz=16, trace=2600, nelems=2, elem type=char)
OBJ b0bea00 (sz=24, trace=2600, class=java.lang.String@6aeef0)
	value		b0be9e0
ARR b0bea20 (sz=16, trace=2600, nelems=2, elem type=char)
OBJ b0bea40 (sz=24, trace=2600, class=java.lang.String@6aeef0)
	value		b0bea20
ARR b0bea60 (sz=16, trace=2600, nelems=2, elem type=char)
OBJ b0bea80 (sz=24, trace=2600, class=java.lang.String@6aeef0)
	value		b0bea60
ARR b0beae0 (sz=16, trace=2600, nelems=2, elem type=char)
OBJ b0beb00 (sz=24, trace=2600, class=java.lang.String@6aeef0)
	value		b0beae0
ARR b0beb20 (sz=16, trace=2600, nelems=2, elem type=char)
OBJ b0beb40 (sz=24, trace=2600, class=java.lang.String@6aeef0)
	value		b0beb20
ARR b0beb60 (sz=16, trace=2600, nelems=2, elem type=char)
OBJ b0beb80 (sz=24, trace=2600, class=java.lang.String@6aeef0)
	value		b0beb60
ARR b0beba0 (sz=16, trace=2600, nelems=2, elem type=char)
OBJ b0bebc0 (sz=24, trace=2600, class=java.lang.String@6aeef0)
	value		b0beba0
ARR b0bebe0 (sz=16, trace=2600, nelems=2, elem type=char)
OBJ b0bec00 (sz=24, trace=2600, class=java.lang.String@6aeef0)
	value		b0bebe0
ARR b0bec20 (sz=16, trace=2600, nelems=2, elem type=char)
OBJ b0bec40 (sz=24, trace=2600, class=java.lang.String@6aeef0)
	value		b0bec20
ARR b0becc0 (sz=16, trace=2600, nelems=2, elem type=char)
OBJ b0bed60 (sz=24, trace=2600, class=java.lang.String@6aeef0)
	value		b0becc0
ARR b0bed80 (sz=16, trace=2600, nelems=2, elem type=char)
OBJ b0beda0 (sz=24, trace=2600, class=java.lang.String@6aeef0)
	value		b0bed80
ARR b0bedc0 (sz=16, trace=2600, nelems=2, elem type=char)
OBJ b0bede0 (sz=24, trace=2600, class=java.lang.String@6aeef0)
	value		b0bedc0
ARR b0bee00 (sz=16, trace=2600, nelems=2, elem type=char)
OBJ b0beec0 (sz=24, trace=2600, class=java.lang.String@6aeef0)
	value		b0bee00
ARR b0befc0 (sz=16, trace=2600, nelems=2, elem type=char)
OBJ b0bd060 (sz=24, trace=2600, class=java.lang.String@6aeef0)
	value		b0befc0
ARR b0bd080 (sz=16, trace=2600, nelems=2, elem type=char)
OBJ b0bd0a0 (sz=24, trace=2600, class=java.lang.String@6aeef0)
	value		b0bd080
ARR b0bd0c0 (sz=16, trace=2600, nelems=2, elem type=char)
OBJ b0bd0e0 (sz=24, trace=2600, class=java.lang.String@6aeef0)
	value		b0bd0c0
ARR b0bd100 (sz=16, trace=2600, nelems=2, elem type=char)
OBJ b0bd120 (sz=24, trace=2600, class=java.lang.String@6aeef0)
	value		b0bd100
ARR b0bd180 (sz=16, trace=2600, nelems=2, elem type=char)
OBJ b0bd1a0 (sz=24, trace=2600, class=java.lang.String@6aeef0)
	value		b0bd180
ARR b0bd1c0 (sz=16, trace=2600, nelems=2, elem type=char)
OBJ b0bd1e0 (sz=24, trace=2600, class=java.lang.String@6aeef0)
	value		b0bd1c0
ARR b0bd200 (sz=16, trace=2600, nelems=2, elem type=char)
OBJ b0bd220 (sz=24, trace=2600, class=java.lang.String@6aeef0)
	value		b0bd200
ARR b0bd240 (sz=16, trace=2600, nelems=1, elem type=char)
OBJ b0bd260 (sz=24, trace=2600, class=java.lang.String@6aeef0)
	value		b0bd240
ARR b0bd280 (sz=16, trace=2600, nelems=1, elem type=char)
OBJ b0bd2a0 (sz=24, trace=2600, class=java.lang.String@6aeef0)
	value		b0bd280
ARR b0bd320 (sz=16, trace=2600, nelems=1, elem type=char)
OBJ b0bd440 (sz=24, trace=2600, class=java.lang.String@6aeef0)
	value		b0bd320
ARR b0bd4c0 (sz=16, trace=2600, nelems=1, elem type=char)
OBJ b0bd4e0 (sz=24, trace=2600, class=java.lang.String@6aeef0)
	value		b0bd4c0
ARR b0bd500 (sz=16, trace=2600, nelems=1, elem type=char)
OBJ b0bd520 (sz=24, trace=2600, class=java.lang.String@6aeef0)
	value		b0bd500
ARR b0bd5a0 (sz=16, trace=2600, nelems=1, elem type=char)
OBJ b0bd5c0 (sz=24, trace=2600, class=java.lang.String@6aeef0)
	value		b0bd5a0
ARR b0bd5e0 (sz=16, trace=2600, nelems=1, elem type=char)
OBJ b0bd660 (sz=24, trace=2600, class=java.lang.String@6aeef0)
	value		b0bd5e0
ARR b0bd7c0 (sz=16, trace=2600, nelems=2, elem type=char)
OBJ b0bd840 (sz=24, trace=2600, class=java.lang.String@6aeef0)
	value		b0bd7c0
ARR b0bd860 (sz=16, trace=2600, nelems=2, elem type=char)
OBJ b0bd880 (sz=24, trace=2600, class=java.lang.String@6aeef0)
	value		b0bd860
ARR b0bd8a0 (sz=24, trace=2600, nelems=5, elem type=char)
OBJ b0bd920 (sz=24, trace=2600, class=java.lang.String@6aeef0)
	value		b0bd8a0
ARR b0bd9a0 (sz=24, trace=2600, nelems=5, elem type=char)
OBJ b0bd9c0 (sz=24, trace=2600, class=java.lang.String@6aeef0)
	value		b0bd9a0
ARR b0bd9e0 (sz=24, trace=2600, nelems=5, elem type=char)
OBJ b0bda00 (sz=24, trace=2600, class=java.lang.String@6aeef0)
	value		b0bd9e0
ARR b0bda20 (sz=24, trace=2600, nelems=5, elem type=char)
OBJ b0bda40 (sz=24, trace=2600, class=java.lang.String@6aeef0)
	value		b0bda20
ARR b0bdac0 (sz=24, trace=2600, nelems=5, elem type=char)
OBJ b0bdb00 (sz=24, trace=2600, class=java.lang.String@6aeef0)
	value		b0bdac0
ARR b0bdb20 (sz=24, trace=2600, nelems=5, elem type=char)
OBJ b0bdb40 (sz=24, trace=2600, class=java.lang.String@6aeef0)
	value		b0bdb20
ARR b0bdb60 (sz=24, trace=2600, nelems=5, elem type=char)
OBJ b0bdb80 (sz=24, trace=2600, class=java.lang.String@6aeef0)
	value		b0bdb60
ARR b0bdbe0 (sz=24, trace=2600, nelems=5, elem type=char)
OBJ b0bdc80 (sz=24, trace=2600, class=java.lang.String@6aeef0)
	value		b0bdbe0
ARR b0bdca0 (sz=24, trace=2600, nelems=5, elem type=char)
OBJ b0bdcc0 (sz=24, trace=2600, class=java.lang.String@6aeef0)
	value		b0bdca0
ARR b0bdce0 (sz=24, trace=2600, nelems=5, elem type=char)
OBJ b0bdd00 (sz=24, trace=2600, class=java.lang.String@6aeef0)
	value		b0bdce0
ARR b0bdd20 (sz=24, trace=2600, nelems=5, elem type=char)
OBJ b0bdde0 (sz=24, trace=2600, class=java.lang.String@6aeef0)
	value		b0bdd20
ARR b0bdf60 (sz=24, trace=2600, nelems=6, elem type=char)
OBJ b0bc020 (sz=24, trace=2600, class=java.lang.String@6aeef0)
	value		b0bdf60
ARR b0bc0e0 (sz=80, trace=2601, nelems=68, elem type=byte)
ARR b0bc100 (sz=40, trace=2601, nelems=12, elem type=short)
CLS b0bc180 (name=java.util.regex.Pattern$Range, trace=2601)
	super		b232be0
ARR b0bc1a0 (sz=48, trace=2601, nelems=16, elem type=short)
ARR b0bb820 (sz=80, trace=2601, nelems=64, elem type=byte)
ARR b0bb8c0 (sz=16, trace=2601, nelems=0, elem type=short)
CLS b0bb900 (name=java.util.regex.Pattern$Specials, trace=2601)
	super		b232be0
ARR b0bb920 (sz=48, trace=2601, nelems=16, elem type=short)
ARR b0bbb80 (sz=80, trace=2602, nelems=66, elem type=byte)
ARR b0bbbc0 (sz=24, trace=2602, nelems=6, elem type=short)
CLS b0bbc00 (name=java.util.regex.Pattern$Category, trace=2602)
	super		b232be0
ARR b0bbc20 (sz=40, trace=2602, nelems=12, elem type=short)
ARR b0baec0 (sz=72, trace=2602, nelems=55, elem type=byte)
ARR b0baee0 (sz=16, trace=2602, nelems=0, elem type=short)
CLS b0baf80 (name=java.util.regex.Pattern$All, trace=2602)
	super		b232be0
ARR b0bafa0 (sz=48, trace=2602, nelems=16, elem type=short)
ARR b0b90c0 (sz=88, trace=2602, nelems=70, elem type=byte)
ARR b0b9120 (sz=24, trace=2602, nelems=6, elem type=short)
CLS b0b91a0 (name=java.util.regex.Pattern$Ctype, trace=2602)
	super		b232be0
ARR b0b9240 (sz=48, trace=2602, nelems=16, elem type=short)
ARR b0b8ca0 (sz=56, trace=2606, nelems=39, elem type=byte)
ARR b0b8cc0 (sz=24, trace=2606, nelems=6, elem type=short)
CLS b0b8d40 (name=java.util.regex.Pattern$GroupHead, trace=2606)
	super		b232be0
ARR b0b8d60 (sz=32, trace=2606, nelems=8, elem type=short)
ARR b0b8ee0 (sz=80, trace=2607, nelems=64, elem type=byte)
ARR b0b8f00 (sz=24, trace=2607, nelems=6, elem type=short)
CLS b0b8f40 (name=java.util.regex.Pattern$Single, trace=2607)
	super		b232be0
ARR b0b8f60 (sz=48, trace=2607, nelems=16, elem type=short)
ARR b0b8fc0 (sz=88, trace=2608, nelems=72, elem type=byte)
ARR b0b8fe0 (sz=40, trace=2608, nelems=12, elem type=short)
CLS b0b7030 (name=java.util.regex.Pattern$Add, trace=2608)
	super		b232be0
ARR b0af050 (sz=40, trace=2608, nelems=12, elem type=short)
ARR b09f030 (sz=96, trace=2609, nelems=84, elem type=byte)
ARR b0b7070 (sz=64, trace=2609, nelems=24, elem type=short)
CLS b0b70b0 (name=java.util.regex.Pattern$Curly, trace=2609)
	super		b232be0
ARR b0b70d0 (sz=40, trace=2609, nelems=12, elem type=short)
ARR b0b7110 (sz=80, trace=2610, nelems=65, elem type=byte)
ARR b0b7130 (sz=24, trace=2610, nelems=6, elem type=short)
CLS b0b7170 (name=java.util.regex.Pattern$Start, trace=2610)
	super		b232be0
ARR b0b7190 (sz=40, trace=2610, nelems=12, elem type=short)
ARR b0b71d0 (sz=48, trace=2611, nelems=34, elem type=byte)
ARR b0b71f0 (sz=64, trace=2611, nelems=24, elem type=short)
CLS b0b7230 (name=java.util.regex.Pattern$TreeInfo, trace=2611)
	super		6ae810
ARR b0b7250 (sz=24, trace=2611, nelems=4, elem type=short)
ARR b0b7300 (sz=200, trace=2612, nelems=186, elem type=byte)
ARR b0b73e0 (sz=160, trace=2612, nelems=72, elem type=short)
CLS b0b7460 (name=java.util.regex.Matcher, trace=2612)
	super		6ae810
ARR b0b74c0 (sz=24, trace=2612, nelems=4, elem type=short)
ARR b0b52a0 (sz=32, trace=2649, nelems=7, elem type=char)
OBJ b0b52e0 (sz=24, trace=2649, class=java.lang.String@6aeef0)
	value		b0b52a0
ARR afe0b80 (sz=64, trace=1, nelems=25, elem type=char)
OBJ afe0b20 (sz=24, trace=1, class=java.lang.String@6aeef0)
	value		afe0b80
ARR afe0900 (sz=72, trace=1, nelems=30, elem type=char)
OBJ afe08e0 (sz=24, trace=1, class=java.lang.String@6aeef0)
	value		afe0900
ARR aff6360 (sz=64, trace=289, nelems=52, elem type=byte)
ARR aff6320 (sz=72, trace=289, nelems=30, elem type=short)
CLS aff62e0 (name=org.apache.xerces.impl.dtd.models.SimpleContentModel, trace=289)
	super		6ae810
	loader		6bae30
	domain		affe650
ARR b0002d0 (sz=48, trace=289, nelems=34, elem type=byte)
ARR b0002b0 (sz=48, trace=289, nelems=18, elem type=short)
CLS b000270 (name=org.apache.xerces.impl.dtd.DTDGrammar$ChildrenList, trace=289)
	super		6ae810
	loader		6bae30
	domain		affe650
ARR b0000b0 (sz=32, trace=289, nelems=8, elem type=short)
ARR b244760 (sz=48, trace=2478, nelems=16, elem type=char)
OBJ b244780 (sz=24, trace=2478, class=java.lang.String@6aeef0)
	value		b244760
ARR b2423f0 (sz=32, trace=2478, nelems=9, elem type=char)
OBJ b242410 (sz=24, trace=2478, class=java.lang.String@6aeef0)
	value		b2423f0
ARR b242a00 (sz=48, trace=2478, nelems=15, elem type=char)
OBJ b242a20 (sz=24, trace=2478, class=java.lang.String@6aeef0)
	value		b242a00
ARR b241920 (sz=24, trace=2478, nelems=6, elem type=char)
OBJ b241940 (sz=24, trace=2478, class=java.lang.String@6aeef0)
	value		b241920
ARR b23b7c0 (sz=24, trace=2478, nelems=4, elem type=char)
OBJ b23b820 (sz=24, trace=2478, class=java.lang.String@6aeef0)
	value		b23b7c0
ARR b23b900 (sz=24, trace=2478, nelems=4, elem type=char)
OBJ b23b920 (sz=24, trace=2478, class=java.lang.String@6aeef0)
	value		b23b900
ARR b239fc0 (sz=24, trace=2505, nelems=3, elem type=char)
OBJ b239fe0 (sz=24, trace=2505, class=java.lang.String@6aeef0)
	value		b239fc0
ARR b2382a0 (sz=24, trace=2505, nelems=3, elem type=char)
OBJ b2382c0 (sz=24, trace=2505, class=java.lang.String@6aeef0)
	value		b2382a0
ARR b2383c0 (sz=24, trace=2505, nelems=4, elem type=char)
OBJ b238400 (sz=24, trace=2505, class=java.lang.String@6aeef0)
	value		b2383c0
ARR b236fc0 (sz=40, trace=2478, nelems=14, elem type=char)
OBJ b236fe0 (sz=24, trace=2478, class=java.lang.String@6aeef0)
	value		b236fc0
ARR b092240 (sz=112, trace=1, nelems=50, elem type=char)
OBJ b092260 (sz=24, trace=1, class=java.lang.String@6aeef0)
	value		b092240
ARR 780830 (sz=48, trace=1, nelems=16, elem type=char)
OBJ 780890 (sz=24, trace=1, class=java.lang.String@6aeef0)
	value		780830
ARR 7808b0 (sz=64, trace=1, nelems=24, elem type=char)
OBJ 7808d0 (sz=24, trace=1, class=java.lang.String@6aeef0)
	value		7808b0
ARR 780e20 (sz=24, trace=2853, nelems=6, elem type=char)
OBJ 780e40 (sz=24, trace=2853, class=java.lang.String@6aeef0)
	value		780e20
ARR b0b6a60 (sz=48, trace=1, nelems=18, elem type=char)
OBJ b0b6a40 (sz=24, trace=1, class=java.lang.String@6aeef0)
	value		b0b6a60
ARR b0a9260 (sz=24, trace=1, nelems=4, elem type=char)
OBJ b0a9280 (sz=24, trace=1, class=java.lang.String@6aeef0)
	value		b0a9260
ARR b0a92a0 (sz=24, trace=1, nelems=4, elem type=char)
OBJ b0a92c0 (sz=24, trace=1, class=java.lang.String@6aeef0)
	value		b0a92a0
ARR b2399d0 (sz=24, trace=1, nelems=6, elem type=char)
OBJ b2398f0 (sz=24, trace=1, class=java.lang.String@6aeef0)
	value		b2399d0
ARR b0b6860 (sz=64, trace=1, nelems=23, elem type=char)
OBJ b0b6840 (sz=24, trace=1, class=java.lang.String@6aeef0)
	value		b0b6860
ARR b0b6820 (sz=56, trace=1, nelems=22, elem type=char)
OBJ b0b6800 (sz=24, trace=1, class=java.lang.String@6aeef0)
	value		b0b6820
ARR aff3100 (sz=64, trace=1, nelems=25, elem type=char)
OBJ aff30e0 (sz=24, trace=1, class=java.lang.String@6aeef0)
	value		aff3100
ARR b3483e0 (sz=48, trace=1, nelems=15, elem type=char)
OBJ b3483c0 (sz=24, trace=1, class=java.lang.String@6aeef0)
	value		b3483e0
ARR b348240 (sz=56, trace=1, nelems=22, elem type=char)
OBJ b348220 (sz=24, trace=1, class=java.lang.String@6aeef0)
	value		b348240
ARR b34fda0 (sz=40, trace=1, nelems=13, elem type=char)
OBJ b0978c0 (sz=24, trace=1, class=java.lang.String@6aeef0)
	value		b34fda0
ARR b0a4b80 (sz=64, trace=1, nelems=24, elem type=char)
OBJ b0a4b60 (sz=24, trace=1, class=java.lang.String@6aeef0)
	value		b0a4b80
ARR b33b7e0 (sz=56, trace=1, nelems=20, elem type=char)
OBJ b33b800 (sz=24, trace=1, class=java.lang.String@6aeef0)
	value		b33b7e0
ARR b33b820 (sz=64, trace=1, nelems=23, elem type=char)
OBJ b33b840 (sz=24, trace=1, class=java.lang.String@6aeef0)
	value		b33b820
ARR b33b860 (sz=56, trace=1, nelems=19, elem type=char)
OBJ b33b880 (sz=24, trace=1, class=java.lang.String@6aeef0)
	value		b33b860
ARR b33b8a0 (sz=32, trace=1, nelems=7, elem type=char)
OBJ b33b8c0 (sz=24, trace=1, class=java.lang.String@6aeef0)
	value		b33b8a0
ARR b33b8e0 (sz=72, trace=1, nelems=28, elem type=char)
OBJ b33b900 (sz=24, trace=1, class=java.lang.String@6aeef0)
	value		b33b8e0
ARR b33a010 (sz=80, trace=1, nelems=31, elem type=char)
OBJ b33a030 (sz=24, trace=1, class=java.lang.String@6aeef0)
	value		b33a010
ARR b339380 (sz=136, trace=1, nelems=59, elem type=char)
OBJ b3393a0 (sz=24, trace=1, class=java.lang.String@6aeef0)
	value		b339380
ARR b3393c0 (sz=64, trace=1, nelems=26, elem type=char)
OBJ b3393e0 (sz=24, trace=1, class=java.lang.String@6aeef0)
	value		b3393c0
ARR b339400 (sz=128, trace=1, nelems=57, elem type=char)
OBJ b339420 (sz=24, trace=1, class=java.lang.String@6aeef0)
	value		b339400
ARR b339440 (sz=64, trace=1, nelems=26, elem type=char)
OBJ b339460 (sz=24, trace=1, class=java.lang.String@6aeef0)
	value		b339440
ARR b339480 (sz=88, trace=1, nelems=36, elem type=char)
OBJ b3394a0 (sz=24, trace=1, class=java.lang.String@6aeef0)
	value		b339480
ARR b3394c0 (sz=88, trace=1, nelems=37, elem type=char)
OBJ b3394e0 (sz=24, trace=1, class=java.lang.String@6aeef0)
	value		b3394c0
ARR b045c40 (sz=96, trace=1, nelems=42, elem type=char)
OBJ b045c60 (sz=24, trace=1, class=java.lang.String@6aeef0)
	value		b045c40
ARR b041e40 (sz=128, trace=1206, nelems=115, elem type=byte)
ARR b041ec0 (sz=16, trace=1206, nelems=0, elem type=short)
ARR b041f00 (sz=64, trace=1206, nelems=12, elem type=int)
CLS b041f40 (name=sun.reflect.GeneratedConstructorAccessor3, trace=1206)
	super		6bc8c0
	loader		b042e20
ARR b02a7f0 (sz=128, trace=1206, nelems=115, elem type=byte)
ARR b02a810 (sz=16, trace=1206, nelems=0, elem type=short)
ARR b02a8b0 (sz=64, trace=1206, nelems=12, elem type=int)
CLS b02a8d0 (name=sun.reflect.GeneratedConstructorAccessor4, trace=1206)
	super		6bc8c0
	loader		b02a390
ARR b01b8f0 (sz=128, trace=1206, nelems=115, elem type=byte)
ARR b01b990 (sz=16, trace=1206, nelems=0, elem type=short)
ARR b01b9d0 (sz=64, trace=1206, nelems=12, elem type=int)
CLS b01b9f0 (name=sun.reflect.GeneratedConstructorAccessor5, trace=1206)
	super		6bc8c0
	loader		b01b3c0
ARR b0070b0 (sz=128, trace=1206, nelems=115, elem type=byte)
ARR b0070d0 (sz=16, trace=1206, nelems=0, elem type=short)
ARR b007210 (sz=64, trace=1206, nelems=12, elem type=int)
CLS b007230 (name=sun.reflect.GeneratedConstructorAccessor6, trace=1206)
	super		6bc8c0
	loader		b008be0
ARR affaee0 (sz=96, trace=1, nelems=40, elem type=char)
OBJ aff97a0 (sz=24, trace=1, class=java.lang.String@6aeef0)
	value		affaee0
ARR aff97c0 (sz=96, trace=1, nelems=42, elem type=char)
OBJ aff97e0 (sz=24, trace=1, class=java.lang.String@6aeef0)
	value		aff97c0
ARR aff9a00 (sz=88, trace=1, nelems=36, elem type=char)
OBJ aff9a20 (sz=24, trace=1, class=java.lang.String@6aeef0)
	value		aff9a00
ARR aff9a40 (sz=104, trace=1, nelems=46, elem type=char)
OBJ aff9a60 (sz=24, trace=1, class=java.lang.String@6aeef0)
	value		aff9a40
ARR aff9a80 (sz=96, trace=1, nelems=40, elem type=char)
OBJ aff9aa0 (sz=24, trace=1, class=java.lang.String@6aeef0)
	value		aff9a80
ARR aff9b00 (sz=88, trace=1, nelems=38, elem type=char)
OBJ aff9b20 (sz=24, trace=1, class=java.lang.String@6aeef0)
	value		aff9b00
ARR aff9b40 (sz=80, trace=1, nelems=33, elem type=char)
OBJ aff9b60 (sz=24, trace=1, class=java.lang.String@6aeef0)
	value		aff9b40
ARR 764d00 (sz=40, trace=1, nelems=14, elem type=char)
OBJ 764d20 (sz=24, trace=1, class=java.lang.String@6aeef0)
	value		764d00
ARR b288130 (sz=224, trace=1, nelems=104, elem type=char)
OBJ b288110 (sz=24, trace=1, class=java.lang.String@6aeef0)
	value		b288130
ARR b293930 (sz=24, trace=3077, nelems=3, elem type=char)
OBJ b293950 (sz=24, trace=3077, class=java.lang.String@6aeef0)
	value		b293930
ARR b033780 (sz=56, trace=1, nelems=21, elem type=char)
OBJ b033720 (sz=24, trace=1, class=java.lang.String@6aeef0)
	value		b033780
ARR b0334d0 (sz=64, trace=1, nelems=25, elem type=char)
OBJ b033470 (sz=24, trace=1, class=java.lang.String@6aeef0)
	value		b0334d0
ARR b058070 (sz=64, trace=1, nelems=24, elem type=char)
OBJ b066a80 (sz=24, trace=1, class=java.lang.String@6aeef0)
	value		b058070
ARR b066a20 (sz=64, trace=1, nelems=24, elem type=char)
OBJ b066a00 (sz=24, trace=1, class=java.lang.String@6aeef0)
	value		b066a20
ARR b0669e0 (sz=48, trace=1, nelems=18, elem type=char)
OBJ b066920 (sz=24, trace=1, class=java.lang.String@6aeef0)
	value		b0669e0
ARR b0668c0 (sz=72, trace=3104, nelems=57, elem type=byte)
ARR b0668a0 (sz=24, trace=3104, nelems=6, elem type=short)
CLS b0659a0 (name=java.util.regex.Pattern$Slice, trace=3104)
	super		b232be0
ARR b0667b0 (sz=40, trace=3104, nelems=12, elem type=short)
ARR b0666b0 (sz=56, trace=3105, nelems=42, elem type=byte)
ARR b066690 (sz=16, trace=3105, nelems=0, elem type=short)
CLS b0665f0 (name=java.util.regex.Pattern$Begin, trace=3105)
	super		b232be0
ARR b0665d0 (sz=32, trace=3105, nelems=8, elem type=short)
ARR b0665b0 (sz=80, trace=3105, nelems=65, elem type=byte)
ARR b066590 (sz=24, trace=3105, nelems=6, elem type=short)
CLS b066550 (name=java.util.regex.Pattern$First, trace=3105)
	super		b232be0
ARR b067ec0 (sz=48, trace=3105, nelems=16, elem type=short)
ARR b33a910 (sz=56, trace=1, nelems=21, elem type=char)
OBJ b33a8b0 (sz=24, trace=1, class=java.lang.String@6aeef0)
	value		b33a910
ARR b33a890 (sz=56, trace=1, nelems=19, elem type=char)
OBJ b33a870 (sz=24, trace=1, class=java.lang.String@6aeef0)
	value		b33a890
ARR b346540 (sz=64, trace=1, nelems=25, elem type=char)
OBJ b3465a0 (sz=24, trace=1, class=java.lang.String@6aeef0)
	value		b346540
ARR b3465e0 (sz=56, trace=1, nelems=20, elem type=char)
OBJ b346600 (sz=24, trace=1, class=java.lang.String@6aeef0)
	value		b3465e0
ARR b346620 (sz=72, trace=1, nelems=29, elem type=char)
OBJ b346640 (sz=24, trace=1, class=java.lang.String@6aeef0)
	value		b346620
ARR b245760 (sz=48, trace=3244, nelems=16, elem type=char)
OBJ b245560 (sz=24, trace=3244, class=java.lang.String@6aeef0)
	value		b245760
ARR b247560 (sz=56, trace=3297, nelems=21, elem type=char)
OBJ b2473c0 (sz=24, trace=3297, class=java.lang.String@6aeef0)
	value		b247560
ARR b247040 (sz=120, trace=3298, nelems=53, elem type=char)
OBJ b248d20 (sz=24, trace=3298, class=java.lang.String@6aeef0)
	value		b247040
ARR b248c20 (sz=32, trace=3299, nelems=7, elem type=char)
OBJ b248b00 (sz=24, trace=3299, class=java.lang.String@6aeef0)
	value		b248c20
ARR b248660 (sz=48, trace=3302, nelems=17, elem type=char)
OBJ b248640 (sz=24, trace=3302, class=java.lang.String@6aeef0)
	value		b248660
ARR b2485a0 (sz=16, trace=3302, nelems=2, elem type=char)
OBJ b248580 (sz=24, trace=3302, class=java.lang.String@6aeef0)
	value		b2485a0
ARR b2484e0 (sz=40, trace=3305, nelems=13, elem type=char)
OBJ b2484c0 (sz=24, trace=3305, class=java.lang.String@6aeef0)
	value		b2484e0
ARR b248460 (sz=32, trace=3306, nelems=10, elem type=char)
OBJ b248440 (sz=24, trace=3306, class=java.lang.String@6aeef0)
	value		b248460
ARR b249f60 (sz=40, trace=3310, nelems=11, elem type=char)
OBJ b249f40 (sz=24, trace=3310, class=java.lang.String@6aeef0)
	value		b249f60
ARR b249ca0 (sz=32, trace=3311, nelems=8, elem type=char)
OBJ b249c80 (sz=24, trace=3311, class=java.lang.String@6aeef0)
	value		b249ca0
ARR b036a20 (sz=352, trace=289, nelems=334, elem type=byte)
ARR b036a40 (sz=120, trace=289, nelems=54, elem type=short)
ARR b036b60 (sz=32, trace=289, nelems=4, elem type=int)
ARR b036be0 (sz=80, trace=289, nelems=16, elem type=int)
CLS b036dc0 (name=outils.compare_xml.Compare_XML, trace=289)
	super		6ae810
	loader		6bae30
	domain		afcf9e0
	static class$0	b036dc0
ARR b036de0 (sz=72, trace=3366, nelems=30, elem type=char)
OBJ b036e20 (sz=24, trace=3366, class=java.lang.String@6aeef0)
	value		b036de0
ARR b090b40 (sz=56, trace=3386, nelems=19, elem type=char)
OBJ b090b20 (sz=24, trace=3386, class=java.lang.String@6aeef0)
	value		b090b40
ARR b094c60 (sz=48, trace=3408, nelems=17, elem type=char)
OBJ b094c40 (sz=24, trace=3408, class=java.lang.String@6aeef0)
	value		b094c60
ARR b234ee0 (sz=32, trace=3417, nelems=9, elem type=char)
OBJ b234ec0 (sz=24, trace=3417, class=java.lang.String@6aeef0)
	value		b234ee0
ARR b234e60 (sz=40, trace=3418, nelems=13, elem type=char)
OBJ b234e40 (sz=24, trace=3418, class=java.lang.String@6aeef0)
	value		b234e60
ARR b234d20 (sz=24, trace=3419, nelems=5, elem type=char)
OBJ b234cc0 (sz=24, trace=3419, class=java.lang.String@6aeef0)
	value		b234d20
ARR b234c40 (sz=16, trace=3422, nelems=2, elem type=char)
OBJ b234be0 (sz=24, trace=3422, class=java.lang.String@6aeef0)
	value		b234c40
ARR b234b40 (sz=32, trace=3423, nelems=7, elem type=char)
OBJ b234ae0 (sz=24, trace=3423, class=java.lang.String@6aeef0)
	value		b234b40
ARR b234a60 (sz=32, trace=3424, nelems=8, elem type=char)
OBJ b234a40 (sz=24, trace=3424, class=java.lang.String@6aeef0)
	value		b234a60
ARR b2349a0 (sz=24, trace=3425, nelems=5, elem type=char)
OBJ b234940 (sz=24, trace=3425, class=java.lang.String@6aeef0)
	value		b2349a0
ARR b2348a0 (sz=32, trace=3428, nelems=7, elem type=char)
OBJ b234840 (sz=24, trace=3428, class=java.lang.String@6aeef0)
	value		b2348a0
ARR b2347e0 (sz=32, trace=3429, nelems=9, elem type=char)
OBJ b234780 (sz=24, trace=3429, class=java.lang.String@6aeef0)
	value		b2347e0
ARR b2345c0 (sz=32, trace=3430, nelems=8, elem type=char)
OBJ b2345a0 (sz=24, trace=3430, class=java.lang.String@6aeef0)
	value		b2345c0
ARR b234460 (sz=32, trace=3431, nelems=10, elem type=char)
OBJ b234440 (sz=24, trace=3431, class=java.lang.String@6aeef0)
	value		b234460
ARR b234200 (sz=40, trace=3434, nelems=12, elem type=char)
OBJ b2341e0 (sz=24, trace=3434, class=java.lang.String@6aeef0)
	value		b234200
ARR b234140 (sz=48, trace=3435, nelems=16, elem type=char)
OBJ b234100 (sz=24, trace=3435, class=java.lang.String@6aeef0)
	value		b234140
ARR b234080 (sz=24, trace=3435, nelems=4, elem type=char)
OBJ b234060 (sz=24, trace=3435, class=java.lang.String@6aeef0)
	value		b234080
ARR b235fc0 (sz=40, trace=3438, nelems=13, elem type=char)
OBJ b235fa0 (sz=24, trace=3438, class=java.lang.String@6aeef0)
	value		b235fc0
ARR b235b10 (sz=64, trace=3439, nelems=23, elem type=char)
OBJ b235ad0 (sz=24, trace=3439, class=java.lang.String@6aeef0)
	value		b235b10
ARR b235a40 (sz=16, trace=3439, nelems=2, elem type=char)
OBJ b235a20 (sz=24, trace=3439, class=java.lang.String@6aeef0)
	value		b235a40
ARR b2357e0 (sz=56, trace=3445, nelems=19, elem type=char)
OBJ b235760 (sz=24, trace=3445, class=java.lang.String@6aeef0)
	value		b2357e0
ARR b235110 (sz=40, trace=3446, nelems=13, elem type=char)
OBJ b236fa0 (sz=24, trace=3446, class=java.lang.String@6aeef0)
	value		b235110
ARR b236f00 (sz=32, trace=3447, nelems=8, elem type=char)
OBJ b236ee0 (sz=24, trace=3447, class=java.lang.String@6aeef0)
	value		b236f00
ARR b236e60 (sz=48, trace=3448, nelems=15, elem type=char)
OBJ b236e40 (sz=24, trace=3448, class=java.lang.String@6aeef0)
	value		b236e60
ARR b236cc0 (sz=64, trace=3451, nelems=24, elem type=char)
OBJ b236ca0 (sz=24, trace=3451, class=java.lang.String@6aeef0)
	value		b236cc0
ARR b2367c0 (sz=56, trace=3460, nelems=21, elem type=char)
OBJ b236700 (sz=24, trace=3460, class=java.lang.String@6aeef0)
	value		b2367c0
ARR b236520 (sz=32, trace=3461, nelems=9, elem type=char)
OBJ b2364c0 (sz=24, trace=3461, class=java.lang.String@6aeef0)
	value		b236520
ARR b236460 (sz=40, trace=3462, nelems=14, elem type=char)
OBJ b236440 (sz=24, trace=3462, class=java.lang.String@6aeef0)
	value		b236460
ARR b23c5f0 (sz=40, trace=3467, nelems=11, elem type=char)
OBJ b23c5b0 (sz=24, trace=3467, class=java.lang.String@6aeef0)
	value		b23c5f0
ARR b23fae0 (sz=32, trace=3474, nelems=8, elem type=char)
OBJ b23fa00 (sz=24, trace=3474, class=java.lang.String@6aeef0)
	value		b23fae0
ARR b23f840 (sz=32, trace=3475, nelems=9, elem type=char)
OBJ b23f820 (sz=24, trace=3475, class=java.lang.String@6aeef0)
	value		b23f840
ARR b23f780 (sz=32, trace=3476, nelems=10, elem type=char)
OBJ b23f740 (sz=24, trace=3476, class=java.lang.String@6aeef0)
	value		b23f780
ARR b240990 (sz=32, trace=3477, nelems=9, elem type=char)
OBJ b240970 (sz=24, trace=3477, class=java.lang.String@6aeef0)
	value		b240990
ARR b2425d0 (sz=24, trace=3478, nelems=5, elem type=char)
OBJ b242520 (sz=24, trace=3478, class=java.lang.String@6aeef0)
	value		b2425d0
ARR b242470 (sz=24, trace=3479, nelems=6, elem type=char)
OBJ b242430 (sz=24, trace=3479, class=java.lang.String@6aeef0)
	value		b242470
ARR b08cce0 (sz=72, trace=1, nelems=27, elem type=char)
OBJ b08cd00 (sz=24, trace=1, class=java.lang.String@6aeef0)
	value		b08cce0
ARR b037240 (sz=120, trace=1, nelems=54, elem type=char)
OBJ b037260 (sz=24, trace=1, class=java.lang.String@6aeef0)
	value		b037240
ARR b0372e0 (sz=40, trace=1, nelems=14, elem type=char)
OBJ b037300 (sz=24, trace=1, class=java.lang.String@6aeef0)
	value		b0372e0
ARR b293fe0 (sz=40, trace=3504, nelems=12, elem type=char)
OBJ b293f80 (sz=24, trace=3504, class=java.lang.String@6aeef0)
	value		b293fe0
ARR b293c30 (sz=32, trace=3510, nelems=8, elem type=char)
OBJ b293c10 (sz=24, trace=3510, class=java.lang.String@6aeef0)
	value		b293c30
ARR b0b17e0 (sz=48, trace=3511, nelems=18, elem type=char)
OBJ b0b1840 (sz=24, trace=3511, class=java.lang.String@6aeef0)
	value		b0b17e0
ARR b0b0c90 (sz=56, trace=3522, nelems=19, elem type=char)
OBJ b0b0e00 (sz=24, trace=3522, class=java.lang.String@6aeef0)
	value		b0b0c90
ARR b33b5c0 (sz=24, trace=3523, nelems=4, elem type=char)
OBJ b33b620 (sz=24, trace=3523, class=java.lang.String@6aeef0)
	value		b33b5c0
ARR b33a810 (sz=40, trace=3531, nelems=12, elem type=char)
OBJ b33a990 (sz=24, trace=3531, class=java.lang.String@6aeef0)
	value		b33a810
ARR b33aa50 (sz=48, trace=3534, nelems=16, elem type=char)
OBJ b33ac30 (sz=24, trace=3534, class=java.lang.String@6aeef0)
	value		b33aa50
ARR b33af20 (sz=48, trace=3538, nelems=17, elem type=char)
OBJ b33af40 (sz=24, trace=3538, class=java.lang.String@6aeef0)
	value		b33af20
ARR b339560 (sz=32, trace=3539, nelems=8, elem type=char)
OBJ b339580 (sz=24, trace=3539, class=java.lang.String@6aeef0)
	value		b339560
ARR b240e60 (sz=24, trace=3540, nelems=6, elem type=char)
OBJ b240e40 (sz=24, trace=3540, class=java.lang.String@6aeef0)
	value		b240e60
ARR b249c00 (sz=32, trace=3546, nelems=7, elem type=char)
OBJ b241980 (sz=24, trace=3546, class=java.lang.String@6aeef0)
	value		b249c00
ARR b09fda0 (sz=24, trace=3547, nelems=5, elem type=char)
OBJ b09fdc0 (sz=24, trace=3547, class=java.lang.String@6aeef0)
	value		b09fda0
ARR b047f20 (sz=32, trace=3548, nelems=7, elem type=char)
OBJ b047f40 (sz=24, trace=3548, class=java.lang.String@6aeef0)
	value		b047f20
ARR b040f60 (sz=32, trace=3549, nelems=8, elem type=char)
OBJ b03d1b0 (sz=24, trace=3549, class=java.lang.String@6aeef0)
	value		b040f60
ARR b036800 (sz=32, trace=3553, nelems=9, elem type=char)
OBJ b036e40 (sz=24, trace=3553, class=java.lang.String@6aeef0)
	value		b036800
ARR b018d20 (sz=32, trace=3557, nelems=8, elem type=char)
OBJ b018e00 (sz=24, trace=3557, class=java.lang.String@6aeef0)
	value		b018d20
ARR b017680 (sz=32, trace=3558, nelems=8, elem type=char)
OBJ b0153a0 (sz=24, trace=3558, class=java.lang.String@6aeef0)
	value		b017680
ARR b010610 (sz=32, trace=3559, nelems=8, elem type=char)
OBJ b010710 (sz=24, trace=3559, class=java.lang.String@6aeef0)
	value		b010610
ARR b001e80 (sz=96, trace=1, nelems=39, elem type=char)
OBJ b001ea0 (sz=24, trace=1, class=java.lang.String@6aeef0)
	value		b001e80
ARR aff9ec0 (sz=56, trace=1, nelems=21, elem type=char)
OBJ aff9ee0 (sz=24, trace=1, class=java.lang.String@6aeef0)
	value		aff9ec0
ARR aff9f20 (sz=64, trace=1, nelems=24, elem type=char)
OBJ aff9f40 (sz=24, trace=1, class=java.lang.String@6aeef0)
	value		aff9f20
ARR aff78c0 (sz=56, trace=1, nelems=19, elem type=char)
OBJ aff78e0 (sz=24, trace=1, class=java.lang.String@6aeef0)
	value		aff78c0
ARR aff7a60 (sz=72, trace=1, nelems=30, elem type=char)
OBJ aff7a80 (sz=24, trace=1, class=java.lang.String@6aeef0)
	value		aff7a60
ARR aff7aa0 (sz=72, trace=1, nelems=28, elem type=char)
OBJ aff7b60 (sz=24, trace=1, class=java.lang.String@6aeef0)
	value		aff7aa0
ARR aff7b80 (sz=56, trace=1, nelems=22, elem type=char)
OBJ aff7be0 (sz=24, trace=1, class=java.lang.String@6aeef0)
	value		aff7b80
ARR b0a9460 (sz=120, trace=1, nelems=51, elem type=char)
OBJ b0a9400 (sz=24, trace=1, class=java.lang.String@6aeef0)
	value		b0a9460
ARR b0a93e0 (sz=88, trace=1, nelems=36, elem type=char)
OBJ b0a93c0 (sz=24, trace=1, class=java.lang.String@6aeef0)
	value		b0a93e0
ARR b008a60 (sz=40, trace=1, nelems=12, elem type=char)
OBJ b008bc0 (sz=24, trace=1, class=java.lang.String@6aeef0)
	value		b008a60
ARR b00e900 (sz=24, trace=3562, nelems=6, elem type=char)
OBJ b00e800 (sz=24, trace=3562, class=java.lang.String@6aeef0)
	value		b00e900
ARR b011e10 (sz=24, trace=3572, nelems=3, elem type=char)
OBJ b015980 (sz=24, trace=3572, class=java.lang.String@6aeef0)
	value		b011e10
ARR b0189a0 (sz=32, trace=3585, nelems=7, elem type=char)
OBJ b018980 (sz=24, trace=3585, class=java.lang.String@6aeef0)
	value		b0189a0
ARR b018860 (sz=32, trace=3586, nelems=7, elem type=char)
OBJ b018800 (sz=24, trace=3586, class=java.lang.String@6aeef0)
	value		b018860
ARR b02a930 (sz=32, trace=3598, nelems=8, elem type=char)
OBJ b041fe0 (sz=24, trace=3598, class=java.lang.String@6aeef0)
	value		b02a930
ARR b346560 (sz=40, trace=3599, nelems=11, elem type=char)
OBJ b349c70 (sz=24, trace=3599, class=java.lang.String@6aeef0)
	value		b346560
ARR b321ee0 (sz=40, trace=3603, nelems=12, elem type=char)
OBJ b321f00 (sz=24, trace=3603, class=java.lang.String@6aeef0)
	value		b321ee0
ARR b320010 (sz=48, trace=3604, nelems=16, elem type=char)
OBJ b320030 (sz=24, trace=3604, class=java.lang.String@6aeef0)
	value		b320010
ARR b31fc20 (sz=32, trace=3613, nelems=9, elem type=char)
OBJ b31fc40 (sz=24, trace=3613, class=java.lang.String@6aeef0)
	value		b31fc20
ARR b31fdc0 (sz=40, trace=3617, nelems=11, elem type=char)
OBJ b31fde0 (sz=24, trace=3617, class=java.lang.String@6aeef0)
	value		b31fdc0
ARR b31fe40 (sz=48, trace=3618, nelems=17, elem type=char)
OBJ b31fe60 (sz=24, trace=3618, class=java.lang.String@6aeef0)
	value		b31fe40
ARR b31e2e0 (sz=48, trace=3622, nelems=18, elem type=char)
OBJ b31e300 (sz=24, trace=3622, class=java.lang.String@6aeef0)
	value		b31e2e0
ARR b31ea00 (sz=40, trace=3630, nelems=12, elem type=char)
OBJ b31ea20 (sz=24, trace=3630, class=java.lang.String@6aeef0)
	value		b31ea00
ARR b31d750 (sz=32, trace=3631, nelems=10, elem type=char)
OBJ b31d770 (sz=24, trace=3631, class=java.lang.String@6aeef0)
	value		b31d750
ARR b312280 (sz=32, trace=3632, nelems=8, elem type=char)
OBJ b312300 (sz=24, trace=3632, class=java.lang.String@6aeef0)
	value		b312280
ARR b3127c0 (sz=32, trace=3636, nelems=9, elem type=char)
OBJ b3127e0 (sz=24, trace=3636, class=java.lang.String@6aeef0)
	value		b3127c0
ARR 75c010 (sz=72, trace=1, nelems=30, elem type=char)
OBJ 75c070 (sz=24, trace=1, class=java.lang.String@6aeef0)
	value		75c010
ARR b333a80 (sz=72, trace=1, nelems=30, elem type=char)
OBJ b333aa0 (sz=24, trace=1, class=java.lang.String@6aeef0)
	value		b333a80
ARR b333b00 (sz=16, trace=0, nelems=1, elem type=int)
ARR b000330 (sz=40, trace=1, nelems=12, elem type=char)
OBJ b000310 (sz=24, trace=1, class=java.lang.String@6aeef0)
	value		b000330
ARR b0002f0 (sz=48, trace=1, nelems=16, elem type=char)
OBJ b000050 (sz=24, trace=1, class=java.lang.String@6aeef0)
	value		b0002f0
ARR b3364c0 (sz=72, trace=1, nelems=27, elem type=char)
OBJ b3364e0 (sz=24, trace=1, class=java.lang.String@6aeef0)
	value		b3364c0
ARR b335940 (sz=80, trace=1, nelems=32, elem type=char)
OBJ b3359e0 (sz=24, trace=1, class=java.lang.String@6aeef0)
	value		b335940
ARR b3335c0 (sz=80, trace=1, nelems=32, elem type=char)
OBJ b0b41a0 (sz=24, trace=1, class=java.lang.String@6aeef0)
	value		b3335c0
ARR b0b22a0 (sz=16, trace=1, nelems=2, elem type=char)
OBJ b0b22c0 (sz=24, trace=1, class=java.lang.String@6aeef0)
	value		b0b22a0
ARR b0b1ab0 (sz=32, trace=1, nelems=8, elem type=char)
OBJ b0affc0 (sz=24, trace=1, class=java.lang.String@6aeef0)
	value		b0b1ab0
ARR b0a8840 (sz=24, trace=1, nelems=4, elem type=char)
OBJ b0025a0 (sz=24, trace=1, class=java.lang.String@6aeef0)
	value		b0a8840
ARR b07f790 (sz=48, trace=1, nelems=16, elem type=char)
OBJ b2929f0 (sz=24, trace=1, class=java.lang.String@6aeef0)
	value		b07f790
ARR b277880 (sz=80, trace=1, nelems=33, elem type=char)
OBJ b2922a0 (sz=24, trace=1, class=java.lang.String@6aeef0)
	value		b277880
ARR afee120 (sz=24, trace=1, nelems=6, elem type=char)
OBJ b0a8660 (sz=24, trace=1, class=java.lang.String@6aeef0)
	value		afee120
ARR b0acd40 (sz=48, trace=1, nelems=18, elem type=char)
OBJ b0b1a10 (sz=24, trace=1, class=java.lang.String@6aeef0)
	value		b0acd40
ARR b0b2c90 (sz=48, trace=1, nelems=18, elem type=char)
OBJ b0b2a90 (sz=24, trace=1, class=java.lang.String@6aeef0)
	value		b0b2c90
ARR b0b3a90 (sz=88, trace=1, nelems=37, elem type=char)
OBJ b0b3890 (sz=24, trace=1, class=java.lang.String@6aeef0)
	value		b0b3a90
ARR b0b3830 (sz=56, trace=1, nelems=21, elem type=char)
OBJ b0b42c0 (sz=24, trace=1, class=java.lang.String@6aeef0)
	value		b0b3830
ARR b310940 (sz=32, trace=3644, nelems=10, elem type=char)
OBJ b310920 (sz=24, trace=3644, class=java.lang.String@6aeef0)
	value		b310940
ARR b310760 (sz=40, trace=3645, nelems=11, elem type=char)
OBJ b310740 (sz=24, trace=3645, class=java.lang.String@6aeef0)
	value		b310760
ARR b312840 (sz=32, trace=3652, nelems=10, elem type=char)
OBJ b312760 (sz=24, trace=3652, class=java.lang.String@6aeef0)
	value		b312840
ARR b312140 (sz=40, trace=3653, nelems=11, elem type=char)
OBJ b312120 (sz=24, trace=3653, class=java.lang.String@6aeef0)
	value		b312140
ARR b314c40 (sz=32, trace=3658, nelems=9, elem type=char)
OBJ b314be0 (sz=24, trace=3658, class=java.lang.String@6aeef0)
	value		b314c40
ARR b31a6e0 (sz=40, trace=3669, nelems=12, elem type=char)
OBJ b31a6c0 (sz=24, trace=3669, class=java.lang.String@6aeef0)
	value		b31a6e0
ARR b31a660 (sz=24, trace=3670, nelems=6, elem type=char)
OBJ b31a640 (sz=24, trace=3670, class=java.lang.String@6aeef0)
	value		b31a660
ARR b31a2e0 (sz=32, trace=3674, nelems=7, elem type=char)
OBJ b31a2c0 (sz=24, trace=3674, class=java.lang.String@6aeef0)
	value		b31a2e0
ARR b31c6d0 (sz=40, trace=3682, nelems=12, elem type=char)
OBJ b31c5f0 (sz=24, trace=3682, class=java.lang.String@6aeef0)
	value		b31c6d0
ARR b31c3d0 (sz=40, trace=3683, nelems=14, elem type=char)
OBJ b31c3b0 (sz=24, trace=3683, class=java.lang.String@6aeef0)
	value		b31c3d0
ARR b3400e0 (sz=48, trace=3696, nelems=15, elem type=char)
OBJ b340100 (sz=24, trace=3696, class=java.lang.String@6aeef0)
	value		b3400e0
ARR b33e120 (sz=40, trace=3698, nelems=14, elem type=char)
OBJ b33e160 (sz=24, trace=3698, class=java.lang.String@6aeef0)
	value		b33e120
ARR b338120 (sz=64, trace=3709, nelems=23, elem type=char)
OBJ b339fe0 (sz=24, trace=3709, class=java.lang.String@6aeef0)
	value		b338120
ARR b33a7d0 (sz=56, trace=3715, nelems=20, elem type=char)
OBJ b33a450 (sz=24, trace=3715, class=java.lang.String@6aeef0)
	value		b33a7d0
ARR b290c10 (sz=32, trace=3716, nelems=9, elem type=char)
OBJ b290cb0 (sz=24, trace=3716, class=java.lang.String@6aeef0)
	value		b290c10
ARR b066de0 (sz=32, trace=3720, nelems=10, elem type=char)
OBJ b066dc0 (sz=24, trace=3720, class=java.lang.String@6aeef0)
	value		b066de0
ARR b23d6d0 (sz=40, trace=3721, nelems=11, elem type=char)
OBJ b23d870 (sz=24, trace=3721, class=java.lang.String@6aeef0)
	value		b23d6d0
ARR b0b91c0 (sz=40, trace=3734, nelems=12, elem type=char)
OBJ b0b9260 (sz=24, trace=3734, class=java.lang.String@6aeef0)
	value		b0b91c0
ARR b248f80 (sz=72, trace=1, nelems=27, elem type=char)
OBJ b248fa0 (sz=24, trace=1, class=java.lang.String@6aeef0)
	value		b248f80
ARR b0bf050 (sz=72, trace=1, nelems=27, elem type=char)
OBJ b247080 (sz=24, trace=1, class=java.lang.String@6aeef0)
	value		b0bf050
ARR b2470a0 (sz=48, trace=1, nelems=18, elem type=char)
OBJ b247240 (sz=24, trace=1, class=java.lang.String@6aeef0)
	value		b2470a0
ARR b2476e0 (sz=56, trace=1, nelems=21, elem type=char)
OBJ b247700 (sz=24, trace=1, class=java.lang.String@6aeef0)
	value		b2476e0
ARR b247880 (sz=56, trace=1, nelems=19, elem type=char)
OBJ b2478a0 (sz=24, trace=1, class=java.lang.String@6aeef0)
	value		b247880
ARR b333a20 (sz=32, trace=0, nelems=5, elem type=int)
ARR b02aca0 (sz=32, trace=1, nelems=8, elem type=char)
OBJ b029120 (sz=24, trace=1, class=java.lang.String@6aeef0)
	value		b02aca0
ARR b3884a0 (sz=80, trace=1, nelems=32, elem type=char)
OBJ b3884c0 (sz=24, trace=1, class=java.lang.String@6aeef0)
	value		b3884a0
ARR b3884e0 (sz=64, trace=1, nelems=23, elem type=char)
OBJ b388500 (sz=24, trace=1, class=java.lang.String@6aeef0)
	value		b3884e0
ARR b316ae0 (sz=48, trace=1, nelems=17, elem type=char)
OBJ b316b00 (sz=24, trace=1, class=java.lang.String@6aeef0)
	value		b316ae0
ARR b316b40 (sz=48, trace=1, nelems=18, elem type=char)
OBJ b316c20 (sz=24, trace=1, class=java.lang.String@6aeef0)
	value		b316b40
ARR b316c40 (sz=64, trace=1, nelems=23, elem type=char)
OBJ b316ce0 (sz=24, trace=1, class=java.lang.String@6aeef0)
	value		b316c40
ARR b316d20 (sz=72, trace=1, nelems=28, elem type=char)
OBJ b316d60 (sz=24, trace=1, class=java.lang.String@6aeef0)
	value		b316d20
ARR b316dc0 (sz=64, trace=1, nelems=25, elem type=char)
OBJ b316de0 (sz=24, trace=1, class=java.lang.String@6aeef0)
	value		b316dc0
ARR b316ea0 (sz=48, trace=1, nelems=17, elem type=char)
OBJ b316ec0 (sz=24, trace=1, class=java.lang.String@6aeef0)
	value		b316ea0
ARR b316ee0 (sz=48, trace=1, nelems=18, elem type=char)
OBJ b315180 (sz=24, trace=1, class=java.lang.String@6aeef0)
	value		b316ee0
ARR b315420 (sz=56, trace=1, nelems=21, elem type=char)
OBJ b315ac0 (sz=24, trace=1, class=java.lang.String@6aeef0)
	value		b315420
ARR b380180 (sz=48, trace=3750, nelems=15, elem type=char)
OBJ b3801c0 (sz=24, trace=3750, class=java.lang.String@6aeef0)
	value		b380180
ARR b379120 (sz=32, trace=3751, nelems=8, elem type=char)
OBJ b379140 (sz=24, trace=3751, class=java.lang.String@6aeef0)
	value		b379120
ARR b318620 (sz=32, trace=3758, nelems=9, elem type=char)
OBJ b3187c0 (sz=24, trace=3758, class=java.lang.String@6aeef0)
	value		b318620
ARR b318c40 (sz=32, trace=3759, nelems=8, elem type=char)
OBJ b318c60 (sz=24, trace=3759, class=java.lang.String@6aeef0)
	value		b318c40
ARR aff6a40 (sz=32, trace=3766, nelems=9, elem type=char)
OBJ afea570 (sz=24, trace=3766, class=java.lang.String@6aeef0)
	value		aff6a40
ARR afcbbf0 (sz=32, trace=3767, nelems=10, elem type=char)
OBJ afcdad0 (sz=24, trace=3767, class=java.lang.String@6aeef0)
	value		afcbbf0
ARR aff0550 (sz=40, trace=3771, nelems=11, elem type=char)
OBJ aff0120 (sz=24, trace=3771, class=java.lang.String@6aeef0)
	value		aff0550
ARR afff0c0 (sz=32, trace=3772, nelems=10, elem type=char)
OBJ b0010b0 (sz=24, trace=3772, class=java.lang.String@6aeef0)
	value		afff0c0
ARR b03e580 (sz=40, trace=3776, nelems=11, elem type=char)
OBJ b03fda0 (sz=24, trace=3776, class=java.lang.String@6aeef0)
	value		b03e580
ARR b0ab920 (sz=32, trace=3777, nelems=8, elem type=char)
OBJ b293510 (sz=24, trace=3777, class=java.lang.String@6aeef0)
	value		b0ab920
ARR b26f090 (sz=32, trace=3781, nelems=9, elem type=char)
OBJ b0681e0 (sz=24, trace=3781, class=java.lang.String@6aeef0)
	value		b26f090
ARR b294b30 (sz=32, trace=3786, nelems=9, elem type=char)
OBJ b294a50 (sz=24, trace=3786, class=java.lang.String@6aeef0)
	value		b294b30
ARR b0aa6a0 (sz=32, trace=3791, nelems=10, elem type=char)
OBJ b0aa680 (sz=24, trace=3791, class=java.lang.String@6aeef0)
	value		b0aa6a0
ARR b0abf00 (sz=40, trace=3425, nelems=11, elem type=char)
OBJ b0abee0 (sz=24, trace=3425, class=java.lang.String@6aeef0)
	value		b0abf00
ARR b0ad3a0 (sz=32, trace=3794, nelems=8, elem type=char)
OBJ b0ad260 (sz=24, trace=3794, class=java.lang.String@6aeef0)
	value		b0ad3a0
ARR b3157a0 (sz=32, trace=3799, nelems=9, elem type=char)
OBJ b315840 (sz=24, trace=3799, class=java.lang.String@6aeef0)
	value		b3157a0
ARR b314380 (sz=32, trace=3800, nelems=8, elem type=char)
OBJ b314460 (sz=24, trace=3800, class=java.lang.String@6aeef0)
	value		b314380
ARR b06b630 (sz=32, trace=3806, nelems=9, elem type=char)
OBJ afc9f40 (sz=24, trace=3806, class=java.lang.String@6aeef0)
	value		b06b630
ARR b292f80 (sz=40, trace=3807, nelems=14, elem type=char)
OBJ b0b3b70 (sz=24, trace=3807, class=java.lang.String@6aeef0)
	value		b292f80
ARR aff7f40 (sz=48, trace=3811, nelems=15, elem type=char)
OBJ aff3ca0 (sz=24, trace=3811, class=java.lang.String@6aeef0)
	value		aff7f40
ARR b317f00 (sz=32, trace=1, nelems=10, elem type=char)
OBJ b316440 (sz=24, trace=1, class=java.lang.String@6aeef0)
	value		b317f00
ARR b3164c0 (sz=16, trace=1, nelems=2, elem type=char)
OBJ b316920 (sz=24, trace=1, class=java.lang.String@6aeef0)
	value		b3164c0
ARR b3200f0 (sz=120, trace=1, nelems=53, elem type=char)
OBJ b3200d0 (sz=24, trace=1, class=java.lang.String@6aeef0)
	value		b3200f0
ARR b3200b0 (sz=96, trace=1, nelems=40, elem type=char)
OBJ b320090 (sz=24, trace=1, class=java.lang.String@6aeef0)
	value		b3200b0
ARR b320070 (sz=120, trace=1, nelems=52, elem type=char)
OBJ b320050 (sz=24, trace=1, class=java.lang.String@6aeef0)
	value		b320070
ARR b321fe0 (sz=64, trace=1, nelems=23, elem type=char)
OBJ b321fc0 (sz=24, trace=1, class=java.lang.String@6aeef0)
	value		b321fe0
ARR b37a4e0 (sz=56, trace=1, nelems=21, elem type=char)
OBJ b37a500 (sz=24, trace=1, class=java.lang.String@6aeef0)
	value		b37a4e0
ARR b37a520 (sz=48, trace=1, nelems=18, elem type=char)
OBJ b37a540 (sz=24, trace=1, class=java.lang.String@6aeef0)
	value		b37a520
ARR b326ce0 (sz=24, trace=1, nelems=3, elem type=char)
OBJ b326cc0 (sz=24, trace=1, class=java.lang.String@6aeef0)
	value		b326ce0
ARR b333a00 (sz=1064, trace=0, nelems=263, elem type=int)
ARR b3339a0 (sz=288, trace=0, nelems=69, elem type=int)
ARR b072300 (sz=72, trace=3817, nelems=29, elem type=char)
OBJ b072320 (sz=24, trace=3817, class=java.lang.String@6aeef0)
	value		b072300
ARR b072340 (sz=56, trace=3818, nelems=21, elem type=char)
OBJ b0723a0 (sz=24, trace=3818, class=java.lang.String@6aeef0)
	value		b072340
ARR b333980 (sz=104, trace=0, nelems=23, elem type=int)
ARR 7641c0 (sz=48, trace=3834, nelems=15, elem type=char)
OBJ 764280 (sz=24, trace=3834, class=java.lang.String@6aeef0)
	value		7641c0
ARR b392420 (sz=824, trace=289, nelems=808, elem type=byte)
ARR b392440 (sz=40, trace=289, nelems=12, elem type=short)
CLS b392480 (name=org.apache.xerces.util.EncodingMap, trace=289)
	super		6ae810
	loader		6bae30
	domain		affe650
	static fJava2IANAMap	b0a8960
	static fIANA2JavaMap	b0a8780
ARR b392600 (sz=24, trace=3835, nelems=4, elem type=char)
OBJ b392620 (sz=24, trace=3835, class=java.lang.String@6aeef0)
	value		b392600
ARR b392640 (sz=24, trace=3835, nelems=4, elem type=char)
OBJ b392660 (sz=24, trace=3835, class=java.lang.String@6aeef0)
	value		b392640
ARR b3926c0 (sz=24, trace=3835, nelems=6, elem type=char)
OBJ b3926e0 (sz=24, trace=3835, class=java.lang.String@6aeef0)
	value		b3926c0
ARR b392740 (sz=24, trace=3835, nelems=5, elem type=char)
OBJ b392760 (sz=24, trace=3835, class=java.lang.String@6aeef0)
	value		b392740
ARR b392880 (sz=24, trace=3835, nelems=6, elem type=char)
OBJ b392900 (sz=24, trace=3835, class=java.lang.String@6aeef0)
	value		b392880
ARR b3929a0 (sz=32, trace=3835, nelems=8, elem type=char)
OBJ b3929c0 (sz=24, trace=3835, class=java.lang.String@6aeef0)
	value		b3929a0
ARR b392a60 (sz=40, trace=3835, nelems=12, elem type=char)
OBJ b392ac0 (sz=24, trace=3835, class=java.lang.String@6aeef0)
	value		b392a60
ARR b392b20 (sz=40, trace=3835, nelems=12, elem type=char)
OBJ b392b60 (sz=24, trace=3835, class=java.lang.String@6aeef0)
	value		b392b20
ARR b392ba0 (sz=40, trace=3835, nelems=12, elem type=char)
OBJ b392bc0 (sz=24, trace=3835, class=java.lang.String@6aeef0)
	value		b392ba0
ARR b392c00 (sz=40, trace=3835, nelems=12, elem type=char)
OBJ b392c20 (sz=24, trace=3835, class=java.lang.String@6aeef0)
	value		b392c00
ARR b392c80 (sz=24, trace=3835, nelems=6, elem type=char)
OBJ b392ca0 (sz=24, trace=3835, class=java.lang.String@6aeef0)
	value		b392c80
ARR b392cc0 (sz=24, trace=3835, nelems=5, elem type=char)
OBJ b392ce0 (sz=24, trace=3835, class=java.lang.String@6aeef0)
	value		b392cc0
ARR b392d40 (sz=32, trace=3835, nelems=8, elem type=char)
OBJ b392d60 (sz=24, trace=3835, class=java.lang.String@6aeef0)
	value		b392d40
ARR b392da0 (sz=24, trace=3835, nelems=6, elem type=char)
OBJ b392dc0 (sz=24, trace=3835, class=java.lang.String@6aeef0)
	value		b392da0
ARR b392de0 (sz=24, trace=3835, nelems=5, elem type=char)
OBJ b392e00 (sz=24, trace=3835, class=java.lang.String@6aeef0)
	value		b392de0
ARR b392e60 (sz=32, trace=3835, nelems=8, elem type=char)
OBJ b392e80 (sz=24, trace=3835, class=java.lang.String@6aeef0)
	value		b392e60
ARR b392ec0 (sz=40, trace=3835, nelems=12, elem type=char)
OBJ b392ee0 (sz=24, trace=3835, class=java.lang.String@6aeef0)
	value		b392ec0
ARR b392f20 (sz=40, trace=3835, nelems=12, elem type=char)
OBJ b392f40 (sz=24, trace=3835, class=java.lang.String@6aeef0)
	value		b392f20
ARR b3910a0 (sz=24, trace=3835, nelems=6, elem type=char)
OBJ b3910c0 (sz=24, trace=3835, class=java.lang.String@6aeef0)
	value		b3910a0
ARR b3910e0 (sz=24, trace=3835, nelems=5, elem type=char)
OBJ b391100 (sz=24, trace=3835, class=java.lang.String@6aeef0)
	value		b3910e0
ARR b391180 (sz=32, trace=3835, nelems=8, elem type=char)
OBJ b3911a0 (sz=24, trace=3835, class=java.lang.String@6aeef0)
	value		b391180
ARR b3911e0 (sz=40, trace=3835, nelems=12, elem type=char)
OBJ b391200 (sz=24, trace=3835, class=java.lang.String@6aeef0)
	value		b3911e0
ARR b391240 (sz=40, trace=3835, nelems=12, elem type=char)
OBJ b391260 (sz=24, trace=3835, class=java.lang.String@6aeef0)
	value		b391240
ARR b3912a0 (sz=24, trace=3835, nelems=6, elem type=char)
OBJ b3912c0 (sz=24, trace=3835, class=java.lang.String@6aeef0)
	value		b3912a0
ARR b3912e0 (sz=24, trace=3835, nelems=5, elem type=char)
OBJ b391300 (sz=24, trace=3835, class=java.lang.String@6aeef0)
	value		b3912e0
ARR b391360 (sz=32, trace=3835, nelems=8, elem type=char)
OBJ b391380 (sz=24, trace=3835, class=java.lang.String@6aeef0)
	value		b391360
ARR b3913c0 (sz=40, trace=3835, nelems=12, elem type=char)
OBJ b3913e0 (sz=24, trace=3835, class=java.lang.String@6aeef0)
	value		b3913c0
ARR b391420 (sz=24, trace=3835, nelems=6, elem type=char)
OBJ b391440 (sz=24, trace=3835, class=java.lang.String@6aeef0)
	value		b391420
ARR b391520 (sz=24, trace=3835, nelems=5, elem type=char)
OBJ b391540 (sz=24, trace=3835, class=java.lang.String@6aeef0)
	value		b391520
ARR b3915a0 (sz=32, trace=3835, nelems=8, elem type=char)
OBJ b3915c0 (sz=24, trace=3835, class=java.lang.String@6aeef0)
	value		b3915a0
ARR b391600 (sz=40, trace=3835, nelems=12, elem type=char)
OBJ b391620 (sz=24, trace=3835, class=java.lang.String@6aeef0)
	value		b391600
ARR b391660 (sz=40, trace=3835, nelems=12, elem type=char)
OBJ b391700 (sz=24, trace=3835, class=java.lang.String@6aeef0)
	value		b391660
ARR b391860 (sz=24, trace=3835, nelems=5, elem type=char)
OBJ b3919a0 (sz=24, trace=3835, class=java.lang.String@6aeef0)
	value		b391860
ARR b391aa0 (sz=24, trace=3835, nelems=6, elem type=char)
OBJ b391ac0 (sz=24, trace=3835, class=java.lang.String@6aeef0)
	value		b391aa0
ARR b391b20 (sz=32, trace=3835, nelems=8, elem type=char)
OBJ b391b40 (sz=24, trace=3835, class=java.lang.String@6aeef0)
	value		b391b20
ARR b391b80 (sz=40, trace=3835, nelems=14, elem type=char)
OBJ b391ba0 (sz=24, trace=3835, class=java.lang.String@6aeef0)
	value		b391b80
ARR b391bc0 (sz=24, trace=3835, nelems=5, elem type=char)
OBJ b391be0 (sz=24, trace=3835, class=java.lang.String@6aeef0)
	value		b391bc0
ARR b391c20 (sz=24, trace=3835, nelems=6, elem type=char)
OBJ b391c40 (sz=24, trace=3835, class=java.lang.String@6aeef0)
	value		b391c20
ARR b391cc0 (sz=32, trace=3835, nelems=8, elem type=char)
OBJ b391ce0 (sz=24, trace=3835, class=java.lang.String@6aeef0)
	value		b391cc0
ARR b391d20 (sz=40, trace=3835, nelems=12, elem type=char)
OBJ b391d40 (sz=24, trace=3835, class=java.lang.String@6aeef0)
	value		b391d20
ARR b391d60 (sz=24, trace=3835, nelems=5, elem type=char)
OBJ b391e80 (sz=24, trace=3835, class=java.lang.String@6aeef0)
	value		b391d60
ARR b391ec0 (sz=24, trace=3835, nelems=6, elem type=char)
OBJ b391ee0 (sz=24, trace=3835, class=java.lang.String@6aeef0)
	value		b391ec0
ARR b391f40 (sz=32, trace=3835, nelems=8, elem type=char)
OBJ b391f60 (sz=24, trace=3835, class=java.lang.String@6aeef0)
	value		b391f40
ARR b391fa0 (sz=40, trace=3835, nelems=13, elem type=char)
OBJ b391fc0 (sz=24, trace=3835, class=java.lang.String@6aeef0)
	value		b391fa0
ARR b391fe0 (sz=24, trace=3835, nelems=5, elem type=char)
OBJ b390020 (sz=24, trace=3835, class=java.lang.String@6aeef0)
	value		b391fe0
ARR b390060 (sz=24, trace=3835, nelems=6, elem type=char)
OBJ b390080 (sz=24, trace=3835, class=java.lang.String@6aeef0)
	value		b390060
ARR b3900e0 (sz=32, trace=3835, nelems=8, elem type=char)
OBJ b390120 (sz=24, trace=3835, class=java.lang.String@6aeef0)
	value		b3900e0
ARR b390160 (sz=40, trace=3835, nelems=12, elem type=char)
OBJ b390180 (sz=24, trace=3835, class=java.lang.String@6aeef0)
	value		b390160
ARR b3901a0 (sz=24, trace=3835, nelems=5, elem type=char)
OBJ b3901e0 (sz=24, trace=3835, class=java.lang.String@6aeef0)
	value		b3901a0
ARR b390220 (sz=24, trace=3835, nelems=6, elem type=char)
OBJ b3903e0 (sz=24, trace=3835, class=java.lang.String@6aeef0)
	value		b390220
ARR b390540 (sz=32, trace=3835, nelems=8, elem type=char)
OBJ b390560 (sz=24, trace=3835, class=java.lang.String@6aeef0)
	value		b390540
ARR b3905a0 (sz=24, trace=3835, nelems=6, elem type=char)
OBJ b3905c0 (sz=24, trace=3835, class=java.lang.String@6aeef0)
	value		b3905a0
ARR b3905e0 (sz=24, trace=3835, nelems=5, elem type=char)
OBJ b390840 (sz=24, trace=3835, class=java.lang.String@6aeef0)
	value		b3905e0
ARR b3909a0 (sz=24, trace=3835, nelems=3, elem type=char)
OBJ b3909c0 (sz=24, trace=3835, class=java.lang.String@6aeef0)
	value		b3909a0
ARR b390a20 (sz=48, trace=3835, nelems=16, elem type=char)
OBJ b390a40 (sz=24, trace=3835, class=java.lang.String@6aeef0)
	value		b390a20
ARR b390a80 (sz=40, trace=3835, nelems=12, elem type=char)
OBJ b390aa0 (sz=24, trace=3835, class=java.lang.String@6aeef0)
	value		b390a80
ARR b390ac0 (sz=24, trace=3835, nelems=5, elem type=char)
OBJ b390ae0 (sz=24, trace=3835, class=java.lang.String@6aeef0)
	value		b390ac0
ARR b390b20 (sz=24, trace=3835, nelems=6, elem type=char)
OBJ b390b40 (sz=24, trace=3835, class=java.lang.String@6aeef0)
	value		b390b20
ARR b390ba0 (sz=32, trace=3835, nelems=8, elem type=char)
OBJ b390bc0 (sz=24, trace=3835, class=java.lang.String@6aeef0)
	value		b390ba0
ARR b390e40 (sz=40, trace=3835, nelems=12, elem type=char)
OBJ b390e60 (sz=24, trace=3835, class=java.lang.String@6aeef0)
	value		b390e40
ARR b390ea0 (sz=24, trace=3835, nelems=6, elem type=char)
OBJ b390ec0 (sz=24, trace=3835, class=java.lang.String@6aeef0)
	value		b390ea0
ARR b390ee0 (sz=24, trace=3835, nelems=5, elem type=char)
OBJ b390f00 (sz=24, trace=3835, class=java.lang.String@6aeef0)
	value		b390ee0
ARR b390f60 (sz=40, trace=3835, nelems=13, elem type=char)
OBJ b390f80 (sz=24, trace=3835, class=java.lang.String@6aeef0)
	value		b390f60
ARR b390fc0 (sz=24, trace=3835, nelems=6, elem type=char)
OBJ b390fe0 (sz=24, trace=3835, class=java.lang.String@6aeef0)
	value		b390fc0
ARR b38f040 (sz=24, trace=3835, nelems=5, elem type=char)
OBJ b387040 (sz=24, trace=3835, class=java.lang.String@6aeef0)
	value		b38f040
ARR b38f2c0 (sz=24, trace=3835, nelems=3, elem type=char)
OBJ b38f2e0 (sz=24, trace=3835, class=java.lang.String@6aeef0)
	value		b38f2c0
ARR b38f340 (sz=56, trace=3835, nelems=19, elem type=char)
OBJ b38f360 (sz=24, trace=3835, class=java.lang.String@6aeef0)
	value		b38f340
ARR b38f4a0 (sz=24, trace=3835, nelems=6, elem type=char)
OBJ b38f560 (sz=24, trace=3835, class=java.lang.String@6aeef0)
	value		b38f4a0
ARR b38f920 (sz=24, trace=3835, nelems=5, elem type=char)
OBJ b38f940 (sz=24, trace=3835, class=java.lang.String@6aeef0)
	value		b38f920
ARR b38f980 (sz=24, trace=3835, nelems=3, elem type=char)
OBJ b38fb00 (sz=24, trace=3835, class=java.lang.String@6aeef0)
	value		b38f980
ARR b38fb60 (sz=32, trace=3835, nelems=8, elem type=char)
OBJ b38fc40 (sz=24, trace=3835, class=java.lang.String@6aeef0)
	value		b38fb60
ARR b38fde0 (sz=24, trace=3835, nelems=6, elem type=char)
OBJ b38fe20 (sz=24, trace=3835, class=java.lang.String@6aeef0)
	value		b38fde0
ARR b38fe40 (sz=24, trace=3835, nelems=5, elem type=char)
OBJ b38fe60 (sz=24, trace=3835, class=java.lang.String@6aeef0)
	value		b38fe40
ARR b38fea0 (sz=24, trace=3835, nelems=3, elem type=char)
OBJ b38fee0 (sz=24, trace=3835, class=java.lang.String@6aeef0)
	value		b38fea0
ARR b38ff80 (sz=32, trace=3835, nelems=8, elem type=char)
OBJ b38ffa0 (sz=24, trace=3835, class=java.lang.String@6aeef0)
	value		b38ff80
ARR b38ffe0 (sz=24, trace=3835, nelems=6, elem type=char)
OBJ b38e020 (sz=24, trace=3835, class=java.lang.String@6aeef0)
	value		b38ffe0
ARR b38e040 (sz=24, trace=3835, nelems=5, elem type=char)
OBJ b38e060 (sz=24, trace=3835, class=java.lang.String@6aeef0)
	value		b38e040
ARR b38e0a0 (sz=24, trace=3835, nelems=3, elem type=char)
OBJ b38e0c0 (sz=24, trace=3835, class=java.lang.String@6aeef0)
	value		b38e0a0
ARR b38e120 (sz=32, trace=3835, nelems=8, elem type=char)
OBJ b38e140 (sz=24, trace=3835, class=java.lang.String@6aeef0)
	value		b38e120
ARR b38e180 (sz=32, trace=3835, nelems=8, elem type=char)
OBJ b38e1a0 (sz=24, trace=3835, class=java.lang.String@6aeef0)
	value		b38e180
ARR b38e1c0 (sz=24, trace=3835, nelems=5, elem type=char)
OBJ b38e1e0 (sz=24, trace=3835, class=java.lang.String@6aeef0)
	value		b38e1c0
ARR b38e220 (sz=32, trace=3835, nelems=7, elem type=char)
OBJ b38e240 (sz=24, trace=3835, class=java.lang.String@6aeef0)
	value		b38e220
ARR b38e280 (sz=32, trace=3835, nelems=10, elem type=char)
OBJ b38e2a0 (sz=24, trace=3835, class=java.lang.String@6aeef0)
	value		b38e280
ARR b38e2e0 (sz=24, trace=3835, nelems=6, elem type=char)
OBJ b38e300 (sz=24, trace=3835, class=java.lang.String@6aeef0)
	value		b38e2e0
ARR b38e320 (sz=24, trace=3835, nelems=5, elem type=char)
OBJ b38e340 (sz=24, trace=3835, class=java.lang.String@6aeef0)
	value		b38e320
ARR b38e380 (sz=24, trace=3835, nelems=3, elem type=char)
OBJ b38e3a0 (sz=24, trace=3835, class=java.lang.String@6aeef0)
	value		b38e380
ARR b38e400 (sz=32, trace=3835, nelems=8, elem type=char)
OBJ b38e420 (sz=24, trace=3835, class=java.lang.String@6aeef0)
	value		b38e400
ARR b38e460 (sz=24, trace=3835, nelems=6, elem type=char)
OBJ b38e480 (sz=24, trace=3835, class=java.lang.String@6aeef0)
	value		b38e460
ARR b38e4a0 (sz=24, trace=3835, nelems=5, elem type=char)
OBJ b38e4c0 (sz=24, trace=3835, class=java.lang.String@6aeef0)
	value		b38e4a0
ARR b38e500 (sz=24, trace=3835, nelems=3, elem type=char)
OBJ b38e520 (sz=24, trace=3835, class=java.lang.String@6aeef0)
	value		b38e500
ARR b38e580 (sz=24, trace=3835, nelems=5, elem type=char)
OBJ b38e5a0 (sz=24, trace=3835, class=java.lang.String@6aeef0)
	value		b38e580
ARR b38e5e0 (sz=32, trace=3835, nelems=8, elem type=char)
OBJ b38e600 (sz=24, trace=3835, class=java.lang.String@6aeef0)
	value		b38e5e0
ARR b38e640 (sz=24, trace=3835, nelems=6, elem type=char)
OBJ b38e660 (sz=24, trace=3835, class=java.lang.String@6aeef0)
	value		b38e640
ARR b38e680 (sz=24, trace=3835, nelems=5, elem type=char)
OBJ b38e6a0 (sz=24, trace=3835, class=java.lang.String@6aeef0)
	value		b38e680
ARR b38e6e0 (sz=24, trace=3835, nelems=3, elem type=char)
OBJ b38e700 (sz=24, trace=3835, class=java.lang.String@6aeef0)
	value		b38e6e0
ARR b38e780 (sz=48, trace=3835, nelems=18, elem type=char)
OBJ b38e7c0 (sz=24, trace=3835, class=java.lang.String@6aeef0)
	value		b38e780
ARR b38e800 (sz=24, trace=3835, nelems=6, elem type=char)
OBJ b38e820 (sz=24, trace=3835, class=java.lang.String@6aeef0)
	value		b38e800
ARR b38e840 (sz=24, trace=3835, nelems=5, elem type=char)
OBJ b38e860 (sz=24, trace=3835, class=java.lang.String@6aeef0)
	value		b38e840
ARR b38e8a0 (sz=24, trace=3835, nelems=3, elem type=char)
OBJ b38e8c0 (sz=24, trace=3835, class=java.lang.String@6aeef0)
	value		b38e8a0
ARR b38e980 (sz=32, trace=3835, nelems=8, elem type=char)
OBJ b38e9a0 (sz=24, trace=3835, class=java.lang.String@6aeef0)
	value		b38e980
ARR b38e9e0 (sz=24, trace=3835, nelems=6, elem type=char)
OBJ b38ea00 (sz=24, trace=3835, class=java.lang.String@6aeef0)
	value		b38e9e0
ARR b38ea20 (sz=24, trace=3835, nelems=5, elem type=char)
OBJ b38ea40 (sz=24, trace=3835, class=java.lang.String@6aeef0)
	value		b38ea20
ARR b38eaa0 (sz=32, trace=3835, nelems=8, elem type=char)
OBJ b38eac0 (sz=24, trace=3835, class=java.lang.String@6aeef0)
	value		b38eaa0
ARR b38eb00 (sz=24, trace=3835, nelems=6, elem type=char)
OBJ b38eb20 (sz=24, trace=3835, class=java.lang.String@6aeef0)
	value		b38eb00
ARR b38eb40 (sz=24, trace=3835, nelems=5, elem type=char)
OBJ b38eb60 (sz=24, trace=3835, class=java.lang.String@6aeef0)
	value		b38eb40
ARR b38eba0 (sz=24, trace=3835, nelems=3, elem type=char)
OBJ b38ebc0 (sz=24, trace=3835, class=java.lang.String@6aeef0)
	value		b38eba0
ARR b38ed20 (sz=32, trace=3835, nelems=8, elem type=char)
OBJ b38ed40 (sz=24, trace=3835, class=java.lang.String@6aeef0)
	value		b38ed20
ARR b38d580 (sz=24, trace=3835, nelems=6, elem type=char)
OBJ b38d5c0 (sz=24, trace=3835, class=java.lang.String@6aeef0)
	value		b38d580
ARR b38d5e0 (sz=24, trace=3835, nelems=5, elem type=char)
OBJ b38d600 (sz=24, trace=3835, class=java.lang.String@6aeef0)
	value		b38d5e0
ARR b38d640 (sz=24, trace=3835, nelems=3, elem type=char)
OBJ b38d760 (sz=24, trace=3835, class=java.lang.String@6aeef0)
	value		b38d640
ARR b38da00 (sz=32, trace=3835, nelems=8, elem type=char)
OBJ b38dc20 (sz=24, trace=3835, class=java.lang.String@6aeef0)
	value		b38da00
ARR b38dee0 (sz=24, trace=3835, nelems=6, elem type=char)
OBJ b38cc80 (sz=24, trace=3835, class=java.lang.String@6aeef0)
	value		b38dee0
ARR b38cca0 (sz=24, trace=3835, nelems=5, elem type=char)
OBJ b38b040 (sz=24, trace=3835, class=java.lang.String@6aeef0)
	value		b38cca0
ARR b38b2a0 (sz=32, trace=3835, nelems=8, elem type=char)
OBJ b38b2c0 (sz=24, trace=3835, class=java.lang.String@6aeef0)
	value		b38b2a0
ARR b38b300 (sz=24, trace=3835, nelems=5, elem type=char)
OBJ b38b320 (sz=24, trace=3835, class=java.lang.String@6aeef0)
	value		b38b300
ARR b38b4a0 (sz=24, trace=3835, nelems=6, elem type=char)
OBJ b38b4e0 (sz=24, trace=3835, class=java.lang.String@6aeef0)
	value		b38b4a0
ARR b38b500 (sz=24, trace=3835, nelems=5, elem type=char)
OBJ b38b520 (sz=24, trace=3835, class=java.lang.String@6aeef0)
	value		b38b500
ARR b38b600 (sz=32, trace=3835, nelems=8, elem type=char)
OBJ b38b620 (sz=24, trace=3835, class=java.lang.String@6aeef0)
	value		b38b600
ARR b38b660 (sz=24, trace=3835, nelems=5, elem type=char)
OBJ b38b6c0 (sz=24, trace=3835, class=java.lang.String@6aeef0)
	value		b38b660
ARR b38b700 (sz=24, trace=3835, nelems=6, elem type=char)
OBJ b38b720 (sz=24, trace=3835, class=java.lang.String@6aeef0)
	value		b38b700
ARR b38b740 (sz=24, trace=3835, nelems=5, elem type=char)
OBJ b38b760 (sz=24, trace=3835, class=java.lang.String@6aeef0)
	value		b38b740
ARR b38b7c0 (sz=32, trace=3835, nelems=8, elem type=char)
OBJ b38b7e0 (sz=24, trace=3835, class=java.lang.String@6aeef0)
	value		b38b7c0
ARR b38b820 (sz=48, trace=3835, nelems=15, elem type=char)
OBJ b38b840 (sz=24, trace=3835, class=java.lang.String@6aeef0)
	value		b38b820
ARR b38b940 (sz=40, trace=3835, nelems=12, elem type=char)
OBJ b38b960 (sz=24, trace=3835, class=java.lang.String@6aeef0)
	value		b38b940
ARR b38b9a0 (sz=24, trace=3835, nelems=6, elem type=char)
OBJ b38b9c0 (sz=24, trace=3835, class=java.lang.String@6aeef0)
	value		b38b9a0
ARR b38b9e0 (sz=24, trace=3835, nelems=5, elem type=char)
OBJ b38ba40 (sz=24, trace=3835, class=java.lang.String@6aeef0)
	value		b38b9e0
ARR b38bec0 (sz=32, trace=3835, nelems=8, elem type=char)
OBJ b38bee0 (sz=24, trace=3835, class=java.lang.String@6aeef0)
	value		b38bec0
ARR b38bf20 (sz=40, trace=3835, nelems=12, elem type=char)
OBJ b38bf80 (sz=24, trace=3835, class=java.lang.String@6aeef0)
	value		b38bf20
ARR b3880e0 (sz=24, trace=3835, nelems=6, elem type=char)
OBJ b388100 (sz=24, trace=3835, class=java.lang.String@6aeef0)
	value		b3880e0
ARR b388140 (sz=24, trace=3835, nelems=5, elem type=char)
OBJ b3885c0 (sz=24, trace=3835, class=java.lang.String@6aeef0)
	value		b388140
ARR b3887c0 (sz=32, trace=3835, nelems=8, elem type=char)
OBJ b3888e0 (sz=24, trace=3835, class=java.lang.String@6aeef0)
	value		b3887c0
ARR b388ce0 (sz=40, trace=3835, nelems=13, elem type=char)
OBJ b388d00 (sz=24, trace=3835, class=java.lang.String@6aeef0)
	value		b388ce0
ARR b388e40 (sz=32, trace=3835, nelems=8, elem type=char)
OBJ b388fc0 (sz=24, trace=3835, class=java.lang.String@6aeef0)
	value		b388e40
ARR b388fe0 (sz=24, trace=3835, nelems=5, elem type=char)
OBJ b387480 (sz=24, trace=3835, class=java.lang.String@6aeef0)
	value		b388fe0
ARR b387680 (sz=32, trace=3835, nelems=7, elem type=char)
OBJ b387720 (sz=24, trace=3835, class=java.lang.String@6aeef0)
	value		b387680
ARR b387840 (sz=32, trace=3835, nelems=10, elem type=char)
OBJ b387be0 (sz=24, trace=3835, class=java.lang.String@6aeef0)
	value		b387840
ARR b386100 (sz=56, trace=3835, nelems=19, elem type=char)
OBJ b386120 (sz=24, trace=3835, class=java.lang.String@6aeef0)
	value		b386100
ARR b386300 (sz=32, trace=3835, nelems=7, elem type=char)
OBJ b386360 (sz=24, trace=3835, class=java.lang.String@6aeef0)
	value		b386300
ARR b3864c0 (sz=24, trace=3835, nelems=6, elem type=char)
OBJ b386660 (sz=24, trace=3835, class=java.lang.String@6aeef0)
	value		b3864c0
ARR b386940 (sz=32, trace=3835, nelems=9, elem type=char)
OBJ b386a20 (sz=24, trace=3835, class=java.lang.String@6aeef0)
	value		b386940
ARR b386bc0 (sz=32, trace=3835, nelems=8, elem type=char)
OBJ b386be0 (sz=24, trace=3835, class=java.lang.String@6aeef0)
	value		b386bc0
ARR b386e40 (sz=24, trace=3835, nelems=6, elem type=char)
OBJ b386e60 (sz=24, trace=3835, class=java.lang.String@6aeef0)
	value		b386e40
ARR b386fc0 (sz=32, trace=3835, nelems=7, elem type=char)
OBJ b3852a0 (sz=24, trace=3835, class=java.lang.String@6aeef0)
	value		b386fc0
ARR b3845a0 (sz=32, trace=3835, nelems=10, elem type=char)
OBJ b3845c0 (sz=24, trace=3835, class=java.lang.String@6aeef0)
	value		b3845a0
ARR b384c60 (sz=32, trace=3835, nelems=8, elem type=char)
OBJ b384d20 (sz=24, trace=3835, class=java.lang.String@6aeef0)
	value		b384c60
ARR b384d40 (sz=24, trace=3835, nelems=6, elem type=char)
OBJ b383080 (sz=24, trace=3835, class=java.lang.String@6aeef0)
	value		b384d40
ARR b383240 (sz=32, trace=3835, nelems=7, elem type=char)
OBJ b383260 (sz=24, trace=3835, class=java.lang.String@6aeef0)
	value		b383240
ARR b383500 (sz=32, trace=3835, nelems=10, elem type=char)
OBJ b383720 (sz=24, trace=3835, class=java.lang.String@6aeef0)
	value		b383500
ARR b383a40 (sz=32, trace=3835, nelems=8, elem type=char)
OBJ b383a60 (sz=24, trace=3835, class=java.lang.String@6aeef0)
	value		b383a40
ARR b3827b0 (sz=24, trace=3835, nelems=6, elem type=char)
OBJ b3827d0 (sz=24, trace=3835, class=java.lang.String@6aeef0)
	value		b3827b0
ARR b30c020 (sz=32, trace=3835, nelems=7, elem type=char)
OBJ b30c0c0 (sz=24, trace=3835, class=java.lang.String@6aeef0)
	value		b30c020
ARR b002880 (sz=32, trace=3835, nelems=10, elem type=char)
OBJ b30dde0 (sz=24, trace=3835, class=java.lang.String@6aeef0)
	value		b002880
ARR b30d700 (sz=32, trace=3835, nelems=8, elem type=char)
OBJ b30d6e0 (sz=24, trace=3835, class=java.lang.String@6aeef0)
	value		b30d700
ARR b30d640 (sz=24, trace=3835, nelems=6, elem type=char)
OBJ b30d520 (sz=24, trace=3835, class=java.lang.String@6aeef0)
	value		b30d640
ARR b30ece0 (sz=32, trace=3835, nelems=7, elem type=char)
OBJ b30eb80 (sz=24, trace=3835, class=java.lang.String@6aeef0)
	value		b30ece0
ARR b30e600 (sz=32, trace=3835, nelems=10, elem type=char)
OBJ b30e500 (sz=24, trace=3835, class=java.lang.String@6aeef0)
	value		b30e600
ARR b30f3c0 (sz=32, trace=3835, nelems=8, elem type=char)
OBJ b30f320 (sz=24, trace=3835, class=java.lang.String@6aeef0)
	value		b30f3c0
ARR b30f300 (sz=24, trace=3835, nelems=6, elem type=char)
OBJ b30f220 (sz=24, trace=3835, class=java.lang.String@6aeef0)
	value		b30f300
ARR b3060b0 (sz=32, trace=3835, nelems=7, elem type=char)
OBJ b306e00 (sz=24, trace=3835, class=java.lang.String@6aeef0)
	value		b3060b0
ARR b307050 (sz=32, trace=3835, nelems=10, elem type=char)
OBJ b310ee0 (sz=24, trace=3835, class=java.lang.String@6aeef0)
	value		b307050
ARR b310dc0 (sz=32, trace=3835, nelems=8, elem type=char)
OBJ b310da0 (sz=24, trace=3835, class=java.lang.String@6aeef0)
	value		b310dc0
ARR b310cc0 (sz=24, trace=3835, nelems=6, elem type=char)
OBJ b310ca0 (sz=24, trace=3835, class=java.lang.String@6aeef0)
	value		b310cc0
ARR b310bc0 (sz=32, trace=3835, nelems=7, elem type=char)
OBJ b310ac0 (sz=24, trace=3835, class=java.lang.String@6aeef0)
	value		b310bc0
ARR b310780 (sz=32, trace=3835, nelems=10, elem type=char)
OBJ b310620 (sz=24, trace=3835, class=java.lang.String@6aeef0)
	value		b310780
ARR b311be0 (sz=32, trace=3835, nelems=8, elem type=char)
OBJ b311bc0 (sz=24, trace=3835, class=java.lang.String@6aeef0)
	value		b311be0
ARR b311920 (sz=24, trace=3835, nelems=6, elem type=char)
OBJ b3118c0 (sz=24, trace=3835, class=java.lang.String@6aeef0)
	value		b311920
ARR b312d00 (sz=32, trace=3835, nelems=7, elem type=char)
OBJ b312240 (sz=24, trace=3835, class=java.lang.String@6aeef0)
	value		b312d00
ARR b313940 (sz=32, trace=3835, nelems=10, elem type=char)
OBJ b3138e0 (sz=24, trace=3835, class=java.lang.String@6aeef0)
	value		b313940
ARR b315f00 (sz=32, trace=3835, nelems=8, elem type=char)
OBJ b3159c0 (sz=24, trace=3835, class=java.lang.String@6aeef0)
	value		b315f00
ARR b3159a0 (sz=24, trace=3835, nelems=6, elem type=char)
OBJ b315540 (sz=24, trace=3835, class=java.lang.String@6aeef0)
	value		b3159a0
ARR b3150e0 (sz=32, trace=3835, nelems=7, elem type=char)
OBJ b3150c0 (sz=24, trace=3835, class=java.lang.String@6aeef0)
	value		b3150e0
ARR b316d80 (sz=32, trace=3835, nelems=10, elem type=char)
OBJ b316760 (sz=24, trace=3835, class=java.lang.String@6aeef0)
	value		b316d80
ARR b316220 (sz=32, trace=3835, nelems=8, elem type=char)
OBJ b316200 (sz=24, trace=3835, class=java.lang.String@6aeef0)
	value		b316220
ARR b317fc0 (sz=24, trace=3835, nelems=6, elem type=char)
OBJ b317f40 (sz=24, trace=3835, class=java.lang.String@6aeef0)
	value		b317fc0
ARR b318c80 (sz=32, trace=3835, nelems=7, elem type=char)
OBJ b318ac0 (sz=24, trace=3835, class=java.lang.String@6aeef0)
	value		b318c80
ARR b3186e0 (sz=32, trace=3835, nelems=10, elem type=char)
OBJ b3186c0 (sz=24, trace=3835, class=java.lang.String@6aeef0)
	value		b3186e0
ARR b318640 (sz=32, trace=3835, nelems=8, elem type=char)
OBJ b3184e0 (sz=24, trace=3835, class=java.lang.String@6aeef0)
	value		b318640
ARR b318460 (sz=24, trace=3835, nelems=6, elem type=char)
OBJ b318220 (sz=24, trace=3835, class=java.lang.String@6aeef0)
	value		b318460
ARR b319f20 (sz=32, trace=3835, nelems=7, elem type=char)
OBJ b319f00 (sz=24, trace=3835, class=java.lang.String@6aeef0)
	value		b319f20
ARR b319ad0 (sz=32, trace=3835, nelems=10, elem type=char)
OBJ b319a70 (sz=24, trace=3835, class=java.lang.String@6aeef0)
	value		b319ad0
ARR b319890 (sz=24, trace=3835, nelems=6, elem type=char)
OBJ b319870 (sz=24, trace=3835, class=java.lang.String@6aeef0)
	value		b319890
ARR b319390 (sz=24, trace=3835, nelems=6, elem type=char)
OBJ b319370 (sz=24, trace=3835, class=java.lang.String@6aeef0)
	value		b319390
ARR b31ade0 (sz=56, trace=3835, nelems=19, elem type=char)
OBJ b31ad80 (sz=24, trace=3835, class=java.lang.String@6aeef0)
	value		b31ade0
ARR b31ad00 (sz=104, trace=3835, nelems=45, elem type=char)
OBJ b31ace0 (sz=24, trace=3835, class=java.lang.String@6aeef0)
	value		b31ad00
ARR b31a7c0 (sz=24, trace=3835, nelems=6, elem type=char)
OBJ b31a720 (sz=24, trace=3835, class=java.lang.String@6aeef0)
	value		b31a7c0
ARR b31a700 (sz=32, trace=3835, nelems=7, elem type=char)
OBJ b31a620 (sz=24, trace=3835, class=java.lang.String@6aeef0)
	value		b31a700
ARR b31a440 (sz=24, trace=3835, nelems=6, elem type=char)
OBJ b31a420 (sz=24, trace=3835, class=java.lang.String@6aeef0)
	value		b31a440
ARR b31a320 (sz=32, trace=3835, nelems=8, elem type=char)
OBJ b31a1c0 (sz=24, trace=3835, class=java.lang.String@6aeef0)
	value		b31a320
ARR b31a0e0 (sz=40, trace=3835, nelems=11, elem type=char)
OBJ b31a0a0 (sz=24, trace=3835, class=java.lang.String@6aeef0)
	value		b31a0e0
ARR b31bf60 (sz=24, trace=3835, nelems=3, elem type=char)
OBJ b31b4c0 (sz=24, trace=3835, class=java.lang.String@6aeef0)
	value		b31bf60
ARR b31b440 (sz=40, trace=3835, nelems=11, elem type=char)
OBJ b31b420 (sz=24, trace=3835, class=java.lang.String@6aeef0)
	value		b31b440
ARR b31c270 (sz=40, trace=3835, nelems=11, elem type=char)
OBJ b31d590 (sz=24, trace=3835, class=java.lang.String@6aeef0)
	value		b31c270
ARR b31d410 (sz=32, trace=3835, nelems=9, elem type=char)
OBJ b31eac0 (sz=24, trace=3835, class=java.lang.String@6aeef0)
	value		b31d410
ARR b31e740 (sz=40, trace=3835, nelems=11, elem type=char)
OBJ b31e720 (sz=24, trace=3835, class=java.lang.String@6aeef0)
	value		b31e740
ARR b31e5a0 (sz=40, trace=3835, nelems=11, elem type=char)
OBJ b31ffc0 (sz=24, trace=3835, class=java.lang.String@6aeef0)
	value		b31e5a0
ARR b31ffa0 (sz=32, trace=3835, nelems=9, elem type=char)
OBJ b31fec0 (sz=24, trace=3835, class=java.lang.String@6aeef0)
	value		b31ffa0
ARR b31fd80 (sz=24, trace=3835, nelems=5, elem type=char)
OBJ b31fd60 (sz=24, trace=3835, class=java.lang.String@6aeef0)
	value		b31fd80
ARR b3207b0 (sz=32, trace=3835, nelems=7, elem type=char)
OBJ b320790 (sz=24, trace=3835, class=java.lang.String@6aeef0)
	value		b3207b0
ARR b017320 (sz=48, trace=3835, nelems=17, elem type=char)
OBJ b017920 (sz=24, trace=3835, class=java.lang.String@6aeef0)
	value		b017320
ARR b017a40 (sz=24, trace=3835, nelems=5, elem type=char)
OBJ b017ac0 (sz=24, trace=3835, class=java.lang.String@6aeef0)
	value		b017a40
ARR b017ae0 (sz=32, trace=3835, nelems=7, elem type=char)
OBJ b00e7c0 (sz=24, trace=3835, class=java.lang.String@6aeef0)
	value		b017ae0
ARR b00e920 (sz=32, trace=3835, nelems=9, elem type=char)
OBJ b00e9a0 (sz=24, trace=3835, class=java.lang.String@6aeef0)
	value		b00e920
ARR b00c5d0 (sz=56, trace=3835, nelems=22, elem type=char)
OBJ b001410 (sz=24, trace=3835, class=java.lang.String@6aeef0)
	value		b00c5d0
ARR b001650 (sz=48, trace=3835, nelems=15, elem type=char)
OBJ b001770 (sz=24, trace=3835, class=java.lang.String@6aeef0)
	value		b001650
ARR affeb10 (sz=24, trace=3835, nelems=5, elem type=char)
OBJ affef60 (sz=24, trace=3835, class=java.lang.String@6aeef0)
	value		affeb10
ARR affef80 (sz=32, trace=3835, nelems=7, elem type=char)
OBJ affefe0 (sz=24, trace=3835, class=java.lang.String@6aeef0)
	value		affef80
ARR affd070 (sz=32, trace=3835, nelems=10, elem type=char)
OBJ affd090 (sz=24, trace=3835, class=java.lang.String@6aeef0)
	value		affd070
ARR affd2f0 (sz=56, trace=3835, nelems=20, elem type=char)
OBJ affd310 (sz=24, trace=3835, class=java.lang.String@6aeef0)
	value		affd2f0
ARR aff77a0 (sz=32, trace=3835, nelems=7, elem type=char)
OBJ aff7800 (sz=24, trace=3835, class=java.lang.String@6aeef0)
	value		aff77a0
ARR aff3f20 (sz=32, trace=3835, nelems=9, elem type=char)
OBJ aff3f40 (sz=24, trace=3835, class=java.lang.String@6aeef0)
	value		aff3f20
ARR aff3f60 (sz=24, trace=3835, nelems=4, elem type=char)
OBJ aff2060 (sz=24, trace=3835, class=java.lang.String@6aeef0)
	value		aff3f60
ARR aff20a0 (sz=32, trace=3835, nelems=10, elem type=char)
OBJ aff20c0 (sz=24, trace=3835, class=java.lang.String@6aeef0)
	value		aff20a0
ARR aff2120 (sz=32, trace=3835, nelems=8, elem type=char)
OBJ aff2140 (sz=24, trace=3835, class=java.lang.String@6aeef0)
	value		aff2120
ARR aff2180 (sz=40, trace=3835, nelems=11, elem type=char)
OBJ aff21a0 (sz=24, trace=3835, class=java.lang.String@6aeef0)
	value		aff2180
ARR aff21c0 (sz=24, trace=3835, nelems=5, elem type=char)
OBJ aff21e0 (sz=24, trace=3835, class=java.lang.String@6aeef0)
	value		aff21c0
ARR aff2b20 (sz=40, trace=3835, nelems=12, elem type=char)
OBJ aff2b40 (sz=24, trace=3835, class=java.lang.String@6aeef0)
	value		aff2b20
ARR aff2b80 (sz=40, trace=3835, nelems=12, elem type=char)
OBJ aff2ba0 (sz=24, trace=3835, class=java.lang.String@6aeef0)
	value		aff2b80
ARR aff2bc0 (sz=24, trace=3835, nelems=6, elem type=char)
OBJ aff2be0 (sz=24, trace=3835, class=java.lang.String@6aeef0)
	value		aff2bc0
ARR aff2ca0 (sz=40, trace=3835, nelems=12, elem type=char)
OBJ aff2d00 (sz=24, trace=3835, class=java.lang.String@6aeef0)
	value		aff2ca0
ARR aff2d20 (sz=24, trace=3835, nelems=6, elem type=char)
OBJ aff2d40 (sz=24, trace=3835, class=java.lang.String@6aeef0)
	value		aff2d20
ARR aff2da0 (sz=40, trace=3835, nelems=12, elem type=char)
OBJ aff2dc0 (sz=24, trace=3835, class=java.lang.String@6aeef0)
	value		aff2da0
ARR aff2de0 (sz=24, trace=3835, nelems=6, elem type=char)
OBJ aff2e00 (sz=24, trace=3835, class=java.lang.String@6aeef0)
	value		aff2de0
ARR aff2e40 (sz=40, trace=3835, nelems=12, elem type=char)
OBJ aff1340 (sz=24, trace=3835, class=java.lang.String@6aeef0)
	value		aff2e40
ARR aff13a0 (sz=24, trace=3835, nelems=6, elem type=char)
OBJ aff13c0 (sz=24, trace=3835, class=java.lang.String@6aeef0)
	value		aff13a0
ARR aff1440 (sz=40, trace=3835, nelems=12, elem type=char)
OBJ aff1460 (sz=24, trace=3835, class=java.lang.String@6aeef0)
	value		aff1440
ARR aff1620 (sz=24, trace=3835, nelems=6, elem type=char)
OBJ aff16e0 (sz=24, trace=3835, class=java.lang.String@6aeef0)
	value		aff1620
ARR aff1ba0 (sz=40, trace=3835, nelems=12, elem type=char)
OBJ aff1bc0 (sz=24, trace=3835, class=java.lang.String@6aeef0)
	value		aff1ba0
ARR aff1be0 (sz=24, trace=3835, nelems=6, elem type=char)
OBJ aff1c00 (sz=24, trace=3835, class=java.lang.String@6aeef0)
	value		aff1be0
ARR aff1c60 (sz=40, trace=3835, nelems=12, elem type=char)
OBJ aff1c80 (sz=24, trace=3835, class=java.lang.String@6aeef0)
	value		aff1c60
ARR aff1ca0 (sz=24, trace=3835, nelems=6, elem type=char)
OBJ aff1cc0 (sz=24, trace=3835, class=java.lang.String@6aeef0)
	value		aff1ca0
ARR aff1d40 (sz=40, trace=3835, nelems=12, elem type=char)
OBJ aff1d60 (sz=24, trace=3835, class=java.lang.String@6aeef0)
	value		aff1d40
ARR aff1dc0 (sz=24, trace=3835, nelems=6, elem type=char)
OBJ aff1de0 (sz=24, trace=3835, class=java.lang.String@6aeef0)
	value		aff1dc0
ARR aff0040 (sz=40, trace=3835, nelems=12, elem type=char)
OBJ aff0060 (sz=24, trace=3835, class=java.lang.String@6aeef0)
	value		aff0040
ARR aff0080 (sz=24, trace=3835, nelems=6, elem type=char)
OBJ aff00a0 (sz=24, trace=3835, class=java.lang.String@6aeef0)
	value		aff0080
ARR aff0390 (sz=32, trace=3835, nelems=7, elem type=char)
OBJ aff04b0 (sz=24, trace=3835, class=java.lang.String@6aeef0)
	value		aff0390
ARR aff0530 (sz=24, trace=3835, nelems=6, elem type=char)
OBJ aff05b0 (sz=24, trace=3835, class=java.lang.String@6aeef0)
	value		aff0530
ARR aff0ab0 (sz=32, trace=3835, nelems=10, elem type=char)
OBJ aff0ad0 (sz=24, trace=3835, class=java.lang.String@6aeef0)
	value		aff0ab0
ARR aff0b50 (sz=24, trace=3835, nelems=6, elem type=char)
OBJ aff0b70 (sz=24, trace=3835, class=java.lang.String@6aeef0)
	value		aff0b50
ARR aff0bf0 (sz=40, trace=3835, nelems=11, elem type=char)
OBJ aff0c10 (sz=24, trace=3835, class=java.lang.String@6aeef0)
	value		aff0bf0
ARR afef220 (sz=24, trace=3835, nelems=5, elem type=char)
OBJ afef240 (sz=24, trace=3835, class=java.lang.String@6aeef0)
	value		afef220
ARR afef280 (sz=32, trace=3835, nelems=10, elem type=char)
OBJ afef2e0 (sz=24, trace=3835, class=java.lang.String@6aeef0)
	value		afef280
ARR afef300 (sz=32, trace=3835, nelems=9, elem type=char)
OBJ afef320 (sz=24, trace=3835, class=java.lang.String@6aeef0)
	value		afef300
ARR afef3a0 (sz=32, trace=3835, nelems=10, elem type=char)
OBJ afef3c0 (sz=24, trace=3835, class=java.lang.String@6aeef0)
	value		afef3a0
ARR afef400 (sz=32, trace=3835, nelems=10, elem type=char)
OBJ afef460 (sz=24, trace=3835, class=java.lang.String@6aeef0)
	value		afef400
ARR afef4a0 (sz=24, trace=3835, nelems=6, elem type=char)
OBJ afef7f0 (sz=24, trace=3835, class=java.lang.String@6aeef0)
	value		afef4a0
ARR afef830 (sz=40, trace=3835, nelems=11, elem type=char)
OBJ afef970 (sz=24, trace=3835, class=java.lang.String@6aeef0)
	value		afef830
ARR afeffa0 (sz=16, trace=3835, nelems=2, elem type=char)
OBJ afeffc0 (sz=24, trace=3835, class=java.lang.String@6aeef0)
	value		afeffa0
ARR afeebd0 (sz=32, trace=3835, nelems=10, elem type=char)
OBJ afeec80 (sz=24, trace=3835, class=java.lang.String@6aeef0)
	value		afeebd0
ARR afed0a0 (sz=32, trace=3835, nelems=9, elem type=char)
OBJ afed0c0 (sz=24, trace=3835, class=java.lang.String@6aeef0)
	value		afed0a0
ARR afed1e0 (sz=32, trace=3835, nelems=10, elem type=char)
OBJ afed290 (sz=24, trace=3835, class=java.lang.String@6aeef0)
	value		afed1e0
ARR afed6c0 (sz=32, trace=3835, nelems=10, elem type=char)
OBJ afed720 (sz=24, trace=3835, class=java.lang.String@6aeef0)
	value		afed6c0
ARR afec3b0 (sz=24, trace=3835, nelems=6, elem type=char)
OBJ afec3f0 (sz=24, trace=3835, class=java.lang.String@6aeef0)
	value		afec3b0
ARR afec430 (sz=40, trace=3835, nelems=11, elem type=char)
OBJ afec450 (sz=24, trace=3835, class=java.lang.String@6aeef0)
	value		afec430
ARR afec870 (sz=16, trace=3835, nelems=2, elem type=char)
OBJ afeca30 (sz=24, trace=3835, class=java.lang.String@6aeef0)
	value		afec870
ARR afecca0 (sz=32, trace=3835, nelems=10, elem type=char)
OBJ afeccc0 (sz=24, trace=3835, class=java.lang.String@6aeef0)
	value		afecca0
ARR afecd00 (sz=32, trace=3835, nelems=9, elem type=char)
OBJ afecd20 (sz=24, trace=3835, class=java.lang.String@6aeef0)
	value		afecd00
ARR afecd60 (sz=32, trace=3835, nelems=10, elem type=char)
OBJ afece00 (sz=24, trace=3835, class=java.lang.String@6aeef0)
	value		afecd60
ARR afece60 (sz=32, trace=3835, nelems=10, elem type=char)
OBJ afece80 (sz=24, trace=3835, class=java.lang.String@6aeef0)
	value		afece60
ARR afecec0 (sz=24, trace=3835, nelems=6, elem type=char)
OBJ afecee0 (sz=24, trace=3835, class=java.lang.String@6aeef0)
	value		afecec0
ARR afeb250 (sz=40, trace=3835, nelems=11, elem type=char)
OBJ afeb3b0 (sz=24, trace=3835, class=java.lang.String@6aeef0)
	value		afeb250
ARR afeb770 (sz=16, trace=3835, nelems=2, elem type=char)
OBJ afeb820 (sz=24, trace=3835, class=java.lang.String@6aeef0)
	value		afeb770
ARR afeba30 (sz=32, trace=3835, nelems=10, elem type=char)
OBJ afebae0 (sz=24, trace=3835, class=java.lang.String@6aeef0)
	value		afeba30
ARR afebba0 (sz=32, trace=3835, nelems=9, elem type=char)
OBJ afebd90 (sz=24, trace=3835, class=java.lang.String@6aeef0)
	value		afebba0
ARR afeaa90 (sz=32, trace=3835, nelems=10, elem type=char)
OBJ afeaab0 (sz=24, trace=3835, class=java.lang.String@6aeef0)
	value		afeaa90
ARR afeaaf0 (sz=32, trace=3835, nelems=10, elem type=char)
OBJ afeab10 (sz=24, trace=3835, class=java.lang.String@6aeef0)
	value		afeaaf0
ARR b37b340 (sz=32, trace=3835, nelems=8, elem type=char)
OBJ b37b320 (sz=24, trace=3835, class=java.lang.String@6aeef0)
	value		b37b340
ARR b37b260 (sz=48, trace=3835, nelems=18, elem type=char)
OBJ b37b140 (sz=24, trace=3835, class=java.lang.String@6aeef0)
	value		b37b260
ARR b380880 (sz=32, trace=3835, nelems=10, elem type=char)
OBJ b3808a0 (sz=24, trace=3835, class=java.lang.String@6aeef0)
	value		b380880
ARR b3808c0 (sz=32, trace=3835, nelems=9, elem type=char)
OBJ b3808e0 (sz=24, trace=3835, class=java.lang.String@6aeef0)
	value		b3808c0
ARR b380920 (sz=32, trace=3835, nelems=10, elem type=char)
OBJ b380940 (sz=24, trace=3835, class=java.lang.String@6aeef0)
	value		b380920
ARR b3809e0 (sz=32, trace=3835, nelems=10, elem type=char)
OBJ b380a00 (sz=24, trace=3835, class=java.lang.String@6aeef0)
	value		b3809e0
ARR b380a40 (sz=32, trace=3835, nelems=8, elem type=char)
OBJ b380aa0 (sz=24, trace=3835, class=java.lang.String@6aeef0)
	value		b380a40
ARR b380ae0 (sz=32, trace=3835, nelems=8, elem type=char)
OBJ b380b60 (sz=24, trace=3835, class=java.lang.String@6aeef0)
	value		b380ae0
ARR b380c80 (sz=24, trace=3835, nelems=6, elem type=char)
OBJ b380ca0 (sz=24, trace=3835, class=java.lang.String@6aeef0)
	value		b380c80
ARR b380ce0 (sz=48, trace=3835, nelems=16, elem type=char)
OBJ b380d00 (sz=24, trace=3835, class=java.lang.String@6aeef0)
	value		b380ce0
ARR b380d40 (sz=32, trace=3835, nelems=10, elem type=char)
OBJ b380d80 (sz=24, trace=3835, class=java.lang.String@6aeef0)
	value		b380d40
ARR b380da0 (sz=32, trace=3835, nelems=9, elem type=char)
OBJ b380dc0 (sz=24, trace=3835, class=java.lang.String@6aeef0)
	value		b380da0
ARR b380e00 (sz=32, trace=3835, nelems=10, elem type=char)
OBJ b380e20 (sz=24, trace=3835, class=java.lang.String@6aeef0)
	value		b380e00
ARR b37f3a0 (sz=32, trace=3835, nelems=10, elem type=char)
OBJ b37f3c0 (sz=24, trace=3835, class=java.lang.String@6aeef0)
	value		b37f3a0
ARR b37f400 (sz=32, trace=3835, nelems=8, elem type=char)
OBJ b37f540 (sz=24, trace=3835, class=java.lang.String@6aeef0)
	value		b37f400
ARR b37e060 (sz=32, trace=3835, nelems=8, elem type=char)
OBJ b37e080 (sz=24, trace=3835, class=java.lang.String@6aeef0)
	value		b37e060
ARR b37e0c0 (sz=24, trace=3835, nelems=5, elem type=char)
OBJ b37e140 (sz=24, trace=3835, class=java.lang.String@6aeef0)
	value		b37e0c0
ARR b37e180 (sz=48, trace=3835, nelems=15, elem type=char)
OBJ b37eb40 (sz=24, trace=3835, class=java.lang.String@6aeef0)
	value		b37e180
ARR b37ebe0 (sz=24, trace=3835, nelems=6, elem type=char)
OBJ b37eca0 (sz=24, trace=3835, class=java.lang.String@6aeef0)
	value		b37ebe0
ARR b37ee60 (sz=32, trace=3835, nelems=10, elem type=char)
OBJ b37efc0 (sz=24, trace=3835, class=java.lang.String@6aeef0)
	value		b37ee60
ARR b37d020 (sz=32, trace=3835, nelems=9, elem type=char)
OBJ b37d040 (sz=24, trace=3835, class=java.lang.String@6aeef0)
	value		b37d020
ARR b37d120 (sz=40, trace=3835, nelems=12, elem type=char)
OBJ b37d1c0 (sz=24, trace=3835, class=java.lang.String@6aeef0)
	value		b37d120
ARR b37d260 (sz=32, trace=3835, nelems=10, elem type=char)
OBJ b37d2a0 (sz=24, trace=3835, class=java.lang.String@6aeef0)
	value		b37d260
ARR b37d340 (sz=32, trace=3835, nelems=10, elem type=char)
OBJ b37d360 (sz=24, trace=3835, class=java.lang.String@6aeef0)
	value		b37d340
ARR b37d3a0 (sz=24, trace=3835, nelems=6, elem type=char)
OBJ b37d3c0 (sz=24, trace=3835, class=java.lang.String@6aeef0)
	value		b37d3a0
ARR b37d400 (sz=48, trace=3835, nelems=16, elem type=char)
OBJ b37d440 (sz=24, trace=3835, class=java.lang.String@6aeef0)
	value		b37d400
ARR b37d820 (sz=32, trace=3835, nelems=10, elem type=char)
OBJ b37d8a0 (sz=24, trace=3835, class=java.lang.String@6aeef0)
	value		b37d820
ARR b37d8c0 (sz=32, trace=3835, nelems=9, elem type=char)
OBJ b37d8e0 (sz=24, trace=3835, class=java.lang.String@6aeef0)
	value		b37d8c0
ARR b37d920 (sz=32, trace=3835, nelems=10, elem type=char)
OBJ b37dc60 (sz=24, trace=3835, class=java.lang.String@6aeef0)
	value		b37d920
ARR b37dca0 (sz=32, trace=3835, nelems=10, elem type=char)
OBJ b37dcc0 (sz=24, trace=3835, class=java.lang.String@6aeef0)
	value		b37dca0
ARR b37dd00 (sz=24, trace=3835, nelems=6, elem type=char)
OBJ b37dd20 (sz=24, trace=3835, class=java.lang.String@6aeef0)
	value		b37dd00
ARR b37dda0 (sz=40, trace=3835, nelems=11, elem type=char)
OBJ b37ddc0 (sz=24, trace=3835, class=java.lang.String@6aeef0)
	value		b37dda0
ARR b37de00 (sz=16, trace=3835, nelems=2, elem type=char)
OBJ b37de60 (sz=24, trace=3835, class=java.lang.String@6aeef0)
	value		b37de00
ARR b37dea0 (sz=24, trace=3835, nelems=6, elem type=char)
OBJ b37dec0 (sz=24, trace=3835, class=java.lang.String@6aeef0)
	value		b37dea0
ARR b37df20 (sz=24, trace=3835, nelems=6, elem type=char)
OBJ b37df40 (sz=24, trace=3835, class=java.lang.String@6aeef0)
	value		b37df20
ARR b37df80 (sz=32, trace=3835, nelems=7, elem type=char)
OBJ b37dfa0 (sz=24, trace=3835, class=java.lang.String@6aeef0)
	value		b37df80
ARR b37c020 (sz=32, trace=3835, nelems=8, elem type=char)
OBJ b37c040 (sz=24, trace=3835, class=java.lang.String@6aeef0)
	value		b37c020
ARR b37c420 (sz=48, trace=3835, nelems=16, elem type=char)
OBJ b37c460 (sz=24, trace=3835, class=java.lang.String@6aeef0)
	value		b37c420
ARR b37c540 (sz=32, trace=3835, nelems=7, elem type=char)
OBJ b37c960 (sz=24, trace=3835, class=java.lang.String@6aeef0)
	value		b37c540
ARR b37ca00 (sz=24, trace=3835, nelems=5, elem type=char)
OBJ b37cdc0 (sz=24, trace=3835, class=java.lang.String@6aeef0)
	value		b37ca00
ARR b37ce20 (sz=32, trace=3835, nelems=7, elem type=char)
OBJ b37ce40 (sz=24, trace=3835, class=java.lang.String@6aeef0)
	value		b37ce20
ARR b37ce80 (sz=32, trace=3835, nelems=10, elem type=char)
OBJ b37cea0 (sz=24, trace=3835, class=java.lang.String@6aeef0)
	value		b37ce80
ARR b37cf20 (sz=40, trace=3835, nelems=13, elem type=char)
OBJ b37cf40 (sz=24, trace=3835, class=java.lang.String@6aeef0)
	value		b37cf20
ARR b37cf80 (sz=32, trace=3835, nelems=8, elem type=char)
OBJ b37cfa0 (sz=24, trace=3835, class=java.lang.String@6aeef0)
	value		b37cf80
ARR b37b020 (sz=24, trace=3835, nelems=6, elem type=char)
OBJ b37b040 (sz=24, trace=3835, class=java.lang.String@6aeef0)
	value		b37b020
ARR b37b2c0 (sz=32, trace=3835, nelems=7, elem type=char)
OBJ b37b240 (sz=24, trace=3835, class=java.lang.String@6aeef0)
	value		b37b2c0
ARR b37b2a0 (sz=24, trace=3835, nelems=6, elem type=char)
OBJ b37b360 (sz=24, trace=3835, class=java.lang.String@6aeef0)
	value		b37b2a0
ARR b37b3a0 (sz=24, trace=3835, nelems=6, elem type=char)
OBJ b37b3c0 (sz=24, trace=3835, class=java.lang.String@6aeef0)
	value		b37b3a0
ARR b37b400 (sz=32, trace=3835, nelems=7, elem type=char)
OBJ b37b420 (sz=24, trace=3835, class=java.lang.String@6aeef0)
	value		b37b400
ARR b37b460 (sz=32, trace=3835, nelems=7, elem type=char)
OBJ b37b480 (sz=24, trace=3835, class=java.lang.String@6aeef0)
	value		b37b460
ARR b37b680 (sz=32, trace=3835, nelems=7, elem type=char)
OBJ b37b6a0 (sz=24, trace=3835, class=java.lang.String@6aeef0)
	value		b37b680
ARR b37b6e0 (sz=32, trace=3835, nelems=7, elem type=char)
OBJ b37b720 (sz=24, trace=3835, class=java.lang.String@6aeef0)
	value		b37b6e0
ARR b37ba40 (sz=32, trace=3835, nelems=7, elem type=char)
OBJ b37ba60 (sz=24, trace=3835, class=java.lang.String@6aeef0)
	value		b37ba40
ARR b37bae0 (sz=32, trace=3835, nelems=7, elem type=char)
OBJ b37bb00 (sz=24, trace=3835, class=java.lang.String@6aeef0)
	value		b37bae0
ARR b37bb40 (sz=32, trace=3835, nelems=7, elem type=char)
OBJ b37bb60 (sz=24, trace=3835, class=java.lang.String@6aeef0)
	value		b37bb40
ARR b37be40 (sz=32, trace=3835, nelems=7, elem type=char)
OBJ b37be60 (sz=24, trace=3835, class=java.lang.String@6aeef0)
	value		b37be40
ARR b37bea0 (sz=32, trace=3835, nelems=7, elem type=char)
OBJ b37bec0 (sz=24, trace=3835, class=java.lang.String@6aeef0)
	value		b37bea0
ARR b37bf40 (sz=32, trace=3835, nelems=7, elem type=char)
OBJ b37bf60 (sz=24, trace=3835, class=java.lang.String@6aeef0)
	value		b37bf40
ARR b37bfa0 (sz=32, trace=3835, nelems=7, elem type=char)
OBJ b37bfc0 (sz=24, trace=3835, class=java.lang.String@6aeef0)
	value		b37bfa0
ARR b37a020 (sz=32, trace=3835, nelems=7, elem type=char)
OBJ b37a040 (sz=24, trace=3835, class=java.lang.String@6aeef0)
	value		b37a020
ARR b37a080 (sz=32, trace=3835, nelems=7, elem type=char)
OBJ b37a0a0 (sz=24, trace=3835, class=java.lang.String@6aeef0)
	value		b37a080
ARR b37a0e0 (sz=32, trace=3835, nelems=7, elem type=char)
OBJ b37a100 (sz=24, trace=3835, class=java.lang.String@6aeef0)
	value		b37a0e0
ARR b37a140 (sz=32, trace=3835, nelems=7, elem type=char)
OBJ b37a400 (sz=24, trace=3835, class=java.lang.String@6aeef0)
	value		b37a140
ARR b37a440 (sz=32, trace=3835, nelems=7, elem type=char)
OBJ b37a460 (sz=24, trace=3835, class=java.lang.String@6aeef0)
	value		b37a440
ARR b37a4a0 (sz=32, trace=3835, nelems=7, elem type=char)
OBJ b37a7c0 (sz=24, trace=3835, class=java.lang.String@6aeef0)
	value		b37a4a0
ARR b37a800 (sz=32, trace=3835, nelems=7, elem type=char)
OBJ b37a820 (sz=24, trace=3835, class=java.lang.String@6aeef0)
	value		b37a800
ARR b37a860 (sz=32, trace=3835, nelems=7, elem type=char)
OBJ b37a880 (sz=24, trace=3835, class=java.lang.String@6aeef0)
	value		b37a860
ARR b37a940 (sz=32, trace=3835, nelems=7, elem type=char)
OBJ b37a960 (sz=24, trace=3835, class=java.lang.String@6aeef0)
	value		b37a940
ARR b37a9e0 (sz=32, trace=3835, nelems=7, elem type=char)
OBJ b37aa00 (sz=24, trace=3835, class=java.lang.String@6aeef0)
	value		b37a9e0
ARR b37aa40 (sz=32, trace=3835, nelems=7, elem type=char)
OBJ b37aa60 (sz=24, trace=3835, class=java.lang.String@6aeef0)
	value		b37aa40
ARR b37ab20 (sz=32, trace=3835, nelems=7, elem type=char)
OBJ b37ab40 (sz=24, trace=3835, class=java.lang.String@6aeef0)
	value		b37ab20
ARR b37ab80 (sz=32, trace=3835, nelems=7, elem type=char)
OBJ b37aba0 (sz=24, trace=3835, class=java.lang.String@6aeef0)
	value		b37ab80
ARR b37ac20 (sz=32, trace=3835, nelems=7, elem type=char)
OBJ b37ac40 (sz=24, trace=3835, class=java.lang.String@6aeef0)
	value		b37ac20
ARR b37aca0 (sz=32, trace=3835, nelems=7, elem type=char)
OBJ b37ad00 (sz=24, trace=3835, class=java.lang.String@6aeef0)
	value		b37aca0
ARR b37ad60 (sz=32, trace=3835, nelems=7, elem type=char)
OBJ b37ae00 (sz=24, trace=3835, class=java.lang.String@6aeef0)
	value		b37ad60
ARR b37afc0 (sz=32, trace=3835, nelems=7, elem type=char)
OBJ b37afe0 (sz=24, trace=3835, class=java.lang.String@6aeef0)
	value		b37afc0
ARR b379040 (sz=32, trace=3835, nelems=7, elem type=char)
OBJ b379060 (sz=24, trace=3835, class=java.lang.String@6aeef0)
	value		b379040
ARR b3794a0 (sz=32, trace=3835, nelems=7, elem type=char)
OBJ b3794c0 (sz=24, trace=3835, class=java.lang.String@6aeef0)
	value		b3794a0
ARR b379500 (sz=32, trace=3835, nelems=7, elem type=char)
OBJ b379520 (sz=24, trace=3835, class=java.lang.String@6aeef0)
	value		b379500
ARR b3795a0 (sz=32, trace=3835, nelems=8, elem type=char)
OBJ b3795c0 (sz=24, trace=3835, class=java.lang.String@6aeef0)
	value		b3795a0
ARR b379640 (sz=32, trace=3835, nelems=8, elem type=char)
OBJ b379660 (sz=24, trace=3835, class=java.lang.String@6aeef0)
	value		b379640
ARR b3796e0 (sz=32, trace=3835, nelems=8, elem type=char)
OBJ b379700 (sz=24, trace=3835, class=java.lang.String@6aeef0)
	value		b3796e0
ARR b379740 (sz=32, trace=3835, nelems=8, elem type=char)
OBJ b379800 (sz=24, trace=3835, class=java.lang.String@6aeef0)
	value		b379740
ARR b379860 (sz=32, trace=3835, nelems=8, elem type=char)
OBJ b379880 (sz=24, trace=3835, class=java.lang.String@6aeef0)
	value		b379860
ARR b379980 (sz=32, trace=3835, nelems=8, elem type=char)
OBJ b379a20 (sz=24, trace=3835, class=java.lang.String@6aeef0)
	value		b379980
ARR b379aa0 (sz=32, trace=3835, nelems=8, elem type=char)
OBJ b379ac0 (sz=24, trace=3835, class=java.lang.String@6aeef0)
	value		b379aa0
ARR b379b00 (sz=32, trace=3835, nelems=8, elem type=char)
OBJ b379b20 (sz=24, trace=3835, class=java.lang.String@6aeef0)
	value		b379b00
ARR b379ba0 (sz=32, trace=3835, nelems=8, elem type=char)
OBJ b379bc0 (sz=24, trace=3835, class=java.lang.String@6aeef0)
	value		b379ba0
ARR b379e00 (sz=32, trace=3835, nelems=8, elem type=char)
OBJ b379e20 (sz=24, trace=3835, class=java.lang.String@6aeef0)
	value		b379e00
ARR b379e80 (sz=32, trace=3835, nelems=8, elem type=char)
OBJ b379ee0 (sz=24, trace=3835, class=java.lang.String@6aeef0)
	value		b379e80
ARR b3782d0 (sz=32, trace=3835, nelems=7, elem type=char)
OBJ b378460 (sz=24, trace=3835, class=java.lang.String@6aeef0)
	value		b3782d0
ARR b235130 (sz=32, trace=3835, nelems=7, elem type=char)
OBJ b235150 (sz=24, trace=3835, class=java.lang.String@6aeef0)
	value		b235130
ARR b2351f0 (sz=32, trace=3835, nelems=7, elem type=char)
OBJ b235250 (sz=24, trace=3835, class=java.lang.String@6aeef0)
	value		b2351f0
ARR b235480 (sz=32, trace=3835, nelems=7, elem type=char)
OBJ b2354a0 (sz=24, trace=3835, class=java.lang.String@6aeef0)
	value		b235480
ARR b235540 (sz=32, trace=3835, nelems=7, elem type=char)
OBJ b235720 (sz=24, trace=3835, class=java.lang.String@6aeef0)
	value		b235540
ARR b235780 (sz=32, trace=3835, nelems=7, elem type=char)
OBJ b2357a0 (sz=24, trace=3835, class=java.lang.String@6aeef0)
	value		b235780
ARR b235800 (sz=32, trace=3835, nelems=7, elem type=char)
OBJ b235820 (sz=24, trace=3835, class=java.lang.String@6aeef0)
	value		b235800
ARR b2359e0 (sz=32, trace=3835, nelems=7, elem type=char)
OBJ b234d60 (sz=24, trace=3835, class=java.lang.String@6aeef0)
	value		b2359e0
ARR b234da0 (sz=32, trace=3835, nelems=7, elem type=char)
OBJ b233020 (sz=24, trace=3835, class=java.lang.String@6aeef0)
	value		b234da0
ARR b2330e0 (sz=32, trace=3835, nelems=7, elem type=char)
OBJ b2321a0 (sz=24, trace=3835, class=java.lang.String@6aeef0)
	value		b2330e0
ARR b232220 (sz=32, trace=3835, nelems=7, elem type=char)
OBJ b232240 (sz=24, trace=3835, class=java.lang.String@6aeef0)
	value		b232220
ARR b230f60 (sz=40, trace=2478, nelems=12, elem type=char)
OBJ b230fa0 (sz=24, trace=2478, class=java.lang.String@6aeef0)
	value		b230f60
ARR b318280 (sz=24, trace=2478, nelems=6, elem type=char)
OBJ b3182e0 (sz=24, trace=2478, class=java.lang.String@6aeef0)
	value		b318280
ARR b3136a0 (sz=24, trace=2478, nelems=6, elem type=char)
OBJ b313980 (sz=24, trace=2478, class=java.lang.String@6aeef0)
	value		b3136a0
ARR b34afa0 (sz=72, trace=3851, nelems=27, elem type=char)
OBJ b349190 (sz=24, trace=3851, class=java.lang.String@6aeef0)
	value		b34afa0
ARR b340f60 (sz=48, trace=3864, nelems=17, elem type=char)
OBJ b341100 (sz=24, trace=3864, class=java.lang.String@6aeef0)
	value		b340f60
ARR b345d00 (sz=64, trace=3870, nelems=24, elem type=char)
OBJ b34b240 (sz=24, trace=3870, class=java.lang.String@6aeef0)
	value		b345d00
ARR b340440 (sz=104, trace=3877, nelems=44, elem type=char)
OBJ b3404e0 (sz=24, trace=3877, class=java.lang.String@6aeef0)
	value		b340440
ARR b340f00 (sz=144, trace=3878, nelems=64, elem type=char)
OBJ b337040 (sz=24, trace=3878, class=java.lang.String@6aeef0)
	value		b340f00
ARR b33e300 (sz=40, trace=3879, nelems=14, elem type=char)
OBJ b33e320 (sz=24, trace=3879, class=java.lang.String@6aeef0)
	value		b33e300
ARR b33d040 (sz=40, trace=3880, nelems=13, elem type=char)
OBJ b33d1c0 (sz=24, trace=3880, class=java.lang.String@6aeef0)
	value		b33d040
ARR b33d480 (sz=40, trace=3883, nelems=13, elem type=char)
OBJ b33d600 (sz=24, trace=3883, class=java.lang.String@6aeef0)
	value		b33d480
ARR b33d860 (sz=32, trace=3886, nelems=9, elem type=char)
OBJ b33d8a0 (sz=24, trace=3886, class=java.lang.String@6aeef0)
	value		b33d860
ARR b33d9c0 (sz=32, trace=3887, nelems=9, elem type=char)
OBJ b33d9e0 (sz=24, trace=3887, class=java.lang.String@6aeef0)
	value		b33d9c0
ARR b33db20 (sz=48, trace=3888, nelems=15, elem type=char)
OBJ b33db40 (sz=24, trace=3888, class=java.lang.String@6aeef0)
	value		b33db20
ARR b33b4a0 (sz=48, trace=3897, nelems=15, elem type=char)
OBJ b33b4c0 (sz=24, trace=3897, class=java.lang.String@6aeef0)
	value		b33b4a0
ARR b318100 (sz=24, trace=3943, nelems=5, elem type=char)
OBJ b3180e0 (sz=24, trace=3943, class=java.lang.String@6aeef0)
	value		b318100
ARR b03d270 (sz=24, trace=3985, nelems=4, elem type=char)
OBJ b03d250 (sz=24, trace=3985, class=java.lang.String@6aeef0)
	value		b03d270
ARR b040a60 (sz=24, trace=3989, nelems=3, elem type=char)
OBJ b042c40 (sz=24, trace=3989, class=java.lang.String@6aeef0)
	value		b040a60
ARR b0435e0 (sz=24, trace=3990, nelems=4, elem type=char)
OBJ b0435c0 (sz=24, trace=3990, class=java.lang.String@6aeef0)
	value		b0435e0
ARR b0495e0 (sz=16, trace=3991, nelems=2, elem type=char)
OBJ b04a490 (sz=24, trace=3991, class=java.lang.String@6aeef0)
	value		b0495e0
ARR b34eca0 (sz=136, trace=289, nelems=122, elem type=byte)
ARR b34d0c0 (sz=96, trace=289, nelems=42, elem type=short)
ARR b34de60 (sz=32, trace=289, nelems=4, elem type=int)
CLS b34b3e0 (name=ast.Creation, trace=289)
	super		6ae810
	loader		6bae30
	domain		afcf9e0
	static class$0	b34b3e0
ARR b34b440 (sz=40, trace=4049, nelems=12, elem type=char)
OBJ b34b640 (sz=24, trace=4049, class=java.lang.String@6aeef0)
	value		b34b440
ARR b23e840 (sz=48, trace=4099, nelems=17, elem type=char)
OBJ b23e740 (sz=24, trace=4099, class=java.lang.String@6aeef0)
	value		b23e840
ARR b072360 (sz=464, trace=289, nelems=445, elem type=byte)
ARR b072380 (sz=136, trace=289, nelems=60, elem type=short)
ARR b072d40 (sz=32, trace=289, nelems=4, elem type=int)
CLS b071fa0 (name=compiler.Context, trace=289)
	super		6ae810
	loader		6bae30
	domain		afcf9e0
	static class$0	b071fa0
	static logging	b2483c0
ARR b0674c0 (sz=48, trace=4106, nelems=16, elem type=char)
OBJ b067760 (sz=24, trace=4106, class=java.lang.String@6aeef0)
	value		b0674c0
ARR b0542c0 (sz=40, trace=4113, nelems=11, elem type=char)
OBJ b054300 (sz=24, trace=4113, class=java.lang.String@6aeef0)
	value		b0542c0
ARR b052090 (sz=64, trace=4118, nelems=24, elem type=char)
OBJ b0521b0 (sz=24, trace=4118, class=java.lang.String@6aeef0)
	value		b052090
ARR b024be0 (sz=352, trace=289, nelems=338, elem type=byte)
ARR b024c60 (sz=120, trace=289, nelems=54, elem type=short)
ARR b024da0 (sz=32, trace=289, nelems=4, elem type=int)
CLS b024dc0 (name=compiler.Table_Symbol, trace=289)
	super		6ae810
	loader		6bae30
	domain		afcf9e0
	static class$0	b024dc0
ARR b024e40 (sz=56, trace=4122, nelems=21, elem type=char)
OBJ b024e60 (sz=24, trace=4122, class=java.lang.String@6aeef0)
	value		b024e40
ARR b0234a0 (sz=32, trace=4124, nelems=10, elem type=char)
OBJ b0235a0 (sz=24, trace=4124, class=java.lang.String@6aeef0)
	value		b0234a0
ARR b000be0 (sz=32, trace=4147, nelems=7, elem type=char)
OBJ b000c00 (sz=24, trace=4147, class=java.lang.String@6aeef0)
	value		b000be0
ARR b000c80 (sz=16, trace=4148, nelems=2, elem type=char)
OBJ b000d20 (sz=24, trace=4148, class=java.lang.String@6aeef0)
	value		b000c80
ARR 784170 (sz=80, trace=289, nelems=62, elem type=byte)
ARR 78b820 (sz=72, trace=289, nelems=30, elem type=short)
CLS 78b300 (name=ast.Attribut, trace=289)
	super		6ae810
	loader		6bae30
	domain		afcf9e0
ARR b000ba0 (sz=288, trace=289, nelems=274, elem type=byte)
ARR b000b80 (sz=160, trace=289, nelems=72, elem type=short)
ARR b000610 (sz=32, trace=289, nelems=4, elem type=int)
CLS b002f20 (name=compiler.Attribut_Complet, trace=289)
	super		6ae810
	loader		6bae30
	domain		afcf9e0
	static class$0	b002f20
ARR b0b0840 (sz=120, trace=289, nelems=104, elem type=byte)
ARR b0b05e0 (sz=64, trace=289, nelems=24, elem type=short)
ARR b0b0260 (sz=32, trace=289, nelems=4, elem type=int)
CLS b0b01f0 (name=erreur.ErreurVDUS3, trace=289)
	super		afe3a70
	loader		6bae30
	domain		afcf9e0
ARR b291570 (sz=128, trace=289, nelems=114, elem type=byte)
ARR b291590 (sz=72, trace=289, nelems=30, elem type=short)
ARR b291650 (sz=32, trace=289, nelems=4, elem type=int)
CLS b291670 (name=erreur.ErreurVFFD3, trace=289)
	super		afe3a70
	loader		6bae30
	domain		afcf9e0
	static class$0	b291670
ARR b231a20 (sz=128, trace=289, nelems=116, elem type=byte)
ARR b231a60 (sz=64, trace=289, nelems=24, elem type=short)
ARR b231dc0 (sz=32, trace=289, nelems=4, elem type=int)
CLS b231e00 (name=erreur.ErreurVFFD2, trace=289)
	super		afe3a70
	loader		6bae30
	domain		afcf9e0
ARR b2300d0 (sz=64, trace=4153, nelems=25, elem type=char)
OBJ b230170 (sz=24, trace=4153, class=java.lang.String@6aeef0)
	value		b2300d0
ARR b0bd720 (sz=80, trace=4155, nelems=31, elem type=char)
OBJ b0bd7a0 (sz=24, trace=4155, class=java.lang.String@6aeef0)
	value		b0bd720
ARR aff8780 (sz=48, trace=4166, nelems=18, elem type=char)
OBJ aff6060 (sz=24, trace=4166, class=java.lang.String@6aeef0)
	value		aff8780
ARR b37e780 (sz=24, trace=4221, nelems=5, elem type=char)
OBJ b37e7a0 (sz=24, trace=4221, class=java.lang.String@6aeef0)
	value		b37e780
ARR b37e7c0 (sz=32, trace=4222, nelems=7, elem type=char)
OBJ b37e7e0 (sz=24, trace=4222, class=java.lang.String@6aeef0)
	value		b37e7c0
ARR b37e800 (sz=48, trace=4223, nelems=17, elem type=char)
OBJ b37e820 (sz=24, trace=4223, class=java.lang.String@6aeef0)
	value		b37e800
ARR b37e8a0 (sz=32, trace=4224, nelems=7, elem type=char)
OBJ b37e8c0 (sz=24, trace=4224, class=java.lang.String@6aeef0)
	value		b37e8a0
ARR b37ea00 (sz=40, trace=4224, nelems=12, elem type=char)
OBJ b37ea20 (sz=24, trace=4224, class=java.lang.String@6aeef0)
	value		b37ea00
ARR 763740 (sz=48, trace=4228, nelems=17, elem type=char)
OBJ 760370 (sz=24, trace=4228, class=java.lang.String@6aeef0)
	value		763740
ARR b28e340 (sz=32, trace=4233, nelems=9, elem type=char)
OBJ b28e260 (sz=24, trace=4233, class=java.lang.String@6aeef0)
	value		b28e340
ARR 788bc0 (sz=24, trace=4238, nelems=6, elem type=char)
OBJ 785e20 (sz=24, trace=4238, class=java.lang.String@6aeef0)
	value		788bc0
ARR 785fc0 (sz=32, trace=4239, nelems=8, elem type=char)
OBJ 784030 (sz=24, trace=4239, class=java.lang.String@6aeef0)
	value		785fc0
ARR afd6d10 (sz=32, trace=4243, nelems=7, elem type=char)
OBJ afd5440 (sz=24, trace=4243, class=java.lang.String@6aeef0)
	value		afd6d10
ARR afd5160 (sz=24, trace=4245, nelems=6, elem type=char)
OBJ afd64c0 (sz=24, trace=4245, class=java.lang.String@6aeef0)
	value		afd5160
ARR aff6640 (sz=24, trace=4248, nelems=3, elem type=char)
OBJ aff6560 (sz=24, trace=4248, class=java.lang.String@6aeef0)
	value		aff6640
ARR aff63a0 (sz=40, trace=4250, nelems=12, elem type=char)
OBJ aff6380 (sz=24, trace=4250, class=java.lang.String@6aeef0)
	value		aff63a0
ARR aff6160 (sz=32, trace=4252, nelems=7, elem type=char)
OBJ aff7ee0 (sz=24, trace=4252, class=java.lang.String@6aeef0)
	value		aff6160
ARR b015b40 (sz=48, trace=4255, nelems=18, elem type=char)
OBJ b015aa0 (sz=24, trace=4255, class=java.lang.String@6aeef0)
	value		b015b40
ARR b017700 (sz=40, trace=4257, nelems=11, elem type=char)
OBJ b017600 (sz=24, trace=4257, class=java.lang.String@6aeef0)
	value		b017700
ARR b09d190 (sz=40, trace=289, nelems=25, elem type=byte)
ARR b09e850 (sz=40, trace=289, nelems=12, elem type=short)
CLS b09e7b0 (name=compiler.Log, trace=289)
	super		6ae810
	loader		6bae30
	domain		afcf9e0
ARR b0a2fa0 (sz=24, trace=4270, nelems=3, elem type=char)
OBJ b0a2f40 (sz=24, trace=4270, class=java.lang.String@6aeef0)
	value		b0a2fa0
ARR b334820 (sz=24, trace=4272, nelems=4, elem type=char)
OBJ b336a00 (sz=24, trace=4272, class=java.lang.String@6aeef0)
	value		b334820
ARR b326890 (sz=24, trace=4290, nelems=4, elem type=char)
OBJ b3268b0 (sz=24, trace=4290, class=java.lang.String@6aeef0)
	value		b326890
ARR b325330 (sz=32, trace=4292, nelems=10, elem type=char)
OBJ b3254f0 (sz=24, trace=4292, class=java.lang.String@6aeef0)
	value		b325330
ARR b325940 (sz=40, trace=4292, nelems=13, elem type=char)
OBJ b325a20 (sz=24, trace=4292, class=java.lang.String@6aeef0)
	value		b325940
ARR b325150 (sz=72, trace=4301, nelems=27, elem type=char)
OBJ b325130 (sz=24, trace=4301, class=java.lang.String@6aeef0)
	value		b325150
ARR b3221e0 (sz=32, trace=4310, nelems=7, elem type=char)
OBJ b323d20 (sz=24, trace=4310, class=java.lang.String@6aeef0)
	value		b3221e0
ARR b323c80 (sz=24, trace=4312, nelems=3, elem type=char)
OBJ b324cc0 (sz=24, trace=4312, class=java.lang.String@6aeef0)
	value		b323c80
ARR b3466c0 (sz=64, trace=4315, nelems=23, elem type=char)
OBJ b3467a0 (sz=24, trace=4315, class=java.lang.String@6aeef0)
	value		b3466c0
ARR b346ac0 (sz=48, trace=4316, nelems=16, elem type=char)
OBJ b346b20 (sz=24, trace=4316, class=java.lang.String@6aeef0)
	value		b346ac0
ARR b3454d0 (sz=24, trace=4316, nelems=3, elem type=char)
OBJ b3455b0 (sz=24, trace=4316, class=java.lang.String@6aeef0)
	value		b3454d0
ARR b345830 (sz=48, trace=4321, nelems=17, elem type=char)
OBJ b345850 (sz=24, trace=4321, class=java.lang.String@6aeef0)
	value		b345830
ARR b345890 (sz=32, trace=4321, nelems=7, elem type=char)
OBJ b3458b0 (sz=24, trace=4321, class=java.lang.String@6aeef0)
	value		b345890
ARR b3443c0 (sz=16, trace=4326, nelems=2, elem type=char)
OBJ b344520 (sz=24, trace=4326, class=java.lang.String@6aeef0)
	value		b3443c0
ARR b3351c0 (sz=32, trace=4332, nelems=10, elem type=char)
OBJ b3351e0 (sz=24, trace=4332, class=java.lang.String@6aeef0)
	value		b3351c0
ARR b335ac0 (sz=16, trace=4319, nelems=1, elem type=char)
OBJ b335ae0 (sz=24, trace=4319, class=java.lang.String@6aeef0)
	value		b335ac0
ARR b33eb00 (sz=24, trace=4348, nelems=5, elem type=char)
OBJ b33eca0 (sz=24, trace=4348, class=java.lang.String@6aeef0)
	value		b33eb00
ARR 73f6b0 (sz=24, trace=4362, nelems=5, elem type=char)
OBJ 73f5d0 (sz=24, trace=4362, class=java.lang.String@6aeef0)
	value		73f6b0
ARR b333800 (sz=16, trace=0, nelems=1, elem type=int)
ARR b03e4c0 (sz=72, trace=4373, nelems=27, elem type=char)
OBJ b040ec0 (sz=24, trace=4373, class=java.lang.String@6aeef0)
	value		b03e4c0
ARR b046a20 (sz=64, trace=4374, nelems=23, elem type=char)
OBJ b0463d0 (sz=24, trace=4374, class=java.lang.String@6aeef0)
	value		b046a20
ARR b04cce0 (sz=72, trace=4377, nelems=27, elem type=char)
OBJ b04ccc0 (sz=24, trace=4377, class=java.lang.String@6aeef0)
	value		b04cce0
ARR b054840 (sz=24, trace=4384, nelems=6, elem type=char)
OBJ b054800 (sz=24, trace=4384, class=java.lang.String@6aeef0)
	value		b054840
ARR b3273a0 (sz=56, trace=4393, nelems=22, elem type=char)
OBJ b327da0 (sz=24, trace=4393, class=java.lang.String@6aeef0)
	value		b3273a0
ARR b327f80 (sz=24, trace=4393, nelems=3, elem type=char)
OBJ b326150 (sz=24, trace=4393, class=java.lang.String@6aeef0)
	value		b327f80
ARR b325900 (sz=40, trace=4395, nelems=11, elem type=char)
OBJ b325920 (sz=24, trace=4395, class=java.lang.String@6aeef0)
	value		b325900
ARR b323c60 (sz=48, trace=4395, nelems=18, elem type=char)
OBJ b323a20 (sz=24, trace=4395, class=java.lang.String@6aeef0)
	value		b323c60
ARR b323a00 (sz=64, trace=4397, nelems=23, elem type=char)
OBJ b3256b0 (sz=24, trace=4397, class=java.lang.String@6aeef0)
	value		b323a00
ARR b34a6e0 (sz=48, trace=4400, nelems=15, elem type=char)
OBJ b346340 (sz=24, trace=4400, class=java.lang.String@6aeef0)
	value		b34a6e0
ARR b346420 (sz=56, trace=4401, nelems=21, elem type=char)
OBJ b346440 (sz=24, trace=4401, class=java.lang.String@6aeef0)
	value		b346420
ARR b342640 (sz=32, trace=4408, nelems=7, elem type=char)
OBJ b3429e0 (sz=24, trace=4408, class=java.lang.String@6aeef0)
	value		b342640
ARR b0b0680 (sz=32, trace=4416, nelems=8, elem type=char)
OBJ b0b06a0 (sz=24, trace=4416, class=java.lang.String@6aeef0)
	value		b0b0680
ARR b0aea90 (sz=32, trace=471, nelems=16, elem type=byte)
ARR b0aec90 (sz=16, trace=471, nelems=0, elem type=short)
CLS b0aefa0 (name=java.net.SocketException, trace=471)
	super		78e770
ARR b0adfc0 (sz=48, trace=4425, nelems=18, elem type=char)
OBJ b0ac020 (sz=24, trace=4425, class=java.lang.String@6aeef0)
	value		b0adfc0
HEAP DUMP END
SITES BEGIN (ordered by live bytes) Fri Oct 10 10:27:08 2003
          percent         live       alloc'ed  stack class
 rank   self  accum    bytes objs   bytes objs trace name
    1  6.76%  6.76%    80360  661   84008  716     1 [C
    2  5.52% 12.28%    65552    1   65552    1  2427 [B
    3  4.51% 16.79%    53592   60  210680  150  4341 [C
    4  4.19% 20.99%    49840  231   49952  235     1 [B
    5  3.81% 24.79%    45256  306   45256  306   289 [B
    6  3.06% 27.86%    36400   15   38584   20    74 [B
    7  2.87% 30.73%    34152  570   34152  570   149 [C
    8  2.28% 33.01%    27056  362   27056  362   289 [S
    9  2.21% 35.22%    26312  323   26312  323   141 [C
   10  2.09% 37.31%    24816   54  103576  136  4320 [C
   11  2.07% 39.38%    24576  309   24576  309     1 [S
   12  1.81% 41.19%    21536  510   23640  571   289 java.lang.Object
   13  1.48% 42.68%    17640  324   17720  326     1 java.lang.Object
   14  1.44% 44.12%    17136  306   17136  306   289 java.lang.Class
   15  1.38% 45.50%    16400    1   16400    1   444 [C
   16  1.38% 46.88%    16400    1   16400    1   456 [C
   17  1.29% 48.17%    15288  637   15288  637   125 java.util.HashMap$Entry
   18  1.26% 49.43%    15000  250  605280  262     1 [I
   19  1.22% 50.65%    14504  259   14504  259     1 java.lang.Class
   20  1.15% 51.80%    13680  570   13680  570   148 java.lang.String
   21  1.09% 52.89%    12920  323   12920  323   143 java.util.HashMap
   22  0.99% 53.87%    11704  435   46616 2132  1011 [C
   23  0.95% 54.83%    11344  366   11344  366  3835 [C
   24  0.95% 55.78%    11280  470   12648  527     1 java.lang.String
   25  0.89% 56.67%    10560   20  165792  314    87 [B
   26  0.86% 57.52%    10200  425   48768 2032  1010 java.lang.String
   27  0.83% 58.36%     9872   21    9872   21     0 [I
   28  0.83% 59.18%     9808   11   21280   21  4344 [C
   29  0.81% 60.00%     9680   50   22968  116  4330 [C
   30  0.81% 60.80%     9568   54   25072  136  4339 [C
   31  0.80% 61.60%     9504  396    9504  396     0 java.util.Hashtable$Entry
   32  0.80% 62.40%     9504  396    9504  396  3837 java.util.Hashtable$Entry
   33  0.77% 63.17%     9120  570    9120  570   150 java.util.jar.Attributes$Name
   34  0.74% 63.91%     8784  366    8784  366  3835 java.lang.String
   35  0.70% 64.61%     8352   50   18672  110  4336 [C
   36  0.69% 65.30%     8208    1  377568   46   455 [B
   37  0.69% 65.99%     8208    1  311904   38   443 [B
   38  0.69% 66.68%     8160  311    8664  323   144 java.util.HashMap$Entry
   39  0.65% 67.33%     7752  323    7752  323   140 java.lang.String
   40  0.65% 67.98%     7752  323    7752  323   145 java.util.HashMap$Entry
   41  0.65% 68.63%     7712   54   19688  136  4333 [C
   42  0.62% 69.25%     7312  182    7312  182   289 [I
   43  0.58% 69.83%     6880   62   18208  201   289 [C
   44  0.44% 70.26%     5200   50   12368  117  4325 [C
   45  0.43% 70.70%     5168  323    5168  323   142 java.util.jar.Attributes
   46  0.37% 71.07%     4416   92    4416   92  4158 compiler.Attribut_Complet
   47  0.37% 71.44%     4360   18    4360   18    25 [C
   48  0.36% 71.80%     4320   54   10880  136  4322 [C
   49  0.32% 72.12%     3768   87    3768   87  2599 [C
   50  0.31% 72.43%     3640   65    3640   65     6 java.lang.Class
   51  0.30% 72.72%     3528    3    3528    3     0 java.util.Hashtable$Entry
   52  0.29% 73.01%     3472    2    6792    9  3838 java.util.Hashtable$Entry
   53  0.28% 73.29%     3312   65    3312   65     6 [B
   54  0.27% 73.56%     3168   67    3168   67   102 [C
   55  0.26% 73.82%     3120   41    3120   41     0 [C
   56  0.25% 74.08%     3024   30    9472   88  4328 [C
   57  0.25% 74.33%     2976   62  273456 5697   641 java.nio.HeapCharBuffer
   58  0.24% 74.57%     2824   79    2824   79     6 java.lang.Object
   59  0.24% 74.80%     2800   50    6752  117  4327 [C
   60  0.21% 75.01%     2448  102    2448  102     1 [C
   61  0.20% 75.21%     2384    5    4192   14   153 java.util.HashMap$Entry
   62  0.19% 75.40%     2240   21   28888  286    37 [C
   63  0.18% 75.57%     2112   44    2112   44  4152 compiler.Attribut_Complet
   64  0.18% 75.75%     2112   66    2112   66     1 java.util.TreeMap$Entry
   65  0.18% 75.93%     2096    8    2096    8  4267 [C
   66  0.18% 76.10%     2088   87    4032  168  1522 ast.Token
   67  0.18% 76.28%     2088   87    2088   87  2599 java.lang.String
   68  0.18% 76.45%     2088   87    4032  168  1520 ast.Expr_Var
   69  0.17% 76.63%     2064   86    2064   86  2601 java.util.regex.Pattern$Range
   70  0.16% 76.79%     1936   67    1936   67     6 [S
   71  0.16% 76.95%     1888    4    1888    4  1052 [S
   72  0.15% 77.10%     1760   20    1760   20    73 java.util.jar.JarFile$JarFileEntry
   73  0.14% 77.24%     1680   21    1760   22    93 java.util.HashMap$Entry
   74  0.14% 77.38%     1664   16    4784   46  1287 ast.FeatureRoutine
   75  0.14% 77.52%     1664   34    1664   34     6 [I
   76  0.14% 77.66%     1608   67    1608   67   101 java.lang.String
   77  0.13% 77.79%     1584   66    1584   66     1 java.util.Hashtable$Entry
   78  0.13% 77.92%     1520   19    1520   19  4022 ast.Classe
   79  0.13% 78.04%     1512   27    3696   66  1669 ast.Type
   80  0.13% 78.17%     1504   21    3640   65   687 [C
   81  0.13% 78.30%     1496    8    1496    8  4386 [C
   82  0.12% 78.41%     1368   57    4824  201   289 java.lang.String
   83  0.11% 78.53%     1360   34   10000  250  1273 ast.NomFeature
   84  0.11% 78.64%     1344   14    1920   20  1682 ast.FeatureExternal
   85  0.11% 78.75%     1320   55    3264  136  4342 java.lang.String
   86  0.11% 78.86%     1296   54    3264  136  4340 java.lang.String
   87  0.11% 78.97%     1296   54    3264  136  4338 java.lang.StringBuffer
   88  0.11% 79.08%     1296   54    3264  136  4334 java.lang.String
   89  0.11% 79.19%     1296   54    3264  136  4332 java.lang.StringBuffer
   90  0.11% 79.30%     1296   54    3264  136  4321 java.lang.StringBuffer
   91  0.11% 79.40%     1296    1    2560    5   491 java.lang.Object
   92  0.11% 79.51%     1296   54    3264  136  4323 java.lang.String
   93  0.11% 79.62%     1296   54    3264  136  4319 java.lang.StringBuffer
   94  0.10% 79.73%     1224    1    1224    1  2596 [B
   95  0.10% 79.83%     1200   50    2808  117  4324 java.lang.StringBuffer
   96  0.10% 79.93%     1200   50    2808  117  4326 java.lang.StringBuffer
   97  0.10% 80.03%     1200   50    2640  110  4335 java.lang.StringBuffer
   98  0.10% 80.13%     1200    3    1200    3  1052 [B
   99  0.10% 80.23%     1200   50    2808  117  4329 java.lang.String
  100  0.10% 80.33%     1200   15    1600   20    95 java.util.HashMap$Entry
  101  0.10% 80.43%     1200   50    2808  117  4331 java.lang.String
  102  0.10% 80.53%     1200   50    2640  110  4337 java.lang.String
  103  0.10% 80.63%     1176   21    1176   21    58 java.lang.Object
  104  0.10% 80.73%     1176   21    2352   42  1018 ast.Type
  105  0.10% 80.83%     1176   49    1176   49  2600 java.lang.String
  106  0.10% 80.93%     1144   13    2200   25  1361 ast.FeatureDeferred
  107  0.09% 81.02%     1120   35    1120   35  4151 ast.Attribut
  108  0.09% 81.12%     1120   20    2968   53  1333 ast.Type
  109  0.09% 81.21%     1120   20    1120   20    17 java.net.URL
  110  0.09% 81.30%     1120   36    2768   91  2478 [C
  111  0.09% 81.40%     1104    4    7672   26  4359 [C
  112  0.09% 81.49%     1072   67    1072   67   103 java.util.jar.Attributes$Name
  113  0.09% 81.58%     1064    9    1064    9  1973 [C
  114  0.09% 81.67%     1056    2    1056    2     0 [B
  115  0.08% 81.75%      992   32    4952  146  1255 [C
  116  0.08% 81.83%      984   41     984   41     0 java.lang.String
  117  0.08% 81.91%      960   20     960   20    39 java.util.jar.JarFile
  118  0.08% 81.99%      960   24     960   24   196 java.lang.Package
  119  0.08% 82.07%      928    2     928    2  2103 [I
  120  0.08% 82.15%      920    3     920    3   236 [B
  121  0.07% 82.22%      880   11     960   12     1 java.util.HashMap$Entry
  122  0.07% 82.30%      880   22     880   22  4220 [Z
  123  0.07% 82.37%      880   49     880   49  2600 [C
  124  0.07% 82.45%      880   22     880   22  4109 [Z
  125  0.07% 82.52%      864    2     864    2  2596 [S
  126  0.07% 82.59%      864   36    2184   91  2478 java.lang.String
  127  0.07% 82.66%      848   12     912   14  1991 java.util.HashMap$Entry
  128  0.07% 82.73%      840   15    1176   21   129 java.util.Hashtable$Entry
  129  0.07% 82.80%      840   15    1176   21   131 java.util.Hashtable$Entry
  130  0.07% 82.87%      840   15    1176   21   135 java.lang.Object
  131  0.07% 82.94%      840   21     840   21    92 java.util.HashMap
  132  0.07% 83.02%      840   15    1176   21   133 java.util.Hashtable$Entry
  133  0.07% 83.08%      816   34    6000  250  1275 ast.Token
  134  0.07% 83.15%      816   34    6000  250  1276 ast.Position
  135  0.07% 83.22%      800   10    1680   21  4317 [C
  136  0.07% 83.29%      800   20     800   20    94 java.util.HashMap
  137  0.07% 83.35%      792   33    2088   87  1338 ast.Token
  138  0.07% 83.42%      792   33    2088   87  1336 ast.DeclareVar
  139  0.07% 83.49%      784    5     784    5    39 [S
  140  0.06% 83.55%      768   32    3504  146  1254 java.lang.String
  141  0.06% 83.62%      768    6     768    6  1206 [B
  142  0.06% 83.68%      728   13     728   13  4075 ast.Type
  143  0.06% 83.74%      728    7     784    8     1 java.util.Hashtable$Entry
  144  0.06% 83.80%      720   15    1008   21   137 [B
  145  0.06% 83.86%      720   15     960   20   127 java.util.jar.JarVerifier
  146  0.06% 83.92%      720   10     720   10  4017 ast.Heritage
  147  0.06% 83.98%      704    8     704    8  4036 ast.FeatureAttr
  148  0.06% 84.04%      696   16     696   16     1 java.lang.String
  149  0.06% 84.10%      696   29    7344  306   286 java.lang.String
  150  0.06% 84.16%      696   29     696   29   288 java.util.Hashtable$Entry
  151  0.06% 84.21%      696   29    7344  306   179 java.lang.String
  152  0.06% 84.27%      688   43    3664  229  1298 ast.Type
  153  0.06% 84.33%      688   43    1456   91  1293 ast.Assert
  154  0.06% 84.39%      688   43    3736  229  1297 ast.NomFeature
  155  0.06% 84.45%      688   43    1456   91  1294 ast.Assert
  156  0.06% 84.50%      688   43    1456   91  1295 ast.Instr
  157  0.06% 84.56%      688   43    1456   91  1296 ast.Commentaire
  158  0.06% 84.62%      672   14    1056   22   397 java.lang.reflect.Constructor
  159  0.06% 84.67%      672   12    1680   30  1035 ast.Type
  160  0.06% 84.73%      672   14     912   19   395 java.lang.reflect.Constructor
  161  0.06% 84.79%      672   28     672   28     0 ast.Token
  162  0.06% 84.84%      672   12     672   12     1 java.net.URL
  163  0.05% 84.90%      648   27    2304   96  1671 ast.Token
  164  0.05% 84.95%      640   20     640   20    16 sun.misc.URLClassPath$JarLoader
  165  0.05% 85.01%      640   20     640   20    54 java.lang.ref.Finalizer
  166  0.05% 85.06%      640   20     640   20    81 java.util.zip.Inflater
  167  0.05% 85.11%      640   20     640   20    84 java.lang.ref.Finalizer
  168  0.05% 85.17%      624   26    1632   68  1445 ast.Expr_Binaire
  169  0.05% 85.22%      608   19     608   19  3999 java.lang.ref.Finalizer
  170  0.05% 85.27%      600   15     800   20   132 java.util.Hashtable
  171  0.05% 85.32%      600   15     800   20   128 java.util.Hashtable
  172  0.05% 85.37%      600   15     800   20   130 java.util.Hashtable
  173  0.05% 85.42%      592    4     688    6  2194 [C
  174  0.05% 85.47%      576    4    4008   26  4352 [C
  175  0.05% 85.52%      576    3     576    3    39 [B
  176  0.05% 85.56%      576   36     576   36  2602 java.util.regex.Pattern$Category
  177  0.05% 85.61%      576   24     576   24   197 java.util.HashMap$Entry
  178  0.05% 85.66%      576   10     576   10   375 [I
  179  0.05% 85.71%      560   14     560   14  4060 ast.NomFeature
  180  0.05% 85.76%      560   10     896   16  1727 ast.Type
  181  0.05% 85.80%      544   17     544   17  4164 ast.Attribut
  182  0.05% 85.85%      536    3     536    3   417 [B
  183  0.04% 85.89%      528   33    1032   54  1360 ast.DeclareVar
  184  0.04% 85.94%      528   22     528   22     1 java.util.Locale
  185  0.04% 85.98%      512    9     512    9   417 [I
  186  0.04% 86.02%      504    5     552    6   258 [C
  187  0.04% 86.06%      504   21    1008   42  1021 ast.Token
  188  0.04% 86.11%      504   21    6864  286    38 java.lang.String
  189  0.04% 86.15%      504    9     504    9  1975 java.net.URL
  190  0.04% 86.19%      504   21     504   21   138 java.util.HashMap$Entry
  191  0.04% 86.23%      496    5    5064   50   265 [C
  192  0.04% 86.27%      488   19     488   19  4033 ast.Type
  193  0.04% 86.31%      488   19     488   19  4023 ast.Feature
  194  0.04% 86.36%      488    1     488    1   375 [B
  195  0.04% 86.40%      480   20     480   20    57 java.util.Vector
  196  0.04% 86.44%      480   20    1632   68  1359 ast.Token
  197  0.04% 86.48%      480    6     480    6  1203 java.util.HashMap$Entry
  198  0.04% 86.52%      480   20    1272   53  1335 ast.Token
  199  0.04% 86.56%      480    6     480    6  1201 java.util.HashMap$Entry
  200  0.04% 86.60%      480   12     480   12     1 java.util.HashMap
  201  0.04% 86.64%      480   20     480   20    26 java.lang.String
  202  0.04% 86.68%      472    4     472    4   236 [S
  203  0.04% 86.72%      464   12    1768   44  4154 compiler.Attribut_Complet
  204  0.04% 86.76%      456   19     912   38  3996 java.lang.String
  205  0.04% 86.79%      456   19     456   19  4028 ast.Position
  206  0.04% 86.83%      456   19     456   19  4029 ast.Position
  207  0.04% 86.87%      456   19     456   19  4027 ast.Token
  208  0.04% 86.91%      456   19     456   19  4026 ast.Token
  209  0.04% 86.95%      448    8     448    8  4385 [C
  210  0.04% 86.98%      448   14     448   14   396 java.lang.ref.SoftReference
  211  0.04% 87.02%      448    4    2112   19  4349 [C
  212  0.04% 87.06%      448    8     448    8  2445 java.lang.Class
  213  0.04% 87.10%      440   25     440   25  4193 ast.Type
  214  0.04% 87.13%      440    2     440    2    16 [B
  215  0.04% 87.17%      440    6     440    6  2190 [C
  216  0.04% 87.21%      432   27    1104   66  1670 ast.Type
  217  0.04% 87.24%      424    1     424    1   833 java.lang.String
  218  0.04% 87.28%      424    1     424    1     1 [[C
  219  0.03% 87.31%      408   17     552   23  1553 java.lang.String
  220  0.03% 87.35%      408    3     408    3   417 [S
  221  0.03% 87.38%      408   17    1848   77  1343 java.lang.String
  222  0.03% 87.42%      408   17     552   23  1909 ast.Token
  223  0.03% 87.45%      408   17     552   23  1555 ast.Token
  224  0.03% 87.48%      408   16     872   40  2505 [C
  225  0.03% 87.52%      400   11     400   11   236 [I
  226  0.03% 87.55%      400    2     400    2  1061 java.lang.Object
  227  0.03% 87.59%      392    1     392    1    67 [B
  228  0.03% 87.62%      392    7     392    7     1 java.lang.Class
  229  0.03% 87.65%      392    7     392    7     0 ast.Type
  230  0.03% 87.68%      384   16    1104   46  1292 ast.Token
  231  0.03% 87.72%      384    8     384    8  4381 [C
  232  0.03% 87.75%      384    6     384    6  1206 [I
  233  0.03% 87.78%      384    8     384    8     1 java.lang.reflect.Constructor
  234  0.03% 87.81%      384   16     960   40  2505 java.lang.String
  235  0.03% 87.84%      360   15     480   20   134 java.util.ArrayList
  236  0.03% 87.87%      360    1     360    1  2599 java.lang.String
  237  0.03% 87.90%      360    1     360    1  2601 java.util.regex.Pattern$Node
  238  0.03% 87.93%      352    3     352    3   236 java.lang.Object
  239  0.03% 87.96%      344    9    3184   92  4159 compiler.Attribut_Complet
  240  0.03% 87.99%      344    4     344    4  2180 [C
  241  0.03% 88.02%      344    2     344    2  2001 [B
  242  0.03% 88.05%      336    6     336    6  1198 java.lang.Object
  243  0.03% 88.08%      336   14     480   20  1674 ast.Token
  244  0.03% 88.10%      336   14     336   14  4062 ast.Position
  245  0.03% 88.13%      336    4     336    4   417 java.lang.Object
  246  0.03% 88.16%      336   21     672   42  1020 ast.Type
  247  0.03% 88.19%      336    6     336    6  1205 java.lang.Object
  248  0.03% 88.22%      336   14     336   14  4057 ast.Token
  249  0.03% 88.25%      336    3     856    8  2120 [C
  250  0.03% 88.27%      336    6     336    6   274 java.lang.Object
  251  0.03% 88.30%      336    6     336    6   279 java.util.Hashtable$Entry
  252  0.03% 88.33%      336    6     336    6  1196 java.util.Hashtable$Entry
  253  0.03% 88.36%      336    6     336    6   227 java.util.Hashtable$Entry
  254  0.03% 88.39%      336   14     480   20  1684 ast.Token
  255  0.03% 88.42%      336    6     336    6  1194 sun.reflect.DelegatingClassLoader
  256  0.03% 88.44%      336    6     336    6  1206 java.lang.Class
  257  0.03% 88.47%      336   14     336   14  4061 ast.Token
  258  0.03% 88.50%      328    1     328    1  4406 [C
  259  0.03% 88.53%      328    1     328    1  4398 [C
  260  0.03% 88.56%      328    2     328    2   493 [B
  261  0.03% 88.58%      328    1     328    1  4414 [C
  262  0.03% 88.61%      328    9     328    9   126 [C
  263  0.03% 88.64%      320   20     320   20    91 java.util.jar.Attributes
  264  0.03% 88.66%      320   20     320   20    90 java.util.jar.Manifest
  265  0.03% 88.69%      320    3    2752   28   395 [C
  266  0.03% 88.72%      320    8     320    8  4379 [C
  267  0.03% 88.75%      320   10     320   10  4137 compiler.Table_Symbol
  268  0.03% 88.77%      320   20     848   53  1334 ast.Type
  269  0.03% 88.80%      320   20     320   20  4192 <Unknown_class>
  270  0.03% 88.83%      312   13     312   13  4076 ast.Token
  271  0.03% 88.85%      312   13     600   25  1363 ast.Token
  272  0.03% 88.88%      312    1     312    1   180 [B
  273  0.03% 88.90%      304    2     304    2    90 [B
  274  0.03% 88.93%      304   19     304   19  4001 java.io.FileDescriptor
  275  0.03% 88.95%      304   19     304   19  4025 ast.Commentaire
  276  0.03% 88.98%      304   19     304   19  3998 java.io.FileInputStream
  277  0.03% 89.01%      304    2    2432   16  4346 [C
  278  0.02% 89.03%      296    1     296    1   267 [B
  279  0.02% 89.06%      296    1     296    1   127 [B
  280  0.02% 89.08%      288   12     720   30  1037 ast.Token
  281  0.02% 89.10%      288    9     288    9  4121 compiler.Table_Symbol
  282  0.02% 89.13%      288    4     288    4   558 java.lang.String
  283  0.02% 89.15%      288    9    2240   70   477 java.lang.ref.Finalizer
  284  0.02% 89.18%      288   12     720   30  1051 ast.Token
  285  0.02% 89.20%      288    4     288    4  2188 [C
  286  0.02% 89.22%      272   17     320   20  1896 ast.Assert
  287  0.02% 89.25%      272    1     272    1   212 [B
  288  0.02% 89.27%      272   17     368   23  1554 [C
  289  0.02% 89.29%      272    1     272    1   201 [B
  290  0.02% 89.32%      272    1     416    2  2116 java.util.HashMap$Entry
  291  0.02% 89.34%      272   17    1232   77  1344 [C
  292  0.02% 89.36%      264    3     264    3     0 ast.FeatureAttr
  293  0.02% 89.38%      264   11     504   21  4345 java.lang.String
  294  0.02% 89.41%      264    1     264    1    61 [B
  295  0.02% 89.43%      264    2     264    2  2596 java.lang.Object
  296  0.02% 89.45%      264   11     504   21  4343 java.lang.StringBuffer
  297  0.02% 89.47%      264    2     264    2   103 [S
  298  0.02% 89.49%      256    4    1648   26  4357 [C
  299  0.02% 89.51%      256    3     256    3    39 java.lang.Object
  300  0.02% 89.54%      256    6     256    6    67 [I
  301  0.02% 89.56%      256    2     256    2    80 [B
  302  0.02% 89.58%      256    4     296    5   493 java.lang.Object
  303  0.02% 89.60%      256   16     880   46  1291 ast.DeclareVar
  304  0.02% 89.62%      256   16    1000   46  1290 ast.Instr
  305  0.02% 89.64%      248    1     248    1   224 [B
  306  0.02% 89.66%      248   14     248   14     0 ast.Type
  307  0.02% 89.68%      240   15     320   20   136 java.io.ByteArrayOutputStream
  308  0.02% 89.70%      240    2     240    2   225 [B
  309  0.02% 89.72%      240    5     240    5  1939 [I
  310  0.02% 89.75%      240    6     240    6     1 java.util.Hashtable
  311  0.02% 89.77%      240    1   94344  560   176 [C
  312  0.02% 89.79%      240    6     240    6   278 java.util.Hashtable
  313  0.02% 89.81%      240   10     384   16  1728 ast.Token
  314  0.02% 89.83%      240    3     240    3  2602 [B
  315  0.02% 89.85%      240    1     240    1  1939 [B
  316  0.02% 89.87%      240   10     504   21  4318 java.lang.String
  317  0.02% 89.89%      240    6     240    6  1202 java.util.HashMap
  318  0.02% 89.91%      240    1     240    1  2017 [B
  319  0.02% 89.93%      240   10     816   34  1357 ast.Instr_Affect
  320  0.02% 89.95%      240   10    2400  100  1327 java.lang.String
  321  0.02% 89.97%      240   10     504   21  4316 java.lang.StringBuffer
  322  0.02% 89.99%      240    6     240    6   226 java.util.Hashtable
  323  0.02% 90.01%      240    6     240    6  1195 java.util.Hashtable
  324  0.02% 90.03%      240    6     240    6  1200 java.util.HashMap
  325  0.02% 90.05%      240    7    1200   30   543 [C
  326  0.02% 90.07%      232    1     232    1   251 [B
  327  0.02% 90.09%      232    2     912    8  2270 [C
  328  0.02% 90.11%      232    2     232    2   251 [S
  329  0.02% 90.13%      232    4     232    4  2206 [C
  330  0.02% 90.15%      224   14     320   20  1675 ast.Chaine
  331  0.02% 90.16%      224   14     224   14  4059 java.lang.String
  332  0.02% 90.18%      224    3     224    3  1210 [B
  333  0.02% 90.20%      224    4     224    4   267 [I
  334  0.02% 90.22%      224   14     328   19   395 java.lang.Class
  335  0.02% 90.24%      224    8     224    8  2351 [C
  336  0.02% 90.26%      224    8    1904   22  2297 [C
  337  0.02% 90.28%      224   14     224   14  4058 ast.Chaine
  338  0.02% 90.30%      224   14     320   20  1676 java.lang.String
  339  0.02% 90.31%      216    1     216    1   322 [B
  340  0.02% 90.33%      216    9     216    9  2298 java.util.Hashtable$Entry
  341  0.02% 90.35%      216    1     216    1    68 [B
  342  0.02% 90.37%      216    4     216    4  1210 java.lang.Object
  343  0.02% 90.39%      216    9     216    9   126 java.lang.String
  344  0.02% 90.40%      216    1     216    1  2602 java.util.regex.Pattern$Node
  345  0.02% 90.42%      216    2     216    2   375 [S
  346  0.02% 90.44%      216    9     216    9     0 ast.Position
  347  0.02% 90.46%      216    3     216    3     1 java.lang.Thread
  348  0.02% 90.48%      216    9     216    9  1974 java.lang.String
  349  0.02% 90.50%      216    1     216    1  2600 java.lang.String
  350  0.02% 90.51%      216    9     216    9     1 java.util.logging.Level
  351  0.02% 90.53%      208   13     208   13  4210 <Unknown_class>
  352  0.02% 90.55%      208    1     208    1    91 [B
  353  0.02% 90.57%      208    1     208    1  1061 [B
  354  0.02% 90.58%      208    2    2720   32  2115 [C
  355  0.02% 90.60%      208    2     208    2    75 [B
  356  0.02% 90.62%      208    2     208    2  1939 [C
  357  0.02% 90.64%      208   13     208   13  4212 ast.Attribut
  358  0.02% 90.65%      208   13     208   13  4211 ast.Type
  359  0.02% 90.67%      208    2     208    2     0 ast.FeatureRoutine
  360  0.02% 90.69%      208   13     208   13  4215 ast.Attribut
  361  0.02% 90.71%      200    8     200    8  2215 [C
  362  0.02% 90.72%      200    6     200    6  2602 [S
  363  0.02% 90.74%      200    2     560    7  2186 [C
  364  0.02% 90.76%      200    1     200    1  2612 [B
  365  0.02% 90.77%      200    1    5096  145  2712 [C
  366  0.02% 90.79%      200    5     200    5     0 ast.NomFeature
  367  0.02% 90.81%      200    5     200    5   474 java.lang.Package
  368  0.02% 90.82%      200    1     304    2   692 java.util.Hashtable$Entry
  369  0.02% 90.84%      192    1     192    1   244 [B
  370  0.02% 90.86%      192    8     528   22  2297 java.lang.String
  371  0.02% 90.87%      192    8     192    8  2215 java.lang.String
  372  0.02% 90.89%      192    5     192    5   322 [I
  373  0.02% 90.90%      192    8     192    8  4378 java.lang.StringBuffer
  374  0.02% 90.92%      192   12     480   30  1036 ast.Type
  375  0.02% 90.94%      192    6     224    7     1 java.lang.ref.SoftReference
  376  0.02% 90.95%      192    2     192    2   127 [S
  377  0.02% 90.97%      192    6     192    6   282 java.security.ProtectionDomain
  378  0.02% 90.99%      192    8     192    8  4383 java.lang.StringBuffer
  379  0.02% 91.00%      192    8     192    8  4387 java.lang.String
  380  0.02% 91.02%      192   12     528   30  1048 ast.NomFeature
  381  0.02% 91.03%      192   12     528   30  1049 ast.NomFeature
  382  0.02% 91.05%      192    4     192    4    39 [I
  383  0.02% 91.07%      192    2     192    2   375 java.lang.Object
  384  0.02% 91.08%      192   12     504   30  1046 ast.Rename
  385  0.02% 91.10%      192   12     528   30  1050 ast.NomFeature
  386  0.02% 91.11%      192    4     192    4    16 [I
  387  0.02% 91.13%      192    8     192    8  4380 java.lang.String
  388  0.02% 91.15%      192    8     192    8  4382 java.lang.String
  389  0.02% 91.16%      192   12     480   30  1047 ast.Export
  390  0.02% 91.18%      192    8     192    8  2351 java.lang.String
  391  0.02% 91.19%      184    2     184    2  2612 [S
  392  0.02% 91.21%      184    4    3904   70  1264 [C
  393  0.02% 91.23%      184    2     184    2   201 [S
  394  0.02% 91.24%      184    4    3904   70  1267 [C
  395  0.02% 91.26%      184    4     184    4    16 [S
  396  0.01% 91.27%      176    1     272    2  4054 java.lang.Object
  397  0.01% 91.29%      176    1     176    1   103 [B
  398  0.01% 91.30%      176    3     176    3  2140 [C
  399  0.01% 91.32%      176    3     176    3    75 java.lang.Object
  400  0.01% 91.33%      176    2     176    2   180 [S
  401  0.01% 91.35%      176    1     176    1  2002 [B
  402  0.01% 91.36%      176    2     176    2   330 [B
  403  0.01% 91.38%      176    1     272    2  4072 java.lang.Object
  404  0.01% 91.39%      168    2   37968  452  2138 java.lang.Object
  405  0.01% 91.40%      168    3    1824   34   678 [C
  406  0.01% 91.42%      168    2     168    2   510 [B
  407  0.01% 91.43%      168    3     168    3    39 java.lang.Class
  408  0.01% 91.45%      168    2     168    2  2001 [S
  409  0.01% 91.46%      168    2     168    2   210 [B
  410  0.01% 91.47%      168    3     168    3   417 java.lang.Class
  411  0.01% 91.49%      168    3     168    3  1210 java.lang.Class
  412  0.01% 91.50%      168    1     168    1  2103 [B
  413  0.01% 91.52%      168    3    1120   20  4363 [C
  414  0.01% 91.53%      168    1     168    1    68 [S
  415  0.01% 91.54%      168    1     168    1  4396 [C
  416  0.01% 91.56%      168    3     168    3   236 java.lang.Class
  417  0.01% 91.57%      168    3     168    3  1052 java.lang.Object
  418  0.01% 91.59%      168    3     168    3  2601 java.lang.Class
  419  0.01% 91.60%      168    2     168    2   178 [B
  420  0.01% 91.62%      168    1     168    1  4405 [C
  421  0.01% 91.63%      168    1     168    1  4413 [C
  422  0.01% 91.64%      168    3     168    3  2602 java.lang.Class
  423  0.01% 91.66%      168    3     168    3  1052 java.lang.Class
  424  0.01% 91.67%      160    5     192    6   251 java.io.FilePermission
  425  0.01% 91.68%      160    5     160    5   510 java.lang.Object
  426  0.01% 91.70%      160    2     160    2     0 ast.Classe
  427  0.01% 91.71%      160    2     160    2  2601 [B
  428  0.01% 91.73%      160    4     160    4  4068 ast.NomFeature
  429  0.01% 91.74%      160    2    2448   20    24 [C
  430  0.01% 91.75%      160    2     160    2  2352 [C
  431  0.01% 91.77%      160    3     160    3    80 [S
  432  0.01% 91.78%      160    4     160    4     1 java.util.TreeMap
  433  0.01% 91.79%      160    1     160    1   413 [B
  434  0.01% 91.81%      160    1     160    1   277 [B
  435  0.01% 91.82%      152    4     152    4  2601 [S
  436  0.01% 91.83%      152    2     152    2    68 java.lang.Object
  437  0.01% 91.84%      152    2     152    2  2001 java.lang.Object
  438  0.01% 91.86%      152    1     264    2   471 [C
  439  0.01% 91.87%      152    1     152    1   151 java.lang.Object
  440  0.01% 91.88%      144    3     144    3  2002 [I
  441  0.01% 91.89%      144    9     672   39  1691 ast.NomFeature
  442  0.01% 91.91%      144    9    1120   70   478 java.io.FileDescriptor
  443  0.01% 91.92%      144    6     144    6   273 java.util.Vector
  444  0.01% 91.93%      144    6     144    6     1 java.util.ArrayList
  445  0.01% 91.94%      144    1     144    1  3878 [C
  446  0.01% 91.95%      144    9     648   39  1692 ast.Type
  447  0.01% 91.97%      144    6     144    6   276 java.lang.RuntimePermission
  448  0.01% 91.98%      144    6     144    6  2602 java.util.regex.Pattern$Range
  449  0.01% 91.99%      144    2     144    2  1941 [C
  450  0.01% 92.00%      144    6     144    6  1206 java.lang.Object
  451  0.01% 92.02%      144    4     144    4   333 [C
  452  0.01% 92.03%      144    3     144    3    90 java.lang.Object
  453  0.01% 92.04%      144    6     144    6   281 java.util.Hashtable$Entry
  454  0.01% 92.05%      144    6     144    6   284 java.util.HashMap$Entry
  455  0.01% 92.06%      144    6    7344  306   224 java.security.CodeSource
  456  0.01% 92.08%      144    6     144    6   225 java.security.Permissions
  457  0.01% 92.09%      144    1     144    1   211 [C
  458  0.01% 92.10%      144    6     144    6   290 java.util.HashMap$Entry
  459  0.01% 92.11%      144    6     144    6  4093 ast.Token
  460  0.01% 92.12%      144    6     144    6  1204 java.util.Vector
  461  0.01% 92.14%      144    6     144    6   277 java.security.BasicPermissionCollection
  462  0.01% 92.15%      144    6     144    6  2190 java.lang.String
  463  0.01% 92.16%      144    6     144    6   280 java.util.Hashtable$Entry
  464  0.01% 92.17%      144    6     144    6     1 java.util.Vector
  465  0.01% 92.19%      144    1     144    1   182 java.util.HashMap$Entry
  466  0.01% 92.20%      144    6     144    6  1197 java.util.Vector
  467  0.01% 92.21%      144    1     144    1   151 [B
  468  0.01% 92.22%      144    6     720   30   543 java.lang.String
  469  0.01% 92.23%      144    1     144    1  4418 [C
  470  0.01% 92.25%      144    9    1120   70   476 java.io.FileInputStream
  471  0.01% 92.26%      144    6     144    6  4089 ast.Token
  472  0.01% 92.27%      144    6     144    6   275 java.util.Hashtable$Entry
  473  0.01% 92.28%      144    1     144    1  2194 [Z
  474  0.01% 92.29%      136    1     136    1   326 [B
  475  0.01% 92.30%      136    2     136    2    91 java.lang.Object
  476  0.01% 92.32%      136    5     160    6   225 java.lang.Object
  477  0.01% 92.33%      136    2     136    2   374 [B
  478  0.01% 92.34%      136    3     136    3    90 [S
  479  0.01% 92.35%      136    3     136    3     0 java.lang.Object
  480  0.01% 92.36%      136    2     136    2  3105 [B
  481  0.01% 92.37%      128    8     128    8  4214 ast.Type
  482  0.01% 92.38%      128    8     128    8  4216 <Unknown_class>
  483  0.01% 92.39%      128    1     128    1    81 java.lang.Object
  484  0.01% 92.41%      128    4     128    4   330 [S
  485  0.01% 92.42%      128    8     128    8     0 ast.NomFeature
  486  0.01% 92.43%      128    8     128    8   401 sun.reflect.DelegatingConstructorAccessorImpl
  487  0.01% 92.44%      128    8     128    8  4213 <Unknown_class>
  488  0.01% 92.45%      128    3     128    3   180 [I
  489  0.01% 92.46%      128    2     128    2     1 sun.nio.cs.MS1252$Encoder
  490  0.01% 92.47%      128    1     776    6  1934 [C
  491  0.01% 92.48%      128    1     128    1    81 [B
  492  0.01% 92.49%      128    8     128    8     0 compiler.Log
  493  0.01% 92.50%      128    7     128    7  4024 ast.Heritage
  494  0.01% 92.51%      128    4     160    5     1 java.lang.ref.Finalizer
  495  0.01% 92.52%      128    1     128    1   180 java.lang.Object
  496  0.01% 92.53%      128    8     128    8  2602 java.util.regex.Pattern$Ctype
  497  0.01% 92.55%      128    2     256    4  4367 [C
  498  0.01% 92.56%      128    2     384    6  4370 [C
  499  0.01% 92.57%      128    1     128    1   449 [B
  500  0.01% 92.58%      128    2     128    2    73 [B
  501  0.01% 92.59%      128    4     128    4   493 [I
  502  0.01% 92.60%      120    5    8832  368  1315 ast.Token
  503  0.01% 92.61%      120    5     144    6   259 java.lang.String
  504  0.01% 92.62%      120    5     120    5  4071 ast.Token
  505  0.01% 92.63%      120    5    8832  368  1313 ast.Expr_Entier
  506  0.01% 92.64%      120    1     120    1  3298 [C
  507  0.01% 92.65%      120    3     144    4   251 java.lang.Object
  508  0.01% 92.66%      120    1     120    1   267 [S
  509  0.01% 92.67%      120    5     408   17  1768 ast.Expr_Unaire
  510  0.01% 92.68%      120    2     120    2   322 [S
  511  0.01% 92.69%      120    5    8904  371  1299 java.lang.String
  512  0.01% 92.70%      120    2     120    2   236 [C
  513  0.01% 92.71%      120    3     120    3   510 [S
  514  0.01% 92.72%      120    5    1200   50   265 java.lang.String
  515  0.01% 92.73%      120    5     120    5   475 java.util.HashMap$Entry
  516  0.01% 92.74%      120    2     120    2   558 [C
  517  0.01% 92.75%      120    4     120    4  3105 [S
SITES END
